 Process            0  of            1  is alive
 nom fichier din=
 UO2M.din                                                                       
  
 
 -------- caracteristiques du run DM-------- 4
      DYNAMIQUE MOLECULAIRE VELOCITY VERLET
 generation du crystal ; puis run
 
      ANALYSES 
 itetemp=           2  iteprtsigma=           1
 
      CONTROLES 
tstep=  0.100D-14
 itmax=          20 timemax=    10000000000.0000       itab=           1 
  itetimestep=          -1
tinit=     300.0
tempdeplainit=      -1.0
debyetemp=      -1.0
  ----------------------------------
 
 
 nb de potentiels           1
 ipotentiel           4
 fmt_cin           1
 rang readdm iseed            0          11
 
 -*-*-*-*-*-*-*POTENTIELS*-*-*-*-*-
 
 
 POTENTIEL DE PAIRES 
 
 
 ----------- POTENTIEL UO2 -----------
 -*-*-*-*-* SOMMATION D-EWALD CLASSIQUE *-*-*-*-*-
 -*-*-*-* PAS DE TERMES  A 3 CORPS *-*-*-*-
 numero, charge, CM, masse,type
   1    3.227    0.000   92.000  U4 
   2   -1.614    0.000    8.000  O  
 nb de paires            3
 Specificite de l interaction O-O 
 Polynome de degre 5 a           1  =   7.689726043749979E-010
 Polynome de degre 5 a           2  =  -0.219903526097825     
 Polynome de degre 5 a           3  =    25029569.2080408     
 Polynome de degre 5 a           4  =  -1.413068370858535E+015
 Polynome de degre 5 a           5  =   3.948323566983418E+022
 Polynome de degre 5 a           6  =  -4.365129773873971E+029
 Polynome de degre 3 b           1  =   6.843403021605710E-011
 Polynome de degre 3 b           2  =  -8.858520351727711E-003
 Polynome de degre 3 b           3  =    368470.573989662     
 Polynome de degre 3 b           4  =   -5000773412106.88     
 
  *-*-*-*-*-*CONSTRUCTION DE LA BOITE*-*-*-*-*-*-
 imm,imm_glob,nprocspace        1000        1000           1
 
 **********construction du reseau************
 repetition de mailles           4           4           4
 nox,noy,noz dans .din =          -1          -1          -1
 calcul de nox noy noz !!!
nox noy noz calcules a partir de ru
  nox = Int(   0.2187E-06/  0.1100E-06) = 1
  noy = Int(   0.2187E-06/  0.1100E-06) = 1
  noz = Int(   0.2187E-06/  0.1100E-06) = 1
celsizes   0.2187200E-06  0.2187200E-06  0.2187200E-06
UO2M.gin                                                                        volume= 0.10463223D-19 cm3  0.10463223D+05 Ang3
 natperc im/noxyz        2304         768
 ltabvois F
 
 -------- boite de simulation ------
 nombre d atomes =         768
vecteur  1      21.872000       0.000000       0.000000
vecteur  2       0.000000      21.872000       0.000000
vecteur  3       0.000000       0.000000      21.872000
         512  atomes de type           1
         256  atomes de type           2
 
  -------------------------------------------------------------------
              2nd step of potential initialization , dependancy on box size
 RUE=  1.100000000000000E-007  ALPHA=   42056000.0000000       NCOUC=
           8           8           8  PRECISEW =  0.000000000000000E+000
 RUE_ANG=   11.0000000000000       ALPHA_ANGm1=  0.420560000000000       NCOUC=
           8           8           8  PRECISEW =  0.000000000000000E+000
 ncoucx_y_z           8           8           8
 
 
 
 
 ATTENTION!!! UO2 === Oxygène = TYPE 2!!!!
 
 
 
 
 random velocities at TINIT =    300.000000000000      K
 temperature fin initspeed    303.018383406360     
 ***** PREMIERE ITERATION  VVERLET****          20   10000000000.0000     
 
 
<<<<<<<<  ITERATION =      0  time =    0.000000    
 
 
 --------- Temperatures et Pression--------
 ----------valeurs instantanees------------
         0  0.00    *Epot =    -15292.80271199251      eV 
    *energie paire 2 corps =     5160.93418917      eV 
    *energie EWALD 2eme terme =    -20488.7549355      eV 
    *energie EWALD RECIP =     35.0180343621      eV 
         0  0.00    *Ec =     30.0805586832      eV   (303.018 K)
         0  0.00    *Etot =    -15262.72215330932      eV 
 
         0  0.00    *Temp instantanee = 303.018
 
*temp instantanee des atomes de type 1 =       307.26
*temp instantanee des atomes de type 2 =       294.53
 
 * stress en kbar 
1 sigma potentiel (1,1) (2,1) (3,1) =   2175.105893      0.1871585846E-13 -0.7212162018E-14
2 sigma potentiel (1,2) (2,2) (3,2) =  0.2491474152E-13   2175.105893      0.5900859833E-14
3 sigma potentiel (1,3) (2,3) (3,3) = -0.6377696991E-14  0.6854534149E-14   2175.105893    
 
1 sigma cinetique (1,1) (2,1) (3,1) =   0.000000000       0.000000000       0.000000000    
2 sigma cinetique (1,2) (2,2) (3,2) =   0.000000000       0.000000000       0.000000000    
3 sigma cinetique (1,3) (2,3) (3,3) =   0.000000000       0.000000000       0.000000000    
 
1 sigma total (1,1) (2,1) (3,1) =   0.000000000       0.000000000       0.000000000    
2 sigma total (1,2) (2,2) (3,2) =   0.000000000       0.000000000       0.000000000    
3 sigma total (1,3) (2,3) (3,3) =   0.000000000       0.000000000       0.000000000    
 
         0  0.00    *Pression =     2175.1    
 pression totale  potentiel = cinetique =
    2175.1        2175.1        0.0000    
 ----------valeurs moyennes------------
*temperature moyenne =       303.02
*pression moyenne =     2175.1    
 --------------------------------------
 
 
<<<<<<<<  ITERATION =      2  time =   0.2000000E-14
 
 
 --------- Temperatures et Pression--------
 ----------valeurs instantanees------------
         2 0.200E-14*Epot =    -15292.49990458169      eV 
    *energie paire 2 corps =     5161.16837842      eV 
    *energie EWALD 2eme terme =    -20488.7549355      eV 
    *energie EWALD RECIP =     35.0866525229      eV 
         2 0.200E-14*Ec =     29.7780909251      eV   (299.971 K)
         2 0.200E-14*Etot =    -15262.72181365657      eV 
 
         2 0.200E-14*Temp instantanee = 299.971
 
*temp instantanee des atomes de type 1 =       305.59
*temp instantanee des atomes de type 2 =       288.74
 
 * stress en kbar 
1 sigma potentiel (1,1) (2,1) (3,1) =   2175.147313      0.3351691095E-02 -0.4168952547E-02
2 sigma potentiel (1,2) (2,2) (3,2) =  0.3351691095E-02   2175.149684      0.2739722810E-02
3 sigma potentiel (1,3) (2,3) (3,3) = -0.4168952547E-02  0.2739722810E-02   2175.150301    
 
1 sigma cinetique (1,1) (2,1) (3,1) =   3.018332569     -0.1966816505E-02 -0.1965034128E-02
2 sigma cinetique (1,2) (2,2) (3,2) = -0.1966816505E-02   3.000670912     -0.3600629689E-01
3 sigma cinetique (1,3) (2,3) (3,3) = -0.1965034128E-02 -0.3600629689E-01   3.100510702    
 
1 sigma total (1,1) (2,1) (3,1) =   2178.165646      0.1384874590E-02 -0.6133986675E-02
2 sigma total (1,2) (2,2) (3,2) =  0.1384874590E-02   2178.150355     -0.3326657408E-01
3 sigma total (1,3) (2,3) (3,3) = -0.6133986675E-02 -0.3326657408E-01   2178.250812    
 
         2 0.200E-14*Pression =     2178.2    
 pression totale  potentiel = cinetique =
    2178.2        2175.1        3.0398    
 ----------valeurs moyennes------------
*temperature moyenne =       299.97
*pression moyenne =     2176.6    
 --------------------------------------
 
 
<<<<<<<<  ITERATION =      4  time =   0.4000000E-14
 
 
 --------- Temperatures et Pression--------
 ----------valeurs instantanees------------
         4 0.400E-14*Epot =    -15291.61577223611      eV 
    *energie paire 2 corps =     5161.85517665      eV 
    *energie EWALD 2eme terme =    -20488.7549355      eV 
    *energie EWALD RECIP =     35.2839866420      eV 
         4 0.400E-14*Ec =     28.8950534969      eV   (291.076 K)
         4 0.400E-14*Etot =    -15262.72071873921      eV 
 
         4 0.400E-14*Temp instantanee = 291.076
 
*temp instantanee des atomes de type 1 =       300.66
*temp instantanee des atomes de type 2 =       271.92
 
 * stress en kbar 
1 sigma potentiel (1,1) (2,1) (3,1) =   2175.390253      0.1540892367E-01 -0.1573342513E-01
2 sigma potentiel (1,2) (2,2) (3,2) =  0.1540892367E-01   2175.391474      0.9681203348E-02
3 sigma potentiel (1,3) (2,3) (3,3) = -0.1573342513E-01  0.9681203348E-02   2175.399539    
 
1 sigma cinetique (1,1) (2,1) (3,1) =   2.927098626     -0.3606809725E-02  0.1062456609E-02
2 sigma cinetique (1,2) (2,2) (3,2) = -0.3606809725E-02   2.906488214     -0.3731492379E-01
3 sigma cinetique (1,3) (2,3) (3,3) =  0.1062456609E-02 -0.3731492379E-01   3.015497906    
 
1 sigma total (1,1) (2,1) (3,1) =   2178.317351      0.1180211395E-01 -0.1467096852E-01
2 sigma total (1,2) (2,2) (3,2) =  0.1180211395E-01   2178.297962     -0.2763372045E-01
3 sigma total (1,3) (2,3) (3,3) = -0.1467096852E-01 -0.2763372045E-01   2178.415037    
 
         4 0.400E-14*Pression =     2178.3    
 pression totale  potentiel = cinetique =
    2178.3        2175.4        2.9497    
 ----------valeurs moyennes------------
*temperature moyenne =       295.52
*pression moyenne =     2177.1    
 --------------------------------------
 
 
<<<<<<<<  ITERATION =      6  time =   0.6000000E-14
 
 
 --------- Temperatures et Pression--------
 ----------valeurs instantanees------------
         6 0.600E-14*Epot =    -15290.22110489347      eV 
    *energie paire 2 corps =     5162.94805522      eV 
    *energie EWALD 2eme terme =    -20488.7549355      eV 
    *energie EWALD RECIP =     35.5857754095      eV 
         6 0.600E-14*Ec =     27.5021131914      eV   (277.044 K)
         6 0.600E-14*Etot =    -15262.71899170210      eV 
 
         6 0.600E-14*Temp instantanee = 277.044
 
*temp instantanee des atomes de type 1 =       292.72
*temp instantanee des atomes de type 2 =       245.69
 
 * stress en kbar 
1 sigma potentiel (1,1) (2,1) (3,1) =   2175.777539      0.3458171337E-01 -0.3315983089E-01
2 sigma potentiel (1,2) (2,2) (3,2) =  0.3458171337E-01   2175.780145      0.2331679292E-01
3 sigma potentiel (1,3) (2,3) (3,3) = -0.3315983089E-01  0.2331679292E-01   2175.795607    
 
1 sigma cinetique (1,1) (2,1) (3,1) =   2.783289622     -0.6233494490E-02  0.5834359831E-02
2 sigma cinetique (1,2) (2,2) (3,2) = -0.6233494490E-02   2.758182803     -0.3900041929E-01
3 sigma cinetique (1,3) (2,3) (3,3) =  0.5834359831E-02 -0.3900041929E-01   2.881025576    
 
1 sigma total (1,1) (2,1) (3,1) =   2178.560828      0.2834821888E-01 -0.2732547106E-01
2 sigma total (1,2) (2,2) (3,2) =  0.2834821888E-01   2178.538328     -0.1568362637E-01
3 sigma total (1,3) (2,3) (3,3) = -0.2732547106E-01 -0.1568362637E-01   2178.676633    
 
         6 0.600E-14*Pression =     2178.6    
 pression totale  potentiel = cinetique =
    2178.6        2175.8        2.8075    
 ----------valeurs moyennes------------
*temperature moyenne =       289.36
*pression moyenne =     2177.3    
 --------------------------------------
 
 
<<<<<<<<  ITERATION =      8  time =   0.8000000E-14
 
 
 --------- Temperatures et Pression--------
 ----------valeurs instantanees------------
         8 0.800E-14*Epot =    -15288.42530352444      eV 
    *energie paire 2 corps =     5164.37411029      eV 
    *energie EWALD 2eme terme =    -20488.7549355      eV 
    *energie EWALD RECIP =     35.9555217124      eV 
         8 0.800E-14*Ec =     25.7084114977      eV   (258.975 K)
         8 0.800E-14*Etot =    -15262.71689202673      eV 
 
         8 0.800E-14*Temp instantanee = 258.975
 
*temp instantanee des atomes de type 1 =       282.18
*temp instantanee des atomes de type 2 =       212.57
 
 * stress en kbar 
1 sigma potentiel (1,1) (2,1) (3,1) =   2176.274041      0.5928955212E-01 -0.5664018109E-01
2 sigma potentiel (1,2) (2,2) (3,2) =  0.5928955212E-01   2176.279653      0.4117580580E-01
3 sigma potentiel (1,3) (2,3) (3,3) = -0.5664018109E-01  0.4117580580E-01   2176.306807    
 
1 sigma cinetique (1,1) (2,1) (3,1) =   2.598281201     -0.9684496827E-02  0.1195249511E-01
2 sigma cinetique (1,2) (2,2) (3,2) = -0.9684496827E-02   2.567726510     -0.4036956805E-01
3 sigma cinetique (1,3) (2,3) (3,3) =  0.1195249511E-01 -0.4036956805E-01   2.707170723    
 
1 sigma total (1,1) (2,1) (3,1) =   2178.872322      0.4960505530E-01 -0.4468768598E-01
2 sigma total (1,2) (2,2) (3,2) =  0.4960505530E-01   2178.847379      0.8062377490E-03
3 sigma total (1,3) (2,3) (3,3) = -0.4468768598E-01  0.8062377490E-03   2179.013978    
 
         8 0.800E-14*Pression =     2178.9    
 pression totale  potentiel = cinetique =
    2178.9        2176.3        2.6244    
 ----------valeurs moyennes------------
*temperature moyenne =       281.77
*pression moyenne =     2177.5    
 --------------------------------------
 
 
<<<<<<<<  ITERATION =     10  time =   0.1000000E-13
 
 
 --------- Temperatures et Pression--------
 ----------valeurs instantanees------------
        10 0.100E-13*Epot =    -15286.36472777526      eV 
    *energie paire 2 corps =     5166.04053665      eV 
    *energie EWALD 2eme terme =    -20488.7549355      eV 
    *energie EWALD RECIP =     36.3496711050      eV 
        10 0.100E-13*Ec =     23.6501494105      eV   (238.241 K)
        10 0.100E-13*Etot =    -15262.71457836474      eV 
 
        10 0.100E-13*Temp instantanee = 238.241
 
*temp instantanee des atomes de type 1 =       269.53
*temp instantanee des atomes de type 2 =       175.66
 
 * stress en kbar 
1 sigma potentiel (1,1) (2,1) (3,1) =   2176.849665      0.8738261141E-01 -0.8497707440E-01
2 sigma potentiel (1,2) (2,2) (3,2) =  0.8738261141E-01   2176.857230      0.5873540127E-01
3 sigma potentiel (1,3) (2,3) (3,3) = -0.8497707440E-01  0.5873540127E-01   2176.895446    
 
1 sigma cinetique (1,1) (2,1) (3,1) =   2.386255210     -0.1370915728E-01  0.1888018457E-01
2 sigma cinetique (1,2) (2,2) (3,2) = -0.1370915728E-01   2.350012080     -0.4057998736E-01
3 sigma cinetique (1,3) (2,3) (3,3) =  0.1888018457E-01 -0.4057998736E-01   2.506570188    
 
1 sigma total (1,1) (2,1) (3,1) =   2179.235921      0.7367345413E-01 -0.6609688983E-01
2 sigma total (1,2) (2,2) (3,2) =  0.7367345413E-01   2179.207242      0.1815541392E-01
3 sigma total (1,3) (2,3) (3,3) = -0.6609688983E-01  0.1815541392E-01   2179.402017    
 
        10 0.100E-13*Pression =     2179.3    
 pression totale  potentiel = cinetique =
    2179.3        2176.9        2.4143    
 ----------valeurs moyennes------------
*temperature moyenne =       273.06
*pression moyenne =     2177.7    
 --------------------------------------
 
 
<<<<<<<<  ITERATION =     12  time =   0.1200000E-13
 
 
 --------- Temperatures et Pression--------
 ----------valeurs instantanees------------
        12 0.120E-13*Epot =    -15284.18844967233      eV 
    *energie paire 2 corps =     5167.84278362      eV 
    *energie EWALD 2eme terme =    -20488.7549355      eV 
    *energie EWALD RECIP =     36.7237022384      eV 
        12 0.120E-13*Ec =     21.4761730183      eV   (216.342 K)
        12 0.120E-13*Etot =    -15262.71227665406      eV 
 
        12 0.120E-13*Temp instantanee = 216.342
 
*temp instantanee des atomes de type 1 =       255.36
*temp instantanee des atomes de type 2 =       138.30
 
 * stress en kbar 
1 sigma potentiel (1,1) (2,1) (3,1) =   2177.463053      0.1181061169     -0.1153037599    
2 sigma potentiel (1,2) (2,2) (3,2) =  0.1181061169       2177.464567      0.7753347619E-01
3 sigma potentiel (1,3) (2,3) (3,3) = -0.1153037599      0.7753347619E-01   2177.523947    
 
1 sigma cinetique (1,1) (2,1) (3,1) =   2.162692860     -0.1796554887E-01  0.2598111580E-01
2 sigma cinetique (1,2) (2,2) (3,2) = -0.1796554887E-01   2.121223667     -0.3875974747E-01
3 sigma cinetique (1,3) (2,3) (3,3) =  0.2598111580E-01 -0.3875974747E-01   2.293142591    
 
1 sigma total (1,1) (2,1) (3,1) =   2179.625746      0.1001405681     -0.8932264413E-01
2 sigma total (1,2) (2,2) (3,2) =  0.1001405681       2179.585790      0.3877372872E-01
3 sigma total (1,3) (2,3) (3,3) = -0.8932264413E-01  0.3877372872E-01   2179.817089    
 
        12 0.120E-13*Pression =     2179.7    
 pression totale  potentiel = cinetique =
    2179.7        2177.5        2.1924    
 ----------valeurs moyennes------------
*temperature moyenne =       263.61
*pression moyenne =     2177.9    
 --------------------------------------
 
 
<<<<<<<<  ITERATION =     14  time =   0.1400000E-13
 
 
 --------- Temperatures et Pression--------
 ----------valeurs instantanees------------
        14 0.140E-13*Epot =    -15282.04314910635      eV 
    *energie paire 2 corps =     5169.67357958      eV 
    *energie EWALD 2eme terme =    -20488.7549355      eV 
    *energie EWALD RECIP =     37.0382068408      eV 
        14 0.140E-13*Ec =     19.3329184130      eV   (194.751 K)
        14 0.140E-13*Etot =    -15262.71023069331      eV 
 
        14 0.140E-13*Temp instantanee = 194.751
 
*temp instantanee des atomes de type 1 =       240.25
*temp instantanee des atomes de type 2 =       103.75
 
 * stress en kbar 
1 sigma potentiel (1,1) (2,1) (3,1) =   2178.070957      0.1495678613     -0.1444621249    
2 sigma potentiel (1,2) (2,2) (3,2) =  0.1495678613       2178.075807      0.9690081597E-01
3 sigma potentiel (1,3) (2,3) (3,3) = -0.1444621249      0.9690081597E-01   2178.156947    
 
1 sigma cinetique (1,1) (2,1) (3,1) =   1.942835728     -0.2203990460E-01  0.3253930306E-01
2 sigma cinetique (1,2) (2,2) (3,2) = -0.2203990460E-01   1.897150718     -0.3416052243E-01
3 sigma cinetique (1,3) (2,3) (3,3) =  0.3253930306E-01 -0.3416052243E-01   2.080702832    
 
1 sigma total (1,1) (2,1) (3,1) =   2180.013793      0.1275279567     -0.1119228219    
2 sigma total (1,2) (2,2) (3,2) =  0.1275279567       2179.972957      0.6274029354E-01
3 sigma total (1,3) (2,3) (3,3) = -0.1119228219      0.6274029354E-01   2180.237650    
 
        14 0.140E-13*Pression =     2180.1    
 pression totale  potentiel = cinetique =
    2180.1        2178.1        1.9736    
 ----------valeurs moyennes------------
*temperature moyenne =       253.77
*pression moyenne =     2178.0    
 --------------------------------------
 
 
<<<<<<<<  ITERATION =     16  time =   0.1600000E-13
 
 
 --------- Temperatures et Pression--------
 ----------valeurs instantanees------------
        16 0.160E-13*Epot =    -15280.05904394878      eV 
    *energie paire 2 corps =     5171.43183813      eV 
    *energie EWALD 2eme terme =    -20488.7549355      eV 
    *energie EWALD RECIP =     37.2640534476      eV 
        16 0.160E-13*Ec =     17.3504042926      eV   (174.780 K)
        16 0.160E-13*Etot =    -15262.70863965617      eV 
 
        16 0.160E-13*Temp instantanee = 174.780
 
*temp instantanee des atomes de type 1 =       224.78
*temp instantanee des atomes de type 2 =        74.79
 
 * stress en kbar 
1 sigma potentiel (1,1) (2,1) (3,1) =   2178.637530      0.1786938589     -0.1746877160    
2 sigma potentiel (1,2) (2,2) (3,2) =  0.1786938589       2178.641042      0.1125433097    
3 sigma potentiel (1,3) (2,3) (3,3) = -0.1746877160      0.1125433097       2178.750341    
 
1 sigma cinetique (1,1) (2,1) (3,1) =   1.740216309     -0.2543968732E-01  0.3783583430E-01
2 sigma cinetique (1,2) (2,2) (3,2) = -0.2543968732E-01   1.691629138     -0.2628468484E-01
3 sigma cinetique (1,3) (2,3) (3,3) =  0.3783583430E-01 -0.2628468484E-01   1.881700623    
 
1 sigma total (1,1) (2,1) (3,1) =   2180.377746      0.1532541716     -0.1368518817    
2 sigma total (1,2) (2,2) (3,2) =  0.1532541716       2180.332671      0.8625862482E-01
3 sigma total (1,3) (2,3) (3,3) = -0.1368518817      0.8625862482E-01   2180.632042    
 
        16 0.160E-13*Pression =     2180.4    
 pression totale  potentiel = cinetique =
    2180.4        2178.7        1.7712    
 ----------valeurs moyennes------------
*temperature moyenne =       243.90
*pression moyenne =     2178.2    
 --------------------------------------
 
 
<<<<<<<<  ITERATION =     18  time =   0.1800000E-13
 
 
 --------- Temperatures et Pression--------
 ----------valeurs instantanees------------
        18 0.180E-13*Epot =    -15278.33850745149      eV 
    *energie paire 2 corps =     5173.03054962      eV 
    *energie EWALD 2eme terme =    -20488.7549355      eV 
    *energie EWALD RECIP =     37.3858784563      eV 
        18 0.180E-13*Ec =     15.6309098854      eV   (157.459 K)
        18 0.180E-13*Etot =    -15262.70759756608      eV 
 
        18 0.180E-13*Temp instantanee = 157.459
 
*temp instantanee des atomes de type 1 =       209.45
*temp instantanee des atomes de type 2 =        53.48
 
 * stress en kbar 
1 sigma potentiel (1,1) (2,1) (3,1) =   2179.134955      0.2061303107     -0.1988547060    
2 sigma potentiel (1,2) (2,2) (3,2) =  0.2061303107       2179.134023      0.1238009375    
3 sigma potentiel (1,3) (2,3) (3,3) = -0.1988547060      0.1238009375       2179.272765    
 
1 sigma cinetique (1,1) (2,1) (3,1) =   1.565481596     -0.2762684579E-01  0.4120368314E-01
2 sigma cinetique (1,2) (2,2) (3,2) = -0.2762684579E-01   1.515323353     -0.1498964898E-01
3 sigma cinetique (1,3) (2,3) (3,3) =  0.4120368314E-01 -0.1498964898E-01   1.706147470    
 
1 sigma total (1,1) (2,1) (3,1) =   2180.700437      0.1785034649     -0.1576510228    
2 sigma total (1,2) (2,2) (3,2) =  0.1785034649       2180.649346      0.1088112885    
3 sigma total (1,3) (2,3) (3,3) = -0.1576510228      0.1088112885       2180.978913    
 
        18 0.180E-13*Pression =     2180.8    
 pression totale  potentiel = cinetique =
    2180.8        2179.2        1.5957    
 ----------valeurs moyennes------------
*temperature moyenne =       234.29
*pression moyenne =     2178.3    
 --------------------------------------
 
 
<<<<<<<<  ITERATION =     20  time =   0.2000000E-13
 
 
 --------- Temperatures et Pression--------
 ----------valeurs instantanees------------
        20 0.200E-13*Epot =    -15276.94873328885      eV 
    *energie paire 2 corps =     5174.40277366      eV 
    *energie EWALD 2eme terme =    -20488.7549355      eV 
    *energie EWALD RECIP =     37.4034285814      eV 
        20 0.200E-13*Ec =     14.2415889937      eV   (143.464 K)
        20 0.200E-13*Etot =    -15262.70714429513      eV 
 
        20 0.200E-13*Temp instantanee = 143.464
 
*temp instantanee des atomes de type 1 =       194.70
*temp instantanee des atomes de type 2 =        40.99
 
 * stress en kbar 
1 sigma potentiel (1,1) (2,1) (3,1) =   2179.545434      0.2234119272     -0.2173365738    
2 sigma potentiel (1,2) (2,2) (3,2) =  0.2234119272       2179.537764      0.1316017618    
3 sigma potentiel (1,3) (2,3) (3,3) = -0.2173365738      0.1316017618       2179.701561    
 
1 sigma cinetique (1,1) (2,1) (3,1) =   1.425616399     -0.2806556099E-01  0.4211574018E-01
2 sigma cinetique (1,2) (2,2) (3,2) = -0.2806556099E-01   1.374942275     -0.5576238001E-03
3 sigma cinetique (1,3) (2,3) (3,3) =  0.4211574018E-01 -0.5576238001E-03   1.560915443    
 
1 sigma total (1,1) (2,1) (3,1) =   2180.971051      0.1953463663     -0.1752208336    
2 sigma total (1,2) (2,2) (3,2) =  0.1953463663       2180.912706      0.1310441380    
3 sigma total (1,3) (2,3) (3,3) = -0.1752208336      0.1310441380       2181.262477    
 
        20 0.200E-13*Pression =     2181.0    
 pression totale  potentiel = cinetique =
    2181.0        2179.6        1.4538    
 ----------valeurs moyennes------------
*temperature moyenne =       225.21
*pression moyenne =     2178.5    
 --------------------------------------
 *******Derniere iteration **** 
 
 
 ####### END OF RUN  ######## =           21   time =   2.100000000000000E-014
