 >>>>>>>>>>> entree readdm
 nom fichier din=Febulk.din                                                                      

 -------- caracteristiques du run DM--------32
     STEEPEST DESCENT
 generation du crystal ; puis run

      ANALYSES 
 itetemp=           1  itesigma=          -1

      CONTROLES 
tstep=  0.100D-14
 itmax=        1000  itab=           1  itetimestep=          -1
tinit=      -1.0
tempdeplainit=      -1.0
debyetemp=      -1.0
  ----------------------------------


 nb de potentiels           1
 ipotentiel          10
 fmt_cin           1

 -*-*-*-*-*-*-*POTENTIELS*-*-*-*-*-


 POTENTIEL EAM

 Types d_atomes :
   1   55.847   26.000  Fe 
ROFF1_2   -0.100   -0.200
 nptmax in the max number of points on grid        250000
 EAM           1           1
 EAM number of points in potin and the step      250000   6.8178370289999997E-004
 dens           1           1
 RHO potin points and the step:       250000   2.4000000000000001E-005
 paire eam ; paire complete           1           1
 rep

  *-*-*-*-*-*CONSTRUCTION DE LA BOITE*-*-*-*-*-*-       54000       54000           1

 **********construction du reseau************
 repetition de mailles           1           1           1
 izonr,zlmin,rut          14   171.31908000000001        12.000000000000002     
 nox,noy,noz dans .din =          80          80          80
celsizes   0.1070744E-07  0.1070744E-07  0.1070744E-07
Febulk.gin                                                                      volume= 0.62853174D-18 cm3  0.62853174D+06 Ang3
 natperc im/noxyz          10           0
 ltabvois,lconstrtot F F

 -------- boite de simulation ------
 nombre d atomes =       54000
vecteur  1      85.659540       0.000000       0.000000
vecteur  2       0.000000      85.659540       0.000000
vecteur  3       0.000000       0.000000      85.659540
       54000  atomes de type           1

  -------------------------------------------------------------------
              definition des rayons de coupure
 paire            1
 calpoeam RHO MIN:    0.0000000000000000     
 calpoeam RHO MAX:    12.174708979468400     
 calpoeam Rhomin Rhomax    0.0000000000000000        170.44524392885501     
 calpoeam ktorho and the inverse:    8.5222621964427502E-003   117.33973643962830     
 TOTA          32
 IN NGC   1.0000000000000000E-008
 BETA   1.0000000000000000E-008
 ISEED for MD, NORM of the noise      1847492   1.0000000474974513E-003   80940.406732896809     
******STEEPEST DESCENT*** beta init 0.10000000E-07
  NCALLS    ENERGY(erg)         ENERGY (eV)        FORCTOT        FORMAX (eV/Ang)      ***          energy gain erg eV
   1   0.10435797735E+03   0.12343245490E+01
   1  -0.15410680319E-06  -0.96185911309E+05   0.10435797735E+03   0.12343245490E+01 ****   0.00000000000E+00   0.00000000000E+00

 mindir1 betaS2   5.0000000000000001E-009
   2   0.10429675912E+03   0.12335062456E+01
   2  -0.15410820057E-06  -0.96186783485E+05   0.10429675912E+03   0.12335062456E+01 ****   0.13973802540E-11   0.87217624661E+00
 mindir1 betaS2 F   5.0000000000000001E-009  -1.5410820056663032E-007
 checkline
   2   0.10429675806E+03   0.12336004598E+01
 BS2 OK-> BETA
 mindir2 beta   1.0000000000000000E-008
   3   0.10423554282E+03   0.12326878818E+01
   3  -0.15410959713E-06  -0.96187655150E+05   0.10423554282E+03   0.12326878818E+01 ****   0.13965602718E-11   0.87166445390E+00
 mindir2 beta F   1.0000000000000000E-008  -1.5410959712690212E-007
 checkline
   3   0.10423553858E+03   0.12328763685E+01
 mindir2 beta   2.0000000000000000E-008
   4   0.10411311605E+03   0.12310509734E+01
   4  -0.15411238779E-06  -0.96189396943E+05   0.10411311605E+03   0.12310509734E+01 ****   0.27906605802E-11   0.17417935192E+01
 mindir2 beta F   2.0000000000000000E-008  -1.5411238778748232E-007
 checkline
   4   0.10411309907E+03   0.12314281793E+01
 mindir2 beta   4.0000000000000001E-008
   5   0.10386828596E+03   0.12277764326E+01
   5  -0.15411795927E-06  -0.96192874388E+05   0.10386828596E+03   0.12277764326E+01 ****   0.55714812410E-11   0.34774454432E+01
 mindir2 beta F   4.0000000000000001E-008  -1.5411795926872333E-007
 checkline
   5   0.10386821788E+03   0.12285317753E+01
 mindir2 beta   8.0000000000000002E-008
   6   0.10337872116E+03   0.12212244663E+01
   6  -0.15412906287E-06  -0.96199804713E+05   0.10337872116E+03   0.12212244663E+01 ****   0.11103602313E-10   0.69303241984E+01
 mindir2 beta F   8.0000000000000002E-008  -1.5412906287103604E-007
 checkline
   6   0.10337844758E+03   0.12227388737E+01
 mindir2 beta   1.6000000000000000E-007
   7   0.10239998550E+03   0.12081090771E+01
   7  -0.15415111263E-06  -0.96213567092E+05   0.10239998550E+03   0.12081090771E+01 ****   0.22049760445E-10   0.13762379458E+02
 mindir2 beta F   1.6000000000000000E-007  -1.5415111263148101E-007
 checkline
   7   0.10239888101E+03   0.12111527630E+01
 mindir2 beta   3.2000000000000001E-007
   8   0.10044416370E+03   0.11818330031E+01
   8  -0.15419458235E-06  -0.96240698761E+05   0.10044416370E+03   0.11818330031E+01 ****   0.43469721094E-10   0.27131668761E+02
 mindir2 beta F   3.2000000000000001E-007  -1.5419458235257535E-007
 checkline
   8   0.10043966204E+03   0.11879795268E+01
 mindir2 beta   6.4000000000000001E-007
   9   0.96539714186E+02   0.11291053965E+01
   9  -0.15427900246E-06  -0.96293389654E+05   0.96539714186E+02   0.11291053965E+01 ****   0.84420108556E-10   0.52690892981E+02
 mindir2 beta F   6.4000000000000001E-007  -1.5427900246113152E-007
 checkline
   9   0.96520998302E+02   0.11416303834E+01
 mindir2 beta   1.2800000000000000E-006
  10   0.88764600930E+02   0.10240181874E+01
  10  -0.15443776481E-06  -0.96392481330E+05   0.88764600930E+02   0.10240181874E+01 ****   0.15876235052E-09   0.99091675711E+02
 mindir2 beta F   1.2800000000000000E-006  -1.5443776481165131E-007
 checkline
  10   0.88683333159E+02   0.10489281029E+01
 mindir2 beta   2.5600000000000001E-006
  11   0.73414064453E+02   0.81710762833E+00
  11  -0.15471498597E-06  -0.96565509187E+05   0.73414064453E+02   0.81710762833E+00 ****   0.27722116101E-09   0.17302785765E+03
 mindir2 beta F   2.5600000000000001E-006  -1.5471498597265661E-007
 checkline
  11   0.73021950550E+02   0.86368851203E+00
 mindir2 beta   5.1200000000000001E-006
  12   0.53251917190E+02   0.10420478809E+01
  12  -0.15512145170E-06  -0.96819205165E+05   0.53251917190E+02   0.10420478809E+01 ****   0.40646572453E-09   0.25369597786E+03
 mindir2 beta F   5.1200000000000001E-006  -1.5512145169718257E-007
 checkline
  12   0.49278016890E+02   0.58285018084E+00
 mindir2 beta   1.0240000000000000E-005
  13   0.15244759730E+03   0.26680250141E+01
  13  -0.15604668064E-06  -0.97396687713E+05   0.15244759730E+03   0.26680250141E+01 ****   0.92522894583E-09   0.57748254771E+03
 mindir2 beta F   1.0240000000000000E-005  -1.5604668064300807E-007
 checkline
  13   0.10828832995E+03   0.12808119458E+01
 mindir2 beta   2.0480000000000000E-005
  14   0.77565028678E+03   0.29247657343E+02
  14  -0.16105538325E-06  -0.10052287432E+06   0.77565028678E+03   0.29247657343E+02 ****   0.50087026050E-08   0.31261866094E+04
 mindir2 beta F   2.0480000000000000E-005  -1.6105538324796844E-007
 checkline
  14   0.64772124101E+02   0.76611127290E+00
 mindir2 beta   4.0960000000000001E-005
  15   0.67031496352E+04   0.12477629592E+03
  15  -0.41585297257E-07  -0.25955503787E+05   0.67031496352E+04   0.12477629592E+03
 mindir2 beta F   4.0960000000000001E-005  -4.1585297257333616E-008
 checkline
  15   0.53172392030E+04   0.62891204367E+02
 BETA OK->PARA
 V  -1.5410680318637628E-007  -4.1585297257333616E-008  -1.6105538324796844E-007
 mindir3 beta IN   1.1365679649258572E-005
  16   0.18471230481E+03   0.28089419516E+01
  16  -0.15641225912E-06  -0.97624863873E+05   0.18471230481E+03   0.28089419516E+01
 mindir3 beta OUT   1.1365679649258572E-005  -1.5641225911623468E-007
 PARABOLIC SERACH FAILURE SWITHING TO BINARY
 BINARY START
  17   0.15244759730E+03   0.26680250141E+01
  17  -0.15604668064E-06  -0.97396687713E+05   0.15244759730E+03   0.26680250141E+01
 mindir4 beta   1.0240000000000000E-005  -1.5604668064300807E-007
 checkline
  17   0.10828832995E+03   0.12808119458E+01
  18   0.27976926199E+03   0.12298627153E+02
  18  -0.15832536846E-06  -0.98818932935E+05   0.27976926199E+03   0.12298627153E+02
 mindir4 beta   1.5360000000000002E-005  -1.5832536846330256E-007
 checkline
  18   0.21534505580E+03   0.25470567331E+01
  19   0.33983371651E+03   0.22300079420E+02
  19  -0.15985779570E-06  -0.99775398889E+05   0.33983371651E+03   0.22300079420E+02
 mindir4 beta   1.7920000000000001E-005  -1.5985779570166936E-007
 checkline
  19   0.22811611083E+03   0.26981101279E+01
  20   0.47730548146E+03   0.25830731464E+02
  20  -0.16059854064E-06  -0.10023773557E+06   0.47730548146E+03   0.25830731464E+02
 mindir4 beta   1.9199999999999999E-005  -1.6059854064381409E-007
 checkline
  20   0.19089332923E+03   0.22578467740E+01
  21   0.62593016633E+03   0.27522400634E+02
  21  -0.16088300132E-06  -0.10041528197E+06   0.62593016633E+03   0.27522400634E+02
 mindir4 beta   1.9840000000000000E-005  -1.6088300131855162E-007
 checkline
  21   0.13456773900E+03   0.15916393549E+01
  22   0.70233477864E+03   0.28408027082E+02
  22  -0.16098474778E-06  -0.10047878713E+06   0.70233477864E+03   0.28408027082E+02
 mindir4 beta   2.0160000000000000E-005  -1.6098474778158612E-007
 checkline
  22   0.10048758630E+03   0.11885463650E+01
  23   0.73842600974E+03   0.28827722223E+02
  23  -0.16102367718E-06  -0.10050308495E+06   0.73842600974E+03   0.28827722223E+02
 mindir4 beta   2.0320000000000002E-005  -1.6102367717963154E-007
 checkline
  23   0.83266049028E+02   0.98485358781E+00
  24   0.75954341571E+03   0.29037666339E+02
  24  -0.16104046460E-06  -0.10051356283E+06   0.75954341571E+03   0.29037666339E+02
 mindir4 beta   2.0400000000000001E-005  -1.6104046459688448E-007
 checkline
  24   0.72961077529E+02   0.86296851854E+00
  25   0.76537155748E+03   0.29142656794E+02
  25  -0.16104815016E-06  -0.10051835978E+06   0.76537155748E+03   0.29142656794E+02
 mindir4 beta   2.0440000000000001E-005  -1.6104815016012858E-007
 checkline
  25   0.70198334974E+02   0.83029137162E+00
  26   0.77069115715E+03   0.29195155909E+02
  26  -0.16105183872E-06  -0.10052066200E+06   0.77069115715E+03   0.29195155909E+02
 mindir4 beta   2.0460000000000001E-005  -1.6105183872388762E-007
 checkline
  26   0.67442292669E+02   0.79769347387E+00
  27   0.77277341252E+03   0.29221406348E+02
  27  -0.16105363181E-06  -0.10052178116E+06   0.77277341252E+03   0.29221406348E+02
 mindir4 beta   2.0469999999999999E-005  -1.6105363180795351E-007
 checkline
  27   0.66109094157E+02   0.78192467791E+00
  28   0.77448851068E+03   0.29234531778E+02
  28  -0.16105451121E-06  -0.10052233004E+06   0.77448851068E+03   0.29234531778E+02
 mindir4 beta   2.0475000000000000E-005  -1.6105451121020272E-007
 checkline
  28   0.65298381960E+02   0.77233574190E+00
  29   0.77494737403E+03   0.29241094544E+02
  29  -0.16105494772E-06  -0.10052260249E+06   0.77494737403E+03   0.29241094544E+02
 mindir4 beta   2.0477500000000002E-005  -1.6105494772048241E-007
 checkline
  29   0.65140595745E+02   0.77046947922E+00
  30   0.77535009374E+03   0.29244375939E+02
  30  -0.16105516569E-06  -0.10052273853E+06   0.77535009374E+03   0.29244375939E+02
 mindir4 beta   2.0478750000000001E-005  -1.6105516569083017E-007
 checkline
  30   0.65004662745E+02   0.76886169184E+00
  31   0.77539086333E+03   0.29246016640E+02
  31  -0.16105527451E-06  -0.10052280645E+06   0.77539086333E+03   0.29246016640E+02
 mindir4 beta   2.0479375000000001E-005  -1.6105527451218761E-007
 checkline
  31   0.64987675776E+02   0.76866077349E+00
  32   0.77541124793E+03   0.29246836991E+02
  32  -0.16105532891E-06  -0.10052284041E+06   0.77541124793E+03   0.29246836991E+02
 mindir4 beta   2.0479687500000002E-005  -1.6105532891219838E-007
 checkline
  32   0.64979179101E+02   0.76856027658E+00
  33   0.77542144018E+03   0.29247247167E+02
  33  -0.16105535611E-06  -0.10052285738E+06   0.77542144018E+03   0.29247247167E+02
 mindir4 beta   2.0479843750000001E-005  -1.6105535610953552E-007
 checkline
  33   0.64974929967E+02   0.76851001871E+00
  34   0.77564518501E+03   0.29247452255E+02
  34  -0.16105536969E-06  -0.10052286586E+06   0.77564518501E+03   0.29247452255E+02
 mindir4 beta   2.0479921875000001E-005  -1.6105536969196887E-007
 checkline
  34   0.64774247572E+02   0.76613638889E+00
  35   0.77564773590E+03   0.29247554799E+02
  35  -0.16105537647E-06  -0.10052287009E+06   0.77564773590E+03   0.29247554799E+02
 mindir4 beta   2.0479960937500001E-005  -1.6105537647002663E-007
 checkline
  35   0.64773185850E+02   0.76612383105E+00
  36   0.77564901134E+03   0.29247606071E+02
  36  -0.16105537986E-06  -0.10052287221E+06   0.77564901134E+03   0.29247606071E+02
 mindir4 beta   2.0479980468750001E-005  -1.6105537985901389E-007
 checkline
  36   0.64772654978E+02   0.76611755202E+00
  37   0.77564964906E+03   0.29247631707E+02
  37  -0.16105538155E-06  -0.10052287326E+06   0.77564964906E+03   0.29247631707E+02
 mindir4 beta   2.0479990234374999E-005  -1.6105538155349457E-007
 checkline
  37   0.64772389540E+02   0.76611441247E+00
  38   0.77564996792E+03   0.29247644525E+02
  38  -0.16105538240E-06  -0.10052287379E+06   0.77564996792E+03   0.29247644525E+02
 mindir4 beta   2.0479995117187500E-005  -1.6105538240073549E-007
 checkline
  38   0.64772256821E+02   0.76611284269E+00
  39   0.77565012735E+03   0.29247650934E+02
  39  -0.16105538282E-06  -0.10052287406E+06   0.77565012735E+03   0.29247650934E+02
 mindir4 beta   2.0479997558593752E-005  -1.6105538282435318E-007
 checkline
  39   0.64772190461E+02   0.76611205780E+00
  40   0.77565020706E+03   0.29247654138E+02
  40  -0.16105538304E-06  -0.10052287419E+06   0.77565020706E+03   0.29247654138E+02
 mindir4 beta   2.0479998779296876E-005  -1.6105538303616192E-007
 checkline
  40   0.64772157281E+02   0.76611166535E+00
  41   0.77565024692E+03   0.29247655741E+02
  41  -0.16105538314E-06  -0.10052287426E+06   0.77565024692E+03   0.29247655741E+02
 mindir4 beta   2.0479999389648438E-005  -1.6105538314206709E-007
 checkline
  41   0.64772140691E+02   0.76611146913E+00
  42   0.77565026685E+03   0.29247656542E+02
  42  -0.16105538320E-06  -0.10052287429E+06   0.77565026685E+03   0.29247656542E+02
 mindir4 beta   2.0479999694824221E-005  -1.6105538319501845E-007
 checkline
  42   0.64772132396E+02   0.76611137102E+00
  43   0.77565027681E+03   0.29247656942E+02
  43  -0.16105538322E-06  -0.10052287431E+06   0.77565027681E+03   0.29247656942E+02
 mindir4 beta   2.0479999847412111E-005  -1.6105538322149466E-007
 checkline
  43   0.64772128248E+02   0.76611132196E+00
  44   0.77565028179E+03   0.29247657143E+02
  44  -0.16105538323E-06  -0.10052287431E+06   0.77565028179E+03   0.29247657143E+02
 mindir4 beta   2.0479999923706056E-005  -1.6105538323473339E-007
 checkline
  44   0.64772126174E+02   0.76611129743E+00
  45   0.77565028428E+03   0.29247657243E+02
  45  -0.16105538324E-06  -0.10052287432E+06   0.77565028428E+03   0.29247657243E+02
 mindir4 beta   2.0479999961853028E-005  -1.6105538324135168E-007
 checkline
  45   0.64772125137E+02   0.76611128517E+00
  46   0.77565028553E+03   0.29247657293E+02
  46  -0.16105538324E-06  -0.10052287432E+06   0.77565028553E+03   0.29247657293E+02
 mindir4 beta   2.0479999980926513E-005  -1.6105538324466125E-007
 checkline
  46   0.64772124619E+02   0.76611127904E+00
  47   0.77565028615E+03   0.29247657318E+02
  47  -0.16105538325E-06  -0.10052287432E+06   0.77565028615E+03   0.29247657318E+02
 mindir4 beta   2.0479999990463256E-005  -1.6105538324631598E-007
 checkline
  47   0.64772124360E+02   0.76611127597E+00
  48   0.77565028646E+03   0.29247657330E+02
  48  -0.16105538325E-06  -0.10052287432E+06   0.77565028646E+03   0.29247657330E+02
 mindir4 beta   2.0479999995231628E-005  -1.6105538324714457E-007
 checkline
  48   0.64772124230E+02   0.76611127444E+00
  49   0.77565028662E+03   0.29247657337E+02
  49  -0.16105538325E-06  -0.10052287432E+06   0.77565028662E+03   0.29247657337E+02
 mindir4 beta   2.0479999997615813E-005  -1.6105538324755625E-007
 checkline
  49   0.64772124165E+02   0.76611127367E+00
  50   0.77565028670E+03   0.29247657340E+02
  50  -0.16105538325E-06  -0.10052287432E+06   0.77565028670E+03   0.29247657340E+02
 mindir4 beta   2.0479999998807907E-005  -1.6105538324776401E-007
 checkline
  50   0.64772124133E+02   0.76611127329E+00
  51   0.77565028674E+03   0.29247657341E+02
  51  -0.16105538325E-06  -0.10052287432E+06   0.77565028674E+03   0.29247657341E+02
 mindir4 beta   2.0479999999403954E-005  -1.6105538324786653E-007
 checkline
  51   0.64772124117E+02   0.76611127310E+00
  52   0.77565028676E+03   0.29247657342E+02
  52  -0.16105538325E-06  -0.10052287432E+06   0.77565028676E+03   0.29247657342E+02
 mindir4 beta   2.0479999999701977E-005  -1.6105538324792085E-007
 checkline
  52   0.64772124109E+02   0.76611127300E+00
  53   0.77565028677E+03   0.29247657343E+02
  53  -0.16105538325E-06  -0.10052287432E+06   0.77565028677E+03   0.29247657343E+02
 mindir4 beta   2.0479999999850990E-005  -1.6105538324794520E-007
 checkline
  53   0.64772124105E+02   0.76611127295E+00
  54   0.77565028677E+03   0.29247657343E+02
  54  -0.16105538325E-06  -0.10052287432E+06   0.77565028677E+03   0.29247657343E+02
 mindir4 beta   2.0479999999925495E-005  -1.6105538324795653E-007
 checkline
  54   0.64772124103E+02   0.76611127293E+00
  55   0.77565028677E+03   0.29247657343E+02
  55  -0.16105538325E-06  -0.10052287432E+06   0.77565028677E+03   0.29247657343E+02
 mindir4 beta   2.0479999999962748E-005  -1.6105538324796431E-007
 checkline
  55   0.64772124102E+02   0.76611127292E+00
  56   0.77565028677E+03   0.29247657343E+02
  56  -0.16105538325E-06  -0.10052287432E+06   0.77565028677E+03   0.29247657343E+02
 mindir4 beta   2.0479999999981372E-005  -1.6105538324796481E-007
 checkline
  56   0.64772124101E+02   0.76611127291E+00
  57   0.77565028677E+03   0.29247657343E+02
  57  -0.16105538325E-06  -0.10052287432E+06   0.77565028677E+03   0.29247657343E+02
 mindir4 beta   2.0479999999990686E-005  -1.6105538324796778E-007
 checkline
  57   0.64772124101E+02   0.76611127291E+00
  58   0.77565028678E+03   0.29247657343E+02
  58  -0.16105538325E-06  -0.10052287432E+06   0.77565028678E+03   0.29247657343E+02
 mindir4 beta   2.0479999999995345E-005  -1.6105538324796757E-007
 checkline
  58   0.64772124101E+02   0.76611127291E+00
  59   0.77565028678E+03   0.29247657343E+02
  59  -0.16105538325E-06  -0.10052287432E+06   0.77565028678E+03   0.29247657343E+02
 mindir4 beta   2.0479999999997673E-005  -1.6105538324796767E-007
 checkline
  59   0.64772124101E+02   0.76611127290E+00
  60   0.77565028678E+03   0.29247657343E+02
  60  -0.16105538325E-06  -0.10052287432E+06   0.77565028678E+03   0.29247657343E+02
 mindir4 beta   2.0479999999998835E-005  -1.6105538324796778E-007
 checkline
  60   0.64772124101E+02   0.76611127290E+00
  61   0.77565028678E+03   0.29247657343E+02
  61  -0.16105538325E-06  -0.10052287432E+06   0.77565028678E+03   0.29247657343E+02
 mindir4 beta   2.0479999999999418E-005  -1.6105538324796807E-007
 checkline
  61   0.64772124101E+02   0.76611127290E+00
  62   0.77565028678E+03   0.29247657343E+02
  62  -0.16105538325E-06  -0.10052287432E+06   0.77565028678E+03   0.29247657343E+02
 mindir4 beta   2.0479999999999709E-005  -1.6105538324796818E-007
 checkline
  62   0.64772124101E+02   0.76611127290E+00
  63   0.77565028678E+03   0.29247657343E+02
  63  -0.16105538325E-06  -0.10052287432E+06   0.77565028678E+03   0.29247657343E+02
 mindir4 beta   2.0479999999999855E-005  -1.6105538324796839E-007
 checkline
  63   0.64772124101E+02   0.76611127290E+00
  64   0.77565028678E+03   0.29247657343E+02
  64  -0.16105538325E-06  -0.10052287432E+06   0.77565028678E+03   0.29247657343E+02 ****   0.52939559203E-22   0.33042277440E-10
 mindir4 beta   2.0479999999999926E-005  -1.6105538324796849E-007
 checkline
  64   0.64772124101E+02   0.76611127290E+00
  65   0.77565028678E+03   0.29247657343E+02
  65  -0.16105538325E-06  -0.10052287432E+06   0.77565028678E+03   0.29247657343E+02
 mindir4 beta   2.0479999999999963E-005  -1.6105538324796841E-007
 checkline
  65   0.64772124101E+02   0.76611127290E+00
  66   0.77565028678E+03   0.29247657343E+02
  66  -0.16105538325E-06  -0.10052287432E+06   0.77565028678E+03   0.29247657343E+02
 mindir4 beta   2.0479999999999946E-005  -1.6105538324796841E-007
 checkline
  66   0.64772124101E+02   0.76611127290E+00
                       >>> minimization idirection; lOVER;  beta            1 F   2.0479999999999946E-005

 mindir1 betaS2   1.0239999999999973E-005
  67   0.15244759730E+03   0.26680250141E+01
  67  -0.15604668064E-06  -0.97396687713E+05   0.15244759730E+03   0.26680250141E+01
 mindir1 betaS2 F   1.0239999999999973E-005  -1.5604668064300801E-007
 checkline
  67   0.10828832995E+03   0.12808119458E+01
 BS2 OK-> BETA
 mindir2 beta   2.0479999999999946E-005
  68   0.77565028678E+03   0.29247657343E+02
  68  -0.16105538325E-06  -0.10052287432E+06   0.77565028678E+03   0.29247657343E+02
 mindir2 beta F   2.0479999999999946E-005  -1.6105538324796841E-007
 checkline
  68   0.64772124101E+02   0.76611127290E+00
 mindir2 beta   4.0959999999999892E-005
  69   0.67031496352E+04   0.12477629592E+03
  69  -0.41585297257E-07  -0.25955503787E+05   0.67031496352E+04   0.12477629592E+03
 mindir2 beta F   4.0959999999999892E-005  -4.1585297257335363E-008
 checkline
  69   0.53172392030E+04   0.62891204367E+02
 BETA OK->PARA
 V  -1.5410680318637628E-007  -4.1585297257335363E-008  -1.6105538324796841E-007
 mindir3 beta IN   1.1365679649258553E-005
  70   0.18471230481E+03   0.28089419516E+01
  70  -0.15641225912E-06  -0.97624863873E+05   0.18471230481E+03   0.28089419516E+01
 mindir3 beta OUT   1.1365679649258553E-005  -1.5641225911623465E-007
 PARABOLIC SERACH FAILURE SWITHING TO BINARY
 BINARY START
  71   0.15244759730E+03   0.26680250141E+01
  71  -0.15604668064E-06  -0.97396687713E+05   0.15244759730E+03   0.26680250141E+01
 mindir4 beta   1.0239999999999973E-005  -1.5604668064300801E-007
 checkline
  71   0.10828832995E+03   0.12808119458E+01
  72   0.27976926199E+03   0.12298627153E+02
  72  -0.15832536846E-06  -0.98818932935E+05   0.27976926199E+03   0.12298627153E+02
 mindir4 beta   1.5359999999999961E-005  -1.5832536846330240E-007
 checkline
  72   0.21534505580E+03   0.25470567331E+01
  73   0.33983371651E+03   0.22300079420E+02
  73  -0.15985779570E-06  -0.99775398889E+05   0.33983371651E+03   0.22300079420E+02
 mindir4 beta   1.7919999999999954E-005  -1.5985779570166939E-007
 checkline
  73   0.22811611083E+03   0.26981101279E+01
  74   0.47730548146E+03   0.25830731464E+02
  74  -0.16059854064E-06  -0.10023773557E+06   0.47730548146E+03   0.25830731464E+02
 mindir4 beta   1.9199999999999952E-005  -1.6059854064381393E-007
 checkline
  74   0.19089332923E+03   0.22578467740E+01
  75   0.62593016633E+03   0.27522400634E+02
  75  -0.16088300132E-06  -0.10041528197E+06   0.62593016633E+03   0.27522400634E+02
 mindir4 beta   1.9839999999999949E-005  -1.6088300131855152E-007
 checkline
  75   0.13456773900E+03   0.15916393549E+01
  76   0.70233477864E+03   0.28408027082E+02
  76  -0.16098474778E-06  -0.10047878713E+06   0.70233477864E+03   0.28408027082E+02
 mindir4 beta   2.0159999999999949E-005  -1.6098474778158606E-007
 checkline
  76   0.10048758630E+03   0.11885463650E+01
  77   0.73842600974E+03   0.28827722223E+02
  77  -0.16102367718E-06  -0.10050308495E+06   0.73842600974E+03   0.28827722223E+02
 mindir4 beta   2.0319999999999948E-005  -1.6102367717963170E-007
 checkline
  77   0.83266049028E+02   0.98485358781E+00
  78   0.75954341571E+03   0.29037666339E+02
  78  -0.16104046460E-06  -0.10051356283E+06   0.75954341571E+03   0.29037666339E+02
 mindir4 beta   2.0399999999999947E-005  -1.6104046459688454E-007
 checkline
  78   0.72961077529E+02   0.86296851854E+00
  79   0.76537155748E+03   0.29142656794E+02
  79  -0.16104815016E-06  -0.10051835978E+06   0.76537155748E+03   0.29142656794E+02
 mindir4 beta   2.0439999999999947E-005  -1.6104815016012844E-007
 checkline
  79   0.70198334974E+02   0.83029137162E+00
  80   0.77069115715E+03   0.29195155909E+02
  80  -0.16105183872E-06  -0.10052066200E+06   0.77069115715E+03   0.29195155909E+02
 mindir4 beta   2.0459999999999946E-005  -1.6105183872388767E-007
 checkline
  80   0.67442292669E+02   0.79769347387E+00
  81   0.77277341252E+03   0.29221406348E+02
  81  -0.16105363181E-06  -0.10052178116E+06   0.77277341252E+03   0.29221406348E+02
 mindir4 beta   2.0469999999999945E-005  -1.6105363180795338E-007
 checkline
  81   0.66109094157E+02   0.78192467791E+00
  82   0.77448851068E+03   0.29234531778E+02
  82  -0.16105451121E-06  -0.10052233004E+06   0.77448851068E+03   0.29234531778E+02
 mindir4 beta   2.0474999999999945E-005  -1.6105451121020285E-007
 checkline
  82   0.65298381960E+02   0.77233574190E+00
  83   0.77494737403E+03   0.29241094544E+02
  83  -0.16105494772E-06  -0.10052260249E+06   0.77494737403E+03   0.29241094544E+02
 mindir4 beta   2.0477499999999948E-005  -1.6105494772048244E-007
 checkline
  83   0.65140595745E+02   0.77046947922E+00
  84   0.77535009374E+03   0.29244375939E+02
  84  -0.16105516569E-06  -0.10052273853E+06   0.77535009374E+03   0.29244375939E+02
 mindir4 beta   2.0478749999999947E-005  -1.6105516569083020E-007
 checkline
  84   0.65004662745E+02   0.76886169184E+00
  85   0.77539086333E+03   0.29246016640E+02
  85  -0.16105527451E-06  -0.10052280645E+06   0.77539086333E+03   0.29246016640E+02
 mindir4 beta   2.0479374999999947E-005  -1.6105527451218753E-007
 checkline
  85   0.64987675776E+02   0.76866077349E+00
  86   0.77541124793E+03   0.29246836991E+02
  86  -0.16105532891E-06  -0.10052284041E+06   0.77541124793E+03   0.29246836991E+02
 mindir4 beta   2.0479687499999948E-005  -1.6105532891219843E-007
 checkline
  86   0.64979179101E+02   0.76856027658E+00
  87   0.77542144018E+03   0.29247247167E+02
  87  -0.16105535611E-06  -0.10052285738E+06   0.77542144018E+03   0.29247247167E+02
 mindir4 beta   2.0479843749999947E-005  -1.6105535610953539E-007
 checkline
  87   0.64974929967E+02   0.76851001871E+00
  88   0.77564518501E+03   0.29247452255E+02
  88  -0.16105536969E-06  -0.10052286586E+06   0.77564518501E+03   0.29247452255E+02
 mindir4 beta   2.0479921874999947E-005  -1.6105536969196882E-007
 checkline
  88   0.64774247572E+02   0.76613638889E+00
  89   0.77564773590E+03   0.29247554799E+02
  89  -0.16105537647E-06  -0.10052287009E+06   0.77564773590E+03   0.29247554799E+02
 mindir4 beta   2.0479960937499946E-005  -1.6105537647002668E-007
 checkline
  89   0.64773185850E+02   0.76612383105E+00
  90   0.77564901134E+03   0.29247606071E+02
  90  -0.16105537986E-06  -0.10052287221E+06   0.77564901134E+03   0.29247606071E+02
 mindir4 beta   2.0479980468749946E-005  -1.6105537985901376E-007
 checkline
  90   0.64772654978E+02   0.76611755202E+00
  91   0.77564964906E+03   0.29247631707E+02
  91  -0.16105538155E-06  -0.10052287326E+06   0.77564964906E+03   0.29247631707E+02
 mindir4 beta   2.0479990234374945E-005  -1.6105538155349459E-007
 checkline
  91   0.64772389540E+02   0.76611441247E+00
  92   0.77564996792E+03   0.29247644525E+02
  92  -0.16105538240E-06  -0.10052287379E+06   0.77564996792E+03   0.29247644525E+02
 mindir4 beta   2.0479995117187445E-005  -1.6105538240073535E-007
 checkline
  92   0.64772256821E+02   0.76611284269E+00
  93   0.77565012735E+03   0.29247650934E+02
  93  -0.16105538282E-06  -0.10052287406E+06   0.77565012735E+03   0.29247650934E+02
 mindir4 beta   2.0479997558593698E-005  -1.6105538282435318E-007
 checkline
  93   0.64772190461E+02   0.76611205780E+00
  94   0.77565020706E+03   0.29247654138E+02
  94  -0.16105538304E-06  -0.10052287419E+06   0.77565020706E+03   0.29247654138E+02
 mindir4 beta   2.0479998779296822E-005  -1.6105538303616190E-007
 checkline
  94   0.64772157281E+02   0.76611166535E+00
  95   0.77565024692E+03   0.29247655741E+02
  95  -0.16105538314E-06  -0.10052287426E+06   0.77565024692E+03   0.29247655741E+02
 mindir4 beta   2.0479999389648384E-005  -1.6105538314206695E-007
 checkline
  95   0.64772140691E+02   0.76611146913E+00
  96   0.77565026685E+03   0.29247656542E+02
  96  -0.16105538320E-06  -0.10052287429E+06   0.77565026685E+03   0.29247656542E+02
 mindir4 beta   2.0479999694824167E-005  -1.6105538319501835E-007
 checkline
  96   0.64772132396E+02   0.76611137102E+00
  97   0.77565027681E+03   0.29247656942E+02
  97  -0.16105538322E-06  -0.10052287431E+06   0.77565027681E+03   0.29247656942E+02
 mindir4 beta   2.0479999847412057E-005  -1.6105538322149472E-007
 checkline
  97   0.64772128248E+02   0.76611132196E+00
  98   0.77565028179E+03   0.29247657143E+02
  98  -0.16105538323E-06  -0.10052287431E+06   0.77565028179E+03   0.29247657143E+02
 mindir4 beta   2.0479999923706001E-005  -1.6105538323473355E-007
 checkline
  98   0.64772126174E+02   0.76611129743E+00
  99   0.77565028428E+03   0.29247657243E+02
  99  -0.16105538324E-06  -0.10052287432E+06   0.77565028428E+03   0.29247657243E+02
 mindir4 beta   2.0479999961852974E-005  -1.6105538324135166E-007
 checkline
  99   0.64772125137E+02   0.76611128517E+00
 100   0.77565028553E+03   0.29247657293E+02
 100  -0.16105538324E-06  -0.10052287432E+06   0.77565028553E+03   0.29247657293E+02
 mindir4 beta   2.0479999980926458E-005  -1.6105538324466125E-007
 checkline
 100   0.64772124619E+02   0.76611127904E+00
 101   0.77565028615E+03   0.29247657318E+02
 101  -0.16105538325E-06  -0.10052287432E+06   0.77565028615E+03   0.29247657318E+02
 mindir4 beta   2.0479999990463202E-005  -1.6105538324631596E-007
 checkline
 101   0.64772124360E+02   0.76611127597E+00
 102   0.77565028646E+03   0.29247657330E+02
 102  -0.16105538325E-06  -0.10052287432E+06   0.77565028646E+03   0.29247657330E+02
 mindir4 beta   2.0479999995231574E-005  -1.6105538324714446E-007
 checkline
 102   0.64772124230E+02   0.76611127444E+00
 103   0.77565028662E+03   0.29247657337E+02
 103  -0.16105538325E-06  -0.10052287432E+06   0.77565028662E+03   0.29247657337E+02
 mindir4 beta   2.0479999997615759E-005  -1.6105538324755620E-007
 checkline
 103   0.64772124165E+02   0.76611127367E+00
 104   0.77565028670E+03   0.29247657340E+02
 104  -0.16105538325E-06  -0.10052287432E+06   0.77565028670E+03   0.29247657340E+02
 mindir4 beta   2.0479999998807852E-005  -1.6105538324776415E-007
 checkline
 104   0.64772124133E+02   0.76611127329E+00
 105   0.77565028674E+03   0.29247657341E+02
 105  -0.16105538325E-06  -0.10052287432E+06   0.77565028674E+03   0.29247657341E+02
 mindir4 beta   2.0479999999403899E-005  -1.6105538324786645E-007
 checkline
 105   0.64772124117E+02   0.76611127310E+00
 106   0.77565028676E+03   0.29247657342E+02
 106  -0.16105538325E-06  -0.10052287432E+06   0.77565028676E+03   0.29247657342E+02
 mindir4 beta   2.0479999999701923E-005  -1.6105538324792085E-007
 checkline
 106   0.64772124109E+02   0.76611127300E+00
 107   0.77565028677E+03   0.29247657343E+02
 107  -0.16105538325E-06  -0.10052287432E+06   0.77565028677E+03   0.29247657343E+02
 mindir4 beta   2.0479999999850936E-005  -1.6105538324794507E-007
 checkline
 107   0.64772124105E+02   0.76611127295E+00
 108   0.77565028677E+03   0.29247657343E+02
 108  -0.16105538325E-06  -0.10052287432E+06   0.77565028677E+03   0.29247657343E+02
 mindir4 beta   2.0479999999925441E-005  -1.6105538324795653E-007
 checkline
 108   0.64772124103E+02   0.76611127293E+00
 109   0.77565028677E+03   0.29247657343E+02
 109  -0.16105538325E-06  -0.10052287432E+06   0.77565028677E+03   0.29247657343E+02
 mindir4 beta   2.0479999999962694E-005  -1.6105538324796439E-007
 checkline
 109   0.64772124102E+02   0.76611127292E+00
 110   0.77565028677E+03   0.29247657343E+02
 110  -0.16105538325E-06  -0.10052287432E+06   0.77565028677E+03   0.29247657343E+02
 mindir4 beta   2.0479999999981318E-005  -1.6105538324796489E-007
 checkline
 110   0.64772124101E+02   0.76611127291E+00
 111   0.77565028677E+03   0.29247657343E+02
 111  -0.16105538325E-06  -0.10052287432E+06   0.77565028677E+03   0.29247657343E+02
 mindir4 beta   2.0479999999990632E-005  -1.6105538324796770E-007
 checkline
 111   0.64772124101E+02   0.76611127291E+00
 112   0.77565028678E+03   0.29247657343E+02
 112  -0.16105538325E-06  -0.10052287432E+06   0.77565028678E+03   0.29247657343E+02
 mindir4 beta   2.0479999999995291E-005  -1.6105538324796759E-007
 checkline
 112   0.64772124101E+02   0.76611127291E+00
 113   0.77565028678E+03   0.29247657343E+02
 113  -0.16105538325E-06  -0.10052287432E+06   0.77565028678E+03   0.29247657343E+02
 mindir4 beta   2.0479999999997619E-005  -1.6105538324796759E-007
 checkline
 113   0.64772124101E+02   0.76611127290E+00
 114   0.77565028678E+03   0.29247657343E+02
 114  -0.16105538325E-06  -0.10052287432E+06   0.77565028678E+03   0.29247657343E+02
 mindir4 beta   2.0479999999998781E-005  -1.6105538324796754E-007
 checkline
 114   0.64772124101E+02   0.76611127290E+00
 115   0.77565028678E+03   0.29247657343E+02
 115  -0.16105538325E-06  -0.10052287432E+06   0.77565028678E+03   0.29247657343E+02
 mindir4 beta   2.0479999999999363E-005  -1.6105538324796812E-007
 checkline
 115   0.64772124101E+02   0.76611127290E+00
 116   0.77565028678E+03   0.29247657343E+02
 116  -0.16105538325E-06  -0.10052287432E+06   0.77565028678E+03   0.29247657343E+02
 mindir4 beta   2.0479999999999655E-005  -1.6105538324796818E-007
 checkline
 116   0.64772124101E+02   0.76611127290E+00
 117   0.77565028678E+03   0.29247657343E+02
 117  -0.16105538325E-06  -0.10052287432E+06   0.77565028678E+03   0.29247657343E+02
 mindir4 beta   2.0479999999999801E-005  -1.6105538324796823E-007
 checkline
 117   0.64772124101E+02   0.76611127290E+00
 118   0.77565028678E+03   0.29247657343E+02
 118  -0.16105538325E-06  -0.10052287432E+06   0.77565028678E+03   0.29247657343E+02
 mindir4 beta   2.0479999999999872E-005  -1.6105538324796844E-007
 checkline
 118   0.64772124101E+02   0.76611127290E+00
 119   0.77565028678E+03   0.29247657343E+02
 119  -0.16105538325E-06  -0.10052287432E+06   0.77565028678E+03   0.29247657343E+02
 mindir4 beta   2.0479999999999909E-005  -1.6105538324796844E-007
 checkline
 119   0.64772124101E+02   0.76611127290E+00
 120   0.77565028678E+03   0.29247657343E+02
 120  -0.16105538325E-06  -0.10052287432E+06   0.77565028678E+03   0.29247657343E+02
 mindir4 beta   2.0479999999999892E-005  -1.6105538324796841E-007
 checkline
 120   0.64772124101E+02   0.76611127290E+00
                       >>> minimization idirection; lOVER;  beta            2 F   2.0479999999999892E-005

 mindir1 betaS2   1.0239999999999946E-005
 121   0.15244759730E+03   0.26680250141E+01
 121  -0.15604668064E-06  -0.97396687713E+05   0.15244759730E+03   0.26680250141E+01
 mindir1 betaS2 F   1.0239999999999946E-005  -1.5604668064300796E-007
 checkline
 121   0.10828832995E+03   0.12808119458E+01
 BS2 OK-> BETA
 mindir2 beta   2.0479999999999892E-005
 122   0.77565028678E+03   0.29247657343E+02
 122  -0.16105538325E-06  -0.10052287432E+06   0.77565028678E+03   0.29247657343E+02
 mindir2 beta F   2.0479999999999892E-005  -1.6105538324796841E-007
 checkline
 122   0.64772124101E+02   0.76611127290E+00
 mindir2 beta   4.0959999999999784E-005
 123   0.67031496352E+04   0.12477629592E+03
 123  -0.41585297257E-07  -0.25955503787E+05   0.67031496352E+04   0.12477629592E+03
 mindir2 beta F   4.0959999999999784E-005  -4.1585297257337480E-008
 checkline
 123   0.53172392030E+04   0.62891204367E+02
 BETA OK->PARA
 V  -1.5410680318637628E-007  -4.1585297257337480E-008  -1.6105538324796841E-007
 mindir3 beta IN   1.1365679649258543E-005
 124   0.18471230481E+03   0.28089419516E+01
 124  -0.15641225912E-06  -0.97624863873E+05   0.18471230481E+03   0.28089419516E+01
 mindir3 beta OUT   1.1365679649258543E-005  -1.5641225911623457E-007
 PARABOLIC SERACH FAILURE SWITHING TO BINARY
 BINARY START
 125   0.15244759730E+03   0.26680250141E+01
 125  -0.15604668064E-06  -0.97396687713E+05   0.15244759730E+03   0.26680250141E+01
 mindir4 beta   1.0239999999999946E-005  -1.5604668064300796E-007
 checkline
 125   0.10828832995E+03   0.12808119458E+01
 126   0.27976926199E+03   0.12298627153E+02
 126  -0.15832536846E-06  -0.98818932935E+05   0.27976926199E+03   0.12298627153E+02
 mindir4 beta   1.5359999999999921E-005  -1.5832536846330235E-007
 checkline
 126   0.21534505580E+03   0.25470567331E+01
 127   0.33983371651E+03   0.22300079420E+02
 127  -0.15985779570E-06  -0.99775398889E+05   0.33983371651E+03   0.22300079420E+02
 mindir4 beta   1.7919999999999906E-005  -1.5985779570166923E-007
 checkline
 127   0.22811611083E+03   0.26981101279E+01
 128   0.47730548146E+03   0.25830731464E+02
 128  -0.16059854064E-06  -0.10023773557E+06   0.47730548146E+03   0.25830731464E+02
 mindir4 beta   1.9199999999999897E-005  -1.6059854064381385E-007
 checkline
 128   0.19089332923E+03   0.22578467740E+01
 129   0.62593016633E+03   0.27522400634E+02
 129  -0.16088300132E-06  -0.10041528197E+06   0.62593016633E+03   0.27522400634E+02
 mindir4 beta   1.9839999999999895E-005  -1.6088300131855154E-007
 checkline
 129   0.13456773900E+03   0.15916393549E+01
 130   0.70233477864E+03   0.28408027082E+02
 130  -0.16098474778E-06  -0.10047878713E+06   0.70233477864E+03   0.28408027082E+02
 mindir4 beta   2.0159999999999895E-005  -1.6098474778158612E-007
 checkline
 130   0.10048758630E+03   0.11885463650E+01
 131   0.73842600974E+03   0.28827722223E+02
 131  -0.16102367718E-06  -0.10050308495E+06   0.73842600974E+03   0.28827722223E+02
 mindir4 beta   2.0319999999999894E-005  -1.6102367717963159E-007
 checkline
 131   0.83266049028E+02   0.98485358781E+00
 132   0.75954341571E+03   0.29037666339E+02
 132  -0.16104046460E-06  -0.10051356283E+06   0.75954341571E+03   0.29037666339E+02
 mindir4 beta   2.0399999999999893E-005  -1.6104046459688462E-007
 checkline
 132   0.72961077529E+02   0.86296851854E+00
 133   0.76537155748E+03   0.29142656794E+02
 133  -0.16104815016E-06  -0.10051835978E+06   0.76537155748E+03   0.29142656794E+02
 mindir4 beta   2.0439999999999892E-005  -1.6104815016012855E-007
 checkline
 133   0.70198334974E+02   0.83029137162E+00
 134   0.77069115715E+03   0.29195155909E+02
 134  -0.16105183872E-06  -0.10052066200E+06   0.77069115715E+03   0.29195155909E+02
 mindir4 beta   2.0459999999999892E-005  -1.6105183872388780E-007
 checkline
 134   0.67442292669E+02   0.79769347387E+00
 135   0.77277341252E+03   0.29221406348E+02
 135  -0.16105363181E-06  -0.10052178116E+06   0.77277341252E+03   0.29221406348E+02
 mindir4 beta   2.0469999999999890E-005  -1.6105363180795330E-007
 checkline
 135   0.66109094157E+02   0.78192467791E+00
 136   0.77448851068E+03   0.29234531778E+02
 136  -0.16105451121E-06  -0.10052233004E+06   0.77448851068E+03   0.29234531778E+02
 mindir4 beta   2.0474999999999891E-005  -1.6105451121020275E-007
 checkline
 136   0.65298381960E+02   0.77233574190E+00
 137   0.77494737403E+03   0.29241094544E+02
 137  -0.16105494772E-06  -0.10052260249E+06   0.77494737403E+03   0.29241094544E+02
 mindir4 beta   2.0477499999999893E-005  -1.6105494772048236E-007
 checkline
 137   0.65140595745E+02   0.77046947922E+00
 138   0.77535009374E+03   0.29244375939E+02
 138  -0.16105516569E-06  -0.10052273853E+06   0.77535009374E+03   0.29244375939E+02
 mindir4 beta   2.0478749999999893E-005  -1.6105516569083017E-007
 checkline
 138   0.65004662745E+02   0.76886169184E+00
 139   0.77539086333E+03   0.29246016640E+02
 139  -0.16105527451E-06  -0.10052280645E+06   0.77539086333E+03   0.29246016640E+02
 mindir4 beta   2.0479374999999892E-005  -1.6105527451218756E-007
 checkline
 139   0.64987675776E+02   0.76866077349E+00
 140   0.77541124793E+03   0.29246836991E+02
 140  -0.16105532891E-06  -0.10052284041E+06   0.77541124793E+03   0.29246836991E+02
 mindir4 beta   2.0479687499999894E-005  -1.6105532891219840E-007
 checkline
 140   0.64979179101E+02   0.76856027658E+00
 141   0.77542144018E+03   0.29247247167E+02
 141  -0.16105535611E-06  -0.10052285738E+06   0.77542144018E+03   0.29247247167E+02
 mindir4 beta   2.0479843749999893E-005  -1.6105535610953547E-007
 checkline
 141   0.64974929967E+02   0.76851001871E+00
 142   0.77564518501E+03   0.29247452255E+02
 142  -0.16105536969E-06  -0.10052286586E+06   0.77564518501E+03   0.29247452255E+02
 mindir4 beta   2.0479921874999892E-005  -1.6105536969196885E-007
 checkline
 142   0.64774247572E+02   0.76613638889E+00
 143   0.77564773590E+03   0.29247554799E+02
 143  -0.16105537647E-06  -0.10052287009E+06   0.77564773590E+03   0.29247554799E+02
 mindir4 beta   2.0479960937499892E-005  -1.6105537647002670E-007
 checkline
 143   0.64773185850E+02   0.76612383105E+00
 144   0.77564901134E+03   0.29247606071E+02
 144  -0.16105537986E-06  -0.10052287221E+06   0.77564901134E+03   0.29247606071E+02
 mindir4 beta   2.0479980468749892E-005  -1.6105537985901373E-007
 checkline
 144   0.64772654978E+02   0.76611755202E+00
 145   0.77564964906E+03   0.29247631707E+02
 145  -0.16105538155E-06  -0.10052287326E+06   0.77564964906E+03   0.29247631707E+02
 mindir4 beta   2.0479990234374890E-005  -1.6105538155349459E-007
 checkline
 145   0.64772389540E+02   0.76611441247E+00
 146   0.77564996792E+03   0.29247644525E+02
 146  -0.16105538240E-06  -0.10052287379E+06   0.77564996792E+03   0.29247644525E+02
 mindir4 beta   2.0479995117187391E-005  -1.6105538240073528E-007
 checkline
 146   0.64772256821E+02   0.76611284269E+00
 147   0.77565012735E+03   0.29247650934E+02
 147  -0.16105538282E-06  -0.10052287406E+06   0.77565012735E+03   0.29247650934E+02
 mindir4 beta   2.0479997558593643E-005  -1.6105538282435318E-007
 checkline
 147   0.64772190461E+02   0.76611205780E+00
 148   0.77565020706E+03   0.29247654138E+02
 148  -0.16105538304E-06  -0.10052287419E+06   0.77565020706E+03   0.29247654138E+02
 mindir4 beta   2.0479998779296768E-005  -1.6105538303616179E-007
 checkline
 148   0.64772157281E+02   0.76611166535E+00
 149   0.77565024692E+03   0.29247655741E+02
 149  -0.16105538314E-06  -0.10052287426E+06   0.77565024692E+03   0.29247655741E+02
 mindir4 beta   2.0479999389648330E-005  -1.6105538314206682E-007
 checkline
 149   0.64772140691E+02   0.76611146913E+00
 150   0.77565026685E+03   0.29247656542E+02
 150  -0.16105538320E-06  -0.10052287429E+06   0.77565026685E+03   0.29247656542E+02
 mindir4 beta   2.0479999694824113E-005  -1.6105538319501843E-007
 checkline
 150   0.64772132396E+02   0.76611137102E+00
 151   0.77565027681E+03   0.29247656942E+02
 151  -0.16105538322E-06  -0.10052287431E+06   0.77565027681E+03   0.29247656942E+02
 mindir4 beta   2.0479999847412002E-005  -1.6105538322149485E-007
 checkline
 151   0.64772128248E+02   0.76611132196E+00
 152   0.77565028179E+03   0.29247657143E+02
 152  -0.16105538323E-06  -0.10052287431E+06   0.77565028179E+03   0.29247657143E+02
 mindir4 beta   2.0479999923705947E-005  -1.6105538323473358E-007
 checkline
 152   0.64772126174E+02   0.76611129743E+00
 153   0.77565028428E+03   0.29247657243E+02
 153  -0.16105538324E-06  -0.10052287432E+06   0.77565028428E+03   0.29247657243E+02
 mindir4 beta   2.0479999961852920E-005  -1.6105538324135174E-007
 checkline
 153   0.64772125137E+02   0.76611128517E+00
 154   0.77565028553E+03   0.29247657293E+02
 154  -0.16105538324E-06  -0.10052287432E+06   0.77565028553E+03   0.29247657293E+02
 mindir4 beta   2.0479999980926404E-005  -1.6105538324466112E-007
 checkline
 154   0.64772124619E+02   0.76611127904E+00
 155   0.77565028615E+03   0.29247657318E+02
 155  -0.16105538325E-06  -0.10052287432E+06   0.77565028615E+03   0.29247657318E+02
 mindir4 beta   2.0479999990463148E-005  -1.6105538324631598E-007
 checkline
 155   0.64772124360E+02   0.76611127597E+00
 156   0.77565028646E+03   0.29247657330E+02
 156  -0.16105538325E-06  -0.10052287432E+06   0.77565028646E+03   0.29247657330E+02
 mindir4 beta   2.0479999995231520E-005  -1.6105538324714444E-007
 checkline
 156   0.64772124230E+02   0.76611127444E+00
 157   0.77565028662E+03   0.29247657337E+02
 157  -0.16105538325E-06  -0.10052287432E+06   0.77565028662E+03   0.29247657337E+02
 mindir4 beta   2.0479999997615704E-005  -1.6105538324755628E-007
 checkline
 157   0.64772124165E+02   0.76611127367E+00
 158   0.77565028670E+03   0.29247657340E+02
 158  -0.16105538325E-06  -0.10052287432E+06   0.77565028670E+03   0.29247657340E+02
 mindir4 beta   2.0479999998807798E-005  -1.6105538324776420E-007
 checkline
 158   0.64772124133E+02   0.76611127329E+00
 159   0.77565028674E+03   0.29247657341E+02
 159  -0.16105538325E-06  -0.10052287432E+06   0.77565028674E+03   0.29247657341E+02
 mindir4 beta   2.0479999999403845E-005  -1.6105538324786645E-007
 checkline
 159   0.64772124117E+02   0.76611127310E+00
 160   0.77565028676E+03   0.29247657342E+02
 160  -0.16105538325E-06  -0.10052287432E+06   0.77565028676E+03   0.29247657342E+02
 mindir4 beta   2.0479999999701869E-005  -1.6105538324792090E-007
 checkline
 160   0.64772124109E+02   0.76611127300E+00
 161   0.77565028677E+03   0.29247657343E+02
 161  -0.16105538325E-06  -0.10052287432E+06   0.77565028677E+03   0.29247657343E+02
 mindir4 beta   2.0479999999850882E-005  -1.6105538324794509E-007
 checkline
 161   0.64772124105E+02   0.76611127295E+00
 162   0.77565028677E+03   0.29247657343E+02
 162  -0.16105538325E-06  -0.10052287432E+06   0.77565028677E+03   0.29247657343E+02
 mindir4 beta   2.0479999999925387E-005  -1.6105538324795640E-007
 checkline
 162   0.64772124103E+02   0.76611127293E+00
 163   0.77565028677E+03   0.29247657343E+02
 163  -0.16105538325E-06  -0.10052287432E+06   0.77565028677E+03   0.29247657343E+02
 mindir4 beta   2.0479999999962639E-005  -1.6105538324796436E-007
 checkline
 163   0.64772124102E+02   0.76611127292E+00
 164   0.77565028677E+03   0.29247657343E+02
 164  -0.16105538325E-06  -0.10052287432E+06   0.77565028677E+03   0.29247657343E+02
 mindir4 beta   2.0479999999981264E-005  -1.6105538324796489E-007
 checkline
 164   0.64772124101E+02   0.76611127291E+00
 165   0.77565028677E+03   0.29247657343E+02
 165  -0.16105538325E-06  -0.10052287432E+06   0.77565028677E+03   0.29247657343E+02
 mindir4 beta   2.0479999999990578E-005  -1.6105538324796770E-007
 checkline
 165   0.64772124101E+02   0.76611127291E+00
 166   0.77565028678E+03   0.29247657343E+02
 166  -0.16105538325E-06  -0.10052287432E+06   0.77565028678E+03   0.29247657343E+02
 mindir4 beta   2.0479999999995237E-005  -1.6105538324796762E-007
 checkline
 166   0.64772124101E+02   0.76611127291E+00
 167   0.77565028678E+03   0.29247657343E+02
 167  -0.16105538325E-06  -0.10052287432E+06   0.77565028678E+03   0.29247657343E+02
 mindir4 beta   2.0479999999997564E-005  -1.6105538324796757E-007
 checkline
 167   0.64772124101E+02   0.76611127290E+00
 168   0.77565028678E+03   0.29247657343E+02
 168  -0.16105538325E-06  -0.10052287432E+06   0.77565028678E+03   0.29247657343E+02
 mindir4 beta   2.0479999999998726E-005  -1.6105538324796765E-007
 checkline
 168   0.64772124101E+02   0.76611127290E+00
 169   0.77565028678E+03   0.29247657343E+02
 169  -0.16105538325E-06  -0.10052287432E+06   0.77565028678E+03   0.29247657343E+02
 mindir4 beta   2.0479999999999309E-005  -1.6105538324796802E-007
 checkline
 169   0.64772124101E+02   0.76611127290E+00
 170   0.77565028678E+03   0.29247657343E+02
 170  -0.16105538325E-06  -0.10052287432E+06   0.77565028678E+03   0.29247657343E+02
 mindir4 beta   2.0479999999999601E-005  -1.6105538324796804E-007
 checkline
 170   0.64772124101E+02   0.76611127290E+00
 171   0.77565028678E+03   0.29247657343E+02
 171  -0.16105538325E-06  -0.10052287432E+06   0.77565028678E+03   0.29247657343E+02
 mindir4 beta   2.0479999999999746E-005  -1.6105538324796823E-007
 checkline
 171   0.64772124101E+02   0.76611127290E+00
 172   0.77565028678E+03   0.29247657343E+02
 172  -0.16105538325E-06  -0.10052287432E+06   0.77565028678E+03   0.29247657343E+02
 mindir4 beta   2.0479999999999817E-005  -1.6105538324796825E-007
 checkline
 172   0.64772124101E+02   0.76611127290E+00
 173   0.77565028678E+03   0.29247657343E+02
 173  -0.16105538325E-06  -0.10052287432E+06   0.77565028678E+03   0.29247657343E+02
 mindir4 beta   2.0479999999999855E-005  -1.6105538324796839E-007
 checkline
 173   0.64772124101E+02   0.76611127290E+00
 174   0.77565028678E+03   0.29247657343E+02
 174  -0.16105538325E-06  -0.10052287432E+06   0.77565028678E+03   0.29247657343E+02
 mindir4 beta   2.0479999999999872E-005  -1.6105538324796844E-007
 checkline
 174   0.64772124101E+02   0.76611127290E+00
                       >>> minimization idirection; lOVER;  beta            3 F   2.0479999999999872E-005

 mindir1 betaS2   1.0239999999999936E-005
 175   0.15244759730E+03   0.26680250141E+01
 175  -0.15604668064E-06  -0.97396687713E+05   0.15244759730E+03   0.26680250141E+01
 mindir1 betaS2 F   1.0239999999999936E-005  -1.5604668064300799E-007
 checkline
 175   0.10828832995E+03   0.12808119458E+01
 BS2 OK-> BETA
 mindir2 beta   2.0479999999999872E-005
 176   0.77565028678E+03   0.29247657343E+02
 176  -0.16105538325E-06  -0.10052287432E+06   0.77565028678E+03   0.29247657343E+02
 mindir2 beta F   2.0479999999999872E-005  -1.6105538324796844E-007
 checkline
 176   0.64772124101E+02   0.76611127290E+00
 mindir2 beta   4.0959999999999743E-005
 177   0.67031496352E+04   0.12477629592E+03
 177  -0.41585297257E-07  -0.25955503787E+05   0.67031496352E+04   0.12477629592E+03
 mindir2 beta F   4.0959999999999743E-005  -4.1585297257337957E-008
 checkline
 177   0.53172392030E+04   0.62891204367E+02
 BETA OK->PARA
 V  -1.5410680318637628E-007  -4.1585297257337957E-008  -1.6105538324796844E-007
 mindir3 beta IN   1.1365679649258540E-005
 178   0.18471230481E+03   0.28089419516E+01
 178  -0.15641225912E-06  -0.97624863873E+05   0.18471230481E+03   0.28089419516E+01
 mindir3 beta OUT   1.1365679649258540E-005  -1.5641225911623457E-007
 PARABOLIC SERACH FAILURE SWITHING TO BINARY
 BINARY START
 179   0.15244759730E+03   0.26680250141E+01
 179  -0.15604668064E-06  -0.97396687713E+05   0.15244759730E+03   0.26680250141E+01
 mindir4 beta   1.0239999999999936E-005  -1.5604668064300799E-007
 checkline
 179   0.10828832995E+03   0.12808119458E+01
 180   0.27976926199E+03   0.12298627153E+02
 180  -0.15832536846E-06  -0.98818932935E+05   0.27976926199E+03   0.12298627153E+02
 mindir4 beta   1.5359999999999904E-005  -1.5832536846330229E-007
 checkline
 180   0.21534505580E+03   0.25470567331E+01
 181   0.33983371651E+03   0.22300079420E+02
 181  -0.15985779570E-06  -0.99775398889E+05   0.33983371651E+03   0.22300079420E+02
 mindir4 beta   1.7919999999999889E-005  -1.5985779570166923E-007
 checkline
 181   0.22811611083E+03   0.26981101279E+01
 182   0.47730548146E+03   0.25830731464E+02
 182  -0.16059854064E-06  -0.10023773557E+06   0.47730548146E+03   0.25830731464E+02
 mindir4 beta   1.9199999999999881E-005  -1.6059854064381396E-007
 checkline
 182   0.19089332923E+03   0.22578467740E+01
 183   0.62593016633E+03   0.27522400634E+02
 183  -0.16088300132E-06  -0.10041528197E+06   0.62593016633E+03   0.27522400634E+02
 mindir4 beta   1.9839999999999878E-005  -1.6088300131855149E-007
 checkline
 183   0.13456773900E+03   0.15916393549E+01
 184   0.70233477864E+03   0.28408027082E+02
 184  -0.16098474778E-06  -0.10047878713E+06   0.70233477864E+03   0.28408027082E+02
 mindir4 beta   2.0159999999999875E-005  -1.6098474778158614E-007
 checkline
 184   0.10048758630E+03   0.11885463650E+01
 185   0.73842600974E+03   0.28827722223E+02
 185  -0.16102367718E-06  -0.10050308495E+06   0.73842600974E+03   0.28827722223E+02
 mindir4 beta   2.0319999999999873E-005  -1.6102367717963167E-007
 checkline
 185   0.83266049028E+02   0.98485358781E+00
 186   0.75954341571E+03   0.29037666339E+02
 186  -0.16104046460E-06  -0.10051356283E+06   0.75954341571E+03   0.29037666339E+02
 mindir4 beta   2.0399999999999872E-005  -1.6104046459688462E-007
 checkline
 186   0.72961077529E+02   0.86296851854E+00
