 Process            0  of            4  is alive   2.2204460492503132E-058
 Process            1  of            4  is alive   2.2204460492503132E-058
 Process            2  of            4  is alive   2.2204460492503132E-058
 Process            3  of            4  is alive   2.2204460492503132E-058
 >>>>>>>>>>> entree readdm
 nom fichier din=Febulk.din                                                                      

 -------- caracteristiques du run DM-------- 8
      PARRINELLO RAHMAN AUTOCOHERENT 
 run a partir du fichier .cin

      ANALYSES 
 itetemp=           1  itesigma=           1

      CONTROLES 
tstep=  0.100D-14
 itmax=          10  itab=           1  itetimestep=          -1
tinit=      -1.0
tempdeplainit=      -1.0
debyetemp=      -1.0
  ----------------------------------


 nb de potentiels           1
 ipotentiel          10
 fmt_cin           1
 IMM PARA =          600        2000

 -*-*-*-*-*-*-*POTENTIELS*-*-*-*-*-


 POTENTIEL EAM

 Types d_atomes :
   1   55.847   26.000  Fe 
ROFF1_2   -0.100   -0.200
 nptmax in the max number of points on grid        250000
 EAM           1           1
 EAM number of points in potin and the step      250000   6.8178370289999997E-004
 dens           1           1
 RHO potin points and the step:       250000   2.4000000000000001E-005
 paire eam ; paire complete           1           1
 rep

  *-*-*-*-*-*CONSTRUCTION DE LA BOITE*-*-*-*-*-*-         600        2000           4

 ********** reading configuration from file********

  *-*-*-*-*-*LECTURE DE CIN*-*-*-*-*-*-
  *-*-*-*-*- LRESTART = F
 types
 xp
 num_at_glob
 xpp
 vp
volume= 0.23278613D-19 cm3  0.23278613D+05 Ang3
 izonr,zlmin,rut           4   57.106079300694432        12.000000000000002     
 nox,noy,noz dans .din =          -1          -1          -1
 calcul de nox noy noz !!!
nox noy noz calcules a partir de ru
  nox = Int(   0.2855E-06/  0.6000E-07) = 4
  noy = Int(   0.2855E-06/  0.6000E-07) = 4
  noz = Int(   0.2855E-06/  0.6000E-07) = 4
nox noy noz apres correction = 4 4 4
celsizes   0.7138261E-07  0.7138260E-07  0.7138260E-07


 -----------------------------------------------------------
 Procedure de decoupage pour une boite de taille  :           4           4           4
 sur            4  cpus           0
 Nbre de solutions possibles :            6
LE_MEILLEUR_DECOUPAGE :    4    1    2    2    0.9200
 -----------------------------------------------
           FIN DU CALCUL DU DECOUPAGE :         

 Nbre de cellule suivant x :           4
 Nbre de cellule suivant y :           4
 Nbre de cellule suivant z :           4

 Le cas choisit :           1           2           2
 Nombre de cellules max echg  par proc :           4          80
 Taux d'equilibrage :           4   1.0000000000000000     
 valeur            4  0.92000000000000004     
 Nbre Min/Max de cel. locales. :          16          16
 Nbre Min/Max de cel. fantomes. :          80          80
 locmin/fantomax :           4  0.20000000000000001     
 xpp
 vp
 xpp
 vp
 xpp
 vp
 natperc im/noxyz         310          31
 ltabvois,lconstrtot F F

 -------- boite de simulation ------
 nombre d atomes =        2000
vecteur  1      28.553042       0.000000      -0.000002
vecteur  2       0.000000      28.553041      -0.000002
vecteur  3      -0.000002      -0.000002      28.553040
        2000  atomes de type           1

  -------------------------------------------------------------------
              definition des rayons de coupure
 paire            1
 calpoeam RHO MIN:    0.0000000000000000     
 calpoeam RHO MAX:    12.174708979468400     
 calpoeam Rhomin Rhomax    0.0000000000000000        170.44524392885501     
 calpoeam ktorho and the inverse:    8.5222621964427502E-003   117.33973643962830     
 Le proc            1  a            3  processeur voisin
 Le proc            3  a            3  processeur voisin
 Le proc            2  a            3  processeur voisin
 NOMBRE DE CELLULES FRONTIERES ASSOCIEES A CHAQUE PROCESSEUR
 Le proc            0  a            3  processeur voisin

 tempsauv    529.00435990281005     
 pas de chgt des vitesses= 
 temperature fin initspeed    529.00435990281005     

 ***** PREMIERE ITERATION  ****

 Algorithme de Parrinello-Rahman (V2)
  -> la vitesse de la boîte ne prend pas en compte la dérivée du tenseur h

Repère actuel  (A):
 h (1:3,1) = 28.55304 .00000 -.00000
 h (1:3,2) = .00000 28.55304 -.00000
 h (1:3,3) = -.00000 -.00000 28.55304
Masse de la boîte pour Parrinello-Rahman: wbox=  0.927091474320E-19
Initialisation de la vitesse de la boîte pour la température .000 K
      0 0.000D+00*Kcell =    0.000000000000D+00  eV   (.000 K)


<<<<<<<<  ITERATION =      1  time =   0.1000000E-14


 --------- Temperatures et Pression--------
 ----------valeurs instantanees------------
         1 0.100E-14*Epot =    -8225.912701367282      eV 
    *energie PAIRE EAM =     325.297196065      eV 
    *energie GLUE  =    -8551.20989743      eV 
         1 0.100E-14*Ec =     134.668273733      eV   (520.930 K)
         1 0.100E-14*Etot =    -8091.244427633963      eV 

         1 0.100E-14*Epot/at =    -4.11295635068      eV 

         1 0.100E-14*Temp instantanee = 520.930
 NPT With Parrinello-Rahman
         1 0.100E-14*Kcell =    0.674383431091E-04  eV   (.174 K)
 Box tensor
 a   2.8553040795038519E-007   4.5694511121723856E-015  -1.7061932729090831E-014
 b   4.5694510831125122E-015   2.8553039947437144E-007  -1.6485496650111910E-014
 c  -1.7061932781133654E-014  -1.6485496687640942E-014   2.8553038243778162E-007
Strain (Lagrange def.):
  e(1:3,1) =  -0.484542E-07  0.100762E-09 -0.660539E-09
  e(1:3,2) =   0.100762E-09 -0.488221E-07 -0.526895E-09
  e(1:3,3) =  -0.660539E-09 -0.526895E-09 -0.492616E-07
Rotation:
  r(1:3,1) =    0.00000      0.954904E-17  0.133858E-16
  r(1:3,2) =  -0.954904E-17   0.00000      0.106107E-16
  r(1:3,3) =  -0.133858E-16 -0.106107E-16   0.00000    
         1 0.100E-14*l_a,m      28.5530408        28.5530408    
         1 0.100E-14*l_b,m      28.5530399        28.5530399    
         1 0.100E-14*l_c,m      28.5530382        28.5530382    
         1 0.100E-14*ang_bc,m      90.0000    90.0000
         1 0.100E-14*ang_ca,m      90.0000    90.0000
         1 0.100E-14*ang_ab,m      90.0000    90.0000
         1 0.100E-14*volume      23278.6100749        23278.6100749    

*temp instantanee des atomes de type 1 =       520.93

 * stress en kbar 
1 sigma potentiel (1,1) (2,1) (3,1) =  -37.82613255     -0.3883672295E-01 -0.6271778590E-01
2 sigma potentiel (1,2) (2,2) (3,2) = -0.3883672295E-01  -37.88052775      0.7384680443E-02
3 sigma potentiel (1,3) (2,3) (3,3) = -0.6271778590E-01  0.7384680443E-02  -37.83053979    

1 sigma cinetique (1,1) (2,1) (3,1) =   6.415080882      0.9480595419E-01 -0.3798658775    
2 sigma cinetique (1,2) (2,2) (3,2) =  0.9480595419E-01   6.219660444     -0.3427246413    
3 sigma cinetique (1,3) (2,3) (3,3) = -0.3798658775     -0.3427246413       5.902648820    

1 sigma total (1,1) (2,1) (3,1) =  -31.41105167      0.5596923124E-01 -0.4425836634    
2 sigma total (1,2) (2,2) (3,2) =  0.5596923124E-01  -31.66086731     -0.3353399609    
3 sigma total (1,3) (2,3) (3,3) = -0.4425836634     -0.3353399609      -31.92789097    

         1 0.100E-14*Pression =    -31.667    
 pression totale  potentiel = cinetique =
   -31.667       -37.846        6.1791    
 ----------valeurs moyennes------------
*temperature moyenne =       520.93
*pression moyenne =    -31.667    
 --------------------------------------


<<<<<<<<  ITERATION =      2  time =   0.2000000E-14


 --------- Temperatures et Pression--------
 ----------valeurs instantanees------------
         2 0.200E-14*Epot =    -8223.459712167185      eV 
    *energie PAIRE EAM =     327.887006137      eV 
    *energie GLUE  =    -8551.34671830      eV 
         2 0.200E-14*Ec =     132.216437542      eV   (511.446 K)
         2 0.200E-14*Etot =    -8091.243274625015      eV 

         2 0.200E-14*Epot/at =    -4.11172985608      eV 

         2 0.200E-14*Temp instantanee = 511.446
 NPT With Parrinello-Rahman
         2 0.200E-14*Kcell =    0.269174271086E-03  eV   (.694 K)
 Box tensor
 a   2.8553036649264050E-007   4.6474407371079092E-015  -1.7639741659256234E-014
 b   4.6474406984171241E-015   2.8553035769189173E-007  -1.6930837030116350E-014
 c  -1.7639741724615748E-014  -1.6930837078000330E-014   2.8553034029498256E-007
Strain (Lagrange def.):
  e(1:3,1) =  -0.193650E-06  0.373903E-09 -0.268418E-08
  e(1:3,2) =   0.373903E-09 -0.195155E-06 -0.208660E-08
  e(1:3,3) =  -0.268418E-08 -0.208660E-08 -0.196856E-06
Rotation:
  r(1:3,1) =    0.00000      0.432539E-16  0.599931E-16
  r(1:3,2) =  -0.432539E-16   0.00000      0.468543E-16
  r(1:3,3) =  -0.599931E-16 -0.468543E-16   0.00000    
         2 0.200E-14*l_a,m      28.5530366        28.5530387    
         2 0.200E-14*l_b,m      28.5530358        28.5530379    
         2 0.200E-14*l_c,m      28.5530340        28.5530361    
         2 0.200E-14*ang_bc,m      90.0000    90.0000
         2 0.200E-14*ang_ca,m      90.0000    90.0000
         2 0.200E-14*ang_ab,m      90.0000    90.0000
         2 0.200E-14*volume      23278.5998527        23278.6049638    

*temp instantanee des atomes de type 1 =       511.45

 * stress en kbar 
1 sigma potentiel (1,1) (2,1) (3,1) =  -37.62753379     -0.4950755685E-01 -0.7915287304E-01
2 sigma potentiel (1,2) (2,2) (3,2) = -0.4950755685E-01  -37.69089236      0.1063610163E-01
3 sigma potentiel (1,3) (2,3) (3,3) = -0.7915287304E-01  0.1063610163E-01  -37.63182742    

1 sigma cinetique (1,1) (2,1) (3,1) =   6.299605465      0.9208372962E-01 -0.3773760810    
2 sigma cinetique (1,2) (2,2) (3,2) =  0.9208372962E-01   6.102884021     -0.3373148147    
3 sigma cinetique (1,3) (2,3) (3,3) = -0.3773760810     -0.3373148147       5.797407897    

1 sigma total (1,1) (2,1) (3,1) =  -31.32792833      0.4257617278E-01 -0.4565289540    
2 sigma total (1,2) (2,2) (3,2) =  0.4257617278E-01  -31.58800834     -0.3266787131    
3 sigma total (1,3) (2,3) (3,3) = -0.4565289540     -0.3266787131      -31.83441952    

         2 0.200E-14*Pression =    -31.583    
 pression totale  potentiel = cinetique =
   -31.583       -37.650        6.0666    
 ----------valeurs moyennes------------
*temperature moyenne =       516.19
*pression moyenne =    -31.625    
 --------------------------------------


<<<<<<<<  ITERATION =      3  time =   0.3000000E-14


 --------- Temperatures et Pression--------
 ----------valeurs instantanees------------
         3 0.300E-14*Epot =    -8220.663073236043      eV 
    *energie PAIRE EAM =     330.864233715      eV 
    *energie GLUE  =    -8551.52730695      eV 
         3 0.300E-14*Ec =     129.420995289      eV   (500.632 K)
         3 0.300E-14*Etot =    -8091.242077946721      eV 

         3 0.300E-14*Epot/at =    -4.11033153662      eV 

         3 0.300E-14*Temp instantanee = 500.632
 NPT With Parrinello-Rahman
         3 0.300E-14*Kcell =    0.603893430740E-03  eV   (1.557 K)
 Box tensor
 a   2.8553029748540082E-007   4.7628718951416428E-015  -1.8619019719989802E-014
 b   4.7628718381936163E-015   2.8553028813120421E-007  -1.7663457358543330E-014
 c  -1.8619019810440227E-014  -1.7663457425658111E-014   2.8553027015728223E-007
Strain (Lagrange def.):
  e(1:3,1) =  -0.435330E-06  0.778176E-09 -0.611387E-08
  e(1:3,2) =   0.778176E-09 -0.438774E-06 -0.465243E-08
  e(1:3,3) =  -0.611387E-08 -0.465243E-08 -0.442496E-06
Rotation:
  r(1:3,1) =    0.00000      0.107003E-15  0.147625E-15
  r(1:3,2) =  -0.107003E-15   0.00000      0.114032E-15
  r(1:3,3) =  -0.147625E-15 -0.114032E-15   0.00000    
         3 0.300E-14*l_a,m      28.5530297        28.5530357    
         3 0.300E-14*l_b,m      28.5530288        28.5530348    
         3 0.300E-14*l_c,m      28.5530270        28.5530331    
         3 0.300E-14*ang_bc,m      90.0000    90.0000
         3 0.300E-14*ang_ca,m      90.0000    90.0000
         3 0.300E-14*ang_ab,m      90.0000    90.0000
         3 0.300E-14*volume      23278.5828375        23278.5975883    

*temp instantanee des atomes de type 1 =       500.63

 * stress en kbar 
1 sigma potentiel (1,1) (2,1) (3,1) =  -37.37396889     -0.6300410978E-01 -0.9800320415E-01
2 sigma potentiel (1,2) (2,2) (3,2) = -0.6300410978E-01  -37.44537029      0.1251256114E-01
3 sigma potentiel (1,3) (2,3) (3,3) = -0.9800320415E-01  0.1251256114E-01  -37.37624280    

1 sigma cinetique (1,1) (2,1) (3,1) =   6.167773614      0.8890395076E-01 -0.3738850354    
2 sigma cinetique (1,2) (2,2) (3,2) =  0.8890395076E-01   5.970500620     -0.3311680108    
3 sigma cinetique (1,3) (2,3) (3,3) = -0.3738850354     -0.3311680108       5.676837101    

1 sigma total (1,1) (2,1) (3,1) =  -31.20619528      0.2589984098E-01 -0.4718882395    
2 sigma total (1,2) (2,2) (3,2) =  0.2589984098E-01  -31.47486967     -0.3186554497    
3 sigma total (1,3) (2,3) (3,3) = -0.4718882395     -0.3186554497      -31.69940570    

         3 0.300E-14*Pression =    -31.460    
 pression totale  potentiel = cinetique =
   -31.460       -37.399        5.9384    
 ----------valeurs moyennes------------
*temperature moyenne =       511.00
*pression moyenne =    -31.570    
 --------------------------------------


<<<<<<<<  ITERATION =      4  time =   0.4000000E-14


 --------- Temperatures et Pression--------
 ----------valeurs instantanees------------
         4 0.400E-14*Epot =    -8217.546450173326      eV 
    *energie PAIRE EAM =     334.213109566      eV 
    *energie GLUE  =    -8551.75955974      eV 
         4 0.400E-14*Ec =     126.305569451      eV   (488.581 K)
         4 0.400E-14*Etot =    -8091.240880722607      eV 

         4 0.400E-14*Epot/at =    -4.10877322509      eV 

         4 0.400E-14*Temp instantanee = 488.581
 NPT With Parrinello-Rahman
         4 0.400E-14*Kcell =    0.106954397844E-02  eV   (2.758 K)
 Box tensor
 a   2.8553020103573053E-007   4.9010795698217471E-015  -2.0013273612388337E-014
 b   4.9010794840232928E-015   2.8553019089181546E-007  -1.8676301977877307E-014
 c  -2.0013273742629660E-014  -1.8676302075084648E-014   2.8553017214342404E-007
Strain (Lagrange def.):
  e(1:3,1) =  -0.773122E-06  0.126222E-08 -0.109969E-07
  e(1:3,2) =   0.126222E-08 -0.779331E-06 -0.819969E-08
  e(1:3,3) =  -0.109969E-07 -0.819969E-08 -0.785766E-06
Rotation:
  r(1:3,1) =    0.00000      0.207286E-15  0.285979E-15
  r(1:3,2) =  -0.207286E-15   0.00000      0.218712E-15
  r(1:3,3) =  -0.285979E-15 -0.218712E-15   0.00000    
         4 0.400E-14*l_a,m      28.5530201        28.5530318    
         4 0.400E-14*l_b,m      28.5530191        28.5530309    
         4 0.400E-14*l_c,m      28.5530172        28.5530291    
         4 0.400E-14*ang_bc,m      90.0000    90.0000
         4 0.400E-14*ang_ca,m      90.0000    90.0000
         4 0.400E-14*ang_ab,m      90.0000    90.0000
         4 0.400E-14*volume      23278.5590556        23278.5879552    

*temp instantanee des atomes de type 1 =       488.58

 * stress en kbar 
1 sigma potentiel (1,1) (2,1) (3,1) =  -37.05853331     -0.7798615637E-01 -0.1208383539    
2 sigma potentiel (1,2) (2,2) (3,2) = -0.7798615637E-01  -37.13740621      0.1151602625E-01
3 sigma potentiel (1,3) (2,3) (3,3) = -0.1208383539      0.1151602625E-01  -37.05859657    

1 sigma cinetique (1,1) (2,1) (3,1) =   6.020695034      0.8532751234E-01 -0.3693873468    
2 sigma cinetique (1,2) (2,2) (3,2) =  0.8532751234E-01   5.823620129     -0.3243315397    
3 sigma cinetique (1,3) (2,3) (3,3) = -0.3693873468     -0.3243315397       5.541968074    

1 sigma total (1,1) (2,1) (3,1) =  -31.03783828      0.7341355974E-02 -0.4902257007    
2 sigma total (1,2) (2,2) (3,2) =  0.7341355974E-02  -31.31378608     -0.3128155135    
3 sigma total (1,3) (2,3) (3,3) = -0.4902257007     -0.3128155135      -31.51662850    

         4 0.400E-14*Pression =    -31.289    
 pression totale  potentiel = cinetique =
   -31.289       -37.085        5.7954    
 ----------valeurs moyennes------------
*temperature moyenne =       505.40
*pression moyenne =    -31.500    
 --------------------------------------


<<<<<<<<  ITERATION =      5  time =   0.5000000E-14


 --------- Temperatures et Pression--------
 ----------valeurs instantanees------------
         5 0.500E-14*Epot =    -8214.135679889147      eV 
    *energie PAIRE EAM =     337.916574096      eV 
    *energie GLUE  =    -8552.05225398      eV 
         5 0.500E-14*Ec =     122.895963109      eV   (475.392 K)
         5 0.500E-14*Etot =    -8091.239716779845      eV 

         5 0.500E-14*Epot/at =    -4.10706783994      eV 

         5 0.500E-14*Temp instantanee = 475.392
 NPT With Parrinello-Rahman
         5 0.500E-14*Kcell =    0.166315971307E-02  eV   (4.289 K)
 Box tensor
 a   2.8553007729169983E-007   5.0457436119206641E-015  -2.1838628955019059E-014
 b   5.0457434844192327E-015   2.8553006611539963E-007  -1.9964235204299651E-014
 c  -2.1838629143461423E-014  -1.9964235344941916E-014   2.8553004641415935E-007
Strain (Lagrange def.):
  e(1:3,1) =  -0.120650E-05  0.176887E-08 -0.173898E-07
  e(1:3,2) =   0.176887E-08 -0.121633E-05 -0.127104E-07
  e(1:3,3) =  -0.173898E-07 -0.127104E-07 -0.122610E-05
Rotation:
  r(1:3,1) =    0.00000      0.351224E-15  0.486858E-15
  r(1:3,2) =  -0.351224E-15   0.00000      0.368752E-15
  r(1:3,3) =  -0.486858E-15 -0.368752E-15   0.00000    
         5 0.500E-14*l_a,m      28.5530077        28.5530270    
         5 0.500E-14*l_b,m      28.5530066        28.5530260    
         5 0.500E-14*l_c,m      28.5530046        28.5530242    
         5 0.500E-14*ang_bc,m      90.0000    90.0000
         5 0.500E-14*ang_ca,m      90.0000    90.0000
         5 0.500E-14*ang_ab,m      90.0000    90.0000
         5 0.500E-14*volume      23278.5285440        23278.5760729    

*temp instantanee des atomes de type 1 =       475.39

 * stress en kbar 
1 sigma potentiel (1,1) (2,1) (3,1) =  -36.67314283     -0.9440771213E-01 -0.1468364941    
2 sigma potentiel (1,2) (2,2) (3,2) = -0.9440771213E-01  -36.75788465      0.6246685962E-02
3 sigma potentiel (1,3) (2,3) (3,3) = -0.1468364941      0.6246685962E-02  -36.66911843    

1 sigma cinetique (1,1) (2,1) (3,1) =   5.859585199      0.8141165897E-01 -0.3638818939    
2 sigma cinetique (1,2) (2,2) (3,2) =  0.8141165897E-01   5.663449557     -0.3168501862    
3 sigma cinetique (1,3) (2,3) (3,3) = -0.3638818939     -0.3168501862       5.393929659    

1 sigma total (1,1) (2,1) (3,1) =  -30.81355763     -0.1299605317E-01 -0.5107183879    
2 sigma total (1,2) (2,2) (3,2) = -0.1299605317E-01  -31.09443510     -0.3106035002    
3 sigma total (1,3) (2,3) (3,3) = -0.5107183879     -0.3106035002      -31.27518877    

         5 0.500E-14*Pression =    -31.061    
 pression totale  potentiel = cinetique =
   -31.061       -36.700        5.6390    
 ----------valeurs moyennes------------
*temperature moyenne =       499.40
*pression moyenne =    -31.412    
 --------------------------------------


<<<<<<<<  ITERATION =      6  time =   0.6000000E-14


 --------- Temperatures et Pression--------
 ----------valeurs instantanees------------
         6 0.600E-14*Epot =    -8210.458414559265      eV 
    *energie PAIRE EAM =     341.956734380      eV 
    *energie GLUE  =    -8552.41514894      eV 
         6 0.600E-14*Ec =     119.219847492      eV   (461.172 K)
         6 0.600E-14*Etot =    -8091.238567067642      eV 

         6 0.600E-14*Epot/at =    -4.10522920728      eV 

         6 0.600E-14*Temp instantanee = 461.172
 NPT With Parrinello-Rahman
         6 0.600E-14*Kcell =    0.238069583275E-02  eV   (6.139 K)
 Box tensor
 a   2.8552992645056259E-007   5.1789795289382789E-015  -2.4113106576084634E-014
 b   5.1789793444103136E-015   2.8552991399487566E-007  -2.1525311686695324E-014
 c  -2.4113106845873133E-014  -2.1525311887315703E-014   2.8552989318183174E-007
Strain (Lagrange def.):
  e(1:3,1) =  -0.173479E-05  0.223551E-08 -0.253556E-07
  e(1:3,2) =   0.223551E-08 -0.174909E-05 -0.181777E-07
  e(1:3,3) =  -0.253556E-07 -0.181777E-07 -0.176276E-05
Rotation:
  r(1:3,1) =    0.00000      0.546188E-15  0.764647E-15
  r(1:3,2) =  -0.546188E-15   0.00000      0.573856E-15
  r(1:3,3) =  -0.764647E-15 -0.573856E-15   0.00000    
         6 0.600E-14*l_a,m      28.5529926        28.5530213    
         6 0.600E-14*l_b,m      28.5529914        28.5530203    
         6 0.600E-14*l_c,m      28.5529893        28.5530184    
         6 0.600E-14*ang_bc,m      90.0000    90.0000
         6 0.600E-14*ang_ca,m      90.0000    90.0000
         6 0.600E-14*ang_ab,m      90.0000    90.0000
         6 0.600E-14*volume      23278.4913517        23278.5619527    

*temp instantanee des atomes de type 1 =       461.17

 * stress en kbar 
1 sigma potentiel (1,1) (2,1) (3,1) =  -36.21239431     -0.1097008095     -0.1749061953    
2 sigma potentiel (1,2) (2,2) (3,2) = -0.1097008095      -36.30160478     -0.2793512221E-02
3 sigma potentiel (1,3) (2,3) (3,3) = -0.1749061953     -0.2793512221E-02  -36.20208155    

1 sigma cinetique (1,1) (2,1) (3,1) =   5.685750424      0.7720479462E-01 -0.3573809826    
2 sigma cinetique (1,2) (2,2) (3,2) =  0.7720479462E-01   5.491278608     -0.3087745469    
3 sigma cinetique (1,3) (2,3) (3,3) = -0.3573809826     -0.3087745469       5.233934265    

1 sigma total (1,1) (2,1) (3,1) =  -30.52664389     -0.3249601491E-01 -0.5322871779    
2 sigma total (1,2) (2,2) (3,2) = -0.3249601491E-01  -30.81032617     -0.3115680591    
3 sigma total (1,3) (2,3) (3,3) = -0.5322871779     -0.3115680591      -30.96814729    

         6 0.600E-14*Pression =    -30.768    
 pression totale  potentiel = cinetique =
   -30.768       -36.239        5.4703    
 ----------valeurs moyennes------------
*temperature moyenne =       493.03
*pression moyenne =    -31.305    
 --------------------------------------


<<<<<<<<  ITERATION =      7  time =   0.7000000E-14


 --------- Temperatures et Pression--------
 ----------valeurs instantanees------------
         7 0.700E-14*Epot =    -8206.543995826727      eV 
    *energie PAIRE EAM =     346.314145599      eV 
    *energie GLUE  =    -8552.85814143      eV 
         7 0.700E-14*Ec =     115.306500074      eV   (446.034 K)
         7 0.700E-14*Etot =    -8091.237495752815      eV 

         7 0.700E-14*Epot/at =    -4.10327199791      eV 

         7 0.700E-14*Temp instantanee = 446.034
 NPT With Parrinello-Rahman
         7 0.700E-14*Kcell =    0.321693603096E-02  eV   (8.296 K)
 Box tensor
 a   2.8552974876465637E-007   5.2836393037526746E-015  -2.6855673529798042E-014
 b   5.2836390442774359E-015   2.8552973478011468E-007  -2.3360379485315290E-014
 c  -2.6855673909808032E-014  -2.3360379766326417E-014   2.8552971271647907E-007
Strain (Lagrange def.):
  e(1:3,1) =  -0.235709E-05  0.260206E-08 -0.349608E-07
  e(1:3,2) =   0.260206E-08 -0.237675E-05 -0.246046E-07
  e(1:3,3) =  -0.349608E-07 -0.246046E-07 -0.239479E-05
Rotation:
  r(1:3,1) =    0.00000      0.799488E-15  0.113589E-14
  r(1:3,2) =  -0.799488E-15   0.00000      0.845210E-15
  r(1:3,3) =  -0.113589E-14 -0.845210E-15   0.00000    
         7 0.700E-14*l_a,m      28.5529749        28.5530146    
         7 0.700E-14*l_b,m      28.5529735        28.5530136    
         7 0.700E-14*l_c,m      28.5529713        28.5530117    
         7 0.700E-14*ang_bc,m      90.0000    90.0000
         7 0.700E-14*ang_ca,m      90.0000    90.0000
         7 0.700E-14*ang_ab,m      90.0000    90.0000
         7 0.700E-14*volume      23278.4475417        23278.5456083    

*temp instantanee des atomes de type 1 =       446.03

 * stress en kbar 
1 sigma potentiel (1,1) (2,1) (3,1) =  -35.67196731     -0.1231099221     -0.2036422623    
2 sigma potentiel (1,2) (2,2) (3,2) = -0.1231099221      -35.76440064     -0.1515732214E-01
3 sigma potentiel (1,3) (2,3) (3,3) = -0.2036422623     -0.1515732214E-01  -35.65274462    

1 sigma cinetique (1,1) (2,1) (3,1) =   5.500574264      0.7274143068E-01 -0.3499194240    
2 sigma cinetique (1,2) (2,2) (3,2) =  0.7274143068E-01   5.308465899     -0.3001620945    
3 sigma cinetique (1,3) (2,3) (3,3) = -0.3499194240     -0.3001620945       5.063269202    

1 sigma total (1,1) (2,1) (3,1) =  -30.17139304     -0.5036849144E-01 -0.5535616862    
2 sigma total (1,2) (2,2) (3,2) = -0.5036849144E-01  -30.45593474     -0.3153194167    
3 sigma total (1,3) (2,3) (3,3) = -0.5535616862     -0.3153194167      -30.58947542    

         7 0.700E-14*Pression =    -30.406    
 pression totale  potentiel = cinetique =
   -30.406       -35.696        5.2908    
 ----------valeurs moyennes------------
*temperature moyenne =       486.31
*pression moyenne =    -31.176    
 --------------------------------------


<<<<<<<<  ITERATION =      8  time =   0.8000000E-14


 --------- Temperatures et Pression--------
 ----------valeurs instantanees------------
         8 0.800E-14*Epot =    -8202.422858862008      eV 
    *energie PAIRE EAM =     350.968611433      eV 
    *energie GLUE  =    -8553.39147030      eV 
         8 0.800E-14*Ec =     111.186380392      eV   (430.096 K)
         8 0.800E-14*Etot =    -8091.236478470097      eV 

         8 0.800E-14*Epot/at =    -4.10121142943      eV 

         8 0.800E-14*Temp instantanee = 430.096
 NPT With Parrinello-Rahman
         8 0.800E-14*Kcell =    0.416543059909E-02  eV   (10.742 K)
 Box tensor
 a   2.8552954454641797E-007   5.3440061492738194E-015  -3.0085037983600849E-014
 b   5.3440057943054086E-015   2.8552952878279791E-007  -2.5472737299153789E-014
 c  -3.0085038509465070E-014  -2.5472737685548668E-014   2.8552950535113459E-007
Strain (Lagrange def.):
  e(1:3,1) =  -0.307231E-05  0.281349E-08 -0.462708E-07
  e(1:3,2) =   0.281349E-08 -0.309820E-05 -0.320026E-07
  e(1:3,3) =  -0.462708E-07 -0.320026E-07 -0.312104E-05
Rotation:
  r(1:3,1) =    0.00000      0.111808E-14  0.161913E-14
  r(1:3,2) =  -0.111808E-14   0.00000      0.119546E-14
  r(1:3,3) =  -0.161913E-14 -0.119546E-14   0.00000    
         8 0.800E-14*l_a,m      28.5529545        28.5530071    
         8 0.800E-14*l_b,m      28.5529529        28.5530060    
         8 0.800E-14*l_c,m      28.5529505        28.5530040    
         8 0.800E-14*ang_bc,m      90.0000    90.0000
         8 0.800E-14*ang_ca,m      90.0000    90.0000
         8 0.800E-14*ang_ab,m      90.0000    90.0000
         8 0.800E-14*volume      23278.3971921        23278.5270563    

*temp instantanee des atomes de type 1 =       430.10

 * stress en kbar 
1 sigma potentiel (1,1) (2,1) (3,1) =  -35.04842695     -0.1335619803     -0.2317514767    
2 sigma potentiel (1,2) (2,2) (3,2) = -0.1335619803      -35.14418154     -0.3236412998E-01
3 sigma potentiel (1,3) (2,3) (3,3) = -0.2317514767     -0.3236412998E-01  -35.01799682    

1 sigma cinetique (1,1) (2,1) (3,1) =   5.305501592      0.6803716882E-01 -0.3415461910    
2 sigma cinetique (1,2) (2,2) (3,2) =  0.6803716882E-01   5.116417504     -0.2910660839    
3 sigma cinetique (1,3) (2,3) (3,3) = -0.3415461910     -0.2910660839       4.883275692    

1 sigma total (1,1) (2,1) (3,1) =  -29.74292535     -0.6552481148E-01 -0.5732976677    
2 sigma total (1,2) (2,2) (3,2) = -0.6552481148E-01  -30.02776403     -0.3234302139    
3 sigma total (1,3) (2,3) (3,3) = -0.5732976677     -0.3234302139      -30.13472113    

         8 0.800E-14*Pression =    -29.968    
 pression totale  potentiel = cinetique =
   -29.968       -35.070        5.1017    
 ----------valeurs moyennes------------
*temperature moyenne =       479.29
*pression moyenne =    -31.025    
 --------------------------------------


<<<<<<<<  ITERATION =      9  time =   0.9000000E-14


 --------- Temperatures et Pression--------
 ----------valeurs instantanees------------
         9 0.900E-14*Epot =    -8198.126600622203      eV 
    *energie PAIRE EAM =     355.897259734      eV 
    *energie GLUE  =    -8554.02386036      eV 
         9 0.900E-14*Ec =     106.891090013      eV   (413.481 K)
         9 0.900E-14*Etot =    -8091.235510609296      eV 

         9 0.900E-14*Epot/at =    -4.09906330031      eV 

         9 0.900E-14*Temp instantanee = 413.481
 NPT With Parrinello-Rahman
         9 0.900E-14*Kcell =    0.521857870112E-02  eV   (13.458 K)
 Box tensor
 a   2.8552931417267411E-007   5.3467518721621100E-015  -3.3818555035983268E-014
 b   5.3467513988230678E-015   2.8552929637949123E-007  -2.7869517411499349E-014
 c  -3.3818555751068570E-014  -2.7869517933734624E-014   2.8552927148574141E-007
Strain (Lagrange def.):
  e(1:3,1) =  -0.387913E-05  0.282311E-08 -0.593465E-07
  e(1:3,2) =   0.282311E-08 -0.391213E-05 -0.403967E-07
  e(1:3,3) =  -0.593465E-07 -0.403967E-07 -0.394009E-05
Rotation:
  r(1:3,1) =    0.00000      0.150775E-14  0.223451E-14
  r(1:3,2) =  -0.150775E-14   0.00000      0.163913E-14
  r(1:3,3) =  -0.223451E-14 -0.163913E-14   0.00000    
         9 0.900E-14*l_a,m      28.5529314        28.5529987    
         9 0.900E-14*l_b,m      28.5529296        28.5529975    
         9 0.900E-14*l_c,m      28.5529271        28.5529955    
         9 0.900E-14*ang_bc,m      90.0000    90.0000
         9 0.900E-14*ang_ca,m      90.0000    90.0000
         9 0.900E-14*ang_ab,m      90.0000    90.0000
         9 0.900E-14*volume      23278.3403969        23278.5063163    

*temp instantanee des atomes de type 1 =       413.48

 * stress en kbar 
1 sigma potentiel (1,1) (2,1) (3,1) =  -34.34615230     -0.1386972756     -0.2595506532    
2 sigma potentiel (1,2) (2,2) (3,2) = -0.1386972756      -34.44397066     -0.5349681244E-01
3 sigma potentiel (1,3) (2,3) (3,3) = -0.2595506532     -0.5349681244E-01  -34.30152307    

1 sigma cinetique (1,1) (2,1) (3,1) =   5.102039367      0.6309565917E-01 -0.3323183326    
2 sigma cinetique (1,2) (2,2) (3,2) =  0.6309565917E-01   4.916588780     -0.2815279662    
3 sigma cinetique (1,3) (2,3) (3,3) = -0.3323183326     -0.2815279662       4.695340772    

1 sigma total (1,1) (2,1) (3,1) =  -29.24411294     -0.7560161640E-01 -0.5918689858    
2 sigma total (1,2) (2,2) (3,2) = -0.7560161640E-01  -29.52738188     -0.3350247787    
3 sigma total (1,3) (2,3) (3,3) = -0.5918689858     -0.3350247787      -29.60618230    

         9 0.900E-14*Pression =    -29.459    
 pression totale  potentiel = cinetique =
   -29.459       -34.364        4.9047    
 ----------valeurs moyennes------------
*temperature moyenne =       471.97
*pression moyenne =    -30.851    
 --------------------------------------


<<<<<<<<  ITERATION =     10  time =   0.1000000E-13


 --------- Temperatures et Pression--------
 ----------valeurs instantanees------------
        10 0.100E-13*Epot =    -8193.688036016260      eV 
    *energie PAIRE EAM =     361.072895293      eV 
    *energie GLUE  =    -8554.76093131      eV 
        10 0.100E-13*Ec =     102.453452862      eV   (396.315 K)
        10 0.100E-13*Etot =    -8091.234583153817      eV 

        10 0.100E-13*Epot/at =    -4.09684401801      eV 

        10 0.100E-13*Temp instantanee = 396.315
 NPT With Parrinello-Rahman
        10 0.100E-13*Kcell =    0.636775856239E-02  eV   (16.421 K)
 Box tensor
 a   2.8552905808211541E-007   5.2830151692084480E-015  -3.8072555481130264E-014
 b   5.2830145527836880E-015   2.8552903801026582E-007  -3.0560915615957921E-014
 c  -3.8072556437543408E-014  -3.0560916310576479E-014   2.8552901158513132E-007
Strain (Lagrange def.):
  e(1:3,1) =  -0.477602E-05  0.259990E-08 -0.742450E-07
  e(1:3,2) =   0.259990E-08 -0.481700E-05 -0.498226E-07
  e(1:3,3) =  -0.742450E-07 -0.498226E-07 -0.485032E-05
Rotation:
  r(1:3,1) =    0.00000      0.197269E-14  0.300376E-14
  r(1:3,2) =  -0.197269E-14   0.00000      0.219177E-14
  r(1:3,3) =  -0.300376E-14 -0.219177E-14   0.00000    
        10 0.100E-13*l_a,m      28.5529058        28.5529894    
        10 0.100E-13*l_b,m      28.5529038        28.5529881    
        10 0.100E-13*l_c,m      28.5529012        28.5529861    
        10 0.100E-13*ang_bc,m      90.0000    90.0000
        10 0.100E-13*ang_ca,m      90.0000    90.0000
        10 0.100E-13*ang_ab,m      90.0000    90.0000
        10 0.100E-13*volume      23278.2772657        23278.4834113    

*temp instantanee des atomes de type 1 =       396.32

 * stress en kbar 
1 sigma potentiel (1,1) (2,1) (3,1) =  -33.56747156     -0.1403953053     -0.2869343897    
2 sigma potentiel (1,2) (2,2) (3,2) = -0.1403953053      -33.66665413     -0.7824637254E-01
3 sigma potentiel (1,3) (2,3) (3,3) = -0.2869343897     -0.7824637254E-01  -33.50545730    

1 sigma cinetique (1,1) (2,1) (3,1) =   4.891754978      0.5791927227E-01 -0.3223050579    
2 sigma cinetique (1,2) (2,2) (3,2) =  0.5791927227E-01   4.710490972     -0.2715868444    
3 sigma cinetique (1,3) (2,3) (3,3) = -0.3223050579     -0.2715868444       4.500903426    

1 sigma total (1,1) (2,1) (3,1) =  -28.67571658     -0.8247603299E-01 -0.6092394477    
2 sigma total (1,2) (2,2) (3,2) = -0.8247603299E-01  -28.95616316     -0.3498332170    
3 sigma total (1,3) (2,3) (3,3) = -0.6092394477     -0.3498332170      -29.00455387    

        10 0.100E-13*Pression =    -28.879    
 pression totale  potentiel = cinetique =
   -28.879       -33.580        4.7010    
 ----------valeurs moyennes------------
*temperature moyenne =       464.41
*pression moyenne =    -30.654    
 --------------------------------------
 *******Derniere iteration **** 


 ####### END OF RUN  ######## =           10   time =    1.0000000000000003E-014
