 >>>>>>>>>>> entree readdm
 nom fichier din=trppara.din                                                                     

 -------- caracteristiques du run DM--------32
     STEEPEST DESCENT
 generation du crystal ; puis run

      ANALYSES 
 itetemp=           1  itesigma=          -1

      CONTROLES 
tstep=  0.100D-14
 itmax=         100  itab=           1  itetimestep=          -1
tinit=       0.0
tempdeplainit=      -1.0
debyetemp=      -1.0
  ----------------------------------


 nb de potentiels           1
 ipotentiel          11
 fmt_cin           1

 -*-*-*-*-*-*-*POTENTIELS*-*-*-*-*-


 POTENTIEL EAM ERCOLESI

 Types d_atomes :
   1   26.982   13.000  Al 
    0.900    2.200

  *-*-*-*-*-*CONSTRUCTION DE LA BOITE*-*-*-*-*-*-        2100        2100           1

 **********construction du reseau************
 repetition de mailles           1           1           1
 BIP   5.5580544182181004E-008
 izonr,zlmin,rut           5   64.512000000000000        11.116108836436201     
 nox,noy,noz dans .din =           4           4           4
celsizes   0.8064000E-07  0.8064000E-07  0.8064000E-07
trppara.gin                                                                     volume= 0.33560740D-19 cm3  0.33560740D+05 Ang3
 natperc im/noxyz         320          32
 ltabvois,lconstrtot F F

 -------- boite de simulation ------
 nombre d atomes =        2049
vecteur  1      32.256000       0.000000       0.000000
vecteur  2       0.000000      32.256000       0.000000
vecteur  3       0.000000       0.000000      32.256000
        2049  atomes de type           1

  -------------------------------------------------------------------
              definition des rayons de coupure
 paire            1
 calpoeam Minrho Maxrho   -1.4711099804881778        9.2672924683822253E-002
 calpoeam Rhomin Rhomax   -20.595539726834488        1.2974209455735115     
 calpoeam ktorho and the inverse:    1.0946480336204000E-003   913.53564733737801     
 TOTA          32
 IN NGC
 PRE STEEPEST

 betainit   9.9999999999999995E-007
 FORCE EVALUATION           1  -6881.8645840431618     

 NOUVEAU VMIN  -1.1025961459194575E-008

 FORCETESTS   1.3880331970931097       0.74801359339087914        8.0000000000000002E-002 -0.10000000149011612     
 posttconf0 F  -1.1025961459194575E-008

 **************************
 callmindir           1   9.9999999999999995E-007  -1.1025961459194575E-008

 mindir1 betaS2   4.9999999999999998E-007
 FORCE EVALUATION           2  -6881.8793920953121     

 NOUVEAU VMIN  -1.1025985184307195E-008

 FORCETESTS   1.2763318437393583       0.67935164485219690        8.0000000000000002E-002 -0.10000000149011612     
 mindir1 betaS2   4.9999999999999998E-007  -1.1025985184307195E-008
 DIFF BS2  -2.3725112620345032E-014
 FORCETESTS   1.2755428376856495       0.68739233581690584        8.0000000000000002E-002 -0.10000000149011612     

 BS2 OK-> BETA
 mindir2 beta   9.9999999999999995E-007
 FORCE EVALUATION           3  -6881.8929535579982     

 NOUVEAU VMIN  -1.1026006912163517E-008

 FORCETESTS   1.1671592039801932       0.61123611847023440        8.0000000000000002E-002 -0.10000000149011612     
 mindir1 beta   9.9999999999999995E-007  -1.1026006912163517E-008
 FORCETESTS   1.1636881457603081       0.62711364059554964        8.0000000000000002E-002 -0.10000000149011612     
 DIFF BETA  -2.1727856321551046E-014

 mindir2 beta   1.9999999999999999E-006
 FORCE EVALUATION           4  -6881.9163576965166     

 NOUVEAU VMIN  -1.1026044409723392E-008

 FORCETESTS  0.95875088102289263       0.47635600988907068        8.0000000000000002E-002 -0.10000000149011612     
 mindir1 beta   1.9999999999999999E-006  -1.1026044409723392E-008
 FORCETESTS  0.94148486217341210       0.50736789030140972        8.0000000000000002E-002 -0.10000000149011612     
 DIFF BETA  -3.7497559875469006E-014

 mindir2 beta   3.9999999999999998E-006
 FORCE EVALUATION           5  -6881.9484315819645     

 NOUVEAU VMIN  -1.1026095797747739E-008

 FORCETESTS  0.62158737573572453       0.21198537754222763        8.0000000000000002E-002 -0.10000000149011612     
 mindir1 beta   3.9999999999999998E-006  -1.1026095797747739E-008
 FORCETESTS  0.50195478748265543       0.27050434030755421        8.0000000000000002E-002 -0.10000000149011612     
 DIFF BETA  -5.1388024346939207E-014

 mindir2 beta   7.9999999999999996E-006
 FORCE EVALUATION           6  -6881.9550088293381     

 NOUVEAU VMIN  -1.1026106335658672E-008

 FORCETESTS  0.82975292333731876       0.28622060866521754        8.0000000000000002E-002 -0.10000000149011612     
 mindir1 beta   7.9999999999999996E-006  -1.1026106335658672E-008
 FORCETESTS  0.34906865009782306       0.18811372512314695        8.0000000000000002E-002 -0.10000000149011612     
 DIFF BETA  -1.0537910933245684E-014

 mindir2 beta   1.5999999999999999E-005
 FORCE EVALUATION           7  -6881.7440239319676     
 FORCETESTS   2.5956482015509130        1.2367662525701903        8.0000000000000002E-002 -0.10000000149011612     
 mindir1 beta   1.5999999999999999E-005  -1.1025768300622024E-008
 FORCETESTS   2.0177311329937844        1.0873589467803519        8.0000000000000002E-002 -0.10000000149011612     
 DIFF BETA   3.3803503664788038E-013

 BETA OK->PARA
 V  -1.1025961459194575E-008  -1.1025768300622024E-008  -1.1026106335658672E-008
 mindir3 beta   6.4000499283850760E-006
 FORCE EVALUATION           8  -6881.9614486975734     

 NOUVEAU VMIN  -1.1026116653463985E-008

 FORCETESTS  0.59536084894402286       0.16353462070825708        8.0000000000000002E-002 -0.10000000149011612     
 mindir3 beta   6.4000499283850760E-006  -1.1026116653463985E-008
 FORCETESTS   1.2131417632510657E-002   6.5376428425659976E-003   8.0000000000000002E-002 -0.10000000149011612     
 PARABOLIC line search over
 postmindir lOVER  beta            1 F   6.4000499283850760E-006

 **************************
 callmindir           2   6.4000499283850760E-006  -1.1026116653463985E-008

 mindir1 betaS2   3.2000249641925384E-006
 FORCE EVALUATION           9  -6881.9752421901903     

 NOUVEAU VMIN  -1.1026138753073200E-008

 FORCETESTS  0.35150865688075178        8.4005184619705672E-002   8.0000000000000002E-002 -0.10000000149011612     
 mindir1 betaS2   3.2000249641925384E-006  -1.1026138753073200E-008
 DIFF BS2  -2.2099609215490612E-014
 FORCETESTS  0.30945643532852363        8.5001962871659342E-002   8.0000000000000002E-002 -0.10000000149011612     

 BS2 OK-> BETA
 mindir2 beta   6.4000499283850768E-006
 FORCE EVALUATION          10  -6881.9803874748286     

 NOUVEAU VMIN  -1.1026146996727145E-008

 FORCETESTS  0.33038598080145970       0.15226562597179671        8.0000000000000002E-002 -0.10000000149011612     
 mindir1 beta   6.4000499283850768E-006  -1.1026146996727145E-008
 FORCETESTS   2.8368445851521342E-002   7.7922877203628069E-003   8.0000000000000002E-002 -0.10000000149011612     
 line search over: beta
 postmindir lOVER  beta            2 F   6.4000499283850768E-006

 **************************
 callmindir           3   6.4000499283850768E-006  -1.1026146996727145E-008

 mindir1 betaS2   3.2000249641925384E-006
 FORCE EVALUATION          11  -6881.9848693545855     

 NOUVEAU VMIN  -1.1026154177489401E-008

 FORCETESTS  0.22322974214227387        6.9790104234921574E-002   8.0000000000000002E-002 -0.10000000149011612     
 mindir1 betaS2   3.2000249641925384E-006  -1.1026154177489401E-008
 DIFF BS2  -7.1807622561715625E-015
 betaS2 relaxed
 postmindir lOVER  beta            3 T   6.4000499283850768E-006
 RELAXED AFTER            3  DIRECTIONS
 Post back2ndmT T
 MIMIMUM REACHED after           11  force calculations
 ********************ENERGY  -1.1026154177489401E-008


 ####### END OF RUN  ######## =            0   time =    0.0000000000000000     
