 Process            0  of            4  is alive   2.2204460492503132E-058
 *** NDM859 ***
 Process            2  of            4  is alive   2.2204460492503132E-058
 >>>>>>>>>>> entree readdm
 nom fichier din=dm.din                                                                          

 -------- caracteristiques du run DM-------- 8
      PARRINELLO RAHMAN AUTOCOHERENT 
 generation du crystal ; puis run

      ANALYSES 
 itetemp=           5  itesigma=           1

      CONTROLES 
tstep=  0.100D-14
 itmax=         100  itab=           1  itetimestep=          -1
tinit=     300.0
tempdeplainit=      -1.0
debyetemp=      -1.0
  ----------------------------------


 nb de potentiels           1
 ipotentiel          11
 fmt_cin           1
 IMM PARA =          630        2100
 Process            3  of            4  is alive   2.2204460492503132E-058

 -*-*-*-*-*-*-*POTENTIELS*-*-*-*-*-


 POTENTIEL EAM ERCOLESI

 Types d_atomes :
   1   26.982   13.000  Al 
    0.900    2.200

  *-*-*-*-*-*CONSTRUCTION DE LA BOITE*-*-*-*-*-*-         630        2100           4

 **********construction du reseau************
 repetition de mailles           1           1           1
 izonr,zlmin,rut           5   64.512000000000000        11.116108836436201     
 nox,noy,noz dans .din =           4           4           4
celsizes   0.8064000E-07  0.8064000E-07  0.8064000E-07
dm.gin                                                                          volume= 0.33560740D-19 cm3  0.33560740D+05 Ang3


 -----------------------------------------------------------
 Procedure de decoupage pour une boite de taille  :           4           4           4
 sur            4  cpus           0
 Nbre de solutions possibles :            6
LE MEILLEUR DECOUPAGE :    4    1    2    2    0.9200
 -----------------------------------------------
           FIN DU CALCUL DU DECOUPAGE :         

 Nbre de cellule suivant x :           4
 Nbre de cellule suivant y :           4
 Nbre de cellule suivant z :           4

 Le cas choisit :           1           2           2
 Nombre de cellules max echg  par proc :           4          80
 Taux d'equilibrage :           4   1.0000000000000000     
 valeur            4  0.92000000000000004     
 Nbre Min/Max de cel. locales. :          16          16
 Nbre Min/Max de cel. fantomes. :          80          80
 locmin/fantomax :           4  0.20000000000000001     
 Process            1  of            4  is alive   2.2204460492503132E-058
 natperc im/noxyz         320          32
 ltabvois,lconstrtot F F

 -------- boite de simulation ------
 nombre d atomes =        2049
vecteur  1      32.256000       0.000000       0.000000
vecteur  2       0.000000      32.256000       0.000000
vecteur  3       0.000000       0.000000      32.256000
         570  atomes de type           1

  -------------------------------------------------------------------
              definition des rayons de coupure
 paire            1
 calpoeam Minrho Maxrho   -1.4711099804881778        9.2672924683822253E-002
 calpoeam Rhomin Rhomax   -20.595539726834488        1.2974209455735115     
 calpoeam ktorho and the inverse:    1.0946480336204000E-003   913.53564733737801     
 Le proc            1  a            3  processeur voisin
 Le proc            3  a            3  processeur voisin
 seed_size          12
 iseed pour tirage des vitesses           1
 seed_size          12
 iseed pour tirage des vitesses           1
 NOMBRE DE CELLULES FRONTIERES ASSOCIEES A CHAQUE PROCESSEUR
 Le proc            2  a            3  processeur voisin
 Le proc            0  a            3  processeur voisin
 seed_size          12
 iseed pour tirage des vitesses           1
 random velocities at TINIT =    300.00000000000000      K
 seed_size          12
 iseed pour tirage des vitesses           1
 temperature MI initspeed    296.83482611099095     
 center of mass =    15.183902990774511        15.183881067905411        15.120492838941562     
 Momentum/atom  =   -3.2061857054948016E-020   7.2109677784937210E-020  -1.8830843223128258E-020
Inertia/anglm =   0.1587E-32 -0.3480E-35 -0.5914E-36      -0.1066E-22
Inertia/anglm =  -0.3480E-35  0.1587E-32 -0.5913E-36       0.1260E-22
Inertia/anglm =  -0.5914E-36 -0.5913E-36  0.1588E-32       0.5016E-23
 temperature fin initspeed    296.25947150794531     
 ***** PREMIERE ITERATION  ****

 Algorithme de Parrinello-Rahman (V2)
  -> la vitesse de la boîte ne prend pas en compte la dérivée du tenseur h

Repère actuel  (A):
 h (1:3,1) = 32.25600 .00000 .00000
 h (1:3,2) = .00000 32.25600 .00000
 h (1:3,3) = .00000 .00000 32.25600
Masse de la boîte pour Parrinello-Rahman: wbox=  0.458881755876E-19
Initialisation de la vitesse de la boîte pour la température .000 K
      0 0.000D+00*Kcell =    0.000000000000D+00  eV   (.000 K)


<<<<<<<<  ITERATION =      5  time =   0.5000000E-14


 --------- Temperatures et Pression--------
 ----------valeurs instantanees------------
         5 0.500E-14*Epot =    -6868.79085084      eV 
    *energie PAIRE EAM =    -1432.36008759      eV 
    *energie GLUE  =    -5436.43076325      eV 
         5 0.500E-14*Ec =     74.3718969333      eV   (280.809 K)
         5 0.500E-14*Etot =    -6794.41895391      eV 

         5 0.500E-14*Temp instantanee = 280.809
 NPT With Parrinello-Rahman
         5 0.500E-14*Kcell =    0.446609136480E-04  eV   (.115 K)
 Box tensor
 a   3.2256008578492080E-007   2.3239518001989096E-015  -3.8405319321673257E-015
 b   2.3239518013587560E-015   3.2256007961816308E-007  -3.1386986109220496E-015
 c  -3.8405319297760847E-015  -3.1386986084321553E-015   3.2256008186058614E-007
Strain (Lagrange def.):
  e(1:3,1) =   0.265950E-06  0.720471E-08 -0.119064E-07
  e(1:3,2) =   0.720471E-08  0.246832E-06 -0.973059E-08
  e(1:3,3) =  -0.119064E-07 -0.973059E-08  0.253784E-06
Rotation:
  r(1:3,1) =    0.00000     -0.179788E-17 -0.370666E-17
  r(1:3,2) =   0.179788E-17   0.00000     -0.385958E-17
  r(1:3,3) =   0.370666E-17  0.385958E-17   0.00000    
         5 0.500E-14*l_a,m      32.2560086        32.2560086    
         5 0.500E-14*l_b,m      32.2560080        32.2560080    
         5 0.500E-14*l_c,m      32.2560082        32.2560082    
         5 0.500E-14*ang_bc,m      90.0000    90.0000
         5 0.500E-14*ang_ca,m      90.0000    90.0000
         5 0.500E-14*ang_ab,m      90.0000    90.0000
         5 0.500E-14*volume      33560.7659598        33560.7659598    

*temp instantanee des atomes de type 1 =       280.81

 * stress en kbar 
1 sigma potentiel (1,1) (2,1) (3,1) =  0.4979370349      0.4591939084E-01 -0.5423676247E-02
2 sigma potentiel (1,2) (2,2) (3,2) =  0.4591939084E-01  0.2716722809     -0.1083423701E-01
3 sigma potentiel (1,3) (2,3) (3,3) = -0.5423676247E-02 -0.1083423701E-01  0.5431830191    

1 sigma cinetique (1,1) (2,1) (3,1) =   2.438794766      0.4332143385E-01 -0.1281783103    
2 sigma cinetique (1,2) (2,2) (3,2) =  0.4332143385E-01   2.381496649     -0.1077664744    
3 sigma cinetique (1,3) (2,3) (3,3) = -0.1281783103     -0.1077664744       2.280673022    

1 sigma total (1,1) (2,1) (3,1) =   2.936731801      0.8924082469E-01 -0.1336019866    
2 sigma total (1,2) (2,2) (3,2) =  0.8924082469E-01   2.653168930     -0.1186007115    
3 sigma total (1,3) (2,3) (3,3) = -0.1336019866     -0.1186007115       2.823856041    

         5 0.500E-14*Pression =     2.8046    
 pression totale  potentiel = cinetique =
    2.8046       0.43760        2.3670    
 ----------valeurs moyennes------------
*temperature moyenne =       280.81
*pression moyenne =    0.56092    
 --------------------------------------


<<<<<<<<  ITERATION =     10  time =   0.1000000E-13


 --------- Temperatures et Pression--------
 ----------valeurs instantanees------------
        10 0.100E-13*Epot =    -6864.38366606      eV 
    *energie PAIRE EAM =    -1428.87872773      eV 
    *energie GLUE  =    -5435.50493833      eV 
        10 0.100E-13*Ec =     72.7197415812      eV   (274.571 K)
        10 0.100E-13*Etot =    -6791.66392448      eV 

        10 0.100E-13*Temp instantanee = 274.571
 NPT With Parrinello-Rahman
        10 0.100E-13*Kcell =    0.176728779387E-03  eV   (.456 K)
 Box tensor
 a   3.2256033649641292E-007   9.6110516742088296E-015  -1.5670698509406117E-014
 b   9.6110516651489815E-015   3.2256030991433576E-007  -1.3087905282379071E-014
 c  -1.5670698527945263E-014  -1.3087905310868499E-014   3.2256032111341612E-007
Strain (Lagrange def.):
  e(1:3,1) =   0.104321E-05  0.297962E-07 -0.485823E-07
  e(1:3,2) =   0.297962E-07  0.960796E-06 -0.405751E-07
  e(1:3,3) =  -0.485823E-07 -0.405751E-07  0.995516E-06
Rotation:
  r(1:3,1) =    0.00000      0.140437E-16  0.287375E-16
  r(1:3,2) =  -0.140437E-16   0.00000      0.441614E-16
  r(1:3,3) =  -0.287375E-16 -0.441614E-16   0.00000    
        10 0.100E-13*l_a,m      32.2560336        32.2560211    
        10 0.100E-13*l_b,m      32.2560310        32.2560195    
        10 0.100E-13*l_c,m      32.2560321        32.2560201    
        10 0.100E-13*ang_bc,m      90.0000    90.0000
        10 0.100E-13*ang_ca,m      90.0000    90.0000
        10 0.100E-13*ang_ab,m      90.0000    90.0000
        10 0.100E-13*volume      33560.8408993        33560.8034295    

*temp instantanee des atomes de type 1 =       274.57

 * stress en kbar 
1 sigma potentiel (1,1) (2,1) (3,1) =  0.5487233830      0.4716223439E-01 -0.3497543807E-01
2 sigma potentiel (1,2) (2,2) (3,2) =  0.4716223439E-01  0.3334256448     -0.2617281769E-01
3 sigma potentiel (1,3) (2,3) (3,3) = -0.3497543807E-01 -0.2617281769E-01  0.6035595675    

1 sigma cinetique (1,1) (2,1) (3,1) =   2.396563789      0.4662668553E-01 -0.1358582323    
2 sigma cinetique (1,2) (2,2) (3,2) =  0.4662668553E-01   2.318811533     -0.1092573138    
3 sigma cinetique (1,3) (2,3) (3,3) = -0.1358582323     -0.1092573138       2.227827247    

1 sigma total (1,1) (2,1) (3,1) =   2.945287172      0.9378891992E-01 -0.1708336704    
2 sigma total (1,2) (2,2) (3,2) =  0.9378891992E-01   2.652237177     -0.1354301315    
3 sigma total (1,3) (2,3) (3,3) = -0.1708336704     -0.1354301315       2.831386815    

        10 0.100E-13*Pression =     2.8096    
 pression totale  potentiel = cinetique =
    2.8096       0.49524        2.3144    
 ----------valeurs moyennes------------
*temperature moyenne =       277.69
*pression moyenne =    0.78579    
 --------------------------------------


<<<<<<<<  ITERATION =     15  time =   0.1500000E-13


 --------- Temperatures et Pression--------
 ----------valeurs instantanees------------
        15 0.150E-13*Epot =    -6865.78242481      eV 
    *energie PAIRE EAM =    -1426.54941852      eV 
    *energie GLUE  =    -5439.23300629      eV 
        15 0.150E-13*Ec =     69.1028448894      eV   (260.915 K)
        15 0.150E-13*Etot =    -6796.67957992      eV 

        15 0.150E-13*Temp instantanee = 260.915
 NPT With Parrinello-Rahman
        15 0.150E-13*Kcell =    0.422608721842E-03  eV   (1.090 K)
 Box tensor
 a   3.2256075910303298E-007   2.2052898242061338E-014  -3.6016303663338706E-014
 b   2.2052898241982262E-014   3.2256069659367436E-007  -3.0689577059077831E-014
 c  -3.6016303801840359E-014  -3.0689577191212052E-014   3.2256072575839225E-007
Strain (Lagrange def.):
  e(1:3,1) =   0.235337E-05  0.683685E-07 -0.111658E-06
  e(1:3,2) =   0.683685E-07  0.215958E-05 -0.951440E-07
  e(1:3,3) =  -0.111658E-06 -0.951440E-07  0.225000E-05
Rotation:
  r(1:3,1) =    0.00000      0.122575E-18  0.214691E-15
  r(1:3,2) =  -0.122575E-18   0.00000      0.204821E-15
  r(1:3,3) =  -0.214691E-15 -0.204821E-15   0.00000    
        15 0.150E-13*l_a,m      32.2560759        32.2560394    
        15 0.150E-13*l_b,m      32.2560697        32.2560362    
        15 0.150E-13*l_c,m      32.2560726        32.2560376    
        15 0.150E-13*ang_bc,m      90.0000    90.0000
        15 0.150E-13*ang_ca,m      90.0000    90.0000
        15 0.150E-13*ang_ab,m      90.0000    90.0000
        15 0.150E-13*volume      33560.9672031        33560.8580207    

*temp instantanee des atomes de type 1 =       260.91

 * stress en kbar 
1 sigma potentiel (1,1) (2,1) (3,1) =   1.128643950      0.4825676951E-01  0.1697469751E-01
2 sigma potentiel (1,2) (2,2) (3,2) =  0.4825676951E-01  0.9638968760     -0.4926629501E-01
3 sigma potentiel (1,3) (2,3) (3,3) =  0.1697469751E-01 -0.4926629501E-01   1.185487191    

1 sigma cinetique (1,1) (2,1) (3,1) =   2.277581049      0.5001504379E-01 -0.1288147111    
2 sigma cinetique (1,2) (2,2) (3,2) =  0.5001504379E-01   2.198980439     -0.1044699127    
3 sigma cinetique (1,3) (2,3) (3,3) = -0.1288147111     -0.1044699127       2.121278851    

1 sigma total (1,1) (2,1) (3,1) =   3.406224999      0.9827181330E-01 -0.1118400136    
2 sigma total (1,2) (2,2) (3,2) =  0.9827181330E-01   3.162877315     -0.1537362077    
3 sigma total (1,3) (2,3) (3,3) = -0.1118400136     -0.1537362077       3.306766042    

        15 0.150E-13*Pression =     3.2920    
 pression totale  potentiel = cinetique =
    3.2920        1.0927        2.1993    
 ----------valeurs moyennes------------
*temperature moyenne =       272.10
*pression moyenne =    0.95287    
 --------------------------------------


<<<<<<<<  ITERATION =     20  time =   0.2000000E-13


 --------- Temperatures et Pression--------
 ----------valeurs instantanees------------
        20 0.200E-13*Epot =    -6860.96823695      eV 
    *energie PAIRE EAM =    -1421.80596381      eV 
    *energie GLUE  =    -5439.16227314      eV 
        20 0.200E-13*Ec =     64.6096673113      eV   (243.949 K)
        20 0.200E-13*Etot =    -6796.35856964      eV 

        20 0.200E-13*Temp instantanee = 243.949
 NPT With Parrinello-Rahman
        20 0.200E-13*Kcell =    0.825967780581E-03  eV   (2.130 K)
 Box tensor
 a   3.2256137495974657E-007   4.0019750312768629E-014  -6.2743217652774347E-014
 b   4.0019750846070818E-014   3.2256126251445057E-007  -5.7029432433179918E-014
 c  -6.2743217981219160E-014  -5.7029432450708167E-014   3.2256131770474042E-007
Strain (Lagrange def.):
  e(1:3,1) =   0.426266E-05  0.124070E-06 -0.194517E-06
  e(1:3,2) =   0.124070E-06  0.391405E-05 -0.176803E-06
  e(1:3,3) =  -0.194517E-06 -0.176803E-06  0.408515E-05
Rotation:
  r(1:3,1) =    0.00000     -0.826671E-15  0.509122E-15
  r(1:3,2) =   0.826671E-15   0.00000      0.271705E-16
  r(1:3,3) =  -0.509122E-15 -0.271705E-16   0.00000    
        20 0.200E-13*l_a,m      32.2561375        32.2560639    
        20 0.200E-13*l_b,m      32.2561263        32.2560587    
        20 0.200E-13*l_c,m      32.2561318        32.2560612    
        20 0.200E-13*ang_bc,m      90.0000    90.0000
        20 0.200E-13*ang_ca,m      90.0000    90.0000
        20 0.200E-13*ang_ab,m      90.0000    90.0000
        20 0.200E-13*volume      33561.1517513        33560.9314534    

*temp instantanee des atomes de type 1 =       243.95

 * stress en kbar 
1 sigma potentiel (1,1) (2,1) (3,1) =   1.652953539      0.4938062582E-01  0.2212687367E-01
2 sigma potentiel (1,2) (2,2) (3,2) =  0.4938062582E-01   1.499628507     -0.8704837284E-01
3 sigma potentiel (1,3) (2,3) (3,3) =  0.2212687367E-01 -0.8704837284E-01   1.728261462    

1 sigma cinetique (1,1) (2,1) (3,1) =   2.143020694      0.5609659807E-01 -0.1214260675    
2 sigma cinetique (1,2) (2,2) (3,2) =  0.5609659807E-01   2.042082103     -0.9767998130E-01
3 sigma cinetique (1,3) (2,3) (3,3) = -0.1214260675     -0.9767998130E-01   1.983701482    

1 sigma total (1,1) (2,1) (3,1) =   3.795974234      0.1054772239     -0.9929919384E-01
2 sigma total (1,2) (2,2) (3,2) =  0.1054772239       3.541710610     -0.1847283541    
3 sigma total (1,3) (2,3) (3,3) = -0.9929919384E-01 -0.1847283541       3.711962944    

        20 0.200E-13*Pression =     3.6832    
 pression totale  potentiel = cinetique =
    3.6832        1.6269        2.0563    
 ----------valeurs moyennes------------
*temperature moyenne =       265.06
*pression moyenne =     1.0894    
 --------------------------------------


<<<<<<<<  ITERATION =     25  time =   0.2500000E-13


 --------- Temperatures et Pression--------
 ----------valeurs instantanees------------
        25 0.250E-13*Epot =    -6854.72863583      eV 
    *energie PAIRE EAM =    -1415.64387096      eV 
    *energie GLUE  =    -5439.08476488      eV 
        25 0.250E-13*Ec =     58.5736958841      eV   (221.159 K)
        25 0.250E-13*Etot =    -6796.15493995      eV 

        25 0.250E-13*Temp instantanee = 221.159
 NPT With Parrinello-Rahman
        25 0.250E-13*Kcell =    0.144163833585E-02  eV   (3.718 K)
 Box tensor
 a   3.2256220687623484E-007   6.4007175836951438E-014  -9.5033122002936209E-014
 b   6.4007178247522174E-014   3.2256202971845965E-007  -9.3811348701148146E-014
 c  -9.5033122681026276E-014  -9.3811347953992386E-014   3.2256212028142957E-007
Strain (Lagrange def.):
  e(1:3,1) =   0.684178E-05  0.198436E-06 -0.294624E-06
  e(1:3,2) =   0.198436E-06  0.629255E-05 -0.290836E-06
  e(1:3,3) =  -0.294624E-06 -0.290836E-06  0.657331E-05
Rotation:
  r(1:3,1) =    0.00000     -0.373662E-14  0.105111E-14
  r(1:3,2) =   0.373662E-14   0.00000     -0.115817E-14
  r(1:3,3) =  -0.105111E-14  0.115817E-14   0.00000    
        25 0.250E-13*l_a,m      32.2562207        32.2560953    
        25 0.250E-13*l_b,m      32.2562030        32.2560876    
        25 0.250E-13*l_c,m      32.2562120        32.2560913    
        25 0.250E-13*ang_bc,m      90.0000    90.0000
        25 0.250E-13*ang_ca,m      90.0000    90.0000
        25 0.250E-13*ang_ab,m      90.0000    90.0000
        25 0.250E-13*volume      33561.4016384        33561.0254904    

*temp instantanee des atomes de type 1 =       221.16

 * stress en kbar 
1 sigma potentiel (1,1) (2,1) (3,1) =   2.405930659      0.5599547529E-01  0.1449688064E-01
2 sigma potentiel (1,2) (2,2) (3,2) =  0.5599547529E-01   2.247787464     -0.1299804527    
3 sigma potentiel (1,3) (2,3) (3,3) =  0.1449688064E-01 -0.1299804527       2.443937256    

1 sigma cinetique (1,1) (2,1) (3,1) =   1.951811327      0.6014252170E-01 -0.1065042291    
2 sigma cinetique (1,2) (2,2) (3,2) =  0.6014252170E-01   1.842033834     -0.8050770830E-01
3 sigma cinetique (1,3) (2,3) (3,3) = -0.1065042291     -0.8050770830E-01   1.798614767    

1 sigma total (1,1) (2,1) (3,1) =   4.357741986      0.1161379970     -0.9200734845E-01
2 sigma total (1,2) (2,2) (3,2) =  0.1161379970       4.089821298     -0.2104881610    
3 sigma total (1,3) (2,3) (3,3) = -0.9200734845E-01 -0.2104881610       4.242552023    

        25 0.250E-13*Pression =     4.2300    
 pression totale  potentiel = cinetique =
    4.2300        2.3659        1.8642    
 ----------valeurs moyennes------------
*temperature moyenne =       256.28
*pression moyenne =     1.2150    
 --------------------------------------


<<<<<<<<  ITERATION =     30  time =   0.3000000E-13


 --------- Temperatures et Pression--------
 ----------valeurs instantanees------------
        30 0.300E-13*Epot =    -6847.95309253      eV 
    *energie PAIRE EAM =    -1408.93750750      eV 
    *energie GLUE  =    -5439.01558502      eV 
        30 0.300E-13*Ec =     51.7461768346      eV   (195.380 K)
        30 0.300E-13*Etot =    -6796.20691569      eV 

        30 0.300E-13*Temp instantanee = 195.380
 NPT With Parrinello-Rahman
        30 0.300E-13*Kcell =    0.236550505644E-02  eV   (6.100 K)
 Box tensor
 a   3.2256328497999240E-007   9.4588027152831362E-014  -1.3275207191189913E-013
 b   9.4588034121765418E-014   3.2256302788368678E-007  -1.4279701772196192E-013
 c  -1.3275207289150311E-013  -1.4279701429318729E-013   3.2256316226744100E-007
Strain (Lagrange def.):
  e(1:3,1) =   0.101841E-04  0.293245E-06 -0.411562E-06
  e(1:3,2) =   0.293245E-06  0.938708E-05 -0.442703E-06
  e(1:3,3) =  -0.411562E-06 -0.442703E-06  0.980370E-05
Rotation:
  r(1:3,1) =    0.00000     -0.108025E-13  0.151848E-14
  r(1:3,2) =   0.108025E-13   0.00000     -0.531494E-14
  r(1:3,3) =  -0.151848E-14  0.531494E-14   0.00000    
        30 0.300E-13*l_a,m      32.2563285        32.2561341    
        30 0.300E-13*l_b,m      32.2563028        32.2561234    
        30 0.300E-13*l_c,m      32.2563162        32.2561288    
        30 0.300E-13*ang_bc,m      90.0001    90.0000
        30 0.300E-13*ang_ca,m      90.0000    90.0000
        30 0.300E-13*ang_ab,m      90.0000    90.0000
        30 0.300E-13*volume      33561.7260824        33561.1422557    

*temp instantanee des atomes de type 1 =       195.38

 * stress en kbar 
1 sigma potentiel (1,1) (2,1) (3,1) =   3.244302702      0.7960354875E-01 -0.1045799369E-01
2 sigma potentiel (1,2) (2,2) (3,2) =  0.7960354875E-01   3.084892017     -0.1773635693    
3 sigma potentiel (1,3) (2,3) (3,3) = -0.1045799369E-01 -0.1773635693       3.257270240    

1 sigma cinetique (1,1) (2,1) (3,1) =   1.729732726      0.5788675824E-01 -0.9689101919E-01
2 sigma cinetique (1,2) (2,2) (3,2) =  0.5788675824E-01   1.623959559     -0.7209087051E-01
3 sigma cinetique (1,3) (2,3) (3,3) = -0.9689101919E-01 -0.7209087051E-01   1.586846612    

1 sigma total (1,1) (2,1) (3,1) =   4.974035428      0.1374903070     -0.1073490129    
2 sigma total (1,2) (2,2) (3,2) =  0.1374903070       4.708851576     -0.2494544398    
3 sigma total (1,3) (2,3) (3,3) = -0.1073490129     -0.2494544398       4.844116853    

        30 0.300E-13*Pression =     4.8423    
 pression totale  potentiel = cinetique =
    4.8423        3.1955        1.6468    
 ----------valeurs moyennes------------
*temperature moyenne =       246.13
*pression moyenne =     1.3359    
 --------------------------------------


<<<<<<<<  ITERATION =     35  time =   0.3500000E-13


 --------- Temperatures et Pression--------
 ----------valeurs instantanees------------
        35 0.350E-13*Epot =    -6841.21254002      eV 
    *energie PAIRE EAM =    -1402.25474806      eV 
    *energie GLUE  =    -5438.95779195      eV 
        35 0.350E-13*Ec =     45.6329780109      eV   (172.298 K)
        35 0.350E-13*Etot =    -6795.57956201      eV 

        35 0.350E-13*Temp instantanee = 172.298
 NPT With Parrinello-Rahman
        35 0.350E-13*Kcell =    0.368911879488E-02  eV   (9.514 K)
 Box tensor
 a   3.2256464464072786E-007   1.3321717684430237E-013  -1.7650240140782271E-013
 b   1.3321719367946549E-013   3.2256429292641550E-007  -2.0574170319624741E-013
 c  -1.7650240261160938E-013  -2.0574169303188142E-013   3.2256447875391892E-007
Strain (Lagrange def.):
  e(1:3,1) =   0.143994E-04  0.413006E-06 -0.547200E-06
  e(1:3,2) =   0.413006E-06  0.133090E-04 -0.637849E-06
  e(1:3,3) =  -0.547200E-06 -0.637849E-06  0.138851E-04
Rotation:
  r(1:3,1) =    0.00000     -0.260962E-13  0.186599E-14
  r(1:3,2) =   0.260962E-13   0.00000     -0.157558E-13
  r(1:3,3) =  -0.186599E-14  0.157558E-13   0.00000    
        35 0.350E-13*l_a,m      32.2564645        32.2561813    
        35 0.350E-13*l_b,m      32.2564293        32.2561671    
        35 0.350E-13*l_c,m      32.2564479        32.2561744    
        35 0.350E-13*ang_bc,m      90.0001    90.0000
        35 0.350E-13*ang_ca,m      90.0001    90.0000
        35 0.350E-13*ang_ab,m      90.0000    90.0000
        35 0.350E-13*volume      33562.1361530        33561.2842411    

*temp instantanee des atomes de type 1 =       172.30

 * stress en kbar 
1 sigma potentiel (1,1) (2,1) (3,1) =   4.042173122      0.1194054903     -0.4620462548E-01
2 sigma potentiel (1,2) (2,2) (3,2) =  0.1194054903       3.914417364     -0.2141889814    
3 sigma potentiel (1,3) (2,3) (3,3) = -0.4620462548E-01 -0.2141889814       4.058015021    

1 sigma cinetique (1,1) (2,1) (3,1) =   1.518403708      0.5516700273E-01 -0.8030374581E-01
2 sigma cinetique (1,2) (2,2) (3,2) =  0.5516700273E-01   1.430192335     -0.5219239953E-01
3 sigma cinetique (1,3) (2,3) (3,3) = -0.8030374581E-01 -0.5219239953E-01   1.408223379    

1 sigma total (1,1) (2,1) (3,1) =   5.560576830      0.1745724930     -0.1265083713    
2 sigma total (1,2) (2,2) (3,2) =  0.1745724930       5.344609699     -0.2663813809    
3 sigma total (1,3) (2,3) (3,3) = -0.1265083713     -0.2663813809       5.466238400    

        35 0.350E-13*Pression =     5.4571    
 pression totale  potentiel = cinetique =
    5.4571        4.0049        1.4523    
 ----------valeurs moyennes------------
*temperature moyenne =       235.58
*pression moyenne =     1.4537    
 --------------------------------------


<<<<<<<<  ITERATION =     40  time =   0.4000000E-13


 --------- Temperatures et Pression--------
 ----------valeurs instantanees------------
        40 0.400E-13*Epot =    -6837.09883508      eV 
    *energie PAIRE EAM =    -1398.17736427      eV 
    *energie GLUE  =    -5438.92147081      eV 
        40 0.400E-13*Ec =     41.7363955386      eV   (157.586 K)
        40 0.400E-13*Etot =    -6795.36243954      eV 

        40 0.400E-13*Temp instantanee = 157.586
 NPT With Parrinello-Rahman
        40 0.400E-13*Kcell =    0.548388350324E-02  eV   (14.142 K)
 Box tensor
 a   3.2256631744799164E-007   1.8193589178584985E-013  -2.2710102682161571E-013
 b   1.8193592834251319E-013   3.2256585872298250E-007  -2.8365384215548972E-013
 c  -2.2710102865118009E-013  -2.8365381843000832E-013   3.2256610313235266E-007
Strain (Lagrange def.):
  e(1:3,1) =   0.195855E-04  0.564048E-06 -0.704072E-06
  e(1:3,2) =   0.564048E-06  0.181634E-04 -0.879400E-06
  e(1:3,3) =  -0.704072E-06 -0.879400E-06  0.189211E-04
Rotation:
  r(1:3,1) =    0.00000     -0.566665E-13  0.283601E-14
  r(1:3,2) =   0.566665E-13   0.00000     -0.367768E-13
  r(1:3,3) =  -0.283601E-14  0.367768E-13   0.00000    
        40 0.400E-13*l_a,m      32.2566317        32.2562376    
        40 0.400E-13*l_b,m      32.2565859        32.2562195    
        40 0.400E-13*l_c,m      32.2566103        32.2562289    
        40 0.400E-13*ang_bc,m      90.0001    90.0000
        40 0.400E-13*ang_ca,m      90.0001    90.0000
        40 0.400E-13*ang_ab,m      89.9999    90.0000
        40 0.400E-13*volume      33562.6421383        33561.4539782    

*temp instantanee des atomes de type 1 =       157.59

 * stress en kbar 
1 sigma potentiel (1,1) (2,1) (3,1) =   4.544428644      0.1841211260     -0.5585683990E-01
2 sigma potentiel (1,2) (2,2) (3,2) =  0.1841211260       4.412557499     -0.2312238367    
3 sigma potentiel (1,3) (2,3) (3,3) = -0.5585683990E-01 -0.2312238367       4.560130865    

1 sigma cinetique (1,1) (2,1) (3,1) =   1.371900521      0.4106797458E-01 -0.6446462647E-01
2 sigma cinetique (1,2) (2,2) (3,2) =  0.4106797458E-01   1.320356696     -0.4804344966E-01
3 sigma cinetique (1,3) (2,3) (3,3) = -0.6446462647E-01 -0.4804344966E-01   1.292474993    

1 sigma total (1,1) (2,1) (3,1) =   5.916329165      0.2251891006     -0.1203214664    
2 sigma total (1,2) (2,2) (3,2) =  0.2251891006       5.732914195     -0.2792672863    
3 sigma total (1,3) (2,3) (3,3) = -0.1203214664     -0.2792672863       5.852605857    

        40 0.400E-13*Pression =     5.8339    
 pression totale  potentiel = cinetique =
    5.8339        4.5057        1.3282    
 ----------valeurs moyennes------------
*temperature moyenne =       225.83
*pression moyenne =     1.5632    
 --------------------------------------


<<<<<<<<  ITERATION =     45  time =   0.4500000E-13


 --------- Temperatures et Pression--------
 ----------valeurs instantanees------------
        45 0.450E-13*Epot =    -6834.31931500      eV 
    *energie PAIRE EAM =    -1395.40575488      eV 
    *energie GLUE  =    -5438.91356011      eV 
        45 0.450E-13*Ec =     38.8685351372      eV   (146.758 K)
        45 0.450E-13*Etot =    -6795.45077986      eV 

        45 0.450E-13*Temp instantanee = 146.758
 NPT With Parrinello-Rahman
        45 0.450E-13*Kcell =    0.773138074562E-02  eV   (19.938 K)
 Box tensor
 a   3.2256832379905506E-007   2.4354407647606323E-013  -2.8454214064668652E-013
 b   2.4354415074940914E-013   3.2256774789236206E-007  -3.7735739160068208E-013
 c  -2.8454214258708386E-013  -3.7735734272922389E-013   3.2256805744691873E-007
Strain (Lagrange def.):
  e(1:3,1) =   0.258058E-04  0.755054E-06 -0.882160E-06
  e(1:3,2) =   0.755054E-06  0.240203E-04 -0.116991E-05
  e(1:3,3) =  -0.882160E-06 -0.116991E-05  0.249800E-04
Rotation:
  r(1:3,1) =    0.00000     -0.115131E-12  0.300781E-14
  r(1:3,2) =   0.115131E-12   0.00000     -0.757556E-13
  r(1:3,3) =  -0.300781E-14  0.757556E-13   0.00000    
        45 0.450E-13*l_a,m      32.2568324        32.2563037    
        45 0.450E-13*l_b,m      32.2567748        32.2562812    
        45 0.450E-13*l_c,m      32.2568057        32.2562930    
        45 0.450E-13*ang_bc,m      90.0001    90.0000
        45 0.450E-13*ang_ca,m      90.0001    90.0000
        45 0.450E-13*ang_ab,m      89.9999    90.0000
        45 0.450E-13*volume      33563.2508108        33561.6536263    

*temp instantanee des atomes de type 1 =       146.76

 * stress en kbar 
1 sigma potentiel (1,1) (2,1) (3,1) =   4.838146257      0.2484181619     -0.7161414446E-01
2 sigma potentiel (1,2) (2,2) (3,2) =  0.2484181619       4.706824871     -0.2480729606    
3 sigma potentiel (1,3) (2,3) (3,3) = -0.7161414446E-01 -0.2480729606       4.864293429    

1 sigma cinetique (1,1) (2,1) (3,1) =   1.257042267      0.2542537249E-01 -0.5155286536E-01
2 sigma cinetique (1,2) (2,2) (3,2) =  0.2542537249E-01   1.248980011     -0.4906492586E-01
3 sigma cinetique (1,3) (2,3) (3,3) = -0.5155286536E-01 -0.4906492586E-01   1.204837108    

1 sigma total (1,1) (2,1) (3,1) =   6.095188524      0.2738435343     -0.1231670098    
2 sigma total (1,2) (2,2) (3,2) =  0.2738435343       5.955804882     -0.2971378865    
3 sigma total (1,3) (2,3) (3,3) = -0.1231670098     -0.2971378865       6.069130537    

        45 0.450E-13*Pression =     6.0400    
 pression totale  potentiel = cinetique =
    6.0400        4.8031        1.2370    
 ----------valeurs moyennes------------
*temperature moyenne =       217.05
*pression moyenne =     1.6627    
 --------------------------------------


<<<<<<<<  ITERATION =     50  time =   0.5000000E-13


 --------- Temperatures et Pression--------
 ----------valeurs instantanees------------
        50 0.500E-13*Epot =    -6833.63202494      eV 
    *energie PAIRE EAM =    -1394.70119628      eV 
    *energie GLUE  =    -5438.93082866      eV 
        50 0.500E-13*Ec =     38.8159777887      eV   (146.559 K)
        50 0.500E-13*Etot =    -6794.81604715      eV 

        50 0.500E-13*Temp instantanee = 146.559
 NPT With Parrinello-Rahman
        50 0.500E-13*Kcell =    0.104408802444E-01  eV   (26.925 K)
 Box tensor
 a   3.2257067269222541E-007   3.2081707298362863E-013  -3.4912333794666303E-013
 b   3.2081721350168351E-013   3.2256997163506259E-007  -4.8780720755830238E-013
 c  -3.4912333886077061E-013  -4.8780711647882232E-013   3.2257035271849513E-007
Strain (Lagrange def.):
  e(1:3,1) =   0.330880E-04  0.994629E-06 -0.108239E-05
  e(1:3,2) =   0.994629E-06  0.309145E-04 -0.151235E-05
  e(1:3,3) =  -0.108239E-05 -0.151235E-05  0.320960E-04
Rotation:
  r(1:3,1) =    0.00000     -0.217817E-12  0.141696E-14
  r(1:3,2) =   0.217817E-12   0.00000     -0.141182E-12
  r(1:3,3) =  -0.141696E-14  0.141182E-12   0.00000    
        50 0.500E-13*l_a,m      32.2570673        32.2563801    
        50 0.500E-13*l_b,m      32.2569972        32.2563528    
        50 0.500E-13*l_c,m      32.2570353        32.2563672    
        50 0.500E-13*ang_bc,m      90.0002    90.0001
        50 0.500E-13*ang_ca,m      90.0001    90.0000
        50 0.500E-13*ang_ab,m      89.9999    90.0000
        50 0.500E-13*volume      33563.9654225        33561.8848059    

*temp instantanee des atomes de type 1 =       146.56

 * stress en kbar 
1 sigma potentiel (1,1) (2,1) (3,1) =   4.815343273      0.2866539800     -0.9607317906E-01
2 sigma potentiel (1,2) (2,2) (3,2) =  0.2866539800       4.711691206     -0.2606481261    
3 sigma potentiel (1,3) (2,3) (3,3) = -0.9607317906E-01 -0.2606481261       4.873446735    

1 sigma cinetique (1,1) (2,1) (3,1) =   1.240305003      0.1491566862E-01 -0.4923599106E-01
2 sigma cinetique (1,2) (2,2) (3,2) =  0.1491566862E-01   1.246901254     -0.4597282414E-01
3 sigma cinetique (1,3) (2,3) (3,3) = -0.4923599106E-01 -0.4597282414E-01   1.218556469    

1 sigma total (1,1) (2,1) (3,1) =   6.055648276      0.3015696487     -0.1453091701    
2 sigma total (1,2) (2,2) (3,2) =  0.3015696487       5.958592460     -0.3066209502    
3 sigma total (1,3) (2,3) (3,3) = -0.1453091701     -0.3066209502       6.092003204    

        50 0.500E-13*Pression =     6.0354    
 pression totale  potentiel = cinetique =
    6.0354        4.8002        1.2353    
 ----------valeurs moyennes------------
*temperature moyenne =       210.00
*pression moyenne =     1.7501    
 --------------------------------------


<<<<<<<<  ITERATION =     55  time =   0.5500000E-13


 --------- Temperatures et Pression--------
 ----------valeurs instantanees------------
        55 0.550E-13*Epot =    -6829.46363816      eV 
    *energie PAIRE EAM =    -1393.21512543      eV 
    *energie GLUE  =    -5436.24851273      eV 
        55 0.550E-13*Ec =     38.7205433528      eV   (146.199 K)
        55 0.550E-13*Etot =    -6790.74309481      eV 

        55 0.550E-13*Temp instantanee = 146.199
 NPT With Parrinello-Rahman
        55 0.550E-13*Kcell =    0.134506826343E-01  eV   (34.687 K)
 Box tensor
 a   3.2257336111099665E-007   4.1534841968369979E-013  -4.2195731109672511E-013
 b   4.1534866516579261E-013   3.2257252961805763E-007  -6.1561848171274534E-013
 c  -4.2195731268420340E-013  -6.1561832866607225E-013   3.2257298958431096E-007
Strain (Lagrange def.):
  e(1:3,1) =   0.414230E-04  0.128772E-05 -0.130821E-05
  e(1:3,2) =   0.128772E-05  0.388451E-04 -0.190862E-05
  e(1:3,3) =  -0.130821E-05 -0.190862E-05  0.402711E-04
Rotation:
  r(1:3,1) =    0.00000     -0.380522E-12  0.246075E-14
  r(1:3,2) =   0.380522E-12   0.00000     -0.237238E-12
  r(1:3,3) =  -0.246075E-14  0.237238E-12   0.00000    
        55 0.550E-13*l_a,m      32.2573361        32.2564670    
        55 0.550E-13*l_b,m      32.2572530        32.2564346    
        55 0.550E-13*l_c,m      32.2572990        32.2564519    
        55 0.550E-13*ang_bc,m      90.0002    90.0001
        55 0.550E-13*ang_ca,m      90.0001    90.0001
        55 0.550E-13*ang_ab,m      89.9999    90.0000
        55 0.550E-13*volume      33564.7856959        33562.1485232    

*temp instantanee des atomes de type 1 =       146.20

 * stress en kbar 
1 sigma potentiel (1,1) (2,1) (3,1) =   4.555855518      0.3136826441     -0.1092797988    
2 sigma potentiel (1,2) (2,2) (3,2) =  0.3136826441       4.465964627     -0.2608755948    
3 sigma potentiel (1,3) (2,3) (3,3) = -0.1092797988     -0.2608755948       4.665018902    

1 sigma cinetique (1,1) (2,1) (3,1) =   1.218422067      0.2883140954E-02 -0.5233746139E-01
2 sigma cinetique (1,2) (2,2) (3,2) =  0.2883140954E-02   1.251409893     -0.4807507917E-01
3 sigma cinetique (1,3) (2,3) (3,3) = -0.5233746139E-01 -0.4807507917E-01   1.226729297    

1 sigma total (1,1) (2,1) (3,1) =   5.774277585      0.3165657850     -0.1616172602    
2 sigma total (1,2) (2,2) (3,2) =  0.3165657850       5.717374520     -0.3089506740    
3 sigma total (1,3) (2,3) (3,3) = -0.1616172602     -0.3089506740       5.891748198    

        55 0.550E-13*Pression =     5.7945    
 pression totale  potentiel = cinetique =
    5.7945        4.5623        1.2322    
 ----------valeurs moyennes------------
*temperature moyenne =       204.20
*pression moyenne =     1.8237    
 --------------------------------------


<<<<<<<<  ITERATION =     60  time =   0.6000000E-13


 --------- Temperatures et Pression--------
 ----------valeurs instantanees------------
        60 0.600E-13*Epot =    -6833.27035769      eV 
    *energie PAIRE EAM =    -1395.68819594      eV 
    *energie GLUE  =    -5437.58216174      eV 
        60 0.600E-13*Ec =     40.6344158235      eV   (153.425 K)
        60 0.600E-13*Etot =    -6792.63594186      eV 

        60 0.600E-13*Temp instantanee = 153.425
 NPT With Parrinello-Rahman
        60 0.600E-13*Kcell =    0.167723374147E-01  eV   (43.253 K)
 Box tensor
 a   3.2257637698602402E-007   5.2794732338951131E-013  -5.0402706180887267E-013
 b   5.2794772139626274E-013   3.2257541147470606E-007  -7.6119319580509210E-013
 c  -5.0402707189251564E-013  -7.6119296332953069E-013   3.2257596046628627E-007
Strain (Lagrange def.):
  e(1:3,1) =   0.507732E-04  0.163682E-05 -0.156266E-05
  e(1:3,2) =   0.163682E-05  0.477798E-04 -0.235997E-05
  e(1:3,3) =  -0.156266E-05 -0.235997E-05  0.494818E-04
Rotation:
  r(1:3,1) =    0.00000     -0.616950E-12  0.156306E-13
  r(1:3,2) =   0.616950E-12   0.00000     -0.360360E-12
  r(1:3,3) =  -0.156306E-13  0.360360E-12   0.00000    
        60 0.600E-13*l_a,m      32.2576377        32.2565645    
        60 0.600E-13*l_b,m      32.2575411        32.2565268    
        60 0.600E-13*l_c,m      32.2575960        32.2565473    
        60 0.600E-13*ang_bc,m      90.0003    90.0001
        60 0.600E-13*ang_ca,m      90.0002    90.0001
        60 0.600E-13*ang_ab,m      89.9998    89.9999
        60 0.600E-13*volume      33565.7085128        33562.4451890    

*temp instantanee des atomes de type 1 =       153.43

 * stress en kbar 
1 sigma potentiel (1,1) (2,1) (3,1) =   4.403580380      0.3031428819     -0.1103744059    
2 sigma potentiel (1,2) (2,2) (3,2) =  0.3031428819       4.361577777     -0.3022887641    
3 sigma potentiel (1,3) (2,3) (3,3) = -0.1103744059     -0.3022887641       4.537094000    

1 sigma cinetique (1,1) (2,1) (3,1) =   1.279993431      0.4625904550E-02 -0.5950315328E-01
2 sigma cinetique (1,2) (2,2) (3,2) =  0.4625904550E-02   1.305999639     -0.4575189911E-01
3 sigma cinetique (1,3) (2,3) (3,3) = -0.5950315328E-01 -0.4575189911E-01   1.293174540    

1 sigma total (1,1) (2,1) (3,1) =   5.683573811      0.3077687864     -0.1698775592    
2 sigma total (1,2) (2,2) (3,2) =  0.3077687864       5.667577416     -0.3480406632    
3 sigma total (1,3) (2,3) (3,3) = -0.1698775592     -0.3480406632       5.830268540    

        60 0.600E-13*Pression =     5.7271    
 pression totale  potentiel = cinetique =
    5.7271        4.4341        1.2931    
 ----------valeurs moyennes------------
*temperature moyenne =       199.97
*pression moyenne =     1.8887    
 --------------------------------------


<<<<<<<<  ITERATION =     65  time =   0.6500000E-13


 --------- Temperatures et Pression--------
 ----------valeurs instantanees------------
        65 0.650E-13*Epot =    -6834.50864623      eV 
    *energie PAIRE EAM =    -1398.12335263      eV 
    *energie GLUE  =    -5436.38529360      eV 
        65 0.650E-13*Ec =     44.1567166109      eV   (166.724 K)
        65 0.650E-13*Etot =    -6790.35192962      eV 

        65 0.650E-13*Temp instantanee = 166.724
 NPT With Parrinello-Rahman
        65 0.650E-13*Kcell =    0.202663118802E-01  eV   (52.263 K)
 Box tensor
 a   3.2257971049623259E-007   6.5799241779486730E-013  -5.9583027211823508E-013
 b   6.5799302235791720E-013   3.2257860791076561E-007  -9.2589032667768080E-013
 c  -5.9583030793516166E-013  -9.2588999990482839E-013   3.2257925812597453E-007
Strain (Lagrange def.):
  e(1:3,1) =   0.611083E-04  0.204003E-05 -0.184731E-05
  e(1:3,2) =   0.204003E-05  0.576899E-04 -0.287061E-05
  e(1:3,3) =  -0.184731E-05 -0.287061E-05  0.597058E-04
Rotation:
  r(1:3,1) =    0.00000     -0.937133E-12  0.555198E-13
  r(1:3,2) =   0.937133E-12   0.00000     -0.506530E-12
  r(1:3,3) =  -0.555198E-13  0.506530E-12   0.00000    
        65 0.650E-13*l_a,m      32.2579710        32.2566727    
        65 0.650E-13*l_b,m      32.2578608        32.2566294    
        65 0.650E-13*l_c,m      32.2579258        32.2566533    
        65 0.650E-13*ang_bc,m      90.0003    90.0001
        65 0.650E-13*ang_ca,m      90.0002    90.0001
        65 0.650E-13*ang_ab,m      89.9998    89.9999
        65 0.650E-13*volume      33566.7311367        33562.7748773    

*temp instantanee des atomes de type 1 =       166.72

 * stress en kbar 
1 sigma potentiel (1,1) (2,1) (3,1) =   3.802918855      0.2747943534     -0.1097149953    
2 sigma potentiel (1,2) (2,2) (3,2) =  0.2747943534       3.695187560     -0.2952832022    
3 sigma potentiel (1,3) (2,3) (3,3) = -0.1097149953     -0.2952832022       3.982463437    

1 sigma cinetique (1,1) (2,1) (3,1) =   1.387325690      0.5722194817E-02 -0.7100916113E-01
2 sigma cinetique (1,2) (2,2) (3,2) =  0.5722194817E-02   1.423464993     -0.4522027930E-01
3 sigma cinetique (1,3) (2,3) (3,3) = -0.7100916113E-01 -0.4522027930E-01   1.404505215    

1 sigma total (1,1) (2,1) (3,1) =   5.190244546      0.2805165483     -0.1807241564    
2 sigma total (1,2) (2,2) (3,2) =  0.2805165483       5.118652553     -0.3405034815    
3 sigma total (1,3) (2,3) (3,3) = -0.1807241564     -0.3405034815       5.386968652    

        65 0.650E-13*Pression =     5.2320    
 pression totale  potentiel = cinetique =
    5.2320        3.8269        1.4051    
 ----------valeurs moyennes------------
*temperature moyenne =       197.41
*pression moyenne =     1.9401    
 --------------------------------------


<<<<<<<<  ITERATION =     70  time =   0.7000000E-13


 --------- Temperatures et Pression--------
 ----------valeurs instantanees------------
        70 0.700E-13*Epot =    -6837.10317095      eV 
    *energie PAIRE EAM =    -1400.64493599      eV 
    *energie GLUE  =    -5436.45823495      eV 
        70 0.700E-13*Ec =     46.9354477937      eV   (177.216 K)
        70 0.700E-13*Etot =    -6790.16772315      eV 

        70 0.700E-13*Temp instantanee = 177.216
 NPT With Parrinello-Rahman
        70 0.700E-13*Kcell =    0.238244041161E-01  eV   (61.439 K)
 Box tensor
 a   3.2258333969875767E-007   8.0387772393132385E-013  -6.9782198042438841E-013
 b   8.0387858606078388E-013   3.2258209544771922E-007  -1.1099186827640528E-012
 c  -6.9782206957084391E-013  -1.1099182574076574E-012   3.2258286187620558E-007
Strain (Lagrange def.):
  e(1:3,1) =   0.723603E-04  0.249236E-05 -0.216355E-05
  e(1:3,2) =   0.249236E-05  0.685026E-04 -0.344121E-05
  e(1:3,3) =  -0.216355E-05 -0.344121E-05  0.708789E-04
Rotation:
  r(1:3,1) =    0.00000     -0.133639E-11  0.138186E-12
  r(1:3,2) =   0.133639E-11   0.00000     -0.659345E-12
  r(1:3,3) =  -0.138186E-12  0.659345E-12   0.00000    
        70 0.700E-13*l_a,m      32.2583340        32.2567914    
        70 0.700E-13*l_b,m      32.2582095        32.2567423    
        70 0.700E-13*l_c,m      32.2582862        32.2567699    
        70 0.700E-13*ang_bc,m      90.0004    90.0001
        70 0.700E-13*ang_ca,m      90.0002    90.0001
        70 0.700E-13*ang_ab,m      89.9997    89.9999
        70 0.700E-13*volume      33567.8466944        33563.1371499    

*temp instantanee des atomes de type 1 =       177.22

 * stress en kbar 
1 sigma potentiel (1,1) (2,1) (3,1) =   3.464849770      0.2306600164     -0.8536002778E-01
2 sigma potentiel (1,2) (2,2) (3,2) =  0.2306600164       3.344088231     -0.3065302069    
3 sigma potentiel (1,3) (2,3) (3,3) = -0.8536002778E-01 -0.3065302069       3.621815967    

1 sigma cinetique (1,1) (2,1) (3,1) =   1.494773529      0.8100897482E-02 -0.8759762323E-01
2 sigma cinetique (1,2) (2,2) (3,2) =  0.8100897482E-02   1.500678778     -0.4323340730E-01
3 sigma cinetique (1,3) (2,3) (3,3) = -0.8759762323E-01 -0.4323340730E-01   1.484958392    

1 sigma total (1,1) (2,1) (3,1) =   4.959623300      0.2387609139     -0.1729576510    
2 sigma total (1,2) (2,2) (3,2) =  0.2387609139       4.844767009     -0.3497636142    
3 sigma total (1,3) (2,3) (3,3) = -0.1729576510     -0.3497636142       5.106774359    

        70 0.700E-13*Pression =     4.9704    
 pression totale  potentiel = cinetique =
    4.9704        3.4769        1.4935    
 ----------valeurs moyennes------------
*temperature moyenne =       195.97
*pression moyenne =     1.9834    
 --------------------------------------


<<<<<<<<  ITERATION =     75  time =   0.7500000E-13


 --------- Temperatures et Pression--------
 ----------valeurs instantanees------------
        75 0.750E-13*Epot =    -6838.68208091      eV 
    *energie PAIRE EAM =    -1402.16757343      eV 
    *energie GLUE  =    -5436.51450748      eV 
        75 0.750E-13*Ec =     48.4214360814      eV   (182.827 K)
        75 0.750E-13*Etot =    -6790.26064483      eV 

        75 0.750E-13*Temp instantanee = 182.827
 NPT With Parrinello-Rahman
        75 0.750E-13*Kcell =    0.275112753803E-01  eV   (70.947 K)
 Box tensor
 a   3.2258725023677452E-007   9.6322623293389958E-013  -8.0940807885535331E-013
 b   9.6322739831711724E-013   3.2258585799978892E-007  -1.3136870968750467E-012
 c  -8.0940825789795692E-013  -1.3136865733067727E-012   3.2258675585413364E-007
Strain (Lagrange def.):
  e(1:3,1) =   0.844847E-04  0.298645E-05 -0.250954E-05
  e(1:3,2) =   0.298645E-05  0.801682E-04 -0.407303E-05
  e(1:3,3) =  -0.250954E-05 -0.407303E-05  0.829519E-04
Rotation:
  r(1:3,1) =    0.00000     -0.180646E-11  0.277534E-12
  r(1:3,2) =   0.180646E-11   0.00000     -0.811583E-12
  r(1:3,3) =  -0.277534E-12  0.811583E-12   0.00000    
        75 0.750E-13*l_a,m      32.2587250        32.2569203    
        75 0.750E-13*l_b,m      32.2585858        32.2568652    
        75 0.750E-13*l_c,m      32.2586756        32.2568970    
        75 0.750E-13*ang_bc,m      90.0005    90.0002
        75 0.750E-13*ang_ca,m      90.0003    90.0001
        75 0.750E-13*ang_ab,m      89.9997    89.9999
        75 0.750E-13*volume      33569.0503734        33563.5313648    

*temp instantanee des atomes de type 1 =       182.83

 * stress en kbar 
1 sigma potentiel (1,1) (2,1) (3,1) =   3.259149097      0.1874434760     -0.3810642496E-01
2 sigma potentiel (1,2) (2,2) (3,2) =  0.1874434760       3.123942356     -0.3077779709    
3 sigma potentiel (1,3) (2,3) (3,3) = -0.3810642496E-01 -0.3077779709       3.442323193    

1 sigma cinetique (1,1) (2,1) (3,1) =   1.551249882      0.1413065553E-01 -0.1019908751    
2 sigma cinetique (1,2) (2,2) (3,2) =  0.1413065553E-01   1.534462563     -0.4806583031E-01
3 sigma cinetique (1,3) (2,3) (3,3) = -0.1019908751     -0.4806583031E-01   1.536383464    

1 sigma total (1,1) (2,1) (3,1) =   4.810398979      0.2015741315     -0.1400973001    
2 sigma total (1,2) (2,2) (3,2) =  0.2015741315       4.658404919     -0.3558438012    
3 sigma total (1,3) (2,3) (3,3) = -0.1400973001     -0.3558438012       4.978706657    

        75 0.750E-13*Pression =     4.8158    
 pression totale  potentiel = cinetique =
    4.8158        3.2751        1.5407    
 ----------valeurs moyennes------------
*temperature moyenne =       195.09
*pression moyenne =     2.0212    
 --------------------------------------


<<<<<<<<  ITERATION =     80  time =   0.8000000E-13


 --------- Temperatures et Pression--------
 ----------valeurs instantanees------------
        80 0.800E-13*Epot =    -6839.72462537      eV 
    *energie PAIRE EAM =    -1403.16653684      eV 
    *energie GLUE  =    -5436.55808853      eV 
        80 0.800E-13*Ec =     50.2595515020      eV   (189.767 K)
        80 0.800E-13*Etot =    -6789.46507387      eV 

        80 0.800E-13*Temp instantanee = 189.767
 NPT With Parrinello-Rahman
        80 0.800E-13*Kcell =    0.313755293291E-01  eV   (80.912 K)
 Box tensor
 a   3.2259143405268475E-007   1.1339881123545980E-012  -9.2895138144204220E-013
 b   1.1339896228333061E-012   3.2258988531127549E-007  -1.5376054962202365E-012
 c  -9.2895169988055739E-013  -1.5376048864146914E-012   3.2259093244096882E-007
Strain (Lagrange def.):
  e(1:3,1) =   0.974566E-04  0.351593E-05 -0.288022E-05
  e(1:3,2) =   0.351593E-05  0.926547E-04 -0.476734E-05
  e(1:3,3) =  -0.288022E-05 -0.476734E-05  0.959013E-04
Rotation:
  r(1:3,1) =    0.00000     -0.234139E-11  0.493611E-12
  r(1:3,2) =   0.234139E-11   0.00000     -0.945259E-12
  r(1:3,3) =  -0.493611E-12  0.945259E-12   0.00000    
        80 0.800E-13*l_a,m      32.2591434        32.2570592    
        80 0.800E-13*l_b,m      32.2589885        32.2569979    
        80 0.800E-13*l_c,m      32.2590932        32.2570342    
        80 0.800E-13*ang_bc,m      90.0005    90.0002
        80 0.800E-13*ang_ca,m      90.0003    90.0001
        80 0.800E-13*ang_ab,m      89.9996    89.9999
        80 0.800E-13*volume      33570.3394814        33563.9568721    

*temp instantanee des atomes de type 1 =       189.77

 * stress en kbar 
1 sigma potentiel (1,1) (2,1) (3,1) =   3.115697045      0.1503963556     -0.3365156250E-02
2 sigma potentiel (1,2) (2,2) (3,2) =  0.1503963556       2.973004720     -0.2874373097    
3 sigma potentiel (1,3) (2,3) (3,3) = -0.3365156250E-02 -0.2874373097       3.311958207    

1 sigma cinetique (1,1) (2,1) (3,1) =   1.628563110      0.1972880835E-01 -0.1221433927    
2 sigma cinetique (1,2) (2,2) (3,2) =  0.1972880835E-01   1.570165927     -0.5847643044E-01
3 sigma cinetique (1,3) (2,3) (3,3) = -0.1221433927     -0.5847643044E-01   1.598641005    

1 sigma total (1,1) (2,1) (3,1) =   4.744260154      0.1701251640     -0.1255085489    
2 sigma total (1,2) (2,2) (3,2) =  0.1701251640       4.543170647     -0.3459137401    
3 sigma total (1,3) (2,3) (3,3) = -0.1255085489     -0.3459137401       4.910599213    

        80 0.800E-13*Pression =     4.7327    
 pression totale  potentiel = cinetique =
    4.7327        3.1336        1.5991    
 ----------valeurs moyennes------------
*temperature moyenne =       194.76
*pression moyenne =     2.0551    
 --------------------------------------


<<<<<<<<  ITERATION =     85  time =   0.8500000E-13


 --------- Temperatures et Pression--------
 ----------valeurs instantanees------------
        85 0.850E-13*Epot =    -6840.63778557      eV 
    *energie PAIRE EAM =    -1403.90591916      eV 
    *energie GLUE  =    -5436.73186642      eV 
        85 0.850E-13*Ec =     50.6715726654      eV   (191.323 K)
        85 0.850E-13*Etot =    -6789.96621291      eV 

        85 0.850E-13*Temp instantanee = 191.323
 NPT With Parrinello-Rahman
        85 0.850E-13*Kcell =    0.353955346660E-01  eV   (91.279 K)
 Box tensor
 a   3.2259588479696789E-007   1.3147616836697029E-012  -1.0553858583471289E-012
 b   1.3147635851088583E-012   3.2259417238277930E-007  -1.7807501189715763E-012
 c  -1.0553863759111109E-012  -1.7807494378844584E-012   3.2259538609173227E-007
Strain (Lagrange def.):
  e(1:3,1) =   0.111256E-03  0.407648E-05 -0.327228E-05
  e(1:3,2) =   0.407648E-05  0.105947E-03 -0.552128E-05
  e(1:3,3) =  -0.327228E-05 -0.552128E-05  0.109710E-03
Rotation:
  r(1:3,1) =    0.00000     -0.294742E-11  0.802276E-12
  r(1:3,2) =   0.294742E-11   0.00000     -0.105575E-11
  r(1:3,3) =  -0.802276E-12  0.105575E-11   0.00000    
        85 0.850E-13*l_a,m      32.2595885        32.2572080    
        85 0.850E-13*l_b,m      32.2594172        32.2571402    
        85 0.850E-13*l_c,m      32.2595386        32.2571816    
        85 0.850E-13*ang_bc,m      90.0006    90.0002
        85 0.850E-13*ang_ca,m      90.0004    90.0001
        85 0.850E-13*ang_ab,m      89.9995    89.9999
        85 0.850E-13*volume      33571.7122668        33564.4130718    

*temp instantanee des atomes de type 1 =       191.32

 * stress en kbar 
1 sigma potentiel (1,1) (2,1) (3,1) =   3.020432772      0.1213872245      0.2102173095E-01
2 sigma potentiel (1,2) (2,2) (3,2) =  0.1213872245       2.960424383     -0.2111700937    
3 sigma potentiel (1,3) (2,3) (3,3) =  0.2102173095E-01 -0.2111700937       3.148705017    

1 sigma cinetique (1,1) (2,1) (3,1) =   1.646818746      0.2854931021E-01 -0.1237938466    
2 sigma cinetique (1,2) (2,2) (3,2) =  0.2854931021E-01   1.586351173     -0.7298296722E-01
3 sigma cinetique (1,3) (2,3) (3,3) = -0.1237938466     -0.7298296722E-01   1.603330551    

1 sigma total (1,1) (2,1) (3,1) =   4.667251518      0.1499365347     -0.1027721156    
2 sigma total (1,2) (2,2) (3,2) =  0.1499365347       4.546775556     -0.2841530610    
3 sigma total (1,3) (2,3) (3,3) = -0.1027721156     -0.2841530610       4.752035568    

        85 0.850E-13*Pression =     4.6554    
 pression totale  potentiel = cinetique =
    4.6554        3.0432        1.6122    
 ----------valeurs moyennes------------
*temperature moyenne =       194.56
*pression moyenne =     2.0857    
 --------------------------------------


<<<<<<<<  ITERATION =     90  time =   0.9000000E-13


 --------- Temperatures et Pression--------
 ----------valeurs instantanees------------
        90 0.900E-13*Epot =    -6837.88640190      eV 
    *energie PAIRE EAM =    -1402.04869644      eV 
    *energie GLUE  =    -5435.83770546      eV 
        90 0.900E-13*Ec =     50.5272810652      eV   (190.778 K)
        90 0.900E-13*Etot =    -6787.35912083      eV 

        90 0.900E-13*Temp instantanee = 190.778
 NPT With Parrinello-Rahman
        90 0.900E-13*Kcell =    0.396472935171E-01  eV   (102.244 K)
 Box tensor
 a   3.2260059943389590E-007   1.5040443252969980E-012  -1.1876290994538786E-012
 b   1.5040466588467951E-012   3.2259871736953569E-007  -2.0401340717812189E-012
 c  -1.1876298663088559E-012  -2.0401333250595756E-012   3.2260011044005608E-007
Strain (Lagrange def.):
  e(1:3,1) =   0.125874E-03  0.466342E-05 -0.368236E-05
  e(1:3,2) =   0.466342E-05  0.120039E-03 -0.632560E-05
  e(1:3,3) =  -0.368236E-05 -0.632560E-05  0.124358E-03
Rotation:
  r(1:3,1) =    0.00000     -0.361723E-11  0.118870E-11
  r(1:3,2) =   0.361723E-11   0.00000     -0.115749E-11
  r(1:3,3) =  -0.118870E-11  0.115749E-11   0.00000    
        90 0.900E-13*l_a,m      32.2600599        32.2573665    
        90 0.900E-13*l_b,m      32.2598717        32.2572920    
        90 0.900E-13*l_c,m      32.2600110        32.2573388    
        90 0.900E-13*ang_bc,m      90.0007    90.0002
        90 0.900E-13*ang_ca,m      90.0004    90.0001
        90 0.900E-13*ang_ab,m      89.9995    89.9998
        90 0.900E-13*volume      33573.1675660        33564.8994326    

*temp instantanee des atomes de type 1 =       190.78

 * stress en kbar 
1 sigma potentiel (1,1) (2,1) (3,1) =   2.965321069      0.8210062216E-01  0.3071209340E-01
2 sigma potentiel (1,2) (2,2) (3,2) =  0.8210062216E-01   2.966324302     -0.1819854750    
3 sigma potentiel (1,3) (2,3) (3,3) =  0.3071209340E-01 -0.1819854750       3.254444179    

1 sigma cinetique (1,1) (2,1) (3,1) =   1.651947285      0.3231584291E-01 -0.1217722771    
2 sigma cinetique (1,2) (2,2) (3,2) =  0.3231584291E-01   1.574460342     -0.7907827323E-01
3 sigma cinetique (1,3) (2,3) (3,3) = -0.1217722771     -0.7907827323E-01   1.596111446    

1 sigma total (1,1) (2,1) (3,1) =   4.617268354      0.1144164651     -0.9106018368E-01
2 sigma total (1,2) (2,2) (3,2) =  0.1144164651       4.540784645     -0.2610637482    
3 sigma total (1,3) (2,3) (3,3) = -0.9106018368E-01 -0.2610637482       4.850555625    

        90 0.900E-13*Pression =     4.6695    
 pression totale  potentiel = cinetique =
    4.6695        3.0620        1.6075    
 ----------valeurs moyennes------------
*temperature moyenne =       194.35
*pression moyenne =     2.1144    
 --------------------------------------


<<<<<<<<  ITERATION =     95  time =   0.9500000E-13


 --------- Temperatures et Pression--------
 ----------valeurs instantanees------------
        95 0.950E-13*Epot =    -6838.90910668      eV 
    *energie PAIRE EAM =    -1402.12535232      eV 
    *energie GLUE  =    -5436.78375436      eV 
        95 0.950E-13*Ec =     49.6426547709      eV   (187.438 K)
        95 0.950E-13*Etot =    -6789.26645191      eV 

        95 0.950E-13*Temp instantanee = 187.438
 NPT With Parrinello-Rahman
        95 0.950E-13*Kcell =    0.442264136281E-01  eV   (114.052 K)
 Box tensor
 a   3.2260558033426303E-007   1.6997476903432407E-012  -1.3250485427986971E-012
 b   1.6997504770593586E-012   3.2260352111411525E-007  -2.3135304357511209E-012
 c  -1.3250496218975039E-012  -2.3135296633124347E-012   3.2260510924161297E-007
Strain (Lagrange def.):
  e(1:3,1) =   0.141318E-03  0.527030E-05 -0.410851E-05
  e(1:3,2) =   0.527030E-05  0.134933E-03 -0.717340E-05
  e(1:3,3) =  -0.410851E-05 -0.717340E-05  0.139857E-03
Rotation:
  r(1:3,1) =    0.00000     -0.431969E-11  0.167271E-11
  r(1:3,2) =   0.431969E-11   0.00000     -0.119736E-11
  r(1:3,3) =  -0.167271E-11  0.119736E-11   0.00000    
        95 0.950E-13*l_a,m      32.2605580        32.2575344    
        95 0.950E-13*l_b,m      32.2603521        32.2574530    
        95 0.950E-13*l_c,m      32.2605109        32.2575057    
        95 0.950E-13*ang_bc,m      90.0008    90.0003
        95 0.950E-13*ang_ca,m      90.0005    90.0002
        95 0.950E-13*ang_ab,m      89.9994    89.9998
        95 0.950E-13*volume      33574.7061114        33565.4155736    

*temp instantanee des atomes de type 1 =       187.44

 * stress en kbar 
1 sigma potentiel (1,1) (2,1) (3,1) =   3.165143427      0.3728639492E-01  0.2580449893E-01
2 sigma potentiel (1,2) (2,2) (3,2) =  0.3728639492E-01   3.118635519     -0.1211672398    
3 sigma potentiel (1,3) (2,3) (3,3) =  0.2580449893E-01 -0.1211672398       3.378138972    

1 sigma cinetique (1,1) (2,1) (3,1) =   1.621869817      0.4067105887E-01 -0.1231724301    
2 sigma cinetique (1,2) (2,2) (3,2) =  0.4067105887E-01   1.543790113     -0.8220762292E-01
3 sigma cinetique (1,3) (2,3) (3,3) = -0.1231724301     -0.8220762292E-01   1.572209868    

1 sigma total (1,1) (2,1) (3,1) =   4.787013244      0.7795745379E-01 -0.9736793119E-01
2 sigma total (1,2) (2,2) (3,2) =  0.7795745379E-01   4.662425632     -0.2033748627    
3 sigma total (1,3) (2,3) (3,3) = -0.9736793119E-01 -0.2033748627       4.950348840    

        95 0.950E-13*Pression =     4.7999    
 pression totale  potentiel = cinetique =
    4.7999        3.2206        1.5793    
 ----------valeurs moyennes------------
*temperature moyenne =       193.98
*pression moyenne =     2.1427    
 --------------------------------------


<<<<<<<<  ITERATION =    100  time =   0.1000000E-12


 --------- Temperatures et Pression--------
 ----------valeurs instantanees------------
       100 0.100E-12*Epot =    -6836.35957250      eV 
    *energie PAIRE EAM =    -1400.42952106      eV 
    *energie GLUE  =    -5435.93005144      eV 
       100 0.100E-12*Ec =     49.0540537901      eV   (185.215 K)
       100 0.100E-12*Etot =    -6787.30551871      eV 

       100 0.100E-12*Temp instantanee = 185.215
 NPT With Parrinello-Rahman
       100 0.100E-12*Kcell =    0.490502165700E-01  eV   (126.492 K)
 Box tensor
 a   3.2261083136006031E-007   1.8999906479522771E-012  -1.4678691309791862E-012
 b   1.8999938895508389E-012   3.2260858826331948E-007  -2.5983667125177970E-012
 c  -1.4678705951513393E-012  -2.5983659810280574E-012   3.2261038722156018E-007
Strain (Lagrange def.):
  e(1:3,1) =   0.157600E-03  0.589128E-05 -0.455143E-05
  e(1:3,2) =   0.589128E-05  0.150645E-03 -0.805670E-05
  e(1:3,3) =  -0.455143E-05 -0.805670E-05  0.156223E-03
Rotation:
  r(1:3,1) =    0.00000     -0.502480E-11  0.226961E-11
  r(1:3,2) =   0.502480E-11   0.00000     -0.113388E-11
  r(1:3,3) =  -0.226961E-11  0.113388E-11   0.00000    
       100 0.100E-12*l_a,m      32.2610831        32.2577119    
       100 0.100E-12*l_b,m      32.2608588        32.2576233    
       100 0.100E-12*l_c,m      32.2610387        32.2576824    
       100 0.100E-12*ang_bc,m      90.0009    90.0003
       100 0.100E-12*ang_ca,m      90.0005    90.0002
       100 0.100E-12*ang_ab,m      89.9993    89.9998
       100 0.100E-12*volume      33576.3292881        33565.9612593    

*temp instantanee des atomes de type 1 =       185.22

 * stress en kbar 
1 sigma potentiel (1,1) (2,1) (3,1) =   3.059314876     -0.2363833983E-02  0.1617015745E-01
2 sigma potentiel (1,2) (2,2) (3,2) = -0.2363833983E-02   3.061549561     -0.8027152237E-01
3 sigma potentiel (1,3) (2,3) (3,3) =  0.1617015745E-01 -0.8027152237E-01   3.250203230    

1 sigma cinetique (1,1) (2,1) (3,1) =   1.591709755      0.5299965939E-01 -0.1176930486    
2 sigma cinetique (1,2) (2,2) (3,2) =  0.5299965939E-01   1.544147652     -0.8371764034E-01
3 sigma cinetique (1,3) (2,3) (3,3) = -0.1176930486     -0.8371764034E-01   1.545610285    

1 sigma total (1,1) (2,1) (3,1) =   4.651024631      0.5063582540E-01 -0.1015228912    
2 sigma total (1,2) (2,2) (3,2) =  0.5063582540E-01   4.605697213     -0.1639891627    
3 sigma total (1,3) (2,3) (3,3) = -0.1015228912     -0.1639891627       4.795813515    

       100 0.100E-12*Pression =     4.6842    
 pression totale  potentiel = cinetique =
    4.6842        3.1237        1.5605    
 ----------valeurs moyennes------------
*temperature moyenne =       193.54
*pression moyenne =     2.1681    
 --------------------------------------
 *******Derniere iteration **** 


 ####### END OF RUN  ######## =          100   time =    9.9999999999999864E-014
