 Process            0  of            4  is alive   2.2204460492503132E-058
 *** NDM859 ***
 Process            1  of            4  is alive   2.2204460492503132E-058
 >>>>>>>>>>> entree readdm
 nom fichier din=dm.din                                                                          

 -------- caracteristiques du run DM-------- 8
      PARRINELLO RAHMAN AUTOCOHERENT 
 generation du crystal ; puis run

      ANALYSES 
 itetemp=           5  itesigma=           1

      CONTROLES 
tstep=  0.100D-14
 itmax=         100  itab=           1  itetimestep=          -1
tinit=     300.0
tempdeplainit=      -1.0
debyetemp=      -1.0
  ----------------------------------


 nb de potentiels           1
 ipotentiel          11
 fmt_cin           1
 IMM PARA =          630        2100

 -*-*-*-*-*-*-*POTENTIELS*-*-*-*-*-


 POTENTIEL EAM ERCOLESI

 Types d_atomes :
   1   26.982   13.000  Al 
    0.900    2.200

  *-*-*-*-*-*CONSTRUCTION DE LA BOITE*-*-*-*-*-*-         630        2100           4

 **********construction du reseau************
 repetition de mailles           1           1           1
 Process            2  of            4  is alive   2.2204460492503132E-058
 izonr,zlmin,rut           5   64.512000000000000        11.116108836436201     
 nox,noy,noz dans .din =           4           4           4
celsizes   0.8064000E-07  0.8064000E-07  0.8064000E-07
dm.gin                                                                          volume= 0.33560740D-19 cm3  0.33560740D+05 Ang3


 -----------------------------------------------------------
 Procedure de decoupage pour une boite de taille  :           4           4           4
 sur            4  cpus           0
 Nbre de solutions possibles :            6
LE MEILLEUR DECOUPAGE :    4    1    2    2    0.9200
 -----------------------------------------------
           FIN DU CALCUL DU DECOUPAGE :         

 Nbre de cellule suivant x :           4
 Nbre de cellule suivant y :           4
 Nbre de cellule suivant z :           4

 Le cas choisit :           1           2           2
 Nombre de cellules max echg  par proc :           4          80
 Taux d'equilibrage :           4   1.0000000000000000     
 valeur            4  0.92000000000000004     
 Nbre Min/Max de cel. locales. :          16          16
 Nbre Min/Max de cel. fantomes. :          80          80
 locmin/fantomax :           4  0.20000000000000001     
 Process            3  of            4  is alive   2.2204460492503132E-058
 natperc im/noxyz         320          32
 ltabvois,lconstrtot F F

 -------- boite de simulation ------
 nombre d atomes =        2049
vecteur  1      32.256000       0.000000       0.000000
vecteur  2       0.000000      32.256000       0.000000
vecteur  3       0.000000       0.000000      32.256000
         570  atomes de type           1

  -------------------------------------------------------------------
              definition des rayons de coupure
 paire            1
 calpoeam Minrho Maxrho   -1.4711099804881778        9.2672924683822253E-002
 calpoeam Rhomin Rhomax   -20.595539726834488        1.2974209455735115     
 calpoeam ktorho and the inverse:    1.0946480336204000E-003   913.53564733737801     
 Le proc            1  a            3  processeur voisin
 Le proc            2  a            3  processeur voisin
 NOMBRE DE CELLULES FRONTIERES ASSOCIEES A CHAQUE PROCESSEUR
 Le proc            0  a            3  processeur voisin
 seed_size          12
 iseed pour tirage des vitesses           1
 seed_size          12
 iseed pour tirage des vitesses           1
 random velocities at TINIT =    300.00000000000000      K
 seed_size          12
 iseed pour tirage des vitesses           1
 Le proc            3  a            3  processeur voisin
 seed_size          12
 iseed pour tirage des vitesses           1
 temperature MI initspeed    296.83482611099095     
 center of mass =    15.183902990774511        15.183881067905411        15.120492838941562     
 Momentum/atom  =   -3.2061857054948016E-020   7.2109677784937210E-020  -1.8830843223128258E-020
Inertia/anglm =   0.1587E-32 -0.3480E-35 -0.5914E-36      -0.1066E-22
Inertia/anglm =  -0.3480E-35  0.1587E-32 -0.5913E-36       0.1260E-22
Inertia/anglm =  -0.5914E-36 -0.5913E-36  0.1588E-32       0.5016E-23
 temperature fin initspeed    296.25947150794531     
 ***** PREMIERE ITERATION  ****

 Algorithme de Parrinello-Rahman (V2)
  -> la vitesse de la boîte ne prend pas en compte la dérivée du tenseur h

Repère actuel  (A):
 h (1:3,1) = 32.25600 .00000 .00000
 h (1:3,2) = .00000 32.25600 .00000
 h (1:3,3) = .00000 .00000 32.25600
Masse de la boîte pour Parrinello-Rahman: wbox=  0.458881755876E-19
Initialisation de la vitesse de la boîte pour la température .000 K
      0 0.000D+00*Kcell =    0.000000000000D+00  eV   (.000 K)


<<<<<<<<  ITERATION =      5  time =   0.5000000E-14


 --------- Temperatures et Pression--------
 ----------valeurs instantanees------------
         5 0.500E-14*Epot =    -6868.79085083      eV 
    *energie PAIRE EAM =    -1432.36008757      eV 
    *energie GLUE  =    -5436.43076326      eV 
         5 0.500E-14*Ec =     74.3718970023      eV   (280.809 K)
         5 0.500E-14*Etot =    -6794.41895383      eV 

         5 0.500E-14*Temp instantanee = 280.809
 NPT With Parrinello-Rahman
         5 0.500E-14*Kcell =    0.444336115965E-04  eV   (.115 K)
 Box tensor
 a   3.2256008564597855E-007   2.3202610836053189E-015  -3.8343422626962338E-015
 b   2.3202610847629135E-015   3.2256007948927939E-007  -3.1337595578529201E-015
 c  -3.8343422603097939E-015  -3.1337595553679637E-015   3.2256008172760239E-007
Strain (Lagrange def.):
  e(1:3,1) =   0.265520E-06  0.719327E-08 -0.118872E-07
  e(1:3,2) =   0.719327E-08  0.246433E-06 -0.971528E-08
  e(1:3,3) =  -0.118872E-07 -0.971528E-08  0.253372E-06
Rotation:
  r(1:3,1) =    0.00000     -0.179439E-17 -0.369922E-17
  r(1:3,2) =   0.179439E-17   0.00000     -0.385193E-17
  r(1:3,3) =   0.369922E-17  0.385193E-17   0.00000    
         5 0.500E-14*l_a,m      32.2560086        32.2560086    
         5 0.500E-14*l_b,m      32.2560079        32.2560079    
         5 0.500E-14*l_c,m      32.2560082        32.2560082    
         5 0.500E-14*ang_bc,m      90.0000    90.0000
         5 0.500E-14*ang_ca,m      90.0000    90.0000
         5 0.500E-14*ang_ab,m      90.0000    90.0000
         5 0.500E-14*volume      33560.7659181        33560.7659181    

*temp instantanee des atomes de type 1 =       280.81

 * stress en kbar 
1 sigma potentiel (1,1) (2,1) (3,1) =  0.4979382538      0.4591940238E-01 -0.5423694994E-02
2 sigma potentiel (1,2) (2,2) (3,2) =  0.4591940238E-01  0.2716734769     -0.1083425194E-01
3 sigma potentiel (1,3) (2,3) (3,3) = -0.5423694994E-02 -0.1083425194E-01  0.5431842257    

1 sigma cinetique (1,1) (2,1) (3,1) =   2.438794771      0.4332143401E-01 -0.1281783107    
2 sigma cinetique (1,2) (2,2) (3,2) =  0.4332143401E-01   2.381496655     -0.1077664748    
3 sigma cinetique (1,3) (2,3) (3,3) = -0.1281783107     -0.1077664748       2.280673027    

1 sigma total (1,1) (2,1) (3,1) =   2.936733025      0.8924083638E-01 -0.1336020057    
2 sigma total (1,2) (2,2) (3,2) =  0.8924083638E-01   2.653170131     -0.1186007267    
3 sigma total (1,3) (2,3) (3,3) = -0.1336020057     -0.1186007267       2.823857253    

         5 0.500E-14*Pression =     2.8046    
 pression totale  potentiel = cinetique =
    2.8046       0.43760        2.3670    
 ----------valeurs moyennes------------
*temperature moyenne =       280.81
*pression moyenne =    0.56092    
 --------------------------------------


<<<<<<<<  ITERATION =     10  time =   0.1000000E-13


 --------- Temperatures et Pression--------
 ----------valeurs instantanees------------
        10 0.100E-13*Epot =    -6864.38366595      eV 
    *energie PAIRE EAM =    -1428.87872750      eV 
    *energie GLUE  =    -5435.50493845      eV 
        10 0.100E-13*Ec =     72.7197420236      eV   (274.571 K)
        10 0.100E-13*Etot =    -6791.66392393      eV 

        10 0.100E-13*Temp instantanee = 274.571
 NPT With Parrinello-Rahman
        10 0.100E-13*Kcell =    0.174959832095E-03  eV   (.451 K)
 Box tensor
 a   3.2256033538028899E-007   9.5798622777367547E-015  -1.5619791931800321E-014
 b   9.5798622687037183E-015   3.2256030888348623E-007  -1.3045627001443450E-014
 c  -1.5619791950280142E-014  -1.3045627029837534E-014   3.2256032004852450E-007
Strain (Lagrange def.):
  e(1:3,1) =   0.103975E-05  0.296995E-07 -0.484245E-07
  e(1:3,2) =   0.296995E-07  0.957601E-06 -0.404441E-07
  e(1:3,3) =  -0.484245E-07 -0.404441E-07  0.992214E-06
Rotation:
  r(1:3,1) =    0.00000      0.140021E-16  0.286456E-16
  r(1:3,2) =  -0.140021E-16   0.00000      0.440136E-16
  r(1:3,3) =  -0.286456E-16 -0.440136E-16   0.00000    
        10 0.100E-13*l_a,m      32.2560335        32.2560211    
        10 0.100E-13*l_b,m      32.2560309        32.2560194    
        10 0.100E-13*l_c,m      32.2560320        32.2560201    
        10 0.100E-13*ang_bc,m      90.0000    90.0000
        10 0.100E-13*ang_ca,m      90.0000    90.0000
        10 0.100E-13*ang_ab,m      90.0000    90.0000
        10 0.100E-13*volume      33560.8405651        33560.8032416    

*temp instantanee des atomes de type 1 =       274.57

 * stress en kbar 
1 sigma potentiel (1,1) (2,1) (3,1) =  0.5487309000      0.4716344156E-01 -0.3497445981E-01
2 sigma potentiel (1,2) (2,2) (3,2) =  0.4716344156E-01  0.3334346610     -0.2617350312E-01
3 sigma potentiel (1,3) (2,3) (3,3) = -0.3497445981E-01 -0.2617350312E-01  0.6035686546    

1 sigma cinetique (1,1) (2,1) (3,1) =   2.396563820      0.4662668756E-01 -0.1358582309    
2 sigma cinetique (1,2) (2,2) (3,2) =  0.4662668756E-01   2.318811572     -0.1092573191    
3 sigma cinetique (1,3) (2,3) (3,3) = -0.1358582309     -0.1092573191       2.227827287    

1 sigma total (1,1) (2,1) (3,1) =   2.945294720      0.9379012912E-01 -0.1708326907    
2 sigma total (1,2) (2,2) (3,2) =  0.9379012912E-01   2.652246233     -0.1354308222    
3 sigma total (1,3) (2,3) (3,3) = -0.1708326907     -0.1354308222       2.831395942    

        10 0.100E-13*Pression =     2.8096    
 pression totale  potentiel = cinetique =
    2.8096       0.49524        2.3144    
 ----------valeurs moyennes------------
*temperature moyenne =       277.69
*pression moyenne =    0.78579    
 --------------------------------------


<<<<<<<<  ITERATION =     15  time =   0.1500000E-13


 --------- Temperatures et Pression--------
 ----------valeurs instantanees------------
        15 0.150E-13*Epot =    -6865.78242397      eV 
    *energie PAIRE EAM =    -1426.54941739      eV 
    *energie GLUE  =    -5439.23300658      eV 
        15 0.150E-13*Ec =     69.1028462138      eV   (260.915 K)
        15 0.150E-13*Etot =    -6796.67957776      eV 

        15 0.150E-13*Temp instantanee = 260.915
 NPT With Parrinello-Rahman
        15 0.150E-13*Kcell =    0.416453165287E-03  eV   (1.074 K)
 Box tensor
 a   3.2256075534250114E-007   2.1945182073614521E-014  -3.5840086833915451E-014
 b   2.1945182073578363E-014   3.2256069313451357E-007  -3.0541771614077852E-014
 c  -3.5840086971575895E-014  -3.0541771745356329E-014   3.2256072216750455E-007
Strain (Lagrange def.):
  e(1:3,1) =   0.234171E-05  0.680346E-07 -0.111112E-06
  e(1:3,2) =   0.680346E-07  0.214886E-05 -0.946858E-07
  e(1:3,3) =  -0.111112E-06 -0.946858E-07  0.223887E-05
Rotation:
  r(1:3,1) =    0.00000      0.560498E-19  0.213387E-15
  r(1:3,2) =  -0.560498E-19   0.00000      0.203495E-15
  r(1:3,3) =  -0.213387E-15 -0.203495E-15   0.00000    
        15 0.150E-13*l_a,m      32.2560755        32.2560392    
        15 0.150E-13*l_b,m      32.2560693        32.2560361    
        15 0.150E-13*l_c,m      32.2560722        32.2560375    
        15 0.150E-13*ang_bc,m      90.0000    90.0000
        15 0.150E-13*ang_ca,m      90.0000    90.0000
        15 0.150E-13*ang_ab,m      90.0000    90.0000
        15 0.150E-13*volume      33560.9660783        33560.8575205    

*temp instantanee des atomes de type 1 =       260.91

 * stress en kbar 
1 sigma potentiel (1,1) (2,1) (3,1) =   1.128665335      0.4825732434E-01  0.1697423072E-01
2 sigma potentiel (1,2) (2,2) (3,2) =  0.4825732434E-01  0.9639221762     -0.4927034597E-01
3 sigma potentiel (1,3) (2,3) (3,3) =  0.1697423072E-01 -0.4927034597E-01   1.185514994    

1 sigma cinetique (1,1) (2,1) (3,1) =   2.277581184      0.5001504590E-01 -0.1288147125    
2 sigma cinetique (1,2) (2,2) (3,2) =  0.5001504590E-01   2.198980552     -0.1044699170    
3 sigma cinetique (1,3) (2,3) (3,3) = -0.1288147125     -0.1044699170       2.121278951    

1 sigma total (1,1) (2,1) (3,1) =   3.406246519      0.9827237024E-01 -0.1118404817    
2 sigma total (1,2) (2,2) (3,2) =  0.9827237024E-01   3.162902728     -0.1537402630    
3 sigma total (1,3) (2,3) (3,3) = -0.1118404817     -0.1537402630       3.306793944    

        15 0.150E-13*Pression =     3.2920    
 pression totale  potentiel = cinetique =
    3.2920        1.0927        2.1993    
 ----------valeurs moyennes------------
*temperature moyenne =       272.10
*pression moyenne =    0.95287    
 --------------------------------------


<<<<<<<<  ITERATION =     20  time =   0.2000000E-13


 --------- Temperatures et Pression--------
 ----------valeurs instantanees------------
        20 0.200E-13*Epot =    -6860.96823393      eV 
    *energie PAIRE EAM =    -1421.80595997      eV 
    *energie GLUE  =    -5439.16227396      eV 
        20 0.200E-13*Ec =     64.6096706356      eV   (243.949 K)
        20 0.200E-13*Etot =    -6796.35856330      eV 

        20 0.200E-13*Temp instantanee = 243.949
 NPT With Parrinello-Rahman
        20 0.200E-13*Kcell =    0.810408192100E-03  eV   (2.090 K)
 Box tensor
 a   3.2256136598786967E-007   3.9760383822739048E-014  -6.2324421258666366E-014
 b   3.9760384352266828E-014   3.2256125427278881E-007  -5.6667699537861916E-014
 c  -6.2324421584229035E-014  -5.6667699554619247E-014   3.2256130912522597E-007
Strain (Lagrange def.):
  e(1:3,1) =   0.423484E-05  0.123266E-06 -0.193219E-06
  e(1:3,2) =   0.123266E-06  0.388850E-05 -0.175682E-06
  e(1:3,3) =  -0.193219E-06 -0.175682E-06  0.405856E-05
Rotation:
  r(1:3,1) =    0.00000     -0.820821E-15  0.504654E-15
  r(1:3,2) =   0.820821E-15   0.00000      0.259755E-16
  r(1:3,3) =  -0.504654E-15 -0.259755E-16   0.00000    
        20 0.200E-13*l_a,m      32.2561366        32.2560636    
        20 0.200E-13*l_b,m      32.2561254        32.2560584    
        20 0.200E-13*l_c,m      32.2561309        32.2560608    
        20 0.200E-13*ang_bc,m      90.0000    90.0000
        20 0.200E-13*ang_ca,m      90.0000    90.0000
        20 0.200E-13*ang_ab,m      90.0000    90.0000
        20 0.200E-13*volume      33561.1490676        33560.9304073    

*temp instantanee des atomes de type 1 =       243.95

 * stress en kbar 
1 sigma potentiel (1,1) (2,1) (3,1) =   1.653017616      0.4938563907E-01  0.2212993115E-01
2 sigma potentiel (1,2) (2,2) (3,2) =  0.4938563907E-01   1.499689455     -0.8703782201E-01
3 sigma potentiel (1,3) (2,3) (3,3) =  0.2212993115E-01 -0.8703782201E-01   1.728320860    

1 sigma cinetique (1,1) (2,1) (3,1) =   2.143020971      0.5609660624E-01 -0.1214260792    
2 sigma cinetique (1,2) (2,2) (3,2) =  0.5609660624E-01   2.042082357     -0.9768002511E-01
3 sigma cinetique (1,3) (2,3) (3,3) = -0.1214260792     -0.9768002511E-01   1.983701761    

1 sigma total (1,1) (2,1) (3,1) =   3.796038588      0.1054822453     -0.9929614803E-01
2 sigma total (1,2) (2,2) (3,2) =  0.1054822453       3.541771812     -0.1847178471    
3 sigma total (1,3) (2,3) (3,3) = -0.9929614803E-01 -0.1847178471       3.712022621    

        20 0.200E-13*Pression =     3.6833    
 pression totale  potentiel = cinetique =
    3.6833        1.6270        2.0563    
 ----------valeurs moyennes------------
*temperature moyenne =       265.06
*pression moyenne =     1.0894    
 --------------------------------------


<<<<<<<<  ITERATION =     25  time =   0.2500000E-13


 --------- Temperatures et Pression--------
 ----------valeurs instantanees------------
        25 0.250E-13*Epot =    -6854.72862708      eV 
    *energie PAIRE EAM =    -1415.64386024      eV 
    *energie GLUE  =    -5439.08476684      eV 
        25 0.250E-13*Ec =     58.5737008897      eV   (221.159 K)
        25 0.250E-13*Etot =    -6796.15492619      eV 

        25 0.250E-13*Temp instantanee = 221.159
 NPT With Parrinello-Rahman
        25 0.250E-13*Kcell =    0.140869380925E-02  eV   (3.633 K)
 Box tensor
 a   3.2256218912249086E-007   6.3492405690172783E-014  -9.4225497538109958E-014
 b   6.3492408077952406E-014   3.2256201340711262E-007  -9.3080007258048555E-014
 c  -9.4225498208534985E-014  -9.3080006516316598E-014   3.2256210327396725E-007
Strain (Lagrange def.):
  e(1:3,1) =   0.678674E-05  0.196840E-06 -0.292120E-06
  e(1:3,2) =   0.196840E-06  0.624198E-05 -0.288568E-06
  e(1:3,3) =  -0.292120E-06 -0.288568E-06  0.652059E-05
Rotation:
  r(1:3,1) =    0.00000     -0.370130E-14  0.103923E-14
  r(1:3,2) =   0.370130E-14   0.00000     -0.114976E-14
  r(1:3,3) =  -0.103923E-14  0.114976E-14   0.00000    
        25 0.250E-13*l_a,m      32.2562189        32.2560946    
        25 0.250E-13*l_b,m      32.2562013        32.2560870    
        25 0.250E-13*l_c,m      32.2562103        32.2560907    
        25 0.250E-13*ang_bc,m      90.0000    90.0000
        25 0.250E-13*ang_ca,m      90.0000    90.0000
        25 0.250E-13*ang_ab,m      90.0000    90.0000
        25 0.250E-13*volume      33561.3963245        33561.0235907    

*temp instantanee des atomes de type 1 =       221.16

 * stress en kbar 
1 sigma potentiel (1,1) (2,1) (3,1) =   2.406055045      0.5599234196E-01  0.1449459240E-01
2 sigma potentiel (1,2) (2,2) (3,2) =  0.5599234196E-01   2.247893583     -0.1299864690    
3 sigma potentiel (1,3) (2,3) (3,3) =  0.1449459240E-01 -0.1299864690       2.444065492    

1 sigma cinetique (1,1) (2,1) (3,1) =   1.951811749      0.6014255299E-01 -0.1065042408    
2 sigma cinetique (1,2) (2,2) (3,2) =  0.6014255299E-01   1.842034291     -0.8050773268E-01
3 sigma cinetique (1,3) (2,3) (3,3) = -0.1065042408     -0.8050773268E-01   1.798615253    

1 sigma total (1,1) (2,1) (3,1) =   4.357866794      0.1161348950     -0.9200964845E-01
2 sigma total (1,2) (2,2) (3,2) =  0.1161348950       4.089927874     -0.2104942016    
3 sigma total (1,3) (2,3) (3,3) = -0.9200964845E-01 -0.2104942016       4.242680745    

        25 0.250E-13*Pression =     4.2302    
 pression totale  potentiel = cinetique =
    4.2302        2.3660        1.8642    
 ----------valeurs moyennes------------
*temperature moyenne =       256.28
*pression moyenne =     1.2150    
 --------------------------------------


<<<<<<<<  ITERATION =     30  time =   0.3000000E-13


 --------- Temperatures et Pression--------
 ----------valeurs instantanees------------
        30 0.300E-13*Epot =    -6847.95307249      eV 
    *energie PAIRE EAM =    -1408.93748335      eV 
    *energie GLUE  =    -5439.01558914      eV 
        30 0.300E-13*Ec =     51.7461815852      eV   (195.380 K)
        30 0.300E-13*Etot =    -6796.20689091      eV 

        30 0.300E-13*Temp instantanee = 195.380
 NPT With Parrinello-Rahman
        30 0.300E-13*Kcell =    0.230277918045E-02  eV   (5.938 K)
 Box tensor
 a   3.2256325374592749E-007   9.3683400581422210E-014  -1.3138316966424592E-013
 b   9.3683407468777965E-014   3.2256299916133619E-007  -1.4148490367595487E-013
 c  -1.3138317062986427E-013  -1.4148490028289084E-013   3.2256313229462996E-007
Strain (Lagrange def.):
  e(1:3,1) =   0.100873E-04  0.290440E-06 -0.407318E-06
  e(1:3,2) =   0.290440E-06  0.929804E-05 -0.438635E-06
  e(1:3,3) =  -0.407318E-06 -0.438635E-06  0.971078E-05
Rotation:
  r(1:3,1) =    0.00000     -0.106761E-13  0.149680E-14
  r(1:3,2) =   0.106761E-13   0.00000     -0.525959E-14
  r(1:3,3) =  -0.149680E-14  0.525959E-14   0.00000    
        30 0.300E-13*l_a,m      32.2563254        32.2561331    
        30 0.300E-13*l_b,m      32.2562999        32.2561225    
        30 0.300E-13*l_c,m      32.2563132        32.2561278    
        30 0.300E-13*ang_bc,m      90.0001    90.0000
        30 0.300E-13*ang_ca,m      90.0000    90.0000
        30 0.300E-13*ang_ab,m      90.0000    90.0000
        30 0.300E-13*volume      33561.7167256        33561.1391132    

*temp instantanee des atomes de type 1 =       195.38

 * stress en kbar 
1 sigma potentiel (1,1) (2,1) (3,1) =   3.244512983      0.7961942908E-01 -0.1045616053E-01
2 sigma potentiel (1,2) (2,2) (3,2) =  0.7961942908E-01   3.085114126     -0.1773735158    
3 sigma potentiel (1,3) (2,3) (3,3) = -0.1045616053E-01 -0.1773735158       3.257486827    

1 sigma cinetique (1,1) (2,1) (3,1) =   1.729733332      0.5788685396E-01 -0.9689101479E-01
2 sigma cinetique (1,2) (2,2) (3,2) =  0.5788685396E-01   1.623960112     -0.7209082750E-01
3 sigma cinetique (1,3) (2,3) (3,3) = -0.9689101479E-01 -0.7209082750E-01   1.586847284    

1 sigma total (1,1) (2,1) (3,1) =   4.974246315      0.1375062830     -0.1073471753    
2 sigma total (1,2) (2,2) (3,2) =  0.1375062830       4.709074237     -0.2494643433    
3 sigma total (1,3) (2,3) (3,3) = -0.1073471753     -0.2494643433       4.844334112    

        30 0.300E-13*Pression =     4.8426    
 pression totale  potentiel = cinetique =
    4.8426        3.1957        1.6468    
 ----------valeurs moyennes------------
*temperature moyenne =       246.13
*pression moyenne =     1.3359    
 --------------------------------------


<<<<<<<<  ITERATION =     35  time =   0.3500000E-13


 --------- Temperatures et Pression--------
 ----------valeurs instantanees------------
        35 0.350E-13*Epot =    -6841.21269950      eV 
    *energie PAIRE EAM =    -1402.25486555      eV 
    *energie GLUE  =    -5438.95783395      eV 
        35 0.350E-13*Ec =     45.6095388711      eV   (172.210 K)
        35 0.350E-13*Etot =    -6795.60316062      eV 

        35 0.350E-13*Temp instantanee = 172.210
 NPT With Parrinello-Rahman
        35 0.350E-13*Kcell =    0.357846591355E-02  eV   (9.228 K)
 Box tensor
 a   3.2256459393987055E-007   1.3175235336870341E-013  -1.7437286209657964E-013
 b   1.3175236996930994E-013   3.2256424623545456E-007  -2.0357323125728764E-013
 c  -1.7437286327991293E-013  -2.0357322122511735E-013   3.2256443002602485E-007
Strain (Lagrange def.):
  e(1:3,1) =   0.142422E-04  0.408464E-06 -0.540598E-06
  e(1:3,2) =   0.408464E-06  0.131643E-04 -0.631126E-06
  e(1:3,3) =  -0.540598E-06 -0.631126E-06  0.137341E-04
Rotation:
  r(1:3,1) =    0.00000     -0.257326E-13  0.183428E-14
  r(1:3,2) =   0.257326E-13   0.00000     -0.155509E-13
  r(1:3,3) =  -0.183428E-14  0.155509E-13   0.00000    
        35 0.350E-13*l_a,m      32.2564594        32.2561797    
        35 0.350E-13*l_b,m      32.2564246        32.2561656    
        35 0.350E-13*l_c,m      32.2564430        32.2561728    
        35 0.350E-13*ang_bc,m      90.0001    90.0000
        35 0.350E-13*ang_ca,m      90.0001    90.0000
        35 0.350E-13*ang_ab,m      90.0000    90.0000
        35 0.350E-13*volume      33562.1209496        33561.2793756    

*temp instantanee des atomes de type 1 =       172.21

 * stress en kbar 
1 sigma potentiel (1,1) (2,1) (3,1) =   4.042292605      0.1184912503     -0.4656102373E-01
2 sigma potentiel (1,2) (2,2) (3,2) =  0.1184912503       3.912656582     -0.2138465367    
3 sigma potentiel (1,3) (2,3) (3,3) = -0.4656102373E-01 -0.2138465367       4.059030011    

1 sigma cinetique (1,1) (2,1) (3,1) =   1.518742738      0.5584071375E-01 -0.7824127441E-01
2 sigma cinetique (1,2) (2,2) (3,2) =  0.5584071375E-01   1.430382353     -0.5229560833E-01
3 sigma cinetique (1,3) (2,3) (3,3) = -0.7824127441E-01 -0.5229560833E-01   1.405458446    

1 sigma total (1,1) (2,1) (3,1) =   5.561035343      0.1743319640     -0.1248022981    
2 sigma total (1,2) (2,2) (3,2) =  0.1743319640       5.343038936     -0.2661421450    
3 sigma total (1,3) (2,3) (3,3) = -0.1248022981     -0.2661421450       5.464488456    

        35 0.350E-13*Pression =     5.4562    
 pression totale  potentiel = cinetique =
    5.4562        4.0047        1.4515    
 ----------valeurs moyennes------------
*temperature moyenne =       235.57
*pression moyenne =     1.4537    
 --------------------------------------


<<<<<<<<  ITERATION =     40  time =   0.4000000E-13


 --------- Temperatures et Pression--------
 ----------valeurs instantanees------------
        40 0.400E-13*Epot =    -6837.10590337      eV 
    *energie PAIRE EAM =    -1398.18492788      eV 
    *energie GLUE  =    -5438.92097549      eV 
        40 0.400E-13*Ec =     41.7538995435      eV   (157.652 K)
        40 0.400E-13*Etot =    -6795.35200382      eV 

        40 0.400E-13*Temp instantanee = 157.652
 NPT With Parrinello-Rahman
        40 0.400E-13*Kcell =    0.529935472421E-02  eV   (13.666 K)
 Box tensor
 a   3.2256623967808516E-007   1.7968127483664056E-013  -2.2387112170960184E-013
 b   1.7968131089282268E-013   3.2256578701024950E-007  -2.8028549574198863E-013
 c  -2.2387112350781422E-013  -2.8028547235994723E-013   3.2256602835724943E-007
Strain (Lagrange def.):
  e(1:3,1) =   0.193444E-04  0.557058E-06 -0.694058E-06
  e(1:3,2) =   0.557058E-06  0.179410E-04 -0.868957E-06
  e(1:3,3) =  -0.694058E-06 -0.868957E-06  0.186893E-04
Rotation:
  r(1:3,1) =    0.00000     -0.558907E-13  0.278741E-14
  r(1:3,2) =   0.558907E-13   0.00000     -0.362445E-13
  r(1:3,3) =  -0.278741E-14  0.362445E-13   0.00000    
        40 0.400E-13*l_a,m      32.2566240        32.2562352    
        40 0.400E-13*l_b,m      32.2565787        32.2562173    
        40 0.400E-13*l_c,m      32.2566028        32.2562266    
        40 0.400E-13*ang_bc,m      90.0001    90.0000
        40 0.400E-13*ang_ca,m      90.0001    90.0000
        40 0.400E-13*ang_ab,m      89.9999    90.0000
        40 0.400E-13*volume      33562.6188046        33561.4468042    

*temp instantanee des atomes de type 1 =       157.65

 * stress en kbar 
1 sigma potentiel (1,1) (2,1) (3,1) =   4.537146168      0.1836272090     -0.5269732604E-01
2 sigma potentiel (1,2) (2,2) (3,2) =  0.1836272090       4.410118832     -0.2310738203    
3 sigma potentiel (1,3) (2,3) (3,3) = -0.5269732604E-01 -0.2310738203       4.564397051    

1 sigma cinetique (1,1) (2,1) (3,1) =   1.373821898      0.4051114985E-01 -0.6442624704E-01
2 sigma cinetique (1,2) (2,2) (3,2) =  0.4051114985E-01   1.321605823     -0.4899727476E-01
3 sigma cinetique (1,3) (2,3) (3,3) = -0.6442624704E-01 -0.4899727476E-01   1.290978435    

1 sigma total (1,1) (2,1) (3,1) =   5.910968066      0.2241383588     -0.1171235731    
2 sigma total (1,2) (2,2) (3,2) =  0.2241383588       5.731724654     -0.2800710951    
3 sigma total (1,3) (2,3) (3,3) = -0.1171235731     -0.2800710951       5.855375486    

        40 0.400E-13*Pression =     5.8327    
 pression totale  potentiel = cinetique =
    5.8327        4.5039        1.3288    
 ----------valeurs moyennes------------
*temperature moyenne =       225.83
*pression moyenne =     1.5631    
 --------------------------------------


<<<<<<<<  ITERATION =     45  time =   0.4500000E-13


 --------- Temperatures et Pression--------
 ----------valeurs instantanees------------
        45 0.450E-13*Epot =    -6834.33430017      eV 
    *energie PAIRE EAM =    -1395.42162468      eV 
    *energie GLUE  =    -5438.91267549      eV 
        45 0.450E-13*Ec =     38.8895389648      eV   (146.837 K)
        45 0.450E-13*Etot =    -6795.44476121      eV 

        45 0.450E-13*Temp instantanee = 146.837
 NPT With Parrinello-Rahman
        45 0.450E-13*Kcell =    0.746371701271E-02  eV   (19.248 K)
 Box tensor
 a   3.2256821057047455E-007   2.4008093077662646E-013  -2.7979285621138878E-013
 b   2.4008100386640808E-013   3.2256764339302263E-007  -3.7242619904675703E-013
 c  -2.7979285844416044E-013  -3.7242615123971923E-013   3.2256794885425812E-007
Strain (Lagrange def.):
  e(1:3,1) =   0.254547E-04  0.744317E-06 -0.867436E-06
  e(1:3,2) =   0.744317E-06  0.236963E-04 -0.115462E-05
  e(1:3,3) =  -0.867436E-06 -0.115462E-05  0.246433E-04
Rotation:
  r(1:3,1) =    0.00000     -0.113296E-12  0.346102E-14
  r(1:3,2) =   0.113296E-12   0.00000     -0.741057E-13
  r(1:3,3) =  -0.346102E-14  0.741057E-13   0.00000    
        45 0.450E-13*l_a,m      32.2568211        32.2563003    
        45 0.450E-13*l_b,m      32.2567643        32.2562781    
        45 0.450E-13*l_c,m      32.2567949        32.2562897    
        45 0.450E-13*ang_bc,m      90.0001    90.0000
        45 0.450E-13*ang_ca,m      90.0001    90.0000
        45 0.450E-13*ang_ab,m      89.9999    90.0000
        45 0.450E-13*volume      33563.2168571        33561.6434767    

*temp instantanee des atomes de type 1 =       146.84

 * stress en kbar 
1 sigma potentiel (1,1) (2,1) (3,1) =   4.830742343      0.2470068863     -0.7013057946E-01
2 sigma potentiel (1,2) (2,2) (3,2) =  0.2470068863       4.702962162     -0.2504140627    
3 sigma potentiel (1,3) (2,3) (3,3) = -0.7013057946E-01 -0.2504140627       4.869115867    

1 sigma cinetique (1,1) (2,1) (3,1) =   1.253606495      0.2867663492E-01 -0.5246004749E-01
2 sigma cinetique (1,2) (2,2) (3,2) =  0.2867663492E-01   1.247308983     -0.4795548336E-01
3 sigma cinetique (1,3) (2,3) (3,3) = -0.5246004749E-01 -0.4795548336E-01   1.211952943    

1 sigma total (1,1) (2,1) (3,1) =   6.084348838      0.2756835212     -0.1225906270    
2 sigma total (1,2) (2,2) (3,2) =  0.2756835212       5.950271146     -0.2983695461    
3 sigma total (1,3) (2,3) (3,3) = -0.1225906270     -0.2983695461       6.081068810    

        45 0.450E-13*Pression =     6.0386    
 pression totale  potentiel = cinetique =
    6.0386        4.8009        1.2376    
 ----------valeurs moyennes------------
*temperature moyenne =       217.05
*pression moyenne =     1.6626    
 --------------------------------------


<<<<<<<<  ITERATION =     50  time =   0.5000000E-13


 --------- Temperatures et Pression--------
 ----------valeurs instantanees------------
        50 0.500E-13*Epot =    -6836.16920408      eV 
    *energie PAIRE EAM =    -1395.93782930      eV 
    *energie GLUE  =    -5440.23137478      eV 
        50 0.500E-13*Ec =     38.7074385774      eV   (146.149 K)
        50 0.500E-13*Etot =    -6797.46176550      eV 

        50 0.500E-13*Temp instantanee = 146.149
 NPT With Parrinello-Rahman
        50 0.500E-13*Kcell =    0.100589224482E-01  eV   (25.940 K)
 Box tensor
 a   3.2257051598099467E-007   3.1567863655570784E-013  -3.4240908179356760E-013
 b   3.1567877588383039E-013   3.2256982788350758E-007  -4.8145777655885526E-013
 c  -3.4240908431737582E-013  -4.8145768637802222E-013   3.2257020309841041E-007
Strain (Lagrange def.):
  e(1:3,1) =   0.326022E-04  0.978698E-06 -0.106157E-05
  e(1:3,2) =   0.978698E-06  0.304689E-04 -0.149266E-05
  e(1:3,3) =  -0.106157E-05 -0.149266E-05  0.316321E-04
Rotation:
  r(1:3,1) =    0.00000     -0.215972E-12  0.391215E-14
  r(1:3,2) =   0.215972E-12   0.00000     -0.139789E-12
  r(1:3,3) =  -0.391215E-14  0.139789E-12   0.00000    
        50 0.500E-13*l_a,m      32.2570516        32.2563755    
        50 0.500E-13*l_b,m      32.2569828        32.2563485    
        50 0.500E-13*l_c,m      32.2570203        32.2563628    
        50 0.500E-13*ang_bc,m      90.0002    90.0001
        50 0.500E-13*ang_ca,m      90.0001    90.0000
        50 0.500E-13*ang_ab,m      89.9999    90.0000
        50 0.500E-13*volume      33563.9185907        33561.8709881    

*temp instantanee des atomes de type 1 =       146.15

 * stress en kbar 
1 sigma potentiel (1,1) (2,1) (3,1) =   4.900663252      0.2866355012     -0.9489348559E-01
2 sigma potentiel (1,2) (2,2) (3,2) =  0.2866355012       4.861830226     -0.2961674547    
3 sigma potentiel (1,3) (2,3) (3,3) = -0.9489348559E-01 -0.2961674547       4.953754312    

1 sigma cinetique (1,1) (2,1) (3,1) =   1.234504896      0.1518249692E-01 -0.4921682929E-01
2 sigma cinetique (1,2) (2,2) (3,2) =  0.1518249692E-01   1.243940582     -0.4500441387E-01
3 sigma cinetique (1,3) (2,3) (3,3) = -0.4921682929E-01 -0.4500441387E-01   1.216960162    

1 sigma total (1,1) (2,1) (3,1) =   6.135168148      0.3018179981     -0.1441103149    
2 sigma total (1,2) (2,2) (3,2) =  0.3018179981       6.105770808     -0.3411718685    
3 sigma total (1,3) (2,3) (3,3) = -0.1441103149     -0.3411718685       6.170714475    

        50 0.500E-13*Pression =     6.1372    
 pression totale  potentiel = cinetique =
    6.1372        4.9054        1.2318    
 ----------valeurs moyennes------------
*temperature moyenne =       209.96
*pression moyenne =     1.7521    
 --------------------------------------


<<<<<<<<  ITERATION =     55  time =   0.5500000E-13


 --------- Temperatures et Pression--------
 ----------valeurs instantanees------------
        55 0.550E-13*Epot =    -6832.00034727      eV 
    *energie PAIRE EAM =    -1394.46053622      eV 
    *energie GLUE  =    -5437.53981105      eV 
        55 0.550E-13*Ec =     39.0493853898      eV   (147.440 K)
        55 0.550E-13*Etot =    -6792.95096188      eV 

        55 0.550E-13*Temp instantanee = 147.440
 NPT With Parrinello-Rahman
        55 0.550E-13*Kcell =    0.129810417283E-01  eV   (33.476 K)
 Box tensor
 a   3.2257315427380860E-007   4.0799071787188474E-013  -4.1286491104046241E-013
 b   4.0799096597129299E-013   3.2257234393252609E-007  -6.0911757219033701E-013
 c  -4.1286491706011684E-013  -6.0911741306431616E-013   3.2257279231226507E-007
Strain (Lagrange def.):
  e(1:3,1) =   0.407817E-04  0.126490E-05 -0.128002E-05
  e(1:3,2) =   0.126490E-05  0.382694E-04 -0.188846E-05
  e(1:3,3) =  -0.128002E-05 -0.188846E-05  0.396595E-04
Rotation:
  r(1:3,1) =    0.00000     -0.384579E-12  0.933106E-14
  r(1:3,2) =   0.384579E-12   0.00000     -0.246661E-12
  r(1:3,3) =  -0.933106E-14  0.246661E-12   0.00000    
        55 0.550E-13*l_a,m      32.2573154        32.2564609    
        55 0.550E-13*l_b,m      32.2572344        32.2564291    
        55 0.550E-13*l_c,m      32.2572792        32.2564461    
        55 0.550E-13*ang_bc,m      90.0002    90.0001
        55 0.550E-13*ang_ca,m      90.0001    90.0001
        55 0.550E-13*ang_ab,m      89.9999    90.0000
        55 0.550E-13*volume      33564.7243258        33562.1303825    

*temp instantanee des atomes de type 1 =       147.44

 * stress en kbar 
1 sigma potentiel (1,1) (2,1) (3,1) =   4.644377874      0.3122284014     -0.1031220691    
2 sigma potentiel (1,2) (2,2) (3,2) =  0.3122284014       4.613114506     -0.2937211871    
3 sigma potentiel (1,3) (2,3) (3,3) = -0.1031220691     -0.2937211871       4.744549960    

1 sigma cinetique (1,1) (2,1) (3,1) =   1.238752698      0.5142594055E-02 -0.5386352197E-01
2 sigma cinetique (1,2) (2,2) (3,2) =  0.5142594055E-02   1.255052239     -0.4116376231E-01
3 sigma cinetique (1,3) (2,3) (3,3) = -0.5386352197E-01 -0.4116376231E-01   1.234156930    

1 sigma total (1,1) (2,1) (3,1) =   5.883130572      0.3173709954     -0.1569855911    
2 sigma total (1,2) (2,2) (3,2) =  0.3173709954       5.868166745     -0.3348849494    
3 sigma total (1,3) (2,3) (3,3) = -0.1569855911     -0.3348849494       5.978706890    

        55 0.550E-13*Pression =     5.9100    
 pression totale  potentiel = cinetique =
    5.9100        4.6673        1.2427    
 ----------valeurs moyennes------------
*temperature moyenne =       204.28
*pression moyenne =     1.8277    
 --------------------------------------


<<<<<<<<  ITERATION =     60  time =   0.6000000E-13


 --------- Temperatures et Pression--------
 ----------valeurs instantanees------------
        60 0.600E-13*Epot =    -6834.88125647      eV 
    *energie PAIRE EAM =    -1395.87181342      eV 
    *energie GLUE  =    -5439.00944305      eV 
        60 0.600E-13*Ec =     40.6120650011      eV   (153.341 K)
        60 0.600E-13*Etot =    -6794.26919147      eV 

        60 0.600E-13*Temp instantanee = 153.341
 NPT With Parrinello-Rahman
        60 0.600E-13*Kcell =    0.161855118345E-01  eV   (41.740 K)
 Box tensor
 a   3.2257611341078287E-007   5.1763821709969449E-013  -4.9182413020935144E-013
 b   5.1763862489206789E-013   3.2257518072430773E-007  -7.5517006529567795E-013
 c  -4.9182414727444694E-013  -7.5516981147988587E-013   3.2257570811014124E-007
Strain (Lagrange def.):
  e(1:3,1) =   0.499560E-04  0.160486E-05 -0.152483E-05
  e(1:3,2) =   0.160486E-05  0.470644E-04 -0.234129E-05
  e(1:3,3) =  -0.152483E-05 -0.234129E-05  0.486994E-04
Rotation:
  r(1:3,1) =    0.00000     -0.632119E-12  0.264526E-13
  r(1:3,2) =   0.632119E-12   0.00000     -0.393440E-12
  r(1:3,3) =  -0.264526E-13  0.393440E-12   0.00000    
        60 0.600E-13*l_a,m      32.2576113        32.2565568    
        60 0.600E-13*l_b,m      32.2575181        32.2565198    
        60 0.600E-13*l_c,m      32.2575708        32.2565398    
        60 0.600E-13*ang_bc,m      90.0003    90.0001
        60 0.600E-13*ang_ca,m      90.0002    90.0001
        60 0.600E-13*ang_ab,m      89.9998    89.9999
        60 0.600E-13*volume      33565.6308168        33562.4220853    

*temp instantanee des atomes de type 1 =       153.34

 * stress en kbar 
1 sigma potentiel (1,1) (2,1) (3,1) =   4.452983136      0.2861298167     -0.9335843008E-01
2 sigma potentiel (1,2) (2,2) (3,2) =  0.2861298167       4.334914569     -0.2839415301    
3 sigma potentiel (1,3) (2,3) (3,3) = -0.9335843008E-01 -0.2839415301       4.613044373    

1 sigma cinetique (1,1) (2,1) (3,1) =   1.275622096      0.6977254243E-02 -0.5566228864E-01
2 sigma cinetique (1,2) (2,2) (3,2) =  0.6977254243E-02   1.309570373     -0.3717161634E-01
3 sigma cinetique (1,3) (2,3) (3,3) = -0.5566228864E-01 -0.3717161634E-01   1.291850392    

1 sigma total (1,1) (2,1) (3,1) =   5.728605232      0.2931070709     -0.1490207187    
2 sigma total (1,2) (2,2) (3,2) =  0.2931070709       5.644484942     -0.3211131464    
3 sigma total (1,3) (2,3) (3,3) = -0.1490207187     -0.3211131464       5.904894764    

        60 0.600E-13*Pression =     5.7593    
 pression totale  potentiel = cinetique =
    5.7593        4.4670        1.2923    
 ----------valeurs moyennes------------
*temperature moyenne =       200.03
*pression moyenne =     1.8932    
 --------------------------------------


<<<<<<<<  ITERATION =     65  time =   0.6500000E-13


 --------- Temperatures et Pression--------
 ----------valeurs instantanees------------
        65 0.650E-13*Epot =    -6838.59015210      eV 
    *energie PAIRE EAM =    -1399.51180917      eV 
    *energie GLUE  =    -5439.07834294      eV 
        65 0.650E-13*Ec =     44.3398518691      eV   (167.416 K)
        65 0.650E-13*Etot =    -6794.25030023      eV 

        65 0.650E-13*Temp instantanee = 167.416
 NPT With Parrinello-Rahman
        65 0.650E-13*Kcell =    0.194873423930E-01  eV   (50.255 K)
 Box tensor
 a   3.2257938081727456E-007   6.4333220624373456E-013  -5.7912004348899855E-013
 b   6.4333282300888777E-013   3.2257832308936931E-007  -9.1904276086711929E-013
 c  -5.7912008789529157E-013  -9.1904240153190301E-013   3.2257894171129014E-007
Strain (Lagrange def.):
  e(1:3,1) =   0.600862E-04  0.199458E-05 -0.179550E-05
  e(1:3,2) =   0.199458E-05  0.568068E-04 -0.284938E-05
  e(1:3,3) =  -0.179550E-05 -0.284938E-05  0.587248E-04
Rotation:
  r(1:3,1) =    0.00000     -0.956047E-12  0.688342E-13
  r(1:3,2) =   0.956047E-12   0.00000     -0.557005E-12
  r(1:3,3) =  -0.688342E-13  0.557005E-12   0.00000    
        65 0.650E-13*l_a,m      32.2579381        32.2566630    
        65 0.650E-13*l_b,m      32.2578323        32.2566208    
        65 0.650E-13*l_c,m      32.2578942        32.2566440    
        65 0.650E-13*ang_bc,m      90.0003    90.0001
        65 0.650E-13*ang_ca,m      90.0002    90.0001
        65 0.650E-13*ang_ab,m      89.9998    89.9999
        65 0.650E-13*volume      33566.6342683        33562.7460994    

*temp instantanee des atomes de type 1 =       167.42

 * stress en kbar 
1 sigma potentiel (1,1) (2,1) (3,1) =   3.957257702      0.2517470403     -0.9047341074E-01
2 sigma potentiel (1,2) (2,2) (3,2) =  0.2517470403       3.818683715     -0.2891564552    
3 sigma potentiel (1,3) (2,3) (3,3) = -0.9047341074E-01 -0.2891564552       4.141656732    

1 sigma cinetique (1,1) (2,1) (3,1) =   1.401046201      0.8558759657E-02 -0.7627667188E-01
2 sigma cinetique (1,2) (2,2) (3,2) =  0.8558759657E-02   1.421382760     -0.3957874977E-01
3 sigma cinetique (1,3) (2,3) (3,3) = -0.7627667188E-01 -0.3957874977E-01   1.410361642    

1 sigma total (1,1) (2,1) (3,1) =   5.358303902      0.2603057999     -0.1667500826    
2 sigma total (1,2) (2,2) (3,2) =  0.2603057999       5.240066475     -0.3287352050    
3 sigma total (1,3) (2,3) (3,3) = -0.1667500826     -0.3287352050       5.552018374    

        65 0.650E-13*Pression =     5.3835    
 pression totale  potentiel = cinetique =
    5.3835        3.9725        1.4109    
 ----------valeurs moyennes------------
*temperature moyenne =       197.53
*pression moyenne =     1.9469    
 --------------------------------------


<<<<<<<<  ITERATION =     70  time =   0.7000000E-13


 --------- Temperatures et Pression--------
 ----------valeurs instantanees------------
        70 0.700E-13*Epot =    -6841.17396762      eV 
    *energie PAIRE EAM =    -1402.02807461      eV 
    *energie GLUE  =    -5439.14589301      eV 
        70 0.700E-13*Ec =     46.7733400221      eV   (176.604 K)
        70 0.700E-13*Etot =    -6794.40062760      eV 

        70 0.700E-13*Temp instantanee = 176.604
 NPT With Parrinello-Rahman
        70 0.700E-13*Kcell =    0.228636642130E-01  eV   (58.962 K)
 Box tensor
 a   3.2258293471619513E-007   7.8319778125608982E-013  -6.7519445880650823E-013
 b   7.8319864866041105E-013   3.2258174628632228E-007  -1.1005706710546631E-012
 c  -6.7519455727341354E-013  -1.1005702120992493E-012   3.2258247282880680E-007
Strain (Lagrange def.):
  e(1:3,1) =   0.711047E-04  0.242824E-05 -0.209339E-05
  e(1:3,2) =   0.242824E-05  0.674201E-04 -0.341222E-05
  e(1:3,3) =  -0.209339E-05 -0.341222E-05  0.696727E-04
Rotation:
  r(1:3,1) =    0.00000     -0.134456E-11  0.152633E-12
  r(1:3,2) =   0.134456E-11   0.00000     -0.711426E-12
  r(1:3,3) =  -0.152633E-12  0.711426E-12   0.00000    
        70 0.700E-13*l_a,m      32.2582935        32.2567795    
        70 0.700E-13*l_b,m      32.2581746        32.2567318    
        70 0.700E-13*l_c,m      32.2582473        32.2567585    
        70 0.700E-13*ang_bc,m      90.0004    90.0001
        70 0.700E-13*ang_ca,m      90.0002    90.0001
        70 0.700E-13*ang_ab,m      89.9997    89.9999
        70 0.700E-13*volume      33567.7277345        33563.1019305    

*temp instantanee des atomes de type 1 =       176.60

 * stress en kbar 
1 sigma potentiel (1,1) (2,1) (3,1) =   3.606482207      0.2147510247     -0.6464718315E-01
2 sigma potentiel (1,2) (2,2) (3,2) =  0.2147510247       3.475671281     -0.2899614869    
3 sigma potentiel (1,3) (2,3) (3,3) = -0.6464718315E-01 -0.2899614869       3.779956937    

1 sigma cinetique (1,1) (2,1) (3,1) =   1.475560470      0.9590026706E-02 -0.9024309396E-01
2 sigma cinetique (1,2) (2,2) (3,2) =  0.9590026706E-02   1.503489673     -0.4167995243E-01
3 sigma cinetique (1,3) (2,3) (3,3) = -0.9024309396E-01 -0.4167995243E-01   1.485901734    

1 sigma total (1,1) (2,1) (3,1) =   5.082042677      0.2243410514     -0.1548902771    
2 sigma total (1,2) (2,2) (3,2) =  0.2243410514       4.979160954     -0.3316414393    
3 sigma total (1,3) (2,3) (3,3) = -0.1548902771     -0.3316414393       5.265858672    

        70 0.700E-13*Pression =     5.1090    
 pression totale  potentiel = cinetique =
    5.1090        3.6207        1.4883    
 ----------valeurs moyennes------------
*temperature moyenne =       196.03
*pression moyenne =     1.9921    
 --------------------------------------


<<<<<<<<  ITERATION =     75  time =   0.7500000E-13


 --------- Temperatures et Pression--------
 ----------valeurs instantanees------------
        75 0.750E-13*Epot =    -6838.73786456      eV 
    *energie PAIRE EAM =    -1402.26229122      eV 
    *energie GLUE  =    -5436.47557333      eV 
        75 0.750E-13*Ec =     48.8410911076      eV   (184.411 K)
        75 0.750E-13*Etot =    -6789.89677345      eV 

        75 0.750E-13*Temp instantanee = 184.411
 NPT With Parrinello-Rahman
        75 0.750E-13*Kcell =    0.262608215435E-01  eV   (67.722 K)
 Box tensor
 a   3.2258675750744841E-007   9.3521509977212176E-013  -7.7975166804302305E-013
 b   9.3521625637301261E-013   3.2258543248146870E-007  -1.2998681698130589E-012
 c  -7.7975185618500901E-013  -1.2998676217606883E-012   3.2258628314912856E-007
Strain (Lagrange def.):
  e(1:3,1) =   0.829570E-04  0.289959E-05 -0.241759E-05
  e(1:3,2) =   0.289959E-05  0.788489E-04 -0.403017E-05
  e(1:3,3) =  -0.241759E-05 -0.403017E-05  0.814863E-04
Rotation:
  r(1:3,1) =    0.00000     -0.179285E-11  0.291639E-12
  r(1:3,2) =   0.179285E-11   0.00000     -0.849536E-12
  r(1:3,3) =  -0.291639E-12  0.849536E-12   0.00000    
        75 0.750E-13*l_a,m      32.2586758        32.2569059    
        75 0.750E-13*l_b,m      32.2585432        32.2568525    
        75 0.750E-13*l_c,m      32.2586283        32.2568832    
        75 0.750E-13*ang_bc,m      90.0005    90.0002
        75 0.750E-13*ang_ca,m      90.0003    90.0001
        75 0.750E-13*ang_ab,m      89.9997    89.9999
        75 0.750E-13*volume      33568.9056282        33563.4888437    

*temp instantanee des atomes de type 1 =       184.41

 * stress en kbar 
1 sigma potentiel (1,1) (2,1) (3,1) =   3.241506112      0.1736001474     -0.3840044092E-01
2 sigma potentiel (1,2) (2,2) (3,2) =  0.1736001474       3.113778227     -0.2890342944    
3 sigma potentiel (1,3) (2,3) (3,3) = -0.3840044092E-01 -0.2890342944       3.450798377    

1 sigma cinetique (1,1) (2,1) (3,1) =   1.564236147      0.1657040329E-01 -0.1079369161    
2 sigma cinetique (1,2) (2,2) (3,2) =  0.1657040329E-01   1.544683874     -0.4337145079E-01
3 sigma cinetique (1,3) (2,3) (3,3) = -0.1079369161     -0.4337145079E-01   1.553254402    

1 sigma total (1,1) (2,1) (3,1) =   4.805742259      0.1901705507     -0.1463373571    
2 sigma total (1,2) (2,2) (3,2) =  0.1901705507       4.658462101     -0.3324057452    
3 sigma total (1,3) (2,3) (3,3) = -0.1463373571     -0.3324057452       5.004052778    

        75 0.750E-13*Pression =     4.8228    
 pression totale  potentiel = cinetique =
    4.8228        3.2687        1.5541    
 ----------valeurs moyennes------------
*temperature moyenne =       195.26
*pression moyenne =     2.0298    
 --------------------------------------


<<<<<<<<  ITERATION =     80  time =   0.8000000E-13


 --------- Temperatures et Pression--------
 ----------valeurs instantanees------------
        80 0.800E-13*Epot =    -6839.76436518      eV 
    *energie PAIRE EAM =    -1403.23547242      eV 
    *energie GLUE  =    -5436.52889275      eV 
        80 0.800E-13*Ec =     50.0309544651      eV   (188.904 K)
        80 0.800E-13*Etot =    -6789.73341071      eV 

        80 0.800E-13*Temp instantanee = 188.904
 NPT With Parrinello-Rahman
        80 0.800E-13*Kcell =    0.297562956269E-01  eV   (76.736 K)
 Box tensor
 a   3.2259083410622173E-007   1.0972521649713558E-012  -8.9202360163982107E-013
 b   1.0972536418263181E-012   3.2258936488818737E-007  -1.5170260934256899E-012
 c  -8.9202392939582701E-013  -1.5170254831186326E-012   3.2259035841069346E-007
Strain (Lagrange def.):
  e(1:3,1) =   0.955964E-04  0.340203E-05 -0.276572E-05
  e(1:3,2) =   0.340203E-05  0.910411E-04 -0.470352E-05
  e(1:3,3) =  -0.276572E-05 -0.470352E-05  0.941215E-04
Rotation:
  r(1:3,1) =    0.00000     -0.228927E-11  0.508054E-12
  r(1:3,2) =   0.228927E-11   0.00000     -0.946036E-12
  r(1:3,3) =  -0.508054E-12  0.946036E-12   0.00000    
        80 0.800E-13*l_a,m      32.2590834        32.2570420    
        80 0.800E-13*l_b,m      32.2589365        32.2569828    
        80 0.800E-13*l_c,m      32.2590358        32.2570177    
        80 0.800E-13*ang_bc,m      90.0005    90.0002
        80 0.800E-13*ang_ca,m      90.0003    90.0001
        80 0.800E-13*ang_ab,m      89.9996    89.9999
        80 0.800E-13*volume      33570.1631544        33563.9059881    

*temp instantanee des atomes de type 1 =       188.90

 * stress en kbar 
1 sigma potentiel (1,1) (2,1) (3,1) =   3.099674744      0.1307582715     -0.3516074503E-02
2 sigma potentiel (1,2) (2,2) (3,2) =  0.1307582715       2.976978359     -0.2711281528    
3 sigma potentiel (1,3) (2,3) (3,3) = -0.3516074503E-02 -0.2711281528       3.324836671    

1 sigma cinetique (1,1) (2,1) (3,1) =   1.617042777      0.2183676028E-01 -0.1191329919    
2 sigma cinetique (1,2) (2,2) (3,2) =  0.2183676028E-01   1.566971527     -0.5504867002E-01
3 sigma cinetique (1,3) (2,3) (3,3) = -0.1191329919     -0.5504867002E-01   1.591560799    

1 sigma total (1,1) (2,1) (3,1) =   4.716717522      0.1525950318     -0.1226490664    
2 sigma total (1,2) (2,2) (3,2) =  0.1525950318       4.543949885     -0.3261768228    
3 sigma total (1,3) (2,3) (3,3) = -0.1226490664     -0.3261768228       4.916397470    

        80 0.800E-13*Pression =     4.7257    
 pression totale  potentiel = cinetique =
    4.7257        3.1338        1.5919    
 ----------valeurs moyennes------------
*temperature moyenne =       194.86
*pression moyenne =     2.0635    
 --------------------------------------


<<<<<<<<  ITERATION =     85  time =   0.8500000E-13


 --------- Temperatures et Pression--------
 ----------valeurs instantanees------------
        85 0.850E-13*Epot =    -6838.53477717      eV 
    *energie PAIRE EAM =    -1402.73680856      eV 
    *energie GLUE  =    -5435.79796861      eV 
        85 0.850E-13*Ec =     50.6764883666      eV   (191.341 K)
        85 0.850E-13*Etot =    -6787.85828880      eV 

        85 0.850E-13*Temp instantanee = 191.341
 NPT With Parrinello-Rahman
        85 0.850E-13*Kcell =    0.333342856000E-01  eV   (85.964 K)
 Box tensor
 a   3.2259515627029080E-007   1.2674980158751189E-012  -1.0107005323521164E-012
 b   1.2674998438734681E-012   3.2259353562684069E-007  -1.7514670032190983E-012
 c  -1.0107010623029676E-012  -1.7514663660725443E-012   3.2259469112496097E-007
Strain (Lagrange def.):
  e(1:3,1) =   0.108997E-03  0.392993E-05 -0.313372E-05
  e(1:3,2) =   0.392993E-05  0.103973E-03 -0.543047E-05
  e(1:3,3) =  -0.313372E-05 -0.543047E-05  0.107555E-03
Rotation:
  r(1:3,1) =    0.00000     -0.283358E-11  0.821476E-12
  r(1:3,2) =   0.283358E-11   0.00000     -0.987640E-12
  r(1:3,3) =  -0.821476E-12  0.987640E-12   0.00000    
        85 0.850E-13*l_a,m      32.2595156        32.2571875    
        85 0.850E-13*l_b,m      32.2593536        32.2571222    
        85 0.850E-13*l_c,m      32.2594691        32.2571619    
        85 0.850E-13*ang_bc,m      90.0006    90.0002
        85 0.850E-13*ang_ca,m      90.0004    90.0001
        85 0.850E-13*ang_ab,m      89.9995    89.9999
        85 0.850E-13*volume      33571.4978621        33564.3525689    

*temp instantanee des atomes de type 1 =       191.34

 * stress en kbar 
1 sigma potentiel (1,1) (2,1) (3,1) =   2.908031231      0.1152443062      0.2549310430E-01
2 sigma potentiel (1,2) (2,2) (3,2) =  0.1152443062       2.906679578     -0.2230317403    
3 sigma potentiel (1,3) (2,3) (3,3) =  0.2549310430E-01 -0.2230317403       3.177520718    

1 sigma cinetique (1,1) (2,1) (3,1) =   1.644575427      0.3077788569E-01 -0.1260929902    
2 sigma cinetique (1,2) (2,2) (3,2) =  0.3077788569E-01   1.583662020     -0.6924796853E-01
3 sigma cinetique (1,3) (2,3) (3,3) = -0.1260929902     -0.6924796853E-01   1.608763108    

1 sigma total (1,1) (2,1) (3,1) =   4.552606658      0.1460221919     -0.1005998859    
2 sigma total (1,2) (2,2) (3,2) =  0.1460221919       4.490341598     -0.2922797088    
3 sigma total (1,3) (2,3) (3,3) = -0.1005998859     -0.2922797088       4.786283826    

        85 0.850E-13*Pression =     4.6097    
 pression totale  potentiel = cinetique =
    4.6097        2.9974        1.6123    
 ----------valeurs moyennes------------
*temperature moyenne =       194.65
*pression moyenne =     2.0935    
 --------------------------------------


<<<<<<<<  ITERATION =     90  time =   0.9000000E-13


 --------- Temperatures et Pression--------
 ----------valeurs instantanees------------
        90 0.900E-13*Epot =    -6837.87911565      eV 
    *energie PAIRE EAM =    -1402.05973380      eV 
    *energie GLUE  =    -5435.81938185      eV 
        90 0.900E-13*Ec =     50.2174170768      eV   (189.608 K)
        90 0.900E-13*Etot =    -6787.66169857      eV 

        90 0.900E-13*Temp instantanee = 189.608
 NPT With Parrinello-Rahman
        90 0.900E-13*Kcell =    0.370709646564E-01  eV   (95.600 K)
 Box tensor
 a   3.2259971530879604E-007   1.4450566863972544E-012  -1.1345258185308418E-012
 b   1.4450589105593120E-012   3.2259794019288865E-007  -2.0013425177329242E-012
 c  -1.1345266211964164E-012  -2.0013418855847508E-012   3.2259927414539639E-007
Strain (Lagrange def.):
  e(1:3,1) =   0.123133E-03  0.448052E-05 -0.351770E-05
  e(1:3,2) =   0.448052E-05  0.117629E-03 -0.620531E-05
  e(1:3,3) =  -0.351770E-05 -0.620531E-05  0.121765E-03
Rotation:
  r(1:3,1) =    0.00000     -0.344767E-11  0.124421E-11
  r(1:3,2) =   0.344767E-11   0.00000     -0.979892E-12
  r(1:3,3) =  -0.124421E-11  0.979892E-12   0.00000    
        90 0.900E-13*l_a,m      32.2599715        32.2573422    
        90 0.900E-13*l_b,m      32.2597940        32.2572707    
        90 0.900E-13*l_c,m      32.2599274        32.2573156    
        90 0.900E-13*ang_bc,m      90.0007    90.0002
        90 0.900E-13*ang_ca,m      90.0004    90.0001
        90 0.900E-13*ang_ab,m      89.9995    89.9998
        90 0.900E-13*volume      33572.9076404        33564.8278507    

*temp instantanee des atomes de type 1 =       189.61

 * stress en kbar 
1 sigma potentiel (1,1) (2,1) (3,1) =   2.970398187      0.8795056297E-01  0.3677655621E-01
2 sigma potentiel (1,2) (2,2) (3,2) =  0.8795056297E-01   2.952320435     -0.1858561904    
3 sigma potentiel (1,3) (2,3) (3,3) =  0.3677655621E-01 -0.1858561904       3.262656254    

1 sigma cinetique (1,1) (2,1) (3,1) =   1.637066209      0.3273028941E-01 -0.1254052364    
2 sigma cinetique (1,2) (2,2) (3,2) =  0.3273028941E-01   1.559904756     -0.7468856900E-01
3 sigma cinetique (1,3) (2,3) (3,3) = -0.1254052364     -0.7468856900E-01   1.596010599    

1 sigma total (1,1) (2,1) (3,1) =   4.607464396      0.1206808524     -0.8862868022E-01
2 sigma total (1,2) (2,2) (3,2) =  0.1206808524       4.512225191     -0.2605447594    
3 sigma total (1,3) (2,3) (3,3) = -0.8862868022E-01 -0.2605447594       4.858666853    

        90 0.900E-13*Pression =     4.6595    
 pression totale  potentiel = cinetique =
    4.6595        3.0618        1.5977    
 ----------valeurs moyennes------------
*temperature moyenne =       194.37
*pression moyenne =     2.1220    
 --------------------------------------


<<<<<<<<  ITERATION =     95  time =   0.9500000E-13


 --------- Temperatures et Pression--------
 ----------valeurs instantanees------------
        95 0.950E-13*Epot =    -6838.29777277      eV 
    *energie PAIRE EAM =    -1401.53789906      eV 
    *energie GLUE  =    -5436.75987371      eV 
        95 0.950E-13*Ec =     49.0207700399      eV   (185.090 K)
        95 0.950E-13*Etot =    -6789.27700273      eV 

        95 0.950E-13*Temp instantanee = 185.090
 NPT With Parrinello-Rahman
        95 0.950E-13*Kcell =    0.410949464989E-01  eV   (105.977 K)
 Box tensor
 a   3.2260451321394401E-007   1.6286520592225205E-012  -1.2628598089163773E-012
 b   1.6286547097450356E-012   3.2260257868316465E-007  -2.2647269389602477E-012
 c  -1.2628609610553451E-012  -2.2647263701117084E-012   3.2260410960040842E-007
Strain (Lagrange def.):
  e(1:3,1) =   0.138009E-03  0.504984E-05 -0.391567E-05
  e(1:3,2) =   0.504984E-05  0.132011E-03 -0.702206E-05
  e(1:3,3) =  -0.391567E-05 -0.702206E-05  0.136758E-03
Rotation:
  r(1:3,1) =    0.00000     -0.410857E-11  0.178593E-11
  r(1:3,2) =   0.410857E-11   0.00000     -0.881772E-12
  r(1:3,3) =  -0.178593E-11  0.881772E-12   0.00000    
        95 0.950E-13*l_a,m      32.2604513        32.2575058    
        95 0.950E-13*l_b,m      32.2602579        32.2574279    
        95 0.950E-13*l_c,m      32.2604110        32.2574785    
        95 0.950E-13*ang_bc,m      90.0008    90.0003
        95 0.950E-13*ang_ca,m      90.0004    90.0002
        95 0.950E-13*ang_ab,m      89.9994    89.9998
        95 0.950E-13*volume      33574.3929345        33565.3312761    

*temp instantanee des atomes de type 1 =       185.09

 * stress en kbar 
1 sigma potentiel (1,1) (2,1) (3,1) =   3.311259937      0.8669192917E-01  0.1553604545E-01
2 sigma potentiel (1,2) (2,2) (3,2) =  0.8669192917E-01   3.130381724     -0.1681340251    
3 sigma potentiel (1,3) (2,3) (3,3) =  0.1553604545E-01 -0.1681340251       3.490787761    

1 sigma cinetique (1,1) (2,1) (3,1) =   1.601730728      0.3906573833E-01 -0.1258024883    
2 sigma cinetique (1,2) (2,2) (3,2) =  0.3906573833E-01   1.521732544     -0.7486220538E-01
3 sigma cinetique (1,3) (2,3) (3,3) = -0.1258024883     -0.7486220538E-01   1.555097804    

1 sigma total (1,1) (2,1) (3,1) =   4.912990665      0.1257576675     -0.1102664428    
2 sigma total (1,2) (2,2) (3,2) =  0.1257576675       4.652114268     -0.2429962304    
3 sigma total (1,3) (2,3) (3,3) = -0.1102664428     -0.2429962304       5.045885565    

        95 0.950E-13*Pression =     4.8703    
 pression totale  potentiel = cinetique =
    4.8703        3.3108        1.5595    
 ----------valeurs moyennes------------
*temperature moyenne =       193.88
*pression moyenne =     2.1509    
 --------------------------------------


<<<<<<<<  ITERATION =    100  time =   0.1000000E-12


 --------- Temperatures et Pression--------
 ----------valeurs instantanees------------
       100 0.100E-12*Epot =    -6838.11180220      eV 
    *energie PAIRE EAM =    -1401.32586075      eV 
    *energie GLUE  =    -5436.78594145      eV 
       100 0.100E-12*Ec =     48.6507497041      eV   (183.693 K)
       100 0.100E-12*Etot =    -6789.46105249      eV 

       100 0.100E-12*Temp instantanee = 183.693
 NPT With Parrinello-Rahman
       100 0.100E-12*Kcell =    0.454281815138E-01  eV   (117.152 K)
 Box tensor
 a   3.2260956121852772E-007   1.8182229277989984E-012  -1.3965950723687469E-012
 b   1.8182259922394443E-012   3.2260745595000371E-007  -2.5402853543834777E-012
 c  -1.3965966345732419E-012  -2.5402849372838770E-012   3.2260920403554894E-007
Strain (Lagrange def.):
  e(1:3,1) =   0.153661E-03  0.563772E-05 -0.433041E-05
  e(1:3,2) =   0.563772E-05  0.147134E-03 -0.787658E-05
  e(1:3,3) =  -0.433041E-05 -0.787658E-05  0.152554E-03
Rotation:
  r(1:3,1) =    0.00000     -0.475019E-11  0.242157E-11
  r(1:3,2) =   0.475019E-11   0.00000     -0.646546E-12
  r(1:3,3) =  -0.242157E-11  0.646546E-12   0.00000    
       100 0.100E-12*l_a,m      32.2609561        32.2576783    
       100 0.100E-12*l_b,m      32.2607456        32.2575938    
       100 0.100E-12*l_c,m      32.2609204        32.2576506    
       100 0.100E-12*ang_bc,m      90.0009    90.0003
       100 0.100E-12*ang_ca,m      90.0005    90.0002
       100 0.100E-12*ang_ab,m      89.9994    89.9998
       100 0.100E-12*volume      33575.9561064        33565.8625176    

*temp instantanee des atomes de type 1 =       183.69

 * stress en kbar 
1 sigma potentiel (1,1) (2,1) (3,1) =   3.283227230      0.7102780658E-01 -0.2240430897E-01
2 sigma potentiel (1,2) (2,2) (3,2) =  0.7102780658E-01   3.163449395     -0.1245627074    
3 sigma potentiel (1,3) (2,3) (3,3) = -0.2240430897E-01 -0.1245627074       3.489625806    

1 sigma cinetique (1,1) (2,1) (3,1) =   1.589719498      0.4483896972E-01 -0.1140471772    
2 sigma cinetique (1,2) (2,2) (3,2) =  0.4483896972E-01   1.512158770     -0.7876462453E-01
3 sigma cinetique (1,3) (2,3) (3,3) = -0.1140471772     -0.7876462453E-01   1.541151754    

1 sigma total (1,1) (2,1) (3,1) =   4.872946727      0.1158667763     -0.1364514862    
2 sigma total (1,2) (2,2) (3,2) =  0.1158667763       4.675608165     -0.2033273319    
3 sigma total (1,3) (2,3) (3,3) = -0.1364514862     -0.2033273319       5.030777559    

       100 0.100E-12*Pression =     4.8598    
 pression totale  potentiel = cinetique =
    4.8598        3.3121        1.5477    
 ----------valeurs moyennes------------
*temperature moyenne =       193.37
*pression moyenne =     2.1780    
 --------------------------------------
 *******Derniere iteration **** 


 ####### END OF RUN  ######## =          100   time =    9.9999999999999864E-014
