 Process            2  of            4  is alive   2.2204460492503132E-058
 Process            0  of            4  is alive   2.2204460492503132E-058
 *** NDM859 ***
 >>>>>>>>>>> entree readdm
 nom fichier din=dm.din                                                                          
 TEMPERATURE CONSTANTE A LA :lTNose 

 -------- caracteristiques du run DM-------- 8
      PARRINELLO RAHMAN AUTOCOHERENT 
 generation du crystal ; puis run

      ANALYSES 
 itetemp=           5  itesigma=           1

      CONTROLES 
tstep=  0.100D-14
 itmax=         100  itab=           1  itetimestep=          -1
tinit=     300.0
tempdeplainit=      -1.0
debyetemp=      -1.0
  ----------------------------------


 nb de potentiels           1
 ipotentiel          11
 fmt_cin           1
 IMM PARA =          630        2100

 -*-*-*-*-*-*-*POTENTIELS*-*-*-*-*-


 POTENTIEL EAM ERCOLESI

 Types d_atomes :
   1   26.982   13.000  Al 
    0.900    2.200

  *-*-*-*-*-*CONSTRUCTION DE LA BOITE*-*-*-*-*-*-         630        2100           4

 **********construction du reseau************
 repetition de mailles           1           1           1
 Process            1  of            4  is alive   2.2204460492503132E-058
 Process            3  of            4  is alive   2.2204460492503132E-058
 izonr,zlmin,rut           5   64.512000000000000        11.116108836436201     
 nox,noy,noz dans .din =           4           4           4
celsizes   0.8064000E-07  0.8064000E-07  0.8064000E-07
dm.gin                                                                          volume= 0.33560740D-19 cm3  0.33560740D+05 Ang3


 -----------------------------------------------------------
 Procedure de decoupage pour une boite de taille  :           4           4           4
 sur            4  cpus           0
 Nbre de solutions possibles :            6
LE MEILLEUR DECOUPAGE :    4    1    2    2    0.9200
 -----------------------------------------------
           FIN DU CALCUL DU DECOUPAGE :         

 Nbre de cellule suivant x :           4
 Nbre de cellule suivant y :           4
 Nbre de cellule suivant z :           4

 Le cas choisit :           1           2           2
 Nombre de cellules max echg  par proc :           4          80
 Taux d'equilibrage :           4   1.0000000000000000     
 valeur            4  0.92000000000000004     
 Nbre Min/Max de cel. locales. :          16          16
 Nbre Min/Max de cel. fantomes. :          80          80
 locmin/fantomax :           4  0.20000000000000001     
 natperc im/noxyz         320          32
 ltabvois,lconstrtot F F

 -------- boite de simulation ------
 nombre d atomes =        2049
vecteur  1      32.256000       0.000000       0.000000
vecteur  2       0.000000      32.256000       0.000000
vecteur  3       0.000000       0.000000      32.256000
         570  atomes de type           1

  -------------------------------------------------------------------
              definition des rayons de coupure
 paire            1
 calpoeam Minrho Maxrho   -1.4711099804881778        9.2672924683822253E-002
 calpoeam Rhomin Rhomax   -20.595539726834488        1.2974209455735115     
 calpoeam ktorho and the inverse:    1.0946480336204000E-003   913.53564733737801     
 Le proc            2  a            3  processeur voisin
 Le proc            3  a            3  processeur voisin
 Le proc            1  a            3  processeur voisin
 NOMBRE DE CELLULES FRONTIERES ASSOCIEES A CHAQUE PROCESSEUR
 Le proc            0  a            3  processeur voisin
 random velocities at TINIT =    300.00000000000000      K
 seed_size          12
 iseed pour tirage des vitesses           1
 seed_size          12
 iseed pour tirage des vitesses           1
 seed_size          12
 seed_size          12
 iseed pour tirage des vitesses           1
 iseed pour tirage des vitesses           1
 temperature MI initspeed    296.83482611099095     
 center of mass =    15.183902990774511        15.183881067905411        15.120492838941562     
 Momentum/atom  =   -3.2061857054948016E-020   7.2109677784937210E-020  -1.8830843223128258E-020
Inertia/anglm =   0.1587E-32 -0.3480E-35 -0.5914E-36      -0.1066E-22
Inertia/anglm =  -0.3480E-35  0.1587E-32 -0.5913E-36       0.1260E-22
Inertia/anglm =  -0.5914E-36 -0.5913E-36  0.1588E-32       0.5016E-23
 temperature fin initspeed    296.25947150794531     
 ***** PREMIERE ITERATION  ****

Algorithme de Parrinello-Rahman couplé au thermostat de Nosé (V2)
  -> la vitesse de la boîte ne prend pas en compte la dérivée du tenseur h
  -> l'énergie cinétique des atomes et de la boîte est thermalisée

Repère actuel  (A):
 h (1:3,1) = 32.25600 .00000 .00000
 h (1:3,2) = .00000 32.25600 .00000
 h (1:3,3) = .00000 .00000 32.25600
Masse de la boîte pour Parrinello-Rahman: wbox=  0.458881755876E-19
Masse de la boîte pour thermostat de Nosé: wNose=  0.848806405600E-37
Nombre de degrés de liberté: gNose=   6148.00000000    
Initialisation de la vitesse de la boîte pour la température .000 K
      0 0.000D+00*Kcell =    0.000000000000D+00  eV   (.000 K)
fNose =      1.00000000000      fold =      1.00000000000      fpoint =      0.00000000000    
Initialisation du thermostat de Nosé pour la température .000 K
      0 0.000D+00*Kcell =    0.000000000000D+00  eV   (.000 K)
      0 0.000D+00*Kcell =    0.000000000000D+00  eV   (.000 K)
      0 0.000D+00*KNose =    0.000000000000D+00  eV   (.000 K)
fNose =      1.00000000000     -  fold =      1.00000000000     -  fpoint * tstep =      0.00000000000    

      0 0.000D+00*Kcell =    0.000000000000D+00  eV   (.000 K)


<<<<<<<<  ITERATION =      5  time =   0.4998328E-14


 --------- Temperatures et Pression--------
 ----------valeurs instantanees------------
         5 0.500E-14*Epot =    -6867.89048072      eV 
    *energie PAIRE EAM =    -1431.46351995      eV 
    *energie GLUE  =    -5436.42696077      eV 
         5 0.500E-14*Ec =     76.5612772376      eV   (289.076 K)
         5 0.500E-14*Etot =    -6791.32920349      eV 

         5 0.500E-14*Temp instantanee = 289.076
 NPT With Parrinello-Rahman
         5 0.500E-14*Kcell =    0.406983517396E-04  eV   (.105 K)
 Box tensor
 a   3.2256010800198838E-007   2.7903163472374476E-015  -4.7827980721132928E-015
 b   2.7903163429808050E-015   3.2256009958360754E-007  -3.2450435872339497E-015
 c  -4.7827980705535420E-015  -3.2450435925663240E-015   3.2256010442942602E-007
Strain (Lagrange def.):
  e(1:3,1) =   0.334828E-06  0.865054E-08 -0.148276E-07
  e(1:3,2) =   0.865054E-08  0.308729E-06 -0.100603E-07
  e(1:3,3) =  -0.148276E-07 -0.100603E-07  0.323752E-06
Rotation:
  r(1:3,1) =    0.00000      0.659822E-17 -0.241777E-17
  r(1:3,2) =  -0.659822E-17   0.00000      0.826571E-17
  r(1:3,3) =   0.241777E-17 -0.826571E-17   0.00000    
         5 0.500E-14*l_a,m      32.2560108        32.2560108    
         5 0.500E-14*l_b,m      32.2560100        32.2560100    
         5 0.500E-14*l_c,m      32.2560104        32.2560104    
         5 0.500E-14*ang_bc,m      90.0000    90.0000
         5 0.500E-14*ang_ca,m      90.0000    90.0000
         5 0.500E-14*ang_ab,m      90.0000    90.0000
         5 0.500E-14*volume      33560.7726968        33560.7726968    
Thermostat de Nose
         5 0.500E-14*KNose =    0.192604050555E-02  eV   (44.702 K)
      5 0.500E-14*fNose =     0.999206716511    
      5 0.500E-14*Htot_Nose =     -6791.45336730      eV 

*temp instantanee des atomes de type 1 =       289.08

 * stress en kbar 
1 sigma potentiel (1,1) (2,1) (3,1) =  0.5835585126      0.6342833487E-01  0.6424525384E-02
2 sigma potentiel (1,2) (2,2) (3,2) =  0.6342833487E-01  0.3453982267     -0.7490454941E-02
3 sigma potentiel (1,3) (2,3) (3,3) =  0.6424525384E-02 -0.7490454941E-02  0.6129506975    

1 sigma cinetique (1,1) (2,1) (3,1) =   2.515320912      0.3126794330E-01 -0.1404178557    
2 sigma cinetique (1,2) (2,2) (3,2) =  0.3126794330E-01   2.426233104     -0.9180699141E-01
3 sigma cinetique (1,3) (2,3) (3,3) = -0.1404178557     -0.9180699141E-01   2.368451411    

1 sigma total (1,1) (2,1) (3,1) =   3.098879425      0.9469627816E-01 -0.1339933304    
2 sigma total (1,2) (2,2) (3,2) =  0.9469627816E-01   2.771631331     -0.9929744635E-01
3 sigma total (1,3) (2,3) (3,3) = -0.1339933304     -0.9929744635E-01   2.981402108    

         5 0.500E-14*Pression =     2.9506    
 pression totale  potentiel = cinetique =
    2.9506       0.51397        2.4367    
 ----------valeurs moyennes------------
*temperature moyenne =       289.08
*pression moyenne =    0.59013    
 --------------------------------------


<<<<<<<<  ITERATION =     10  time =   0.9982490E-14


 --------- Temperatures et Pression--------
 ----------valeurs instantanees------------
        10 0.998E-14*Epot =    -6860.30473864      eV 
    *energie PAIRE EAM =    -1423.93621193      eV 
    *energie GLUE  =    -5436.36852671      eV 
        10 0.998E-14*Ec =     69.5222882589      eV   (262.498 K)
        10 0.998E-14*Etot =    -6790.78245038      eV 

        10 0.998E-14*Temp instantanee = 262.498
 NPT With Parrinello-Rahman
        10 0.998E-14*Kcell =    0.191728009783E-03  eV   (.494 K)
 Box tensor
 a   3.2256039866599809E-007   1.1414640556064464E-014  -1.7172810786397867E-014
 b   1.1414640571257504E-014   3.2256036314227664E-007  -1.2393793343865190E-014
 c  -1.7172810750897160E-014  -1.2393793347686583E-014   3.2256038469650372E-007
Strain (Lagrange def.):
  e(1:3,1) =   0.123594E-05  0.353877E-07 -0.532392E-07
  e(1:3,2) =   0.353877E-07  0.112581E-05 -0.384233E-07
  e(1:3,3) =  -0.532392E-07 -0.384233E-07  0.119264E-05
Rotation:
  r(1:3,1) =    0.00000     -0.235507E-16 -0.550296E-16
  r(1:3,2) =   0.235507E-16   0.00000      0.592354E-17
  r(1:3,3) =   0.550296E-16 -0.592354E-17   0.00000    
        10 0.998E-14*l_a,m      32.2560399        32.2560253    
        10 0.998E-14*l_b,m      32.2560363        32.2560231    
        10 0.998E-14*l_c,m      32.2560385        32.2560245    
        10 0.998E-14*ang_bc,m      90.0000    90.0000
        10 0.998E-14*ang_ca,m      90.0000    90.0000
        10 0.998E-14*ang_ab,m      90.0000    90.0000
        10 0.998E-14*volume      33560.8595214        33560.8161091    
Thermostat de Nose
        10 0.998E-14*KNose =    0.533025905361E-01  eV   (1237.126 K)
     10 0.998E-14*fNose =     0.994307005324    
     10 0.998E-14*Htot_Nose =     -6791.63635757      eV 

*temp instantanee des atomes de type 1 =       262.50

 * stress en kbar 
1 sigma potentiel (1,1) (2,1) (3,1) =   1.283064863      0.1083699193     -0.9881745556E-03
2 sigma potentiel (1,2) (2,2) (3,2) =  0.1083699193       1.032681529     -0.3884923003E-01
3 sigma potentiel (1,3) (2,3) (3,3) = -0.9881745556E-03 -0.3884923003E-01   1.284413406    

1 sigma cinetique (1,1) (2,1) (3,1) =   2.282251363      0.2472141172E-01 -0.1306034664    
2 sigma cinetique (1,2) (2,2) (3,2) =  0.2472141172E-01   2.204536149     -0.8365584580E-01
3 sigma cinetique (1,3) (2,3) (3,3) = -0.1306034664     -0.8365584580E-01   2.151126354    

1 sigma total (1,1) (2,1) (3,1) =   3.565316227      0.1330913310     -0.1315916409    
2 sigma total (1,2) (2,2) (3,2) =  0.1330913310       3.237217678     -0.1225050758    
3 sigma total (1,3) (2,3) (3,3) = -0.1315916409     -0.1225050758       3.435539760    

        10 0.998E-14*Pression =     3.4127    
 pression totale  potentiel = cinetique =
    3.4127        1.2001        2.2126    
 ----------valeurs moyennes------------
*temperature moyenne =       275.79
*pression moyenne =    0.87238    
 --------------------------------------


<<<<<<<<  ITERATION =     15  time =   0.1491145E-13


 --------- Temperatures et Pression--------
 ----------valeurs instantanees------------
        15 0.149E-13*Epot =    -6848.24863857      eV 
    *energie PAIRE EAM =    -1411.94388206      eV 
    *energie GLUE  =    -5436.30475651      eV 
        15 0.149E-13*Ec =     59.2033778761      eV   (223.537 K)
        15 0.149E-13*Etot =    -6789.04526069      eV 

        15 0.149E-13*Temp instantanee = 223.537
 NPT With Parrinello-Rahman
        15 0.149E-13*Kcell =    0.544058994932E-03  eV   (1.403 K)
 Box tensor
 a   3.2256091483776914E-007   2.8652683304857530E-014  -3.7688550469022487E-014
 b   2.8652683780094192E-014   3.2256083240347324E-007  -2.9621097323241955E-014
 c  -3.7688550287714855E-014  -2.9621097017875717E-014   3.2256088261925983E-007
Strain (Lagrange def.):
  e(1:3,1) =   0.283618E-05  0.888292E-07 -0.116842E-06
  e(1:3,2) =   0.888292E-07  0.258062E-05 -0.918315E-07
  e(1:3,3) =  -0.116842E-06 -0.918315E-07  0.273630E-05
Rotation:
  r(1:3,1) =    0.00000     -0.736664E-15 -0.281045E-15
  r(1:3,2) =   0.736664E-15   0.00000     -0.473348E-15
  r(1:3,3) =   0.281045E-15  0.473348E-15   0.00000    
        15 0.149E-13*l_a,m      32.2560915        32.2560474    
        15 0.149E-13*l_b,m      32.2560832        32.2560432    
        15 0.149E-13*l_c,m      32.2560883        32.2560457    
        15 0.149E-13*ang_bc,m      90.0000    90.0000
        15 0.149E-13*ang_ca,m      90.0000    90.0000
        15 0.149E-13*ang_ab,m      90.0000    90.0000
        15 0.149E-13*volume      33561.0138577        33560.8820253    
Thermostat de Nose
        15 0.149E-13*KNose =    0.482381121684      eV   (11195.819 K)
     15 0.149E-13*fNose =     0.977947886238    
     15 0.149E-13*Htot_Nose =     -6792.10641069      eV 

*temp instantanee des atomes de type 1 =       223.54

 * stress en kbar 
1 sigma potentiel (1,1) (2,1) (3,1) =   2.655199375      0.1753534835     -0.2938349361E-01
2 sigma potentiel (1,2) (2,2) (3,2) =  0.1753534835       2.375121909     -0.1132937833    
3 sigma potentiel (1,3) (2,3) (3,3) = -0.2938349361E-01 -0.1132937833       2.623534760    

1 sigma cinetique (1,1) (2,1) (3,1) =   1.939597605      0.1499602917E-01 -0.1163318461    
2 sigma cinetique (1,2) (2,2) (3,2) =  0.1499602917E-01   1.881313081     -0.6999864420E-01
3 sigma cinetique (1,3) (2,3) (3,3) = -0.1163318461     -0.6999864420E-01   1.831741218    

1 sigma total (1,1) (2,1) (3,1) =   4.594796980      0.1903495126     -0.1457153397    
2 sigma total (1,2) (2,2) (3,2) =  0.1903495126       4.256434990     -0.1832924275    
3 sigma total (1,3) (2,3) (3,3) = -0.1457153397     -0.1832924275       4.455275977    

        15 0.149E-13*Pression =     4.4355    
 pression totale  potentiel = cinetique =
    4.4355        2.5513        1.8842    
 ----------valeurs moyennes------------
*temperature moyenne =       258.37
*pression moyenne =     1.1099    
 --------------------------------------


<<<<<<<<  ITERATION =     20  time =   0.1969763E-13


 --------- Temperatures et Pression--------
 ----------valeurs instantanees------------
        20 0.197E-13*Epot =    -6833.41100698      eV 
    *energie PAIRE EAM =    -1397.14505579      eV 
    *energie GLUE  =    -5436.26595119      eV 
        20 0.197E-13*Ec =     47.9889447133      eV   (181.194 K)
        20 0.197E-13*Etot =    -6785.42206227      eV 

        20 0.197E-13*Temp instantanee = 181.194
 NPT With Parrinello-Rahman
        20 0.197E-13*Kcell =    0.136710113122E-02  eV   (3.526 K)
 Box tensor
 a   3.2256176261258882E-007   5.9676890207081032E-014  -6.8171457924602319E-014
 b   5.9676893430965658E-014   3.2256160986850307E-007  -6.0067953177011109E-014
 c  -6.8171457300485800E-014  -6.0067950832207808E-014   3.2256170208988378E-007
Strain (Lagrange def.):
  e(1:3,1) =   0.546446E-05  0.185011E-06 -0.211346E-06
  e(1:3,2) =   0.185011E-06  0.499092E-05 -0.186224E-06
  e(1:3,3) =  -0.211346E-06 -0.186224E-06  0.527683E-05
Rotation:
  r(1:3,1) =    0.00000     -0.499734E-14 -0.967443E-15
  r(1:3,2) =   0.499734E-14   0.00000     -0.363468E-14
  r(1:3,3) =   0.967443E-15  0.363468E-14   0.00000    
        20 0.197E-13*l_a,m      32.2561763        32.2560796    
        20 0.197E-13*l_b,m      32.2561610        32.2560726    
        20 0.197E-13*l_c,m      32.2561702        32.2560768    
        20 0.197E-13*ang_bc,m      90.0000    90.0000
        20 0.197E-13*ang_ca,m      90.0000    90.0000
        20 0.197E-13*ang_ab,m      90.0000    90.0000
        20 0.197E-13*volume      33561.2682195        33560.9785738    
Thermostat de Nose
        20 0.197E-13*KNose =     2.30272034263      eV   (53444.959 K)
     20 0.197E-13*fNose =     0.939742533523    
     20 0.197E-13*Htot_Nose =     -6792.99568067      eV 

*temp instantanee des atomes de type 1 =       181.19

 * stress en kbar 
1 sigma potentiel (1,1) (2,1) (3,1) =   4.568948174      0.2758519267     -0.3720269427E-01
2 sigma potentiel (1,2) (2,2) (3,2) =  0.2758519267       4.270857371     -0.2074376461    
3 sigma potentiel (1,3) (2,3) (3,3) = -0.3720269427E-01 -0.2074376461       4.479827838    

1 sigma cinetique (1,1) (2,1) (3,1) =   1.564571699      0.3558046294E-02 -0.1005976050    
2 sigma cinetique (1,2) (2,2) (3,2) =  0.3558046294E-02   1.534235318     -0.5256881875E-01
3 sigma cinetique (1,3) (2,3) (3,3) = -0.1005976050     -0.5256881875E-01   1.483075762    

1 sigma total (1,1) (2,1) (3,1) =   6.133519873      0.2794099730     -0.1378002993    
2 sigma total (1,2) (2,2) (3,2) =  0.2794099730       5.805092688     -0.2600064648    
3 sigma total (1,3) (2,3) (3,3) = -0.1378002993     -0.2600064648       5.962903600    

        20 0.197E-13*Pression =     5.9672    
 pression totale  potentiel = cinetique =
    5.9672        4.4399        1.5273    
 ----------valeurs moyennes------------
*temperature moyenne =       239.08
*pression moyenne =     1.3528    
 --------------------------------------


<<<<<<<<  ITERATION =     25  time =   0.2419636E-13


 --------- Temperatures et Pression--------
 ----------valeurs instantanees------------
        25 0.242E-13*Epot =    -6817.90873028      eV 
    *energie PAIRE EAM =    -1381.62549556      eV 
    *energie GLUE  =    -5436.28323471      eV 
        25 0.242E-13*Ec =     38.4575219137      eV   (145.206 K)
        25 0.242E-13*Etot =    -6779.45120836      eV 

        25 0.242E-13*Temp instantanee = 145.206
 NPT With Parrinello-Rahman
        25 0.242E-13*Kcell =    0.334548687667E-02  eV   (8.627 K)
 Box tensor
 a   3.2256316632128563E-007   1.1552652700911374E-013  -1.1192739112526588E-013
 b   1.1552654202931687E-013   3.2256291272681147E-007  -1.1331667899754791E-013
 c  -1.1192738875184274E-013  -1.1331666763010356E-013   3.2256306189737951E-007
Strain (Lagrange def.):
  e(1:3,1) =   0.981627E-05  0.358159E-06 -0.347001E-06
  e(1:3,2) =   0.358159E-06  0.903007E-05 -0.351307E-06
  e(1:3,3) =  -0.347001E-06 -0.351307E-06  0.949253E-05
Rotation:
  r(1:3,1) =    0.00000     -0.232828E-13 -0.367904E-14
  r(1:3,2) =   0.232828E-13   0.00000     -0.176207E-13
  r(1:3,3) =   0.367904E-14  0.176207E-13   0.00000    
        25 0.242E-13*l_a,m      32.2563166        32.2561270    
        25 0.242E-13*l_b,m      32.2562913        32.2561164    
        25 0.242E-13*l_c,m      32.2563062        32.2561227    
        25 0.242E-13*ang_bc,m      90.0000    90.0000
        25 0.242E-13*ang_ca,m      90.0000    90.0000
        25 0.242E-13*ang_ab,m      90.0000    90.0000
        25 0.242E-13*volume      33561.6913114        33561.1211214    
Thermostat de Nose
        25 0.242E-13*KNose =     7.49549986100      eV   (173966.711 K)
     25 0.242E-13*fNose =     0.867752897054    
     25 0.242E-13*Htot_Nose =     -6794.49702078      eV 

*temp instantanee des atomes de type 1 =       145.21

 * stress en kbar 
1 sigma potentiel (1,1) (2,1) (3,1) =   6.588520333      0.3936329755     -0.4636938430E-01
2 sigma potentiel (1,2) (2,2) (3,2) =  0.3936329755       6.329899816     -0.2883812675    
3 sigma potentiel (1,3) (2,3) (3,3) = -0.4636938430E-01 -0.2883812675       6.458781064    

1 sigma cinetique (1,1) (2,1) (3,1) =   1.238893752     -0.8540645493E-02 -0.8713946652E-01
2 sigma cinetique (1,2) (2,2) (3,2) = -0.8540645493E-02   1.248588567     -0.3532264584E-01
3 sigma cinetique (1,3) (2,3) (3,3) = -0.8713946652E-01 -0.3532264584E-01   1.184318719    

1 sigma total (1,1) (2,1) (3,1) =   7.827414084      0.3850923300     -0.1335088508    
2 sigma total (1,2) (2,2) (3,2) =  0.3850923300       7.578488384     -0.3237039134    
3 sigma total (1,3) (2,3) (3,3) = -0.1335088508     -0.3237039134       7.643099783    

        25 0.242E-13*Pression =     7.6830    
 pression totale  potentiel = cinetique =
    7.6830        6.4591        1.2239    
 ----------valeurs moyennes------------
*temperature moyenne =       220.30
*pression moyenne =     1.6060    
 --------------------------------------


<<<<<<<<  ITERATION =     30  time =   0.2820180E-13


 --------- Temperatures et Pression--------
 ----------valeurs instantanees------------
        30 0.282E-13*Epot =    -6804.35428144      eV 
    *energie PAIRE EAM =    -1367.99988095      eV 
    *energie GLUE  =    -5436.35440049      eV 
        30 0.282E-13*Ec =     34.1580891556      eV   (128.972 K)
        30 0.282E-13*Etot =    -6770.19619229      eV 

        30 0.282E-13*Temp instantanee = 128.972
 NPT With Parrinello-Rahman
        30 0.282E-13*Kcell =    0.841292275872E-02  eV   (21.696 K)
 Box tensor
 a   3.2256562998138315E-007   2.2042491770160756E-013  -1.7820368972708678E-013
 b   2.2042497648627721E-013   3.2256523319130004E-007  -2.0874469576188817E-013
 c  -1.7820368148083145E-013  -2.0874465122772383E-013   3.2256545538316095E-007
Strain (Lagrange def.):
  e(1:3,1) =   0.174542E-04  0.683373E-06 -0.552476E-06
  e(1:3,2) =   0.683373E-06  0.162241E-04 -0.647161E-06
  e(1:3,3) =  -0.552476E-06 -0.647161E-06  0.169129E-04
Rotation:
  r(1:3,1) =    0.00000     -0.911221E-13 -0.127825E-13
  r(1:3,2) =   0.911221E-13   0.00000     -0.690324E-13
  r(1:3,3) =   0.127825E-13  0.690324E-13   0.00000    
        30 0.282E-13*l_a,m      32.2565630        32.2561997    
        30 0.282E-13*l_b,m      32.2565233        32.2561842    
        30 0.282E-13*l_c,m      32.2565455        32.2561932    
        30 0.282E-13*ang_bc,m      90.0001    90.0000
        30 0.282E-13*ang_ca,m      90.0001    90.0000
        30 0.282E-13*ang_ab,m      89.9999    90.0000
        30 0.282E-13*volume      33562.4381252        33561.3406220    
Thermostat de Nose
        30 0.282E-13*KNose =     18.9399122155      eV   (439585.659 K)
     30 0.282E-13*fNose =     0.749728819478    
     30 0.282E-13*Htot_Nose =     -6797.02809548      eV 

*temp instantanee des atomes de type 1 =       128.97

 * stress en kbar 
1 sigma potentiel (1,1) (2,1) (3,1) =   8.243969638      0.4868214484     -0.4967620659E-01
2 sigma potentiel (1,2) (2,2) (3,2) =  0.4868214484       8.139447176     -0.3333126483    
3 sigma potentiel (1,3) (2,3) (3,3) = -0.4967620659E-01 -0.3333126483       8.127731920    

1 sigma cinetique (1,1) (2,1) (3,1) =   1.073199996     -0.1980287511E-01 -0.8124788690E-01
2 sigma cinetique (1,2) (2,2) (3,2) = -0.1980287511E-01   1.142668237     -0.2540540571E-01
3 sigma cinetique (1,3) (2,3) (3,3) = -0.8124788690E-01 -0.2540540571E-01   1.045372457    

1 sigma total (1,1) (2,1) (3,1) =   9.317169634      0.4670185733     -0.1309240935    
2 sigma total (1,2) (2,2) (3,2) =  0.4670185733       9.282115413     -0.3587180540    
3 sigma total (1,3) (2,3) (3,3) = -0.1309240935     -0.3587180540       9.173104376    

        30 0.282E-13*Pression =     9.2575    
 pression totale  potentiel = cinetique =
    9.2575        8.1704        1.0871    
 ----------valeurs moyennes------------
*temperature moyenne =       205.08
*pression moyenne =     1.8610    
 --------------------------------------


<<<<<<<<  ITERATION =     35  time =   0.3145281E-13


 --------- Temperatures et Pression--------
 ----------valeurs instantanees------------
        35 0.315E-13*Epot =    -6792.57417862      eV 
    *energie PAIRE EAM =    -1358.47489802      eV 
    *energie GLUE  =    -5434.09928060      eV 
        35 0.315E-13*Ec =     43.8533887488      eV   (165.579 K)
        35 0.315E-13*Etot =    -6748.72078987      eV 

        35 0.315E-13*Temp instantanee = 165.579
 NPT With Parrinello-Rahman
        35 0.315E-13*Kcell =    0.235693588072E-01  eV   (60.781 K)
 Box tensor
 a   3.2257056318939804E-007   4.3973172234019066E-013  -2.9552560802405477E-013
 b   4.3973195433464578E-013   3.2256996442146092E-007  -4.0004628096326597E-013
 c  -2.9552559322843136E-013  -4.0004611780253582E-013   3.2257027946882132E-007
Strain (Lagrange def.):
  e(1:3,1) =   0.327485E-04  0.136330E-05 -0.916218E-06
  e(1:3,2) =   0.136330E-05  0.308922E-04 -0.124026E-05
  e(1:3,3) =  -0.916218E-06 -0.124026E-05  0.318689E-04
Rotation:
  r(1:3,1) =    0.00000     -0.359614E-12 -0.229347E-13
  r(1:3,2) =   0.359614E-12   0.00000     -0.252915E-12
  r(1:3,3) =   0.229347E-13  0.252915E-12   0.00000    
        35 0.315E-13*l_a,m      32.2570563        32.2563221    
        35 0.315E-13*l_b,m      32.2569964        32.2563002    
        35 0.315E-13*l_c,m      32.2570279        32.2563124    
        35 0.315E-13*ang_bc,m      90.0001    90.0000
        35 0.315E-13*ang_ca,m      90.0001    90.0000
        35 0.315E-13*ang_ab,m      89.9998    90.0000
        35 0.315E-13*volume      33563.9456563        33561.7127697    
Thermostat de Nose
        35 0.315E-13*KNose =     38.4864543406      eV   (893250.887 K)
     35 0.315E-13*fNose =     0.576242329901    
     35 0.315E-13*Htot_Nose =     -6797.82003054      eV 

*temp instantanee des atomes de type 1 =       165.58

 * stress en kbar 
1 sigma potentiel (1,1) (2,1) (3,1) =   8.627179665      0.5076928901     -0.5611713745E-01
2 sigma potentiel (1,2) (2,2) (3,2) =  0.5076928901       8.839062766     -0.3305836271    
3 sigma potentiel (1,3) (2,3) (3,3) = -0.5611713745E-01 -0.3305836271       8.822451880    

1 sigma cinetique (1,1) (2,1) (3,1) =   1.332525084     -0.2733686172E-01 -0.9493754292E-01
2 sigma cinetique (1,2) (2,2) (3,2) = -0.2733686172E-01   1.522280631     -0.3838496612E-01
3 sigma cinetique (1,3) (2,3) (3,3) = -0.9493754292E-01 -0.3838496612E-01   1.331932145    

1 sigma total (1,1) (2,1) (3,1) =   9.959704749      0.4803560284     -0.1510546804    
2 sigma total (1,2) (2,2) (3,2) =  0.4803560284       10.36134340     -0.3689685932    
3 sigma total (1,3) (2,3) (3,3) = -0.1510546804     -0.3689685932       10.15438402    

        35 0.315E-13*Pression =     10.158    
 pression totale  potentiel = cinetique =
    10.158        8.7629        1.3956    
 ----------valeurs moyennes------------
*temperature moyenne =       199.44
*pression moyenne =     2.0981    
 --------------------------------------


<<<<<<<<  ITERATION =     40  time =   0.3369793E-13


 --------- Temperatures et Pression--------
 ----------valeurs instantanees------------
        40 0.337E-13*Epot =    -6791.76408655      eV 
    *energie PAIRE EAM =    -1356.89356656      eV 
    *energie GLUE  =    -5434.87051999      eV 
        40 0.337E-13*Ec =     99.9231288763      eV   (377.284 K)
        40 0.337E-13*Etot =    -6691.84095767      eV 

        40 0.337E-13*Temp instantanee = 377.284
 NPT With Parrinello-Rahman
        40 0.337E-13*Kcell =    0.878618300793E-01  eV   (226.581 K)
 Box tensor
 a   3.2258368255891001E-007   1.0246999689028873E-012  -5.8789423141052994E-013
 b   1.0247011010758361E-012   3.2258282179391327E-007  -8.9589496923828069E-013
 c  -5.8789430587892194E-013  -8.9589429235712275E-013   3.2258325018293498E-007
Strain (Lagrange def.):
  e(1:3,1) =   0.734233E-04  0.317701E-05 -0.182273E-05
  e(1:3,2) =   0.317701E-05  0.707546E-04 -0.277765E-05
  e(1:3,3) =  -0.182273E-05 -0.277765E-05  0.720828E-04
Rotation:
  r(1:3,1) =    0.00000     -0.175498E-11  0.115433E-12
  r(1:3,2) =   0.175498E-11   0.00000     -0.104923E-11
  r(1:3,3) =  -0.115433E-12  0.104923E-11   0.00000    
        40 0.337E-13*l_a,m      32.2583683        32.2565778    
        40 0.337E-13*l_b,m      32.2582822        32.2565480    
        40 0.337E-13*l_c,m      32.2583250        32.2565640    
        40 0.337E-13*ang_bc,m      90.0003    90.0001
        40 0.337E-13*ang_ca,m      90.0002    90.0001
        40 0.337E-13*ang_ab,m      89.9996    89.9999
        40 0.337E-13*volume      33567.9983631        33562.4984689    
Thermostat de Nose
        40 0.337E-13*KNose =     47.7877829186      eV   (1109129.958 K)
     40 0.337E-13*fNose =     0.363750148314    
     40 0.337E-13*Htot_Nose =     -6804.69438306      eV 

*temp instantanee des atomes de type 1 =       377.28

 * stress en kbar 
1 sigma potentiel (1,1) (2,1) (3,1) =   7.853609105      0.3880231861     -0.6567506543E-01
2 sigma potentiel (1,2) (2,2) (3,2) =  0.3880231861       8.463160815     -0.1611686775    
3 sigma potentiel (1,3) (2,3) (3,3) = -0.6567506543E-01 -0.1611686775       8.402973529    

1 sigma cinetique (1,1) (2,1) (3,1) =   3.001270089     -0.1975059926E-01 -0.1787471091    
2 sigma cinetique (1,2) (2,2) (3,2) = -0.1975059926E-01   3.530186997     -0.1171502612    
3 sigma cinetique (1,3) (2,3) (3,3) = -0.1787471091     -0.1171502612       3.007413701    

1 sigma total (1,1) (2,1) (3,1) =   10.85487919      0.3682725869     -0.2444221746    
2 sigma total (1,2) (2,2) (3,2) =  0.3682725869       11.99334781     -0.2783189387    
3 sigma total (1,3) (2,3) (3,3) = -0.2444221746     -0.2783189387       11.41038723    

        40 0.337E-13*Pression =     11.420    
 pression totale  potentiel = cinetique =
    11.420        8.2399        3.1796    
 ----------valeurs moyennes------------
*temperature moyenne =       221.67
*pression moyenne =     2.3312    
 --------------------------------------


<<<<<<<<  ITERATION =     45  time =   0.3514092E-13


 --------- Temperatures et Pression--------
 ----------valeurs instantanees------------
        45 0.351E-13*Epot =    -6730.59316861      eV 
    *energie PAIRE EAM =    -1297.73582384      eV 
    *energie GLUE  =    -5432.85734477      eV 
        45 0.351E-13*Ec =     150.539818268      eV   (568.400 K)
        45 0.351E-13*Etot =    -6580.05335034      eV 

        45 0.351E-13*Temp instantanee = 568.400
 NPT With Parrinello-Rahman
        45 0.351E-13*Kcell =    0.316692747879      eV   (816.697 K)
 Box tensor
 a   3.2262379943256795E-007   2.6362348898207788E-012  -1.4881953006575684E-012
 b   2.6362417671371259E-012   3.2262317868036497E-007  -2.2546003387851922E-012
 c  -1.4881966093381430E-012  -2.2545968563434275E-012   3.2262337920921485E-007
Strain (Lagrange def.):
  e(1:3,1) =   0.197811E-03  0.817449E-05 -0.461464E-05
  e(1:3,2) =   0.817449E-05  0.195886E-03 -0.699109E-05
  e(1:3,3) =  -0.461464E-05 -0.699109E-05  0.196507E-03
Rotation:
  r(1:3,1) =    0.00000     -0.106605E-10  0.202858E-11
  r(1:3,2) =   0.106605E-10   0.00000     -0.539813E-11
  r(1:3,3) =  -0.202858E-11  0.539813E-11   0.00000    
        45 0.351E-13*l_a,m      32.2623799        32.2572225    
        45 0.351E-13*l_b,m      32.2623179        32.2571891    
        45 0.351E-13*l_c,m      32.2623379        32.2572056    
        45 0.351E-13*ang_bc,m      90.0008    90.0002
        45 0.351E-13*ang_ca,m      90.0005    90.0001
        45 0.351E-13*ang_ab,m      89.9991    89.9998
        45 0.351E-13*volume      33580.5498437        33564.5041772    
Thermostat de Nose
        45 0.351E-13*KNose =    0.227604093842      eV   (5282.574 K)
     45 0.351E-13*fNose =     0.271853250264    
     45 0.351E-13*Htot_Nose =     -6786.52076376      eV 

*temp instantanee des atomes de type 1 =       568.40

 * stress en kbar 
1 sigma potentiel (1,1) (2,1) (3,1) =   13.83935719      0.1077453281      0.2652741751E-01
2 sigma potentiel (1,2) (2,2) (3,2) =  0.1077453281       15.18133549      0.2244539652    
3 sigma potentiel (1,3) (2,3) (3,3) =  0.2652741751E-01  0.2244539652       14.57277490    

1 sigma cinetique (1,1) (2,1) (3,1) =   4.826907338      0.3116522735E-01 -0.3044809195    
2 sigma cinetique (1,2) (2,2) (3,2) =  0.3116522735E-01   4.775113584     -0.1003094338    
3 sigma cinetique (1,3) (2,3) (3,3) = -0.3044809195     -0.1003094338       4.764320553    

1 sigma total (1,1) (2,1) (3,1) =   18.66626453      0.1389105554     -0.2779535020    
2 sigma total (1,2) (2,2) (3,2) =  0.1389105554       19.95644907      0.1241445314    
3 sigma total (1,3) (2,3) (3,3) = -0.2779535020      0.1241445314       19.33709545    

        45 0.351E-13*Pression =     19.320    
 pression totale  potentiel = cinetique =
    19.320        14.531        4.7888    
 ----------valeurs moyennes------------
*temperature moyenne =       260.19
*pression moyenne =     2.7087    
 --------------------------------------


<<<<<<<<  ITERATION =     50  time =   0.3668527E-13


 --------- Temperatures et Pression--------
 ----------valeurs instantanees------------
        50 0.367E-13*Epot =    -6679.64795385      eV 
    *energie PAIRE EAM =    -1246.28970691      eV 
    *energie GLUE  =    -5433.35824694      eV 
        50 0.367E-13*Ec =     70.6301909682      eV   (266.681 K)
        50 0.367E-13*Etot =    -6609.01776288      eV 

        50 0.367E-13*Temp instantanee = 266.681
 NPT With Parrinello-Rahman
        50 0.367E-13*Kcell =    0.417734685156      eV   (1077.268 K)
 Box tensor
 a   3.2267412717175653E-007   4.2223082285274154E-012  -2.4909420752663468E-012
 b   4.2223207215117710E-012   3.2267401277721007E-007  -3.5299504661157662E-012
 c  -2.4909458446660333E-012  -3.5299466386253364E-012   3.2267406786576836E-007
Strain (Lagrange def.):
  e(1:3,1) =   0.353880E-03  0.130947E-04 -0.772522E-05
  e(1:3,2) =   0.130947E-04  0.353525E-03 -0.109475E-04
  e(1:3,3) =  -0.772522E-05 -0.109475E-04  0.353696E-03
Rotation:
  r(1:3,1) =    0.00000     -0.193654E-10  0.584294E-11
  r(1:3,2) =   0.193654E-10   0.00000     -0.593299E-11
  r(1:3,3) =  -0.584294E-11  0.593299E-11   0.00000    
        50 0.367E-13*l_a,m      32.2674127        32.2582415    
        50 0.367E-13*l_b,m      32.2674013        32.2582103    
        50 0.367E-13*l_c,m      32.2674068        32.2582257    
        50 0.367E-13*ang_bc,m      90.0013    90.0003
        50 0.367E-13*ang_ca,m      90.0009    90.0002
        50 0.367E-13*ang_ab,m      89.9985    89.9997
        50 0.367E-13*volume      33596.3578104        33567.6895405    
Thermostat de Nose
        50 0.367E-13*KNose =     5.05096289210      eV   (117230.261 K)
     50 0.367E-13*fNose =     0.336598685669    
     50 0.367E-13*Htot_Nose =     -6776.60765331      eV 

*temp instantanee des atomes de type 1 =       266.68

 * stress en kbar 
1 sigma potentiel (1,1) (2,1) (3,1) =   21.94102819     -0.1534706939     -0.4401375296E-01
2 sigma potentiel (1,2) (2,2) (3,2) = -0.1534706939       20.28595667     -0.5183203389    
3 sigma potentiel (1,3) (2,3) (3,3) = -0.4401375296E-01 -0.5183203389       22.04405910    

1 sigma cinetique (1,1) (2,1) (3,1) =   2.108145131      0.4931945355E-01 -0.1353312441    
2 sigma cinetique (1,2) (2,2) (3,2) =  0.4931945355E-01   2.438736681      0.2722630597    
3 sigma cinetique (1,3) (2,3) (3,3) = -0.1353312441      0.2722630597       2.190277629    

1 sigma total (1,1) (2,1) (3,1) =   24.04917332     -0.1041512404     -0.1793449971    
2 sigma total (1,2) (2,2) (3,2) = -0.1041512404       22.72469335     -0.2460572792    
3 sigma total (1,3) (2,3) (3,3) = -0.1793449971     -0.2460572792       24.23433673    

        50 0.367E-13*Pression =     23.669    
 pression totale  potentiel = cinetique =
    23.669        21.424        2.2457    
 ----------valeurs moyennes------------
*temperature moyenne =       260.84
*pression moyenne =     3.1279    
 --------------------------------------


<<<<<<<<  ITERATION =     55  time =   0.3854903E-13


 --------- Temperatures et Pression--------
 ----------valeurs instantanees------------
        55 0.385E-13*Epot =    -6724.24753950      eV 
    *energie PAIRE EAM =    -1292.16841812      eV 
    *energie GLUE  =    -5432.07912138      eV 
        55 0.385E-13*Ec =     87.6557704332      eV   (330.966 K)
        55 0.385E-13*Etot =    -6636.59176907      eV 

        55 0.385E-13*Temp instantanee = 330.966
 NPT With Parrinello-Rahman
        55 0.385E-13*Kcell =    0.443180426641      eV   (1142.888 K)
 Box tensor
 a   3.2271775548507992E-007   5.2566342441954923E-012  -3.2759287162283003E-012
 b   5.2566435182474647E-012   3.2271746832300558E-007  -4.5080912480220633E-012
 c  -3.2759365791427090E-012  -4.5080951154225900E-012   3.2271800463057948E-007
Strain (Lagrange def.):
  e(1:3,1) =   0.489193E-03  0.163047E-04 -0.101611E-04
  e(1:3,2) =   0.163047E-04  0.488302E-03 -0.139829E-04
  e(1:3,3) =  -0.101611E-04 -0.139829E-04  0.489966E-03
Rotation:
  r(1:3,1) =    0.00000     -0.143757E-10  0.121883E-10
  r(1:3,2) =   0.143757E-10   0.00000      0.599485E-11
  r(1:3,3) =  -0.121883E-10 -0.599485E-11   0.00000    
        55 0.385E-13*l_a,m      32.2717756        32.2594719    
        55 0.385E-13*l_b,m      32.2717468        32.2594409    
        55 0.385E-13*l_c,m      32.2718005        32.2594598    
        55 0.385E-13*ang_bc,m      90.0016    90.0004
        55 0.385E-13*ang_ca,m      90.0012    90.0003
        55 0.385E-13*ang_ab,m      89.9981    89.9995
        55 0.385E-13*volume      33610.0013277        33571.5360666    
Thermostat de Nose
        55 0.385E-13*KNose =     4.16051130840      eV   (96563.336 K)
     55 0.385E-13*fNose =     0.397396608389    
     55 0.385E-13*Htot_Nose =     -6778.65655403      eV 

*temp instantanee des atomes de type 1 =       330.97

 * stress en kbar 
1 sigma potentiel (1,1) (2,1) (3,1) =   14.00255752     -0.4661050976E-01 -0.4973445043    
2 sigma potentiel (1,2) (2,2) (3,2) = -0.4661050976E-01   12.77230974     -0.6194293832    
3 sigma potentiel (1,3) (2,3) (3,3) = -0.4973445043     -0.6194293832       13.81568434    

1 sigma cinetique (1,1) (2,1) (3,1) =   2.686483074     -0.3569811171E-01 -0.3630511284E-01
2 sigma cinetique (1,2) (2,2) (3,2) = -0.3569811171E-01   2.844812077      0.1495463497    
3 sigma cinetique (1,3) (2,3) (3,3) = -0.3630511284E-01  0.1495463497       2.826379202    

1 sigma total (1,1) (2,1) (3,1) =   16.68904059     -0.8230862147E-01 -0.5336496171    
2 sigma total (1,2) (2,2) (3,2) = -0.8230862147E-01   15.61712182     -0.4698830334    
3 sigma total (1,3) (2,3) (3,3) = -0.5336496171     -0.4698830334       16.64206354    

        55 0.385E-13*Pression =     16.316    
 pression totale  potentiel = cinetique =
    16.316        13.530        2.7859    
 ----------valeurs moyennes------------
*temperature moyenne =       267.22
*pression moyenne =     3.3677    
 --------------------------------------


<<<<<<<<  ITERATION =     60  time =   0.4076773E-13


 --------- Temperatures et Pression--------
 ----------valeurs instantanees------------
        60 0.408E-13*Epot =    -6754.90935071      eV 
    *energie PAIRE EAM =    -1322.70017284      eV 
    *energie GLUE  =    -5432.20917787      eV 
        60 0.408E-13*Ec =     86.0773562371      eV   (325.006 K)
        60 0.408E-13*Etot =    -6668.83199447      eV 

        60 0.408E-13*Temp instantanee = 325.006
 NPT With Parrinello-Rahman
        60 0.408E-13*Kcell =    0.391204476981      eV   (1008.851 K)
 Box tensor
 a   3.2275344313371881E-007   5.9685333762632936E-012  -4.0144838182821499E-012
 b   5.9685345240555871E-012   3.2275274055698673E-007  -5.3403943391784833E-012
 c  -4.0144969996433961E-012  -5.3404106544302508E-012   3.2275391276632395E-007
Strain (Lagrange def.):
  e(1:3,1) =   0.599892E-03  0.185148E-04 -0.124533E-04
  e(1:3,2) =   0.185148E-04  0.597713E-03 -0.165663E-04
  e(1:3,3) =  -0.124533E-04 -0.165663E-04  0.601349E-03
Rotation:
  r(1:3,1) =    0.00000     -0.177919E-11  0.204324E-10
  r(1:3,2) =   0.177919E-11   0.00000      0.252903E-10
  r(1:3,3) =  -0.204324E-10 -0.252903E-10   0.00000    
        60 0.408E-13*l_a,m      32.2753443        32.2607946    
        60 0.408E-13*l_b,m      32.2752741        32.2607603    
        60 0.408E-13*l_c,m      32.2753913        32.2607874    
        60 0.408E-13*ang_bc,m      90.0019    90.0005
        60 0.408E-13*ang_ca,m      90.0014    90.0004
        60 0.408E-13*ang_ab,m      89.9979    89.9994
        60 0.408E-13*volume      33621.1325051        33575.6691032    
Thermostat de Nose
        60 0.408E-13*KNose =     8.01926392894      eV   (186123.007 K)
     60 0.408E-13*fNose =     0.477698496840    
     60 0.408E-13*Htot_Nose =     -6777.83881353      eV 

*temp instantanee des atomes de type 1 =       325.01

 * stress en kbar 
1 sigma potentiel (1,1) (2,1) (3,1) =   8.819342948      0.1791081944E-01 -0.9065225535    
2 sigma potentiel (1,2) (2,2) (3,2) =  0.1791081944E-01   8.062782274     -0.4824626391    
3 sigma potentiel (1,3) (2,3) (3,3) = -0.9065225535     -0.4824626391       8.813973873    

1 sigma cinetique (1,1) (2,1) (3,1) =   2.621191905     -0.5008227368E-01  0.1256780037E-01
2 sigma cinetique (1,2) (2,2) (3,2) = -0.5008227368E-01   2.801770123      0.7866338394E-01
3 sigma cinetique (1,3) (2,3) (3,3) =  0.1256780037E-01  0.7866338394E-01   2.781358808    

1 sigma total (1,1) (2,1) (3,1) =   11.44053485     -0.3217145425E-01 -0.8939547531    
2 sigma total (1,2) (2,2) (3,2) = -0.3217145425E-01   10.86455240     -0.4037992551    
3 sigma total (1,3) (2,3) (3,3) = -0.8939547531     -0.4037992551       11.59533268    

        60 0.408E-13*Pression =     11.300    
 pression totale  potentiel = cinetique =
    11.300        8.5654        2.7348    
 ----------valeurs moyennes------------
*temperature moyenne =       272.03
*pression moyenne =     3.4999    
 --------------------------------------


<<<<<<<<  ITERATION =     65  time =   0.4342061E-13


 --------- Temperatures et Pression--------
 ----------valeurs instantanees------------
        65 0.434E-13*Epot =    -6763.32631092      eV 
    *energie PAIRE EAM =    -1331.09219585      eV 
    *energie GLUE  =    -5432.23411507      eV 
        65 0.434E-13*Ec =     67.6310111263      eV   (255.357 K)
        65 0.434E-13*Etot =    -6695.69529979      eV 

        65 0.434E-13*Temp instantanee = 255.357
 NPT With Parrinello-Rahman
        65 0.434E-13*Kcell =    0.324646197509      eV   (837.208 K)
 Box tensor
 a   3.2278063034210098E-007   6.4554935866799801E-012  -4.7164476744929718E-012
 b   6.4554847571693947E-012   3.2277952384008871E-007  -5.9930600759409195E-012
 c  -4.7164662579347476E-012  -5.9930908996301485E-012   3.2278129247585248E-007
Strain (Lagrange def.):
  e(1:3,1) =   0.684232E-03  0.200271E-04 -0.146322E-04
  e(1:3,2) =   0.200271E-04  0.680799E-03 -0.185926E-04
  e(1:3,3) =  -0.146322E-04 -0.185926E-04  0.686286E-03
Rotation:
  r(1:3,1) =    0.00000      0.136866E-10  0.288062E-10
  r(1:3,2) =  -0.136866E-10   0.00000      0.477798E-10
  r(1:3,3) =  -0.288062E-10 -0.477798E-10   0.00000    
        65 0.434E-13*l_a,m      32.2780630        32.2621229    
        65 0.434E-13*l_b,m      32.2779524        32.2620828    
        65 0.434E-13*l_c,m      32.2781293        32.2621214    
        65 0.434E-13*ang_bc,m      90.0021    90.0006
        65 0.434E-13*ang_ca,m      90.0017    90.0005
        65 0.434E-13*ang_ab,m      89.9977    89.9993
        65 0.434E-13*volume      33629.6074396        33579.8182060    
Thermostat de Nose
        65 0.434E-13*KNose =     7.30778178247      eV   (169609.871 K)
     65 0.434E-13*fNose =     0.564368300943    
     65 0.434E-13*Htot_Nose =     -6778.98135838      eV 

*temp instantanee des atomes de type 1 =       255.36

 * stress en kbar 
1 sigma potentiel (1,1) (2,1) (3,1) =   7.556234582     -0.3443419959E-02 -0.9225649418    
2 sigma potentiel (1,2) (2,2) (3,2) = -0.3443419959E-02   7.017348388     -0.1405399802    
3 sigma potentiel (1,3) (2,3) (3,3) = -0.9225649418     -0.1405399802       7.763854723    

1 sigma cinetique (1,1) (2,1) (3,1) =   2.045331821     -0.5059430656E-01 -0.1115468050E-01
2 sigma cinetique (1,2) (2,2) (3,2) = -0.5059430656E-01   2.238709142      0.9883550478E-02
3 sigma cinetique (1,3) (2,3) (3,3) = -0.1115468050E-01  0.9883550478E-02   2.160384270    

1 sigma total (1,1) (2,1) (3,1) =   9.601566403     -0.5403772652E-01 -0.9337196223    
2 sigma total (1,2) (2,2) (3,2) = -0.5403772652E-01   9.256057530     -0.1306564297    
3 sigma total (1,3) (2,3) (3,3) = -0.9337196223     -0.1306564297       9.924238993    

        65 0.434E-13*Pression =     9.5940    
 pression totale  potentiel = cinetique =
    9.5940        7.4458        2.1481    
 ----------valeurs moyennes------------
*temperature moyenne =       270.75
*pression moyenne =     3.5936    
 --------------------------------------


<<<<<<<<  ITERATION =     70  time =   0.4644793E-13


 --------- Temperatures et Pression--------
 ----------valeurs instantanees------------
        70 0.464E-13*Epot =    -6768.63153163      eV 
    *energie PAIRE EAM =    -1336.37308261      eV 
    *energie GLUE  =    -5432.25844901      eV 
        70 0.464E-13*Ec =     57.8988361806      eV   (218.611 K)
        70 0.464E-13*Etot =    -6710.73269544      eV 

        70 0.464E-13*Temp instantanee = 218.611
 NPT With Parrinello-Rahman
        70 0.464E-13*Kcell =    0.291568738509      eV   (751.907 K)
 Box tensor
 a   3.2280270125924339E-007   6.8161319426990893E-012  -5.3914614301198309E-012
 b   6.8161121461787836E-012   3.2280124339387150E-007  -6.4994188859055928E-012
 c  -5.3914849879967171E-012  -6.4994654501533727E-012   3.2280356316331696E-007
Strain (Lagrange def.):
  e(1:3,1) =   0.752705E-03  0.211474E-04 -0.167274E-04
  e(1:3,2) =   0.211474E-04  0.748182E-03 -0.201649E-04
  e(1:3,3) =  -0.167274E-04 -0.201649E-04  0.755380E-03
Rotation:
  r(1:3,1) =    0.00000      0.306866E-10  0.365170E-10
  r(1:3,2) =  -0.306866E-10   0.00000      0.721792E-10
  r(1:3,3) =  -0.365170E-10 -0.721792E-10   0.00000    
        70 0.464E-13*l_a,m      32.2802701        32.2634192    
        70 0.464E-13*l_b,m      32.2801244        32.2633715    
        70 0.464E-13*l_c,m      32.2803563        32.2634239    
        70 0.464E-13*ang_bc,m      90.0023    90.0008
        70 0.464E-13*ang_ca,m      90.0019    90.0006
        70 0.464E-13*ang_ab,m      89.9976    89.9992
        70 0.464E-13*volume      33636.4906329        33583.8662365    
Thermostat de Nose
        70 0.464E-13*KNose =     3.22970157698      eV   (74959.719 K)
     70 0.464E-13*fNose =     0.628802930386    
     70 0.464E-13*Htot_Nose =     -6780.94731383      eV 

*temp instantanee des atomes de type 1 =       218.61

 * stress en kbar 
1 sigma potentiel (1,1) (2,1) (3,1) =   6.879608308      0.1967031389E-01 -0.7255358952    
2 sigma potentiel (1,2) (2,2) (3,2) =  0.1967031389E-01   6.546426211      0.1019632323    
3 sigma potentiel (1,3) (2,3) (3,3) = -0.7255358952      0.1019632323       7.183100844    

1 sigma cinetique (1,1) (2,1) (3,1) =   1.739549095     -0.5920927666E-01 -0.5222923236E-01
2 sigma cinetique (1,2) (2,2) (3,2) = -0.5920927666E-01   1.952070734     -0.1117144052E-01
3 sigma cinetique (1,3) (2,3) (3,3) = -0.5222923236E-01 -0.1117144052E-01   1.824278994    

1 sigma total (1,1) (2,1) (3,1) =   8.619157403     -0.3953896276E-01 -0.7777651275    
2 sigma total (1,2) (2,2) (3,2) = -0.3953896276E-01   8.498496946      0.9079179182E-01
3 sigma total (1,3) (2,3) (3,3) = -0.7777651275      0.9079179182E-01   9.007379838    

        70 0.464E-13*Pression =     8.7083    
 pression totale  potentiel = cinetique =
    8.7083        6.8697        1.8386    
 ----------valeurs moyennes------------
*temperature moyenne =       267.03
*pression moyenne =     3.6667    
 --------------------------------------


<<<<<<<<  ITERATION =     75  time =   0.4970275E-13


 --------- Temperatures et Pression--------
 ----------valeurs instantanees------------
        75 0.497E-13*Epot =    -6776.92265564      eV 
    *energie PAIRE EAM =    -1344.64412522      eV 
    *energie GLUE  =    -5432.27853041      eV 
        75 0.497E-13*Ec =     59.0672264525      eV   (223.023 K)
        75 0.497E-13*Etot =    -6717.85542919      eV 

        75 0.497E-13*Temp instantanee = 223.023
 NPT With Parrinello-Rahman
        75 0.497E-13*Kcell =    0.288563525318      eV   (744.157 K)
 Box tensor
 a   3.2282268959620605E-007   7.1192696349045092E-012  -6.0686856426348189E-012
 b   7.1192379132626834E-012   3.2282091814691879E-007  -6.9179031239037935E-012
 c  -6.0687138632191852E-012  -6.9179667625252565E-012   3.2282377485383304E-007
Strain (Lagrange def.):
  e(1:3,1) =   0.814722E-03  0.220892E-04 -0.188298E-04
  e(1:3,2) =   0.220892E-04  0.809226E-03 -0.214646E-04
  e(1:3,3) =  -0.188298E-04 -0.214646E-04  0.818089E-03
Rotation:
  r(1:3,1) =    0.00000      0.491717E-10  0.437447E-10
  r(1:3,2) =  -0.491717E-10   0.00000      0.986462E-10
  r(1:3,3) =  -0.437447E-10 -0.986462E-10   0.00000    
        75 0.497E-13*l_a,m      32.2822690        32.2646758    
        75 0.497E-13*l_b,m      32.2820918        32.2646195    
        75 0.497E-13*l_c,m      32.2823775        32.2646874    
        75 0.497E-13*ang_bc,m      90.0025    90.0009
        75 0.497E-13*ang_ca,m      90.0022    90.0007
        75 0.497E-13*ang_ab,m      89.9975    89.9990
        75 0.497E-13*volume      33642.7300520        33587.7904908    
Thermostat de Nose
        75 0.497E-13*KNose =    0.589355060434      eV   (13678.629 K)
     75 0.497E-13*fNose =     0.661615159699    
     75 0.497E-13*Htot_Nose =     -6782.62898666      eV 

*temp instantanee des atomes de type 1 =       223.02

 * stress en kbar 
1 sigma potentiel (1,1) (2,1) (3,1) =   5.791482084      0.5845653202E-01 -0.4976636727    
2 sigma potentiel (1,2) (2,2) (3,2) =  0.5845653202E-01   5.536018577      0.1501388924    
3 sigma potentiel (1,3) (2,3) (3,3) = -0.4976636727      0.1501388924       6.090707615    

1 sigma cinetique (1,1) (2,1) (3,1) =   1.768410716     -0.7555183123E-01 -0.8004347408E-01
2 sigma cinetique (1,2) (2,2) (3,2) = -0.7555183123E-01   2.011386956     -0.9537778499E-03
3 sigma cinetique (1,3) (2,3) (3,3) = -0.8004347408E-01 -0.9537778499E-03   1.846355565    

1 sigma total (1,1) (2,1) (3,1) =   7.559892800     -0.1709529921E-01 -0.5777071468    
2 sigma total (1,2) (2,2) (3,2) = -0.1709529921E-01   7.547405532      0.1491851145    
3 sigma total (1,3) (2,3) (3,3) = -0.5777071468      0.1491851145       7.937063180    

        75 0.497E-13*Pression =     7.6815    
 pression totale  potentiel = cinetique =
    7.6815        5.8061        1.8754    
 ----------valeurs moyennes------------
*temperature moyenne =       264.09
*pression moyenne =     3.7202    
 --------------------------------------


<<<<<<<<  ITERATION =     80  time =   0.5303871E-13


 --------- Temperatures et Pression--------
 ----------valeurs instantanees------------
        80 0.530E-13*Epot =    -6785.43388994      eV 
    *energie PAIRE EAM =    -1354.15268008      eV 
    *energie GLUE  =    -5431.28120986      eV 
        80 0.530E-13*Ec =     67.6638847776      eV   (255.481 K)
        80 0.530E-13*Etot =    -6717.77000516      eV 

        80 0.530E-13*Temp instantanee = 255.481
 NPT With Parrinello-Rahman
        80 0.530E-13*Kcell =    0.306111720740      eV   (789.411 K)
 Box tensor
 a   3.2284249560296268E-007   7.4038533650327569E-012  -6.7783393825382876E-012
 b   7.4038084929288123E-012   3.2284042765406244E-007  -7.2931576248314355E-012
 c  -6.7783722352993369E-012  -7.2932401337287299E-012   3.2284383804515019E-007
Strain (Lagrange def.):
  e(1:3,1) =   0.876176E-03  0.229736E-04 -0.210330E-04
  e(1:3,2) =   0.229736E-04  0.869760E-03 -0.226304E-04
  e(1:3,3) =  -0.210330E-04 -0.226304E-04  0.880342E-03
Rotation:
  r(1:3,1) =    0.00000      0.695562E-10  0.509250E-10
  r(1:3,2) =  -0.695562E-10   0.00000      0.127897E-09
  r(1:3,3) =  -0.509250E-10 -0.127897E-09   0.00000    
        80 0.530E-13*l_a,m      32.2842496        32.2658992    
        80 0.530E-13*l_b,m      32.2840428        32.2658334    
        80 0.530E-13*l_c,m      32.2843838        32.2659185    
        80 0.530E-13*ang_bc,m      90.0026    90.0010
        80 0.530E-13*ang_ca,m      90.0024    90.0008
        80 0.530E-13*ang_ab,m      89.9974    89.9989
        80 0.530E-13*volume      33648.9185378        33591.6109938    
Thermostat de Nose
        80 0.530E-13*KNose =    0.295951474934E-03  eV   (6.869 K)
     80 0.530E-13*fNose =     0.668169460031    
     80 0.530E-13*Htot_Nose =     -6781.54832934      eV 

*temp instantanee des atomes de type 1 =       255.48

 * stress en kbar 
1 sigma potentiel (1,1) (2,1) (3,1) =   4.309502160      0.1031515998     -0.3740089561    
2 sigma potentiel (1,2) (2,2) (3,2) =  0.1031515998       3.982622645      0.1769896110    
3 sigma potentiel (1,3) (2,3) (3,3) = -0.3740089561      0.1769896110       4.536130322    

1 sigma cinetique (1,1) (2,1) (3,1) =   2.029084403     -0.9189576315E-01 -0.9110929640E-01
2 sigma cinetique (1,2) (2,2) (3,2) = -0.9189576315E-01   2.304169575      0.2012406223E-01
3 sigma cinetique (1,3) (2,3) (3,3) = -0.9110929640E-01  0.2012406223E-01   2.110550139    

1 sigma total (1,1) (2,1) (3,1) =   6.338586564      0.1125583663E-01 -0.4651182525    
2 sigma total (1,2) (2,2) (3,2) =  0.1125583663E-01   6.286792221      0.1971136733    
3 sigma total (1,3) (2,3) (3,3) = -0.4651182525      0.1971136733       6.646680461    

        80 0.530E-13*Pression =     6.4240    
 pression totale  potentiel = cinetique =
    6.4240        4.2761        2.1479    
 ----------valeurs moyennes------------
*temperature moyenne =       263.55
*pression moyenne =     3.7540    
 --------------------------------------


<<<<<<<<  ITERATION =     85  time =   0.5636239E-13


 --------- Temperatures et Pression--------
 ----------valeurs instantanees------------
        85 0.564E-13*Epot =    -6795.61293174      eV 
    *energie PAIRE EAM =    -1364.33407951      eV 
    *energie GLUE  =    -5431.27885223      eV 
        85 0.564E-13*Ec =     78.8814397888      eV   (297.836 K)
        85 0.564E-13*Etot =    -6716.73149195      eV 

        85 0.564E-13*Temp instantanee = 297.836
 NPT With Parrinello-Rahman
        85 0.564E-13*Kcell =    0.334674722874      eV   (863.070 K)
 Box tensor
 a   3.2286316909246410E-007   7.6929711633986142E-012  -7.5477885409553750E-012
 b   7.6929112562948090E-012   3.2286080143879934E-007  -7.6451297277197921E-012
 c  -7.5478259594307745E-012  -7.6452335835169971E-012   3.2286480787058691E-007
Strain (Lagrange def.):
  e(1:3,1) =   0.940327E-03  0.238722E-04 -0.234220E-04
  e(1:3,2) =   0.238722E-04  0.932980E-03 -0.237241E-04
  e(1:3,3) =  -0.234220E-04 -0.237241E-04  0.945412E-03
Rotation:
  r(1:3,1) =    0.00000      0.928620E-10  0.580023E-10
  r(1:3,2) =  -0.928620E-10   0.00000      0.160987E-09
  r(1:3,3) =  -0.580023E-10 -0.160987E-09   0.00000    
        85 0.564E-13*l_a,m      32.2863169        32.2671002    
        85 0.564E-13*l_b,m      32.2860802        32.2670244    
        85 0.564E-13*l_c,m      32.2864808        32.2671280    
        85 0.564E-13*ang_bc,m      90.0027    90.0011
        85 0.564E-13*ang_ca,m      90.0027    90.0009
        85 0.564E-13*ang_ab,m      89.9973    89.9988
        85 0.564E-13*volume      33655.3828084        33595.3622770    
Thermostat de Nose
        85 0.564E-13*KNose =    0.639429432509E-01  eV   (1484.083 K)
     85 0.564E-13*fNose =     0.661769543958    
     85 0.564E-13*Htot_Nose =     -6781.94726806      eV 

*temp instantanee des atomes de type 1 =       297.84

 * stress en kbar 
1 sigma potentiel (1,1) (2,1) (3,1) =   3.152980902      0.1899879137     -0.3240150641    
2 sigma potentiel (1,2) (2,2) (3,2) =  0.1899879137       2.874330239      0.1841126498    
3 sigma potentiel (1,3) (2,3) (3,3) = -0.3240150641      0.1841126498       3.346706222    

1 sigma cinetique (1,1) (2,1) (3,1) =   2.380918038     -0.1023879541     -0.9099379981E-01
2 sigma cinetique (1,2) (2,2) (3,2) = -0.1023879541       2.664650487      0.3279706642E-01
3 sigma cinetique (1,3) (2,3) (3,3) = -0.9099379981E-01  0.3279706642E-01   2.465084579    

1 sigma total (1,1) (2,1) (3,1) =   5.533898940      0.8759995960E-01 -0.4150088639    
2 sigma total (1,2) (2,2) (3,2) =  0.8759995960E-01   5.538980726      0.2169097162    
3 sigma total (1,3) (2,3) (3,3) = -0.4150088639      0.2169097162       5.811790801    

        85 0.564E-13*Pression =     5.6282    
 pression totale  potentiel = cinetique =
    5.6282        3.1247        2.5036    
 ----------valeurs moyennes------------
*temperature moyenne =       265.57
*pression moyenne =     3.7761    
 --------------------------------------


<<<<<<<<  ITERATION =     90  time =   0.5965489E-13


 --------- Temperatures et Pression--------
 ----------valeurs instantanees------------
        90 0.597E-13*Epot =    -6802.18768524      eV 
    *energie PAIRE EAM =    -1370.84291050      eV 
    *energie GLUE  =    -5431.34477474      eV 
        90 0.597E-13*Ec =     86.8148376691      eV   (327.790 K)
        90 0.597E-13*Etot =    -6715.37284757      eV 

        90 0.597E-13*Temp instantanee = 327.790
 NPT With Parrinello-Rahman
        90 0.597E-13*Kcell =    0.363353345955      eV   (937.027 K)
 Box tensor
 a   3.2288496273902951E-007   8.0010310229986863E-012  -8.3889380690967009E-012
 b   8.0009539117695842E-012   3.2288229061993826E-007  -7.9758577639887335E-012
 c  -8.3889797081615361E-012  -7.9759855949901941E-012   3.2288693961702355E-007
Strain (Lagrange def.):
  e(1:3,1) =   0.100796E-02  0.248299E-04 -0.260340E-04
  e(1:3,2) =   0.248299E-04  0.999665E-03 -0.247521E-04
  e(1:3,3) =  -0.260340E-04 -0.247521E-04  0.101409E-02
Rotation:
  r(1:3,1) =    0.00000      0.119530E-09  0.645447E-10
  r(1:3,2) =  -0.119530E-09   0.00000      0.198151E-09
  r(1:3,3) =  -0.645447E-10 -0.198151E-09   0.00000    
        90 0.597E-13*l_a,m      32.2884963        32.2682889    
        90 0.597E-13*l_b,m      32.2882291        32.2682025    
        90 0.597E-13*l_c,m      32.2886940        32.2683261    
        90 0.597E-13*ang_bc,m      90.0028    90.0012
        90 0.597E-13*ang_ca,m      90.0030    90.0010
        90 0.597E-13*ang_ab,m      89.9972    89.9987
        90 0.597E-13*volume      33662.2021068        33599.0756009    
Thermostat de Nose
        90 0.597E-13*KNose =    0.307164841698E-02  eV   (71.291 K)
     90 0.597E-13*fNose =     0.657438574339    
     90 0.597E-13*Htot_Nose =     -6781.66438959      eV 

*temp instantanee des atomes de type 1 =       327.79

 * stress en kbar 
1 sigma potentiel (1,1) (2,1) (3,1) =   2.525128269      0.2542396860     -0.4125456474    
2 sigma potentiel (1,2) (2,2) (3,2) =  0.2542396860       2.294533596      0.1955896766    
3 sigma potentiel (1,3) (2,3) (3,3) = -0.4125456474      0.1955896766       2.721231569    

1 sigma cinetique (1,1) (2,1) (3,1) =   2.641443490     -0.9707284016E-01 -0.8450468848E-01
2 sigma cinetique (1,2) (2,2) (3,2) = -0.9707284016E-01   2.897763094      0.2774860844E-01
3 sigma cinetique (1,3) (2,3) (3,3) = -0.8450468848E-01  0.2774860844E-01   2.725161961    

1 sigma total (1,1) (2,1) (3,1) =   5.166571759      0.1571668459     -0.4970503359    
2 sigma total (1,2) (2,2) (3,2) =  0.1571668459       5.192296690      0.2233382851    
3 sigma total (1,3) (2,3) (3,3) = -0.4970503359      0.2233382851       5.446393530    

        90 0.597E-13*Pression =     5.2684    
 pression totale  potentiel = cinetique =
    5.2684        2.5136        2.7548    
 ----------valeurs moyennes------------
*temperature moyenne =       269.03
*pression moyenne =     3.7927    
 --------------------------------------


<<<<<<<<  ITERATION =     95  time =   0.6295756E-13


 --------- Temperatures et Pression--------
 ----------valeurs instantanees------------
        95 0.630E-13*Epot =    -6803.60488707      eV 
    *energie PAIRE EAM =    -1372.16698706      eV 
    *energie GLUE  =    -5431.43790001      eV 
        95 0.630E-13*Ec =     87.0540318706      eV   (328.694 K)
        95 0.630E-13*Etot =    -6716.55085520      eV 

        95 0.630E-13*Temp instantanee = 328.694
 NPT With Parrinello-Rahman
        95 0.630E-13*Kcell =    0.381400655348      eV   (983.568 K)
 Box tensor
 a   3.2290736912068071E-007   8.3290154525416100E-012  -9.2947030426939063E-012
 b   8.3289189981524273E-012   3.2290439686187849E-007  -8.2753305325122616E-012
 c  -9.2947481835422242E-012  -8.2754846660711116E-012   3.2290972047765365E-007
Strain (Lagrange def.):
  e(1:3,1) =   0.107749E-02  0.258495E-04 -0.288470E-04
  e(1:3,2) =   0.258495E-04  0.106827E-02 -0.256834E-04
  e(1:3,3) =  -0.288470E-04 -0.256834E-04  0.108479E-02
Rotation:
  r(1:3,1) =    0.00000      0.149514E-09  0.699728E-10
  r(1:3,2) =  -0.149514E-09   0.00000      0.238922E-09
  r(1:3,3) =  -0.699728E-10 -0.238922E-09   0.00000    
        95 0.630E-13*l_a,m      32.2907369        32.2694704    
        95 0.630E-13*l_b,m      32.2904397        32.2693728    
        95 0.630E-13*l_c,m      32.2909721        32.2695180    
        95 0.630E-13*ang_bc,m      90.0029    90.0013
        95 0.630E-13*ang_ca,m      90.0033    90.0011
        95 0.630E-13*ang_ab,m      89.9970    89.9987
        95 0.630E-13*volume      33669.2182371        33602.7673186    
Thermostat de Nose
        95 0.630E-13*KNose =    0.116032668479      eV   (2693.059 K)
     95 0.630E-13*fNose =     0.664235693846    
     95 0.630E-13*Htot_Nose =     -6781.07662946      eV 

*temp instantanee des atomes de type 1 =       328.69

 * stress en kbar 
1 sigma potentiel (1,1) (2,1) (3,1) =   2.526069840      0.2363656185     -0.5038401345    
2 sigma potentiel (1,2) (2,2) (3,2) =  0.2363656185       2.378339509      0.2564833992    
3 sigma potentiel (1,3) (2,3) (3,3) = -0.5038401345      0.2564833992       2.761719912    

1 sigma cinetique (1,1) (2,1) (3,1) =   2.672127730     -0.6926205977E-01 -0.7767783774E-01
2 sigma cinetique (1,2) (2,2) (3,2) = -0.6926205977E-01   2.858776199      0.6691566898E-02
3 sigma cinetique (1,3) (2,3) (3,3) = -0.7767783774E-01  0.6691566898E-02   2.754512621    

1 sigma total (1,1) (2,1) (3,1) =   5.198197571      0.1671035588     -0.5815179722    
2 sigma total (1,2) (2,2) (3,2) =  0.1671035588       5.237115708      0.2631749661    
3 sigma total (1,3) (2,3) (3,3) = -0.5815179722      0.2631749661       5.516232532    

        95 0.630E-13*Pression =     5.3172    
 pression totale  potentiel = cinetique =
    5.3172        2.5554        2.7618    
 ----------valeurs moyennes------------
*temperature moyenne =       272.17
*pression moyenne =     3.8087    
 --------------------------------------


<<<<<<<<  ITERATION =    100  time =   0.6632537E-13


 --------- Temperatures et Pression--------
 ----------valeurs instantanees------------
       100 0.663E-13*Epot =    -6801.41051580      eV 
    *energie PAIRE EAM =    -1369.87798172      eV 
    *energie GLUE  =    -5431.53253408      eV 
       100 0.663E-13*Ec =     81.1210193511      eV   (306.292 K)
       100 0.663E-13*Etot =    -6720.28949645      eV 

       100 0.663E-13*Temp instantanee = 306.292
 NPT With Parrinello-Rahman
       100 0.663E-13*Kcell =    0.388160823051      eV   (1001.002 K)
 Box tensor
 a   3.2292963916625701E-007   8.6643660943066765E-012  -1.0241621843338985E-011
 b   8.6642484103170674E-012   3.2292638187067734E-007  -8.5300948542872416E-012
 c  -1.0241669647608980E-011  -8.5302772078266863E-012   3.2293239282589989E-007
Strain (Lagrange def.):
  e(1:3,1) =   0.114661E-02  0.268921E-04 -0.317880E-04
  e(1:3,2) =   0.268921E-04  0.113650E-02 -0.264760E-04
  e(1:3,3) =  -0.317880E-04 -0.264760E-04  0.115516E-02
Rotation:
  r(1:3,1) =    0.00000      0.182422E-09  0.741014E-10
  r(1:3,2) =  -0.182422E-09   0.00000      0.282666E-09
  r(1:3,3) =  -0.741014E-10 -0.282666E-09   0.00000    
       100 0.663E-13*l_a,m      32.2929639        32.2706450    
       100 0.663E-13*l_b,m      32.2926382        32.2705361    
       100 0.663E-13*l_c,m      32.2932393        32.2707041    
       100 0.663E-13*ang_bc,m      90.0030    90.0014
       100 0.663E-13*ang_ca,m      90.0036    90.0013
       100 0.663E-13*ang_ab,m      89.9969    89.9986
       100 0.663E-13*volume      33676.1971651        33606.4388109    
Thermostat de Nose
       100 0.663E-13*KNose =    0.341570434823      eV   (7927.675 K)
    100 0.663E-13*fNose =     0.680549867293    
    100 0.663E-13*Htot_Nose =     -6780.72656549      eV 

*temp instantanee des atomes de type 1 =       306.29

 * stress en kbar 
1 sigma potentiel (1,1) (2,1) (3,1) =   2.915878234      0.1119978843     -0.5201256637    
2 sigma potentiel (1,2) (2,2) (3,2) =  0.1119978843       2.852913041      0.3229850525    
3 sigma potentiel (1,3) (2,3) (3,3) = -0.5201256637      0.3229850525       3.206604032    

1 sigma cinetique (1,1) (2,1) (3,1) =   2.513263002     -0.2231318056E-01 -0.7247011130E-01
2 sigma cinetique (1,2) (2,2) (3,2) = -0.2231318056E-01   2.610943949     -0.1975158972E-01
3 sigma cinetique (1,3) (2,3) (3,3) = -0.7247011130E-01 -0.1975158972E-01   2.594926708    

1 sigma total (1,1) (2,1) (3,1) =   5.429141236      0.8968470378E-01 -0.5925957750    
2 sigma total (1,2) (2,2) (3,2) =  0.8968470378E-01   5.463856989      0.3032334627    
3 sigma total (1,3) (2,3) (3,3) = -0.5925957750      0.3032334627       5.801530740    

       100 0.663E-13*Pression =     5.5648    
 pression totale  potentiel = cinetique =
    5.5648        2.9918        2.5730    
 ----------valeurs moyennes------------
*temperature moyenne =       273.87
*pression moyenne =     3.8263    
 --------------------------------------
 *******Derniere iteration **** 


 ####### END OF RUN  ######## =          100   time =    6.6325372060996221E-014
