 Process            0  of            4  is alive   2.2204460492503132E-058
 *** NDM859 ***
 >>>>>>>>>>> entree readdm
 nom fichier din=dm.din                                                                          
 TEMPERATURE CONSTANTE A LA :lTHoover 

 -------- caracteristiques du run DM-------- 8
      PARRINELLO RAHMAN AUTOCOHERENT 
 generation du crystal ; puis run

      ANALYSES 
 itetemp=           5  itesigma=           1

      CONTROLES 
tstep=  0.100D-14
 itmax=         100  itab=           1  itetimestep=          -1
tinit=     300.0
tempdeplainit=      -1.0
debyetemp=      -1.0
  ----------------------------------


 nb de potentiels           1
 ipotentiel          11
 fmt_cin           1
 IMM PARA =          630        2100

 -*-*-*-*-*-*-*POTENTIELS*-*-*-*-*-


 POTENTIEL EAM ERCOLESI

 Types d_atomes :
   1   26.982   13.000  Al 
    0.900    2.200

  *-*-*-*-*-*CONSTRUCTION DE LA BOITE*-*-*-*-*-*-         630        2100           4

 **********construction du reseau************
 repetition de mailles           1           1           1
 izonr,zlmin,rut           5   64.512000000000000        11.116108836436201     
 nox,noy,noz dans .din =           4           4           4
celsizes   0.8064000E-07  0.8064000E-07  0.8064000E-07
dm.gin                                                                          volume= 0.33560740D-19 cm3  0.33560740D+05 Ang3


 -----------------------------------------------------------
 Procedure de decoupage pour une boite de taille  :           4           4           4
 sur            4  cpus           0
 Nbre de solutions possibles :            6
LE MEILLEUR DECOUPAGE :    4    1    2    2    0.9200
 -----------------------------------------------
           FIN DU CALCUL DU DECOUPAGE :         

 Nbre de cellule suivant x :           4
 Nbre de cellule suivant y :           4
 Nbre de cellule suivant z :           4

 Le cas choisit :           1           2           2
 Nombre de cellules max echg  par proc :           4          80
 Taux d'equilibrage :           4   1.0000000000000000     
 valeur            4  0.92000000000000004     
 Nbre Min/Max de cel. locales. :          16          16
 Nbre Min/Max de cel. fantomes. :          80          80
 locmin/fantomax :           4  0.20000000000000001     
 Process            1  of            4  is alive   2.2204460492503132E-058
 Process            2  of            4  is alive   2.2204460492503132E-058
 Process            3  of            4  is alive   2.2204460492503132E-058
 natperc im/noxyz         320          32
 ltabvois,lconstrtot F F

 -------- boite de simulation ------
 nombre d atomes =        2049
vecteur  1      32.256000       0.000000       0.000000
vecteur  2       0.000000      32.256000       0.000000
vecteur  3       0.000000       0.000000      32.256000
         570  atomes de type           1

  -------------------------------------------------------------------
              definition des rayons de coupure
 paire            1
 calpoeam Minrho Maxrho   -1.4711099804881778        9.2672924683822253E-002
 calpoeam Rhomin Rhomax   -20.595539726834488        1.2974209455735115     
 calpoeam ktorho and the inverse:    1.0946480336204000E-003   913.53564733737801     
 Le proc            3  a            3  processeur voisin
 Le proc            2  a            3  processeur voisin
 NOMBRE DE CELLULES FRONTIERES ASSOCIEES A CHAQUE PROCESSEUR
 Le proc            0  a            3  processeur voisin
 seed_size          12
 Le proc            1  a            3  processeur voisin
 iseed pour tirage des vitesses           1
 random velocities at TINIT =    300.00000000000000      K
 seed_size          12
 iseed pour tirage des vitesses           1
 seed_size          12
 iseed pour tirage des vitesses           1
 seed_size          12
 iseed pour tirage des vitesses           1
 temperature MI initspeed    296.83482611099095     
 center of mass =    15.183902990774511        15.183881067905411        15.120492838941562     
 Momentum/atom  =   -3.2061857054948016E-020   7.2109677784937210E-020  -1.8830843223128258E-020
Inertia/anglm =   0.1587E-32 -0.3480E-35 -0.5914E-36      -0.1066E-22
Inertia/anglm =  -0.3480E-35  0.1587E-32 -0.5913E-36       0.1260E-22
Inertia/anglm =  -0.5914E-36 -0.5913E-36  0.1588E-32       0.5016E-23
 temperature fin initspeed    296.25947150794531     
 ***** PREMIERE ITERATION  ****

 Algorithme de Parrinello-Rahman (V2)
  -> la vitesse de la boîte ne prend pas en compte la dérivée du tenseur h

Repère actuel  (A):
 h (1:3,1) = 32.25600 .00000 .00000
 h (1:3,2) = .00000 32.25600 .00000
 h (1:3,3) = .00000 .00000 32.25600
Masse de la boîte pour Parrinello-Rahman: wbox=  0.458881755876E-19
Initialisation de la vitesse de la boîte pour la température .000 K
      0 0.000D+00*Kcell =    0.000000000000D+00  eV   (.000 K)

Thermostat de Nosé-Hoover (V2)
  -> l'énergie cinétique des atomes et de la boîte est thermalisée
Masse de la boîte pour thermostat de Nosé-Hoover: wHoover=  0.848668343400E-37
Nombre de degrés de liberté: gNose=   6147.00000000    
Nombre de thermostats: nHoover=1
Initialisation du thermostat de Nosé-Hoover pour la température 300.000 K
      0 0.000D+00*KNose =    0.129257484904D-01  eV   (300.000 K)



<<<<<<<<  ITERATION =      5  time =   0.5000000E-14


 --------- Temperatures et Pression--------
 ----------valeurs instantanees------------
         5 0.500E-14*Epot =    -6868.78763871      eV 
    *energie PAIRE EAM =    -1432.35967993      eV 
    *energie GLUE  =    -5436.42795878      eV 
         5 0.500E-14*Ec =     74.1147151121      eV   (279.838 K)
         5 0.500E-14*Etot =    -6794.67292360      eV 

         5 0.500E-14*Temp instantanee = 279.838
 NPT With Parrinello-Rahman
         5 0.500E-14*Kcell =    0.444328242950E-04  eV   (.115 K)
 Box tensor
 a   3.2256008561172935E-007   2.3410138084874640E-015  -3.8448825188607726E-015
 b   2.3410138097239356E-015   3.2256007945480256E-007  -3.1271962817555889E-015
 c  -3.8448825164604164E-015  -3.1271962792183011E-015   3.2256008166456662E-007
Strain (Lagrange def.):
  e(1:3,1) =   0.265413E-06  0.725761E-08 -0.119199E-07
  e(1:3,2) =   0.725761E-08  0.246326E-06 -0.969493E-08
  e(1:3,3) =  -0.119199E-07 -0.969493E-08  0.253176E-06
Rotation:
  r(1:3,1) =    0.00000     -0.191665E-17 -0.372079E-17
  r(1:3,2) =   0.191665E-17   0.00000     -0.393305E-17
  r(1:3,3) =   0.372079E-17  0.393305E-17   0.00000    
         5 0.500E-14*l_a,m      32.2560086        32.2560086    
         5 0.500E-14*l_b,m      32.2560079        32.2560079    
         5 0.500E-14*l_c,m      32.2560082        32.2560082    
         5 0.500E-14*ang_bc,m      90.0000    90.0000
         5 0.500E-14*ang_ca,m      90.0000    90.0000
         5 0.500E-14*ang_ab,m      90.0000    90.0000
         5 0.500E-14*volume      33560.7659043        33560.7659043    
Thermostat de Nose-Hoover
         5 0.500E-14*KNose =    0.399017166674E-04  eV   (.926 K)
      5 0.500E-14*zHoover(1) =      38814764941.5    

*temp instantanee des atomes de type 1 =       279.84

 * stress en kbar 
1 sigma potentiel (1,1) (2,1) (3,1) =  0.4988571877      0.4749816757E-01 -0.6305467826E-02
2 sigma potentiel (1,2) (2,2) (3,2) =  0.4749816757E-01  0.2718565866     -0.1084584610E-01
3 sigma potentiel (1,3) (2,3) (3,3) = -0.6305467826E-02 -0.1084584610E-01  0.5434486720    

1 sigma cinetique (1,1) (2,1) (3,1) =   2.432750337      0.4130427889E-01 -0.1257496714    
2 sigma cinetique (1,2) (2,2) (3,2) =  0.4130427889E-01   2.375690970     -0.1108977630    
3 sigma cinetique (1,3) (2,3) (3,3) = -0.1257496714     -0.1108977630       2.267967645    

1 sigma total (1,1) (2,1) (3,1) =   2.931607525      0.8880244646E-01 -0.1320551392    
2 sigma total (1,2) (2,2) (3,2) =  0.8880244646E-01   2.647547556     -0.1217436091    
3 sigma total (1,3) (2,3) (3,3) = -0.1320551392     -0.1217436091       2.811416317    

         5 0.500E-14*Pression =     2.7969    
 pression totale  potentiel = cinetique =
    2.7969       0.43805        2.3588    
 ----------valeurs moyennes------------
*temperature moyenne =       279.84
*pression moyenne =    0.55937    
 --------------------------------------


<<<<<<<<  ITERATION =     10  time =   0.1000000E-13


 --------- Temperatures et Pression--------
 ----------valeurs instantanees------------
        10 0.100E-13*Epot =    -6866.60141804      eV 
    *energie PAIRE EAM =    -1430.20474161      eV 
    *energie GLUE  =    -5436.39667643      eV 
        10 0.100E-13*Ec =     72.8088127891      eV   (274.907 K)
        10 0.100E-13*Etot =    -6793.79260525      eV 

        10 0.100E-13*Temp instantanee = 274.907
 NPT With Parrinello-Rahman
        10 0.100E-13*Kcell =    0.179464932250E-03  eV   (.463 K)
 Box tensor
 a   3.2256033659046063E-007   9.6596851104987398E-015  -1.5603381780188804E-014
 b   9.6596851009922260E-015   3.2256030994820448E-007  -1.3135009673086785E-014
 c  -1.5603381799170489E-014  -1.3135009705120471E-014   3.2256032118310232E-007
Strain (Lagrange def.):
  e(1:3,1) =   0.104350E-05  0.299470E-07 -0.483736E-07
  e(1:3,2) =   0.299470E-07  0.960901E-06 -0.407212E-07
  e(1:3,3) =  -0.483736E-07 -0.407212E-07  0.995732E-06
Rotation:
  r(1:3,1) =    0.00000      0.147360E-16  0.294235E-16
  r(1:3,2) =  -0.147360E-16   0.00000      0.496554E-16
  r(1:3,3) =  -0.294235E-16 -0.496554E-16   0.00000    
        10 0.100E-13*l_a,m      32.2560337        32.2560211    
        10 0.100E-13*l_b,m      32.2560310        32.2560195    
        10 0.100E-13*l_c,m      32.2560321        32.2560201    
        10 0.100E-13*ang_bc,m      90.0000    90.0000
        10 0.100E-13*ang_ca,m      90.0000    90.0000
        10 0.100E-13*ang_ab,m      90.0000    90.0000
        10 0.100E-13*volume      33560.8409199        33560.8034121    
Thermostat de Nose-Hoover
        10 0.100E-13*KNose =    0.396967860250E-01  eV   (921.342 K)
     10 0.100E-13*zHoover(1) =    -0.122427461160E+13

*temp instantanee des atomes de type 1 =       274.91

 * stress en kbar 
1 sigma potentiel (1,1) (2,1) (3,1) =  0.6897744669      0.3750301294E-01  0.5252662834E-02
2 sigma potentiel (1,2) (2,2) (3,2) =  0.3750301294E-01  0.4472516716     -0.2731049267E-01
3 sigma potentiel (1,3) (2,3) (3,3) =  0.5252662834E-02 -0.2731049267E-01  0.7553411374    

1 sigma cinetique (1,1) (2,1) (3,1) =   2.392010448      0.4761345646E-01 -0.1298103806    
2 sigma cinetique (1,2) (2,2) (3,2) =  0.4761345646E-01   2.325264401     -0.1069998282    
3 sigma cinetique (1,3) (2,3) (3,3) = -0.1298103806     -0.1069998282       2.234432138    

1 sigma total (1,1) (2,1) (3,1) =   3.081784915      0.8511646940E-01 -0.1245577178    
2 sigma total (1,2) (2,2) (3,2) =  0.8511646940E-01   2.772516073     -0.1343103208    
3 sigma total (1,3) (2,3) (3,3) = -0.1245577178     -0.1343103208       2.989773275    

        10 0.100E-13*Pression =     2.9480    
 pression totale  potentiel = cinetique =
    2.9480       0.63079        2.3172    
 ----------valeurs moyennes------------
*temperature moyenne =       277.37
*pression moyenne =    0.79824    
 --------------------------------------


<<<<<<<<  ITERATION =     15  time =   0.1500000E-13


 --------- Temperatures et Pression--------
 ----------valeurs instantanees------------
        15 0.150E-13*Epot =    -6861.57788067      eV 
    *energie PAIRE EAM =    -1425.08608833      eV 
    *energie GLUE  =    -5436.49179234      eV 
        15 0.150E-13*Ec =     70.5136316470      eV   (266.241 K)
        15 0.150E-13*Etot =    -6791.06424902      eV 

        15 0.150E-13*Temp instantanee = 266.241
 NPT With Parrinello-Rahman
        15 0.150E-13*Kcell =    0.431079648388E-03  eV   (1.112 K)
 Box tensor
 a   3.2256076398920162E-007   2.1843691078425840E-014  -3.4899542784198405E-014
 b   2.1843691069026862E-014   3.2256070057885469E-007  -3.0956487739513045E-014
 c  -3.4899542934545896E-014  -3.0956487917926908E-014   3.2256073118552833E-007
Strain (Lagrange def.):
  e(1:3,1) =   0.236852E-05  0.677199E-07 -0.108196E-06
  e(1:3,2) =   0.677199E-07  0.217194E-05 -0.959715E-07
  e(1:3,3) =  -0.108196E-06 -0.959715E-07  0.226682E-05
Rotation:
  r(1:3,1) =    0.00000      0.145694E-16  0.233054E-15
  r(1:3,2) =  -0.145694E-16   0.00000      0.276559E-15
  r(1:3,3) =  -0.233054E-15 -0.276559E-15   0.00000    
        15 0.150E-13*l_a,m      32.2560764        32.2560395    
        15 0.150E-13*l_b,m      32.2560701        32.2560363    
        15 0.150E-13*l_c,m      32.2560731        32.2560378    
        15 0.150E-13*ang_bc,m      90.0000    90.0000
        15 0.150E-13*ang_ca,m      90.0000    90.0000
        15 0.150E-13*ang_ab,m      90.0000    90.0000
        15 0.150E-13*volume      33560.9686908        33560.8585050    
Thermostat de Nose-Hoover
        15 0.150E-13*KNose =    0.170155501588      eV   (3949.222 K)
     15 0.150E-13*zHoover(1) =    -0.253468601132E+13

*temp instantanee des atomes de type 1 =       266.24

 * stress en kbar 
1 sigma potentiel (1,1) (2,1) (3,1) =   1.011299743      0.3309413254E-01  0.1664111754E-01
2 sigma potentiel (1,2) (2,2) (3,2) =  0.3309413254E-01  0.8372676876     -0.5202474935E-01
3 sigma potentiel (1,3) (2,3) (3,3) =  0.1664111754E-01 -0.5202474935E-01   1.070279069    

1 sigma cinetique (1,1) (2,1) (3,1) =   2.326404888      0.5062400139E-01 -0.1306601728    
2 sigma cinetique (1,2) (2,2) (3,2) =  0.5062400139E-01   2.240892503     -0.1039255106    
3 sigma cinetique (1,3) (2,3) (3,3) = -0.1306601728     -0.1039255106       2.165242542    

1 sigma total (1,1) (2,1) (3,1) =   3.337704631      0.8371813394E-01 -0.1140190553    
2 sigma total (1,2) (2,2) (3,2) =  0.8371813394E-01   3.078160190     -0.1559502600    
3 sigma total (1,3) (2,3) (3,3) = -0.1140190553     -0.1559502600       3.235521612    

        15 0.150E-13*Pression =     3.2171    
 pression totale  potentiel = cinetique =
    3.2171       0.97295        2.2442    
 ----------valeurs moyennes------------
*temperature moyenne =       273.66
*pression moyenne =    0.95950    
 --------------------------------------


<<<<<<<<  ITERATION =     20  time =   0.2000000E-13


 --------- Temperatures et Pression--------
 ----------valeurs instantanees------------
        20 0.200E-13*Epot =    -6860.78585367      eV 
    *energie PAIRE EAM =    -1421.62852790      eV 
    *energie GLUE  =    -5439.15732576      eV 
        20 0.200E-13*Ec =     68.1040282369      eV   (257.143 K)
        20 0.200E-13*Etot =    -6792.68182543      eV 

        20 0.200E-13*Temp instantanee = 257.143
 NPT With Parrinello-Rahman
        20 0.200E-13*Kcell =    0.860153134694E-03  eV   (2.218 K)
 Box tensor
 a   3.2256138837604160E-007   3.8994012800339604E-014  -6.1106725878533066E-014
 b   3.8994013081792819E-014   3.2256127289619062E-007  -5.8014688686992481E-014
 c  -6.1106726348633695E-014  -5.8014688945759608E-014   3.2256133205660230E-007
Strain (Lagrange def.):
  e(1:3,1) =   0.430425E-05  0.120890E-06 -0.189444E-06
  e(1:3,2) =   0.120890E-06  0.394624E-05 -0.179858E-06
  e(1:3,3) =  -0.189444E-06 -0.179858E-06  0.412965E-05
Rotation:
  r(1:3,1) =    0.00000     -0.436280E-15  0.728703E-15
  r(1:3,2) =   0.436280E-15   0.00000      0.401115E-15
  r(1:3,3) =  -0.728703E-15 -0.401115E-15   0.00000    
        20 0.200E-13*l_a,m      32.2561388        32.2560644    
        20 0.200E-13*l_b,m      32.2561273        32.2560591    
        20 0.200E-13*l_c,m      32.2561332        32.2560617    
        20 0.200E-13*ang_bc,m      90.0000    90.0000
        20 0.200E-13*ang_ca,m      90.0000    90.0000
        20 0.200E-13*ang_ab,m      90.0000    90.0000
        20 0.200E-13*volume      33561.1557206        33560.9328089    
Thermostat de Nose-Hoover
        20 0.200E-13*KNose =    0.560595562210      eV   (13011.136 K)
     20 0.200E-13*zHoover(1) =    -0.460072206648E+13

*temp instantanee des atomes de type 1 =       257.14

 * stress en kbar 
1 sigma potentiel (1,1) (2,1) (3,1) =   1.686231981      0.3368649123E-01  0.1834990737E-01
2 sigma potentiel (1,2) (2,2) (3,2) =  0.3368649123E-01   1.498653039     -0.8487885530E-01
3 sigma potentiel (1,3) (2,3) (3,3) =  0.1834990737E-01 -0.8487885530E-01   1.757455258    

1 sigma cinetique (1,1) (2,1) (3,1) =   2.263993658      0.5636373978E-01 -0.1292550142    
2 sigma cinetique (1,2) (2,2) (3,2) =  0.5636373978E-01   2.155182479     -0.1017077362    
3 sigma cinetique (1,3) (2,3) (3,3) = -0.1292550142     -0.1017077362       2.083262099    

1 sigma total (1,1) (2,1) (3,1) =   3.950225639      0.9005023100E-01 -0.1109051068    
2 sigma total (1,2) (2,2) (3,2) =  0.9005023100E-01   3.653835518     -0.1865865915    
3 sigma total (1,3) (2,3) (3,3) = -0.1109051068     -0.1865865915       3.840717357    

        20 0.200E-13*Pression =     3.8149    
 pression totale  potentiel = cinetique =
    3.8149        1.6474        2.1675    
 ----------valeurs moyennes------------
*temperature moyenne =       269.53
*pression moyenne =     1.1023    
 --------------------------------------


<<<<<<<<  ITERATION =     25  time =   0.2500000E-13


 --------- Temperatures et Pression--------
 ----------valeurs instantanees------------
        25 0.250E-13*Epot =    -6850.13067868      eV 
    *energie PAIRE EAM =    -1413.79369170      eV 
    *energie GLUE  =    -5436.33698698      eV 
        25 0.250E-13*Ec =     65.8384351698      eV   (248.589 K)
        25 0.250E-13*Etot =    -6784.29224351      eV 

        25 0.250E-13*Temp instantanee = 248.589
 NPT With Parrinello-Rahman
        25 0.250E-13*Kcell =    0.159974265105E-02  eV   (4.125 K)
 Box tensor
 a   3.2256225214359995E-007   6.1787374491132506E-014  -9.4169739965487285E-014
 b   6.1787375805867768E-014   3.2256206619147278E-007  -9.6416758308717154E-014
 c  -9.4169740930830978E-014  -9.6416758309237461E-014   3.2256216515347545E-007
Strain (Lagrange def.):
  e(1:3,1) =   0.698212E-05  0.191554E-06 -0.291947E-06
  e(1:3,2) =   0.191554E-06  0.640562E-05 -0.298913E-06
  e(1:3,3) =  -0.291947E-06 -0.298913E-06  0.671243E-05
Rotation:
  r(1:3,1) =    0.00000     -0.203797E-14  0.149638E-14
  r(1:3,2) =   0.203797E-14   0.00000      0.806534E-18
  r(1:3,3) =  -0.149638E-14 -0.806534E-18   0.00000    
        25 0.250E-13*l_a,m      32.2562252        32.2560965    
        25 0.250E-13*l_b,m      32.2562066        32.2560886    
        25 0.250E-13*l_c,m      32.2562165        32.2560926    
        25 0.250E-13*ang_bc,m      90.0000    90.0000
        25 0.250E-13*ang_ca,m      90.0000    90.0000
        25 0.250E-13*ang_ab,m      90.0000    90.0000
        25 0.250E-13*volume      33561.4148120        33561.0292095    
Thermostat de Nose-Hoover
        25 0.250E-13*KNose =     1.23317717388      eV   (28621.410 K)
     25 0.250E-13*zHoover(1) =    -0.682360547344E+13

*temp instantanee des atomes de type 1 =       248.59

 * stress en kbar 
1 sigma potentiel (1,1) (2,1) (3,1) =   2.361294994      0.4157976021E-01  0.2284039425E-01
2 sigma potentiel (1,2) (2,2) (3,2) =  0.4157976021E-01   2.144722157     -0.1242015846    
3 sigma potentiel (1,3) (2,3) (3,3) =  0.2284039425E-01 -0.1242015846       2.379098819    

1 sigma cinetique (1,1) (2,1) (3,1) =   2.191846755      0.6695315980E-01 -0.1258207797    
2 sigma cinetique (1,2) (2,2) (3,2) =  0.6695315980E-01   2.073840749     -0.9468667261E-01
3 sigma cinetique (1,3) (2,3) (3,3) = -0.1258207797     -0.9468667261E-01   2.020387848    

1 sigma total (1,1) (2,1) (3,1) =   4.553141748      0.1085329200     -0.1029803854    
2 sigma total (1,2) (2,2) (3,2) =  0.1085329200       4.218562906     -0.2188882572    
3 sigma total (1,3) (2,3) (3,3) = -0.1029803854     -0.2188882572       4.399486666    

        25 0.250E-13*Pression =     4.3904    
 pression totale  potentiel = cinetique =
    4.3904        2.2950        2.0954    
 ----------valeurs moyennes------------
*temperature moyenne =       265.34
*pression moyenne =     1.2338    
 --------------------------------------


<<<<<<<<  ITERATION =     30  time =   0.3000000E-13


 --------- Temperatures et Pression--------
 ----------valeurs instantanees------------
        30 0.300E-13*Epot =    -6840.26547090      eV 
    *energie PAIRE EAM =    -1404.93446053      eV 
    *energie GLUE  =    -5435.33101037      eV 
        30 0.300E-13*Ec =     63.8811504048      eV   (241.199 K)
        30 0.300E-13*Etot =    -6776.38432050      eV 

        30 0.300E-13*Temp instantanee = 241.199
 NPT With Parrinello-Rahman
        30 0.300E-13*Kcell =    0.282468970540E-02  eV   (7.284 K)
 Box tensor
 a   3.2256341145874572E-007   9.1798436612291521E-014  -1.3424375797851227E-013
 b   9.1798441081817038E-014   3.2256313342907506E-007  -1.4878789259537765E-013
 c  -1.3424375886457563E-013  -1.4878789063963190E-013   3.2256328380616069E-007
Strain (Lagrange def.):
  e(1:3,1) =   0.105763E-04  0.284596E-06 -0.416187E-06
  e(1:3,2) =   0.284596E-06  0.971430E-05 -0.461277E-06
  e(1:3,3) =  -0.416187E-06 -0.461277E-06  0.101805E-04
Rotation:
  r(1:3,1) =    0.00000     -0.692821E-14  0.137349E-14
  r(1:3,2) =   0.692821E-14   0.00000     -0.303160E-14
  r(1:3,3) =  -0.137349E-14  0.303160E-14   0.00000    
        30 0.300E-13*l_a,m      32.2563411        32.2561373    
        30 0.300E-13*l_b,m      32.2563133        32.2561260    
        30 0.300E-13*l_c,m      32.2563284        32.2561319    
        30 0.300E-13*ang_bc,m      90.0001    90.0000
        30 0.300E-13*ang_ca,m      90.0000    90.0000
        30 0.300E-13*ang_ab,m      90.0000    90.0000
        30 0.300E-13*volume      33561.7628696        33561.1514862    
Thermostat de Nose-Hoover
        30 0.300E-13*KNose =     2.50885698540      eV   (58229.285 K)
     30 0.300E-13*zHoover(1) =    -0.973282966893E+13

*temp instantanee des atomes de type 1 =       241.20

 * stress en kbar 
1 sigma potentiel (1,1) (2,1) (3,1) =   3.147585387      0.8074589927E-01  0.4789095741E-01
2 sigma potentiel (1,2) (2,2) (3,2) =  0.8074589927E-01   2.990037371     -0.1684799593    
3 sigma potentiel (1,3) (2,3) (3,3) =  0.4789095741E-01 -0.1684799593       3.135072548    

1 sigma cinetique (1,1) (2,1) (3,1) =   2.127500369      0.7348476382E-01 -0.1168249826    
2 sigma cinetique (1,2) (2,2) (3,2) =  0.7348476382E-01   2.003089781     -0.8852974379E-01
3 sigma cinetique (1,3) (2,3) (3,3) = -0.1168249826     -0.8852974379E-01   1.968545703    

1 sigma total (1,1) (2,1) (3,1) =   5.275085756      0.1542306631     -0.6893402518E-01
2 sigma total (1,2) (2,2) (3,2) =  0.1542306631       4.993127152     -0.2570097031    
3 sigma total (1,3) (2,3) (3,3) = -0.6893402518E-01 -0.2570097031       5.103618251    

        30 0.300E-13*Pression =     5.1239    
 pression totale  potentiel = cinetique =
    5.1239        3.0909        2.0330    
 ----------valeurs moyennes------------
*temperature moyenne =       261.32
*pression moyenne =     1.3635    
 --------------------------------------


<<<<<<<<  ITERATION =     35  time =   0.3500000E-13


 --------- Temperatures et Pression--------
 ----------valeurs instantanees------------
        35 0.350E-13*Epot =    -6832.16108556      eV 
    *energie PAIRE EAM =    -1396.91789776      eV 
    *energie GLUE  =    -5435.24318780      eV 
        35 0.350E-13*Ec =     63.0344802184      eV   (238.002 K)
        35 0.350E-13*Etot =    -6769.12660534      eV 

        35 0.350E-13*Temp instantanee = 238.002
 NPT With Parrinello-Rahman
        35 0.350E-13*Kcell =    0.487253049665E-02  eV   (12.565 K)
 Box tensor
 a   3.2256493807542708E-007   1.3236642190862367E-013  -1.8087635859096528E-013
 b   1.3236643704898569E-013   3.2256454642975659E-007  -2.1858653668133141E-013
 c  -1.8087635703858873E-013  -2.1858652627751906E-013   3.2256475781293060E-007
Strain (Lagrange def.):
  e(1:3,1) =   0.153091E-04  0.410368E-06 -0.560761E-06
  e(1:3,2) =   0.410368E-06  0.140949E-04 -0.677672E-06
  e(1:3,3) =  -0.560761E-06 -0.677672E-06  0.147503E-04
Rotation:
  r(1:3,1) =    0.00000     -0.234691E-13 -0.240634E-14
  r(1:3,2) =   0.234691E-13   0.00000     -0.161269E-13
  r(1:3,3) =   0.240634E-14  0.161269E-13   0.00000    
        35 0.350E-13*l_a,m      32.2564938        32.2561882    
        35 0.350E-13*l_b,m      32.2564546        32.2561730    
        35 0.350E-13*l_c,m      32.2564758        32.2561810    
        35 0.350E-13*ang_bc,m      90.0001    90.0000
        35 0.350E-13*ang_ca,m      90.0001    90.0000
        35 0.350E-13*ang_ab,m      90.0000    90.0000
        35 0.350E-13*volume      33562.2220963        33561.3044305    
Thermostat de Nose-Hoover
        35 0.350E-13*KNose =     4.27431149395      eV   (99204.580 K)
     35 0.350E-13*zHoover(1) =    -0.127038177439E+14

*temp instantanee des atomes de type 1 =       238.00

 * stress en kbar 
1 sigma potentiel (1,1) (2,1) (3,1) =   4.114910995      0.1318280793      0.3259973672E-01
2 sigma potentiel (1,2) (2,2) (3,2) =  0.1318280793       4.000384272     -0.2127981490    
3 sigma potentiel (1,3) (2,3) (3,3) =  0.3259973672E-01 -0.2127981490       4.110438669    

1 sigma cinetique (1,1) (2,1) (3,1) =   2.105113299      0.7864846605E-01 -0.1120582511    
2 sigma cinetique (1,2) (2,2) (3,2) =  0.7864846605E-01   1.976736726     -0.8111740853E-01
3 sigma cinetique (1,3) (2,3) (3,3) = -0.1120582511     -0.8111740853E-01   1.936366545    

1 sigma total (1,1) (2,1) (3,1) =   6.220024294      0.2104765453     -0.7945851438E-01
2 sigma total (1,2) (2,2) (3,2) =  0.2104765453       5.977120999     -0.2939155576    
3 sigma total (1,3) (2,3) (3,3) = -0.7945851438E-01 -0.2939155576       6.046805214    

        35 0.350E-13*Pression =     6.0813    
 pression totale  potentiel = cinetique =
    6.0813        4.0752        2.0061    
 ----------valeurs moyennes------------
*temperature moyenne =       257.99
*pression moyenne =     1.4983    
 --------------------------------------


<<<<<<<<  ITERATION =     40  time =   0.4000000E-13


 --------- Temperatures et Pression--------
 ----------valeurs instantanees------------
        40 0.400E-13*Epot =    -6827.88454123      eV 
    *energie PAIRE EAM =    -1391.75600734      eV 
    *energie GLUE  =    -5436.12853389      eV 
        40 0.400E-13*Ec =     66.0147343038      eV   (249.255 K)
        40 0.400E-13*Etot =    -6761.86980692      eV 

        40 0.400E-13*Temp instantanee = 249.255
 NPT With Parrinello-Rahman
        40 0.400E-13*Kcell =    0.826584377900E-02  eV   (21.316 K)
 Box tensor
 a   3.2256692948811209E-007   1.8797636833404609E-013  -2.3525720818377894E-013
 b   1.8797641097908811E-013   3.2256640282998824E-007  -3.1021755179629173E-013
 c  -2.3525719983557801E-013  -3.1021751866715769E-013   3.2256668345669231E-007
Strain (Lagrange def.):
  e(1:3,1) =   0.214830E-04  0.582776E-06 -0.729360E-06
  e(1:3,2) =   0.582776E-06  0.198502E-04 -0.961756E-06
  e(1:3,3) =  -0.729360E-06 -0.961756E-06  0.207203E-04
Rotation:
  r(1:3,1) =    0.00000     -0.661040E-13 -0.129405E-13
  r(1:3,2) =   0.661040E-13   0.00000     -0.513534E-13
  r(1:3,3) =   0.129405E-13  0.513534E-13   0.00000    
        40 0.400E-13*l_a,m      32.2566929        32.2562513    
        40 0.400E-13*l_b,m      32.2566403        32.2562314    
        40 0.400E-13*l_c,m      32.2566683        32.2562420    
        40 0.400E-13*ang_bc,m      90.0001    90.0000
        40 0.400E-13*ang_ca,m      90.0001    90.0000
        40 0.400E-13*ang_ab,m      89.9999    90.0000
        40 0.400E-13*volume      33562.8228166        33561.4942288    
Thermostat de Nose-Hoover
        40 0.400E-13*KNose =     6.53611814986      eV   (151699.954 K)
     40 0.400E-13*zHoover(1) =    -0.157094549539E+14

*temp instantanee des atomes de type 1 =       249.25

 * stress en kbar 
1 sigma potentiel (1,1) (2,1) (3,1) =   5.080575146      0.2029399142     -0.4726868753E-01
2 sigma potentiel (1,2) (2,2) (3,2) =  0.2029399142       4.943875598     -0.2800142766    
3 sigma potentiel (1,3) (2,3) (3,3) = -0.4726868753E-01 -0.2800142766       5.088774274    

1 sigma cinetique (1,1) (2,1) (3,1) =   2.176093722      0.6734233224E-01 -0.1072722097    
2 sigma cinetique (1,2) (2,2) (3,2) =  0.6734233224E-01   2.086168214     -0.8298472897E-01
3 sigma cinetique (1,3) (2,3) (3,3) = -0.1072722097     -0.8298472897E-01   2.040381563    

1 sigma total (1,1) (2,1) (3,1) =   7.256668868      0.2702822464     -0.1545408972    
2 sigma total (1,2) (2,2) (3,2) =  0.2702822464       7.030043812     -0.3629990056    
3 sigma total (1,3) (2,3) (3,3) = -0.1545408972     -0.3629990056       7.129155836    

        40 0.400E-13*Pression =     7.1386    
 pression totale  potentiel = cinetique =
    7.1386        5.0377        2.1009    
 ----------valeurs moyennes------------
*temperature moyenne =       256.90
*pression moyenne =     1.6393    
 --------------------------------------


<<<<<<<<  ITERATION =     45  time =   0.4500000E-13


 --------- Temperatures et Pression--------
 ----------valeurs instantanees------------
        45 0.450E-13*Epot =    -6822.17923524      eV 
    *energie PAIRE EAM =    -1386.08777385      eV 
    *energie GLUE  =    -5436.09146139      eV 
        45 0.450E-13*Ec =     72.2876520643      eV   (272.940 K)
        45 0.450E-13*Etot =    -6749.89158317      eV 

        45 0.450E-13*Temp instantanee = 272.940
 NPT With Parrinello-Rahman
        45 0.450E-13*Kcell =    0.138124588113E-01  eV   (35.620 K)
 Box tensor
 a   3.2256950689671468E-007   2.6438597970321441E-013  -3.0155936446420172E-013
 b   2.6438607983311146E-013   3.2256882186696921E-007  -4.3036696378746853E-013
 c  -3.0155934564133434E-013  -4.3036688469979777E-013   3.2256918195337619E-007
Strain (Lagrange def.):
  e(1:3,1) =   0.294737E-04  0.819673E-06 -0.934921E-06
  e(1:3,2) =   0.819673E-06  0.273499E-04 -0.133426E-05
  e(1:3,3) =  -0.934921E-06 -0.133426E-05  0.284663E-04
Rotation:
  r(1:3,1) =    0.00000     -0.155211E-12 -0.291773E-13
  r(1:3,2) =   0.155211E-12   0.00000     -0.122594E-12
  r(1:3,3) =   0.291773E-13  0.122594E-12   0.00000    
        45 0.450E-13*l_a,m      32.2569507        32.2563290    
        45 0.450E-13*l_b,m      32.2568822        32.2563037    
        45 0.450E-13*l_c,m      32.2569182        32.2563171    
        45 0.450E-13*ang_bc,m      90.0002    90.0001
        45 0.450E-13*ang_ca,m      90.0001    90.0000
        45 0.450E-13*ang_ab,m      89.9999    90.0000
        45 0.450E-13*volume      33563.6026657        33561.7284995    
Thermostat de Nose-Hoover
        45 0.450E-13*KNose =     8.23331535293      eV   (191091.031 K)
     45 0.450E-13*zHoover(1) =    -0.176314709236E+14

*temp instantanee des atomes de type 1 =       272.94

 * stress en kbar 
1 sigma potentiel (1,1) (2,1) (3,1) =   5.711699104      0.2790252170     -0.7934537349E-01
2 sigma potentiel (1,2) (2,2) (3,2) =  0.2790252170       5.604702846     -0.3501031024    
3 sigma potentiel (1,3) (2,3) (3,3) = -0.7934537349E-01 -0.3501031024       5.766601719    

1 sigma cinetique (1,1) (2,1) (3,1) =   2.352956797      0.7161898041E-01 -0.1084754238    
2 sigma cinetique (1,2) (2,2) (3,2) =  0.7161898041E-01   2.294788055     -0.8066933696E-01
3 sigma cinetique (1,3) (2,3) (3,3) = -0.1084754238     -0.8066933696E-01   2.253634352    

1 sigma total (1,1) (2,1) (3,1) =   8.064655901      0.3506441974     -0.1878207973    
2 sigma total (1,2) (2,2) (3,2) =  0.3506441974       7.899490901     -0.4307724394    
3 sigma total (1,3) (2,3) (3,3) = -0.1878207973     -0.4307724394       8.020236071    

        45 0.450E-13*Pression =     7.9948    
 pression totale  potentiel = cinetique =
    7.9948        5.6943        2.3005    
 ----------valeurs moyennes------------
*temperature moyenne =       258.68
*pression moyenne =     1.7805    
 --------------------------------------


<<<<<<<<  ITERATION =     50  time =   0.5000000E-13


 --------- Temperatures et Pression--------
 ----------valeurs instantanees------------
        50 0.500E-13*Epot =    -6815.85056831      eV 
    *energie PAIRE EAM =    -1380.72366391      eV 
    *energie GLUE  =    -5435.12690440      eV 
        50 0.500E-13*Ec =     81.8875607944      eV   (309.186 K)
        50 0.500E-13*Etot =    -6733.96300752      eV 

        50 0.500E-13*Temp instantanee = 309.186
 NPT With Parrinello-Rahman
        50 0.500E-13*Kcell =    0.221490378789E-01  eV   (57.119 K)
 Box tensor
 a   3.2257279458796155E-007   3.6836108191145507E-013  -3.8351598708373254E-013
 b   3.6836129321530139E-013   3.2257192811946364E-007  -5.8688004358459947E-013
 c  -3.8351595666155305E-013  -5.8687988094409216E-013   3.2257238009956487E-007
Strain (Lagrange def.):
  e(1:3,1) =   0.396665E-04  0.114204E-05 -0.118902E-05
  e(1:3,2) =   0.114204E-05  0.369802E-04 -0.181951E-05
  e(1:3,3) =  -0.118902E-05 -0.181951E-05  0.383815E-04
Rotation:
  r(1:3,1) =    0.00000     -0.327542E-12 -0.471574E-13
  r(1:3,2) =   0.327542E-12   0.00000     -0.252109E-12
  r(1:3,3) =   0.471574E-13  0.252109E-12   0.00000    
        50 0.500E-13*l_a,m      32.2572795        32.2564241    
        50 0.500E-13*l_b,m      32.2571928        32.2563926    
        50 0.500E-13*l_c,m      32.2572380        32.2564092    
        50 0.500E-13*ang_bc,m      90.0002    90.0001
        50 0.500E-13*ang_ca,m      90.0001    90.0001
        50 0.500E-13*ang_ab,m      89.9999    90.0000
        50 0.500E-13*volume      33564.6007408        33562.0157237    
Thermostat de Nose-Hoover
        50 0.500E-13*KNose =     8.83434458165      eV   (205040.611 K)
     50 0.500E-13*zHoover(1) =    -0.182636820355E+14

*temp instantanee des atomes de type 1 =       309.19

 * stress en kbar 
1 sigma potentiel (1,1) (2,1) (3,1) =   5.895380973      0.3342779880     -0.7178132052E-01
2 sigma potentiel (1,2) (2,2) (3,2) =  0.3342779880       5.903554639     -0.4161004610    
3 sigma potentiel (1,3) (2,3) (3,3) = -0.7178132052E-01 -0.4161004610       6.008694914    

1 sigma cinetique (1,1) (2,1) (3,1) =   2.639969458      0.6310743513E-01 -0.1041408744    
2 sigma cinetique (1,2) (2,2) (3,2) =  0.6310743513E-01   2.618152765     -0.7842866280E-01
3 sigma cinetique (1,3) (2,3) (3,3) = -0.1041408744     -0.7842866280E-01   2.559538029    

1 sigma total (1,1) (2,1) (3,1) =   8.535350431      0.3973854232     -0.1759221949    
2 sigma total (1,2) (2,2) (3,2) =  0.3973854232       8.521707404     -0.4945291238    
3 sigma total (1,3) (2,3) (3,3) = -0.1759221949     -0.4945291238       8.568232943    

        50 0.500E-13*Pression =     8.5418    
 pression totale  potentiel = cinetique =
    8.5418        5.9359        2.6059    
 ----------valeurs moyennes------------
*temperature moyenne =       263.73
*pression moyenne =     1.9157    
 --------------------------------------


<<<<<<<<  ITERATION =     55  time =   0.5500000E-13


 --------- Temperatures et Pression--------
 ----------valeurs instantanees------------
        55 0.550E-13*Epot =    -6816.65343405      eV 
    *energie PAIRE EAM =    -1380.57722861      eV 
    *energie GLUE  =    -5436.07620545      eV 
        55 0.550E-13*Ec =     96.6436955741      eV   (364.902 K)
        55 0.550E-13*Etot =    -6720.00973848      eV 

        55 0.550E-13*Temp instantanee = 364.902
 NPT With Parrinello-Rahman
        55 0.550E-13*Kcell =    0.340526127763E-01  eV   (87.816 K)
 Box tensor
 a   3.2257689992710916E-007   5.0580945816734572E-013  -4.8421790730948935E-013
 b   5.0580986778356301E-013   3.2257583335868165E-007  -7.8732706391473801E-013
 c  -4.8421787091105712E-013  -7.8732675908328796E-013   3.2257638894435787E-007
Strain (Lagrange def.):
  e(1:3,1) =   0.523945E-04  0.156819E-05 -0.150125E-05
  e(1:3,2) =   0.156819E-05  0.490878E-04 -0.244099E-05
  e(1:3,3) =  -0.150125E-05 -0.244099E-05  0.508103E-04
Rotation:
  r(1:3,1) =    0.00000     -0.634946E-12 -0.564212E-13
  r(1:3,2) =   0.634946E-12   0.00000     -0.472519E-12
  r(1:3,3) =   0.564212E-13  0.472519E-12   0.00000    
        55 0.550E-13*l_a,m      32.2576900        32.2565392    
        55 0.550E-13*l_b,m      32.2575833        32.2565009    
        55 0.550E-13*l_c,m      32.2576389        32.2565210    
        55 0.550E-13*ang_bc,m      90.0003    90.0001
        55 0.550E-13*ang_ca,m      90.0002    90.0001
        55 0.550E-13*ang_ab,m      89.9998    89.9999
        55 0.550E-13*volume      33565.8514124        33562.3644226    
Thermostat de Nose-Hoover
        55 0.550E-13*KNose =     7.11862554313      eV   (165219.652 K)
     55 0.550E-13*zHoover(1) =    -0.163945403335E+14

*temp instantanee des atomes de type 1 =       364.90

 * stress en kbar 
1 sigma potentiel (1,1) (2,1) (3,1) =   6.054723767      0.3672921149     -0.1603311441    
2 sigma potentiel (1,2) (2,2) (3,2) =  0.3672921149       6.070419379     -0.4745779932    
3 sigma potentiel (1,3) (2,3) (3,3) = -0.1603311441     -0.4745779932       6.279782712    

1 sigma cinetique (1,1) (2,1) (3,1) =   3.114476886      0.7109122036E-01 -0.1388154872    
2 sigma cinetique (1,2) (2,2) (3,2) =  0.7109122036E-01   3.103999812     -0.8523541571E-01
3 sigma cinetique (1,3) (2,3) (3,3) = -0.1388154872     -0.8523541571E-01   3.007581802    

1 sigma total (1,1) (2,1) (3,1) =   9.169200653      0.4383833353     -0.2991466313    
2 sigma total (1,2) (2,2) (3,2) =  0.4383833353       9.174419191     -0.5598134089    
3 sigma total (1,3) (2,3) (3,3) = -0.2991466313     -0.5598134089       9.287364514    

        55 0.550E-13*Pression =     9.2103    
 pression totale  potentiel = cinetique =
    9.2103        6.1350        3.0754    
 ----------valeurs moyennes------------
*temperature moyenne =       272.93
*pression moyenne =     2.0484    
 --------------------------------------


<<<<<<<<  ITERATION =     60  time =   0.6000000E-13


 --------- Temperatures et Pression--------
 ----------valeurs instantanees------------
        60 0.600E-13*Epot =    -6821.46430288      eV 
    *energie PAIRE EAM =    -1384.03993114      eV 
    *energie GLUE  =    -5437.42437174      eV 
        60 0.600E-13*Ec =     115.092417118      eV   (434.559 K)
        60 0.600E-13*Etot =    -6706.37188576      eV 

        60 0.600E-13*Temp instantanee = 434.559
 NPT With Parrinello-Rahman
        60 0.600E-13*Kcell =    0.487775355427E-01  eV   (125.789 K)
 Box tensor
 a   3.2258188998047340E-007   6.8046424126546401E-013  -6.1008466939646187E-013
 b   6.8046496022249192E-013   3.2258060714195531E-007  -1.0373907807051496E-012
 c  -6.1008465341596141E-013  -1.0373902698901716E-012   3.2258128175806993E-007
Strain (Lagrange def.):
  e(1:3,1) =   0.678656E-04  0.210972E-05 -0.189151E-05
  e(1:3,2) =   0.210972E-05  0.638883E-04 -0.321633E-05
  e(1:3,3) =  -0.189151E-05 -0.321633E-05  0.659799E-04
Rotation:
  r(1:3,1) =    0.00000     -0.111445E-11 -0.247714E-13
  r(1:3,2) =   0.111445E-11   0.00000     -0.791814E-12
  r(1:3,3) =   0.247714E-13  0.791814E-12   0.00000    
        60 0.600E-13*l_a,m      32.2581890        32.2566766    
        60 0.600E-13*l_b,m      32.2580607        32.2566309    
        60 0.600E-13*l_c,m      32.2581282        32.2566549    
        60 0.600E-13*ang_bc,m      90.0004    90.0001
        60 0.600E-13*ang_ca,m      90.0002    90.0001
        60 0.600E-13*ang_ab,m      89.9998    89.9999
        60 0.600E-13*volume      33567.3765405        33562.7820991    
Thermostat de Nose-Hoover
        60 0.600E-13*KNose =     3.51288721865      eV   (81532.313 K)
     60 0.600E-13*zHoover(1) =    -0.115168384183E+14

*temp instantanee des atomes de type 1 =       434.56

 * stress en kbar 
1 sigma potentiel (1,1) (2,1) (3,1) =   5.686665204      0.3825444798     -0.1255914446    
2 sigma potentiel (1,2) (2,2) (3,2) =  0.3825444798       5.811780728     -0.5141206890    
3 sigma potentiel (1,3) (2,3) (3,3) = -0.1255914446     -0.5141206890       6.031931296    

1 sigma cinetique (1,1) (2,1) (3,1) =   3.710845984      0.6595728775E-01 -0.1784131999    
2 sigma cinetique (1,2) (2,2) (3,2) =  0.6595728775E-01   3.690483270     -0.9073638624E-01
3 sigma cinetique (1,3) (2,3) (3,3) = -0.1784131999     -0.9073638624E-01   3.585431155    

1 sigma total (1,1) (2,1) (3,1) =   9.397511188      0.4485017675     -0.3040046444    
2 sigma total (1,2) (2,2) (3,2) =  0.4485017675       9.502263998     -0.6048570752    
3 sigma total (1,3) (2,3) (3,3) = -0.3040046444     -0.6048570752       9.617362451    

        60 0.600E-13*Pression =     9.5057    
 pression totale  potentiel = cinetique =
    9.5057        5.8435        3.6623    
 ----------valeurs moyennes------------
*temperature moyenne =       286.40
*pression moyenne =     2.1726    
 --------------------------------------


<<<<<<<<  ITERATION =     65  time =   0.6500000E-13


 --------- Temperatures et Pression--------
 ----------valeurs instantanees------------
        65 0.650E-13*Epot =    -6821.01798831      eV 
    *energie PAIRE EAM =    -1384.40134463      eV 
    *energie GLUE  =    -5436.61664368      eV 
        65 0.650E-13*Ec =     125.541950551      eV   (474.014 K)
        65 0.650E-13*Etot =    -6695.47603776      eV 

        65 0.650E-13*Temp instantanee = 474.014
 NPT With Parrinello-Rahman
        65 0.650E-13*Kcell =    0.635026038025E-01  eV   (163.763 K)
 Box tensor
 a   3.2258770630800476E-007   8.9142088529946214E-013  -7.6152266706630042E-013
 b   8.9142205705680061E-013   3.2258620147014909E-007  -1.3363291780333787E-012
 c  -7.6152271982716326E-013  -1.3363283844908945E-012   3.2258700785964392E-007
Strain (Lagrange def.):
  e(1:3,1) =   0.858987E-04  0.276382E-05 -0.236108E-05
  e(1:3,2) =   0.276382E-05  0.812331E-04 -0.414323E-05
  e(1:3,3) =  -0.236108E-05 -0.414323E-05  0.837332E-04
Rotation:
  r(1:3,1) =    0.00000     -0.181634E-11  0.817846E-13
  r(1:3,2) =   0.181634E-11   0.00000     -0.123007E-11
  r(1:3,3) =  -0.817846E-13  0.123007E-11   0.00000    
        65 0.650E-13*l_a,m      32.2587706        32.2568377    
        65 0.650E-13*l_b,m      32.2586201        32.2567839    
        65 0.650E-13*l_c,m      32.2587008        32.2568123    
        65 0.650E-13*ang_bc,m      90.0005    90.0001
        65 0.650E-13*ang_ca,m      90.0003    90.0001
        65 0.650E-13*ang_ab,m      89.9997    89.9999
        65 0.650E-13*volume      33569.1597998        33563.2726915    
Thermostat de Nose-Hoover
        65 0.650E-13*KNose =    0.307566057968      eV   (7138.451 K)
     65 0.650E-13*zHoover(1) =    -0.340777076969E+13

*temp instantanee des atomes de type 1 =       474.01

 * stress en kbar 
1 sigma potentiel (1,1) (2,1) (3,1) =   5.179053162      0.4066552723     -0.1314198205    
2 sigma potentiel (1,2) (2,2) (3,2) =  0.4066552723       5.424203044     -0.5294078860    
3 sigma potentiel (1,3) (2,3) (3,3) = -0.1314198205     -0.5294078860       5.565818415    

1 sigma cinetique (1,1) (2,1) (3,1) =   4.027439003      0.4528831513E-01 -0.2280511014    
2 sigma cinetique (1,2) (2,2) (3,2) =  0.4528831513E-01   4.028989447     -0.8890891099E-01
3 sigma cinetique (1,3) (2,3) (3,3) = -0.2280511014     -0.8890891099E-01   3.927211267    

1 sigma total (1,1) (2,1) (3,1) =   9.206492164      0.4519435874     -0.3594709219    
2 sigma total (1,2) (2,2) (3,2) =  0.4519435874       9.453192491     -0.6183167970    
3 sigma total (1,3) (2,3) (3,3) = -0.3594709219     -0.6183167970       9.493029682    

        65 0.650E-13*Pression =     9.3842    
 pression totale  potentiel = cinetique =
    9.3842        5.3897        3.9945    
 ----------valeurs moyennes------------
*temperature moyenne =       300.83
*pression moyenne =     2.2836    
 --------------------------------------


<<<<<<<<  ITERATION =     70  time =   0.7000000E-13


 --------- Temperatures et Pression--------
 ----------valeurs instantanees------------
        70 0.700E-13*Epot =    -6824.34872347      eV 
    *energie PAIRE EAM =    -1386.83447650      eV 
    *energie GLUE  =    -5437.51424698      eV 
        70 0.700E-13*Ec =     126.220944360      eV   (476.578 K)
        70 0.700E-13*Etot =    -6698.12777911      eV 

        70 0.700E-13*Temp instantanee = 476.578
 NPT With Parrinello-Rahman
        70 0.700E-13*Kcell =    0.744376306262E-01  eV   (191.962 K)
 Box tensor
 a   3.2259414756349548E-007   1.1315879105935400E-012  -9.3511133199633381E-013
 b   1.1315897002242096E-012   3.2259242987659297E-007  -1.6755130728874641E-012
 c  -9.3511152632886617E-013  -1.6755119104099819E-012   3.2259337331981236E-007
Strain (Lagrange def.):
  e(1:3,1) =   0.105870E-03  0.350852E-05 -0.289934E-05
  e(1:3,2) =   0.350852E-05  0.100544E-03 -0.519496E-05
  e(1:3,3) =  -0.289934E-05 -0.519496E-05  0.103469E-03
Rotation:
  r(1:3,1) =    0.00000     -0.277411E-11  0.301235E-12
  r(1:3,2) =   0.277411E-11   0.00000     -0.180196E-11
  r(1:3,3) =  -0.301235E-12  0.180196E-11   0.00000    
        70 0.700E-13*l_a,m      32.2594148        32.2570218    
        70 0.700E-13*l_b,m      32.2592430        32.2569595    
        70 0.700E-13*l_c,m      32.2593373        32.2569926    
        70 0.700E-13*ang_bc,m      90.0006    90.0002
        70 0.700E-13*ang_ca,m      90.0003    90.0001
        70 0.700E-13*ang_ab,m      89.9996    89.9999
        70 0.700E-13*volume      33571.1406777        33563.8346905    
Thermostat de Nose-Hoover
        70 0.700E-13*KNose =    0.771221953717      eV   (17899.666 K)
     70 0.700E-13*zHoover(1) =     0.539623509508E+13

*temp instantanee des atomes de type 1 =       476.58

 * stress en kbar 
1 sigma potentiel (1,1) (2,1) (3,1) =   5.147704151      0.3260423906     -0.2015876589E-01
2 sigma potentiel (1,2) (2,2) (3,2) =  0.3260423906       5.355295439     -0.5198116438    
3 sigma potentiel (1,3) (2,3) (3,3) = -0.2015876589E-01 -0.5198116438       5.542714209    

1 sigma cinetique (1,1) (2,1) (3,1) =   4.052242301      0.4528693157E-01 -0.2470400347    
2 sigma cinetique (1,2) (2,2) (3,2) =  0.4528693157E-01   4.040327973     -0.1046014478    
3 sigma cinetique (1,3) (2,3) (3,3) = -0.2470400347     -0.1046014478       3.955172050    

1 sigma total (1,1) (2,1) (3,1) =   9.199946452      0.3713293221     -0.2671988006    
2 sigma total (1,2) (2,2) (3,2) =  0.3713293221       9.395623412     -0.6244130916    
3 sigma total (1,3) (2,3) (3,3) = -0.2671988006     -0.6244130916       9.497886259    

        70 0.700E-13*Pression =     9.3645    
 pression totale  potentiel = cinetique =
    9.3645        5.3486        4.0159    
 ----------valeurs moyennes------------
*temperature moyenne =       313.38
*pression moyenne =     2.3848    
 --------------------------------------


<<<<<<<<  ITERATION =     75  time =   0.7500000E-13


 --------- Temperatures et Pression--------
 ----------valeurs instantanees------------
        75 0.750E-13*Epot =    -6825.54330615      eV 
    *energie PAIRE EAM =    -1385.29717481      eV 
    *energie GLUE  =    -5440.24613134      eV 
        75 0.750E-13*Ec =     111.591296211      eV   (421.340 K)
        75 0.750E-13*Etot =    -6713.95200994      eV 

        75 0.750E-13*Temp instantanee = 421.340
 NPT With Parrinello-Rahman
        75 0.750E-13*Kcell =    0.792300422564E-01  eV   (204.321 K)
 Box tensor
 a   3.2260092959508249E-007   1.3862953743460727E-012  -1.1190555653375089E-012
 b   1.3862979369636979E-012   3.2259901538722595E-007  -2.0403513565368791E-012
 c  -1.1190559979832371E-012  -2.0403497615030326E-012   3.2260009903047670E-007
Strain (Lagrange def.):
  e(1:3,1) =   0.126898E-03  0.429834E-05 -0.346974E-05
  e(1:3,2) =   0.429834E-05  0.120963E-03 -0.632627E-05
  e(1:3,3) =  -0.346974E-05 -0.632627E-05  0.124323E-03
Rotation:
  r(1:3,1) =    0.00000     -0.397231E-11  0.670644E-12
  r(1:3,2) =   0.397231E-11   0.00000     -0.247246E-11
  r(1:3,3) =  -0.670644E-12  0.247246E-11   0.00000    
        75 0.750E-13*l_a,m      32.2600930        32.2572265    
        75 0.750E-13*l_b,m      32.2599015        32.2571557    
        75 0.750E-13*l_c,m      32.2600099        32.2571938    
        75 0.750E-13*ang_bc,m      90.0007    90.0002
        75 0.750E-13*ang_ca,m      90.0004    90.0001
        75 0.750E-13*ang_ab,m      89.9995    89.9999
        75 0.750E-13*volume      33573.2317538        33564.4611614    
Thermostat de Nose-Hoover
        75 0.750E-13*KNose =     4.67806932403      eV   (108575.592 K)
     75 0.750E-13*zHoover(1) =     0.132902912036E+14

*temp instantanee des atomes de type 1 =       421.34

 * stress en kbar 
1 sigma potentiel (1,1) (2,1) (3,1) =   5.627284783      0.2206750881      0.6776796786E-01
2 sigma potentiel (1,2) (2,2) (3,2) =  0.2206750881       5.775142890     -0.4967341551    
3 sigma potentiel (1,3) (2,3) (3,3) =  0.6776796786E-01 -0.4967341551       6.067365919    

1 sigma cinetique (1,1) (2,1) (3,1) =   3.591082851      0.5536238106E-01 -0.2397221440    
2 sigma cinetique (1,2) (2,2) (3,2) =  0.5536238106E-01   3.546836159     -0.1058001859    
3 sigma cinetique (1,3) (2,3) (3,3) = -0.2397221440     -0.1058001859       3.512765416    

1 sigma total (1,1) (2,1) (3,1) =   9.218367634      0.2760374691     -0.1719541761    
2 sigma total (1,2) (2,2) (3,2) =  0.2760374691       9.321979049     -0.6025343410    
3 sigma total (1,3) (2,3) (3,3) = -0.1719541761     -0.6025343410       9.580131334    

        75 0.750E-13*Pression =     9.3735    
 pression totale  potentiel = cinetique =
    9.3735        5.8233        3.5502    
 ----------valeurs moyennes------------
*temperature moyenne =       320.58
*pression moyenne =     2.4779    
 --------------------------------------


<<<<<<<<  ITERATION =     80  time =   0.8000000E-13


 --------- Temperatures et Pression--------
 ----------valeurs instantanees------------
        80 0.800E-13*Epot =    -6811.01225096      eV 
    *energie PAIRE EAM =    -1375.52157294      eV 
    *energie GLUE  =    -5435.49067802      eV 
        80 0.800E-13*Ec =     89.7332110230      eV   (338.809 K)
        80 0.800E-13*Etot =    -6721.27903993      eV 

        80 0.800E-13*Temp instantanee = 338.809
 NPT With Parrinello-Rahman
        80 0.800E-13*Kcell =    0.792303528406E-01  eV   (204.322 K)
 Box tensor
 a   3.2260778976607346E-007   1.6409646165978765E-012  -1.3014347417021841E-012
 b   1.6409680862767214E-012   3.2260569930667205E-007  -2.4158510012792593E-012
 c  -1.3014355438899389E-012  -2.4158489650176444E-012   3.2260692832201792E-007
Strain (Lagrange def.):
  e(1:3,1) =   0.148169E-03  0.508807E-05 -0.403532E-05
  e(1:3,2) =   0.508807E-05  0.141687E-03 -0.749070E-05
  e(1:3,3) =  -0.403532E-05 -0.749070E-05  0.145498E-03
Rotation:
  r(1:3,1) =    0.00000     -0.537835E-11  0.124347E-11
  r(1:3,2) =   0.537835E-11   0.00000     -0.315641E-11
  r(1:3,3) =  -0.124347E-11  0.315641E-11   0.00000    
        80 0.800E-13*l_a,m      32.2607790        32.2574486    
        80 0.800E-13*l_b,m      32.2605699        32.2573691    
        80 0.800E-13*l_c,m      32.2606928        32.2574125    
        80 0.800E-13*ang_bc,m      90.0009    90.0002
        80 0.800E-13*ang_ca,m      90.0005    90.0001
        80 0.800E-13*ang_ab,m      89.9994    89.9998
        80 0.800E-13*volume      33575.3520710        33565.1418432    
Thermostat de Nose-Hoover
        80 0.800E-13*KNose =     7.62996873915      eV   (177087.665 K)
     80 0.800E-13*zHoover(1) =     0.169731539166E+14

*temp instantanee des atomes de type 1 =       338.81

 * stress en kbar 
1 sigma potentiel (1,1) (2,1) (3,1) =   5.998833869      0.1946001452      0.9496625805E-01
2 sigma potentiel (1,2) (2,2) (3,2) =  0.1946001452       6.272181716     -0.4799302745    
3 sigma potentiel (1,3) (2,3) (3,3) =  0.9496625805E-01 -0.4799302745       6.577798113    

1 sigma cinetique (1,1) (2,1) (3,1) =   2.869667525      0.5310306451E-01 -0.2122143219    
2 sigma cinetique (1,2) (2,2) (3,2) =  0.5310306451E-01   2.839539573     -0.1010388132    
3 sigma cinetique (1,3) (2,3) (3,3) = -0.2122143219     -0.1010388132       2.854720295    

1 sigma total (1,1) (2,1) (3,1) =   8.868501394      0.2477032097     -0.1172480638    
2 sigma total (1,2) (2,2) (3,2) =  0.2477032097       9.111721289     -0.5809690878    
3 sigma total (1,3) (2,3) (3,3) = -0.1172480638     -0.5809690878       9.432518407    

        80 0.800E-13*Pression =     9.1376    
 pression totale  potentiel = cinetique =
    9.1376        6.2829        2.8546    
 ----------valeurs moyennes------------
*temperature moyenne =       321.72
*pression moyenne =     2.5612    
 --------------------------------------


<<<<<<<<  ITERATION =     85  time =   0.8500000E-13


 --------- Temperatures et Pression--------
 ----------valeurs instantanees------------
        85 0.850E-13*Epot =    -6806.48197358      eV 
    *energie PAIRE EAM =    -1371.86728697      eV 
    *energie GLUE  =    -5434.61468661      eV 
        85 0.850E-13*Ec =     75.1791920573      eV   (283.857 K)
        85 0.850E-13*Etot =    -6731.30278152      eV 

        85 0.850E-13*Temp instantanee = 283.857
 NPT With Parrinello-Rahman
        85 0.850E-13*Kcell =    0.774311054884E-01  eV   (199.682 K)
 Box tensor
 a   3.2261458082078042E-007   1.8884047122768795E-012  -1.4754035124634942E-012
 b   1.8884092390153569E-012   3.2261233950521869E-007  -2.7926245824762628E-012
 c  -1.4754048501337033E-012  -2.7926221345502904E-012   3.2261372019667189E-007
Strain (Lagrange def.):
  e(1:3,1) =   0.169226E-03  0.585543E-05 -0.457484E-05
  e(1:3,2) =   0.585543E-05  0.162276E-03 -0.865912E-05
  e(1:3,3) =  -0.457484E-05 -0.865912E-05  0.166557E-03
Rotation:
  r(1:3,1) =    0.00000     -0.701689E-11  0.207352E-11
  r(1:3,2) =   0.701689E-11   0.00000     -0.379453E-11
  r(1:3,3) =  -0.207352E-11  0.379453E-11   0.00000    
        85 0.850E-13*l_a,m      32.2614581        32.2576844    
        85 0.850E-13*l_b,m      32.2612340        32.2575964    
        85 0.850E-13*l_c,m      32.2613720        32.2576454    
        85 0.850E-13*ang_bc,m      90.0010    90.0003
        85 0.850E-13*ang_ca,m      90.0005    90.0002
        85 0.850E-13*ang_ab,m      89.9993    89.9998
        85 0.850E-13*volume      33577.4568389        33565.8662547    
Thermostat de Nose-Hoover
        85 0.850E-13*KNose =     8.26772720059      eV   (191889.712 K)
     85 0.850E-13*zHoover(1) =     0.176682786259E+14

*temp instantanee des atomes de type 1 =       283.86

 * stress en kbar 
1 sigma potentiel (1,1) (2,1) (3,1) =   6.129010681      0.1381480054      0.6665019388E-01
2 sigma potentiel (1,2) (2,2) (3,2) =  0.1381480054       6.377450408     -0.3994494872    
3 sigma potentiel (1,3) (2,3) (3,3) =  0.6665019388E-01 -0.3994494872       6.700111197    

1 sigma cinetique (1,1) (2,1) (3,1) =   2.443247472      0.3577199134E-01 -0.1594223778    
2 sigma cinetique (1,2) (2,2) (3,2) =  0.3577199134E-01   2.351286591     -0.1039412396    
3 sigma cinetique (1,3) (2,3) (3,3) = -0.1594223778     -0.1039412396       2.379942111    

1 sigma total (1,1) (2,1) (3,1) =   8.572258153      0.1739199967     -0.9277218388E-01
2 sigma total (1,2) (2,2) (3,2) =  0.1739199967       8.728736999     -0.5033907268    
3 sigma total (1,3) (2,3) (3,3) = -0.9277218388E-01 -0.5033907268       9.080053308    

        85 0.850E-13*Pression =     8.7937    
 pression totale  potentiel = cinetique =
    8.7937        6.4022        2.3915    
 ----------valeurs moyennes------------
*temperature moyenne =       319.49
*pression moyenne =     2.6345    
 --------------------------------------


<<<<<<<<  ITERATION =     90  time =   0.9000000E-13


 --------- Temperatures et Pression--------
 ----------valeurs instantanees------------
        90 0.900E-13*Epot =    -6809.08204101      eV 
    *energie PAIRE EAM =    -1374.41458885      eV 
    *energie GLUE  =    -5434.66745216      eV 
        90 0.900E-13*Ec =     66.2974529822      eV   (250.322 K)
        90 0.900E-13*Etot =    -6742.78458803      eV 

        90 0.900E-13*Temp instantanee = 250.322
 NPT With Parrinello-Rahman
        90 0.900E-13*Kcell =    0.756647405187E-01  eV   (195.127 K)
 Box tensor
 a   3.2262127607013442E-007   2.1251482319151454E-012  -1.6392020462757761E-012
 b   2.1251539254318686E-012   3.2261890377455155E-007  -3.1651961341071924E-012
 c  -1.6392040860695685E-012  -3.1651933493357127E-012   3.2262044386819964E-007
Strain (Lagrange def.):
  e(1:3,1) =   0.189986E-03  0.658964E-05 -0.508285E-05
  e(1:3,2) =   0.658964E-05  0.182630E-03 -0.981456E-05
  e(1:3,3) =  -0.508285E-05 -0.981456E-05  0.187406E-03
Rotation:
  r(1:3,1) =    0.00000     -0.882552E-11  0.316188E-11
  r(1:3,2) =   0.882552E-11   0.00000     -0.431667E-11
  r(1:3,3) =  -0.316188E-11  0.431667E-11   0.00000    
        90 0.900E-13*l_a,m      32.2621276        32.2579313    
        90 0.900E-13*l_b,m      32.2618904        32.2578350    
        90 0.900E-13*l_c,m      32.2620444        32.2578898    
        90 0.900E-13*ang_bc,m      90.0011    90.0003
        90 0.900E-13*ang_ca,m      90.0006    90.0002
        90 0.900E-13*ang_ab,m      89.9992    89.9998
        90 0.900E-13*volume      33579.5367211        33566.6257251    
Thermostat de Nose-Hoover
        90 0.900E-13*KNose =     6.53962909163      eV   (151781.441 K)
     90 0.900E-13*zHoover(1) =     0.157136736335E+14

*temp instantanee des atomes de type 1 =       250.32

 * stress en kbar 
1 sigma potentiel (1,1) (2,1) (3,1) =   5.722538429      0.9475557239E-01  0.6486217582E-02
2 sigma potentiel (1,2) (2,2) (3,2) =  0.9475557239E-01   5.928961748     -0.3093107798    
3 sigma potentiel (1,3) (2,3) (3,3) =  0.6486217582E-02 -0.3093107798       6.331552840    

1 sigma cinetique (1,1) (2,1) (3,1) =   2.157282089      0.3051153237E-01 -0.1309453896    
2 sigma cinetique (1,2) (2,2) (3,2) =  0.3051153237E-01   2.077088491     -0.1027199814    
3 sigma cinetique (1,3) (2,3) (3,3) = -0.1309453896     -0.1027199814       2.092114482    

1 sigma total (1,1) (2,1) (3,1) =   7.879820518      0.1252671048     -0.1244591720    
2 sigma total (1,2) (2,2) (3,2) =  0.1252671048       8.006050239     -0.4120307612    
3 sigma total (1,3) (2,3) (3,3) = -0.1244591720     -0.4120307612       8.423667323    

        90 0.900E-13*Pression =     8.1032    
 pression totale  potentiel = cinetique =
    8.1032        5.9944        2.1088    
 ----------valeurs moyennes------------
*temperature moyenne =       315.65
*pression moyenne =     2.6953    
 --------------------------------------


<<<<<<<<  ITERATION =     95  time =   0.9500000E-13


 --------- Temperatures et Pression--------
 ----------valeurs instantanees------------
        95 0.950E-13*Epot =    -6811.62711000      eV 
    *energie PAIRE EAM =    -1376.90116541      eV 
    *energie GLUE  =    -5434.72594459      eV 
        95 0.950E-13*Ec =     60.2560957385      eV   (227.511 K)
        95 0.950E-13*Etot =    -6751.37101426      eV 

        95 0.950E-13*Temp instantanee = 227.511
 NPT With Parrinello-Rahman
        95 0.950E-13*Kcell =    0.749010544125E-01  eV   (193.157 K)
 Box tensor
 a   3.2262789718140478E-007   2.3512918371662161E-012  -1.7966511294146071E-012
 b   2.3512987606823364E-012   3.2262541051920271E-007  -3.5319719178514392E-012
 c  -1.7966540566307377E-012  -3.5319689369390925E-012   3.2262712020375648E-007
Strain (Lagrange def.):
  e(1:3,1) =   0.210517E-03  0.729102E-05 -0.557119E-05
  e(1:3,2) =   0.729102E-05  0.202806E-03 -0.109521E-04
  e(1:3,3) =  -0.557119E-05 -0.109521E-04  0.208108E-03
Rotation:
  r(1:3,1) =    0.00000     -0.107321E-10  0.453748E-11
  r(1:3,2) =   0.107321E-10   0.00000     -0.462071E-11
  r(1:3,3) =  -0.453748E-11  0.462071E-11   0.00000    
        95 0.950E-13*l_a,m      32.2627897        32.2581870    
        95 0.950E-13*l_b,m      32.2625411        32.2580826    
        95 0.950E-13*l_c,m      32.2627120        32.2581436    
        95 0.950E-13*ang_bc,m      90.0013    90.0004
        95 0.950E-13*ang_ca,m      90.0006    90.0002
        95 0.950E-13*ang_ab,m      89.9992    89.9997
        95 0.950E-13*volume      33581.5980574        33567.4137426    
Thermostat de Nose-Hoover
        95 0.950E-13*KNose =     4.36470192945      eV   (101302.496 K)
     95 0.950E-13*zHoover(1) =     0.128374411446E+14

*temp instantanee des atomes de type 1 =       227.51

 * stress en kbar 
1 sigma potentiel (1,1) (2,1) (3,1) =   5.309423327      0.6514028125E-01 -0.1850176083E-01
2 sigma potentiel (1,2) (2,2) (3,2) =  0.6514028125E-01   5.499511259     -0.2532377640    
3 sigma potentiel (1,3) (2,3) (3,3) = -0.1850176083E-01 -0.2532377640       5.942450230    

1 sigma cinetique (1,1) (2,1) (3,1) =   1.965871243      0.4769919177E-01 -0.9910784208E-01
2 sigma cinetique (1,2) (2,2) (3,2) =  0.4769919177E-01   1.896830172     -0.8840758626E-01
3 sigma cinetique (1,3) (2,3) (3,3) = -0.9910784208E-01 -0.8840758626E-01   1.886929569    

1 sigma total (1,1) (2,1) (3,1) =   7.275294570      0.1128394730     -0.1176096029    
2 sigma total (1,2) (2,2) (3,2) =  0.1128394730       7.396341431     -0.3416453502    
3 sigma total (1,3) (2,3) (3,3) = -0.1176096029     -0.3416453502       7.829379799    

        95 0.950E-13*Pression =     7.5003    
 pression totale  potentiel = cinetique =
    7.5003        5.5838        1.9165    
 ----------valeurs moyennes------------
*temperature moyenne =       311.01
*pression moyenne =     2.7458    
 --------------------------------------


<<<<<<<<  ITERATION =    100  time =   0.1000000E-12


 --------- Temperatures et Pression--------
 ----------valeurs instantanees------------
       100 0.100E-12*Epot =    -6817.33248891      eV 
    *energie PAIRE EAM =    -1381.67482300      eV 
    *energie GLUE  =    -5435.65766590      eV 
       100 0.100E-12*Ec =     58.2863612071      eV   (220.074 K)
       100 0.100E-12*Etot =    -6759.04612770      eV 

       100 0.100E-12*Temp instantanee = 220.074
 NPT With Parrinello-Rahman
       100 0.100E-12*Kcell =    0.761629580547E-01  eV   (196.411 K)
 Box tensor
 a   3.2263451234810241E-007   2.5695349487450037E-012  -1.9513891856340641E-012
 b   2.5695431525428632E-012   3.2263192528123852E-007  -3.8952004486436040E-012
 c  -1.9513932073102245E-012  -3.8951974632311917E-012   3.2263381807131356E-007
Strain (Lagrange def.):
  e(1:3,1) =   0.231030E-03  0.796793E-05 -0.605114E-05
  e(1:3,2) =   0.796793E-05  0.223008E-03 -0.120786E-04
  e(1:3,3) =  -0.605114E-05 -0.120786E-04  0.228877E-03
Rotation:
  r(1:3,1) =    0.00000     -0.127167E-10  0.623400E-11
  r(1:3,2) =   0.127167E-10   0.00000     -0.462769E-11
  r(1:3,3) =  -0.623400E-11  0.462769E-11   0.00000    
       100 0.100E-12*l_a,m      32.2634512        32.2584502    
       100 0.100E-12*l_b,m      32.2631925        32.2583381    
       100 0.100E-12*l_c,m      32.2633818        32.2584055    
       100 0.100E-12*ang_bc,m      90.0014    90.0004
       100 0.100E-12*ang_ca,m      90.0007    90.0002
       100 0.100E-12*ang_ab,m      89.9991    89.9997
       100 0.100E-12*volume      33583.6619350        33568.2261522    
Thermostat de Nose-Hoover
       100 0.100E-12*KNose =     2.01857227161      eV   (46850.028 K)
    100 0.100E-12*zHoover(1) =     0.873018248642E+13

*temp instantanee des atomes de type 1 =       220.07

 * stress en kbar 
1 sigma potentiel (1,1) (2,1) (3,1) =   4.915560961      0.1969666249E-01 -0.6345369823E-01
2 sigma potentiel (1,2) (2,2) (3,2) =  0.1969666249E-01   5.077670882     -0.2409443471    
3 sigma potentiel (1,3) (2,3) (3,3) = -0.6345369823E-01 -0.2409443471       5.607810266    

1 sigma cinetique (1,1) (2,1) (3,1) =   1.892014447      0.5791581021E-01 -0.8823444030E-01
2 sigma cinetique (1,2) (2,2) (3,2) =  0.5791581021E-01   1.841183495     -0.7927025279E-01
3 sigma cinetique (1,3) (2,3) (3,3) = -0.8823444030E-01 -0.7927025279E-01   1.828139367    

1 sigma total (1,1) (2,1) (3,1) =   6.807575408      0.7761247270E-01 -0.1516881385    
2 sigma total (1,2) (2,2) (3,2) =  0.7761247270E-01   6.918854378     -0.3202145998    
3 sigma total (1,3) (2,3) (3,3) = -0.1516881385     -0.3202145998       7.435949633    

       100 0.100E-12*Pression =     7.0541    
 pression totale  potentiel = cinetique =
    7.0541        5.2003        1.8538    
 ----------valeurs moyennes------------
*temperature moyenne =       306.46
*pression moyenne =     2.7889    
 --------------------------------------
 *******Derniere iteration **** 


 ####### END OF RUN  ######## =          100   time =    9.9999999999999864E-014
