 Process            0  of            4  is alive   2.2204460492503132E-058
 *** NDM859 ***
 Process            1  of            4  is alive   2.2204460492503132E-058
 Process            2  of            4  is alive   2.2204460492503132E-058
 Process            3  of            4  is alive   2.2204460492503132E-058
 >>>>>>>>>>> entree readdm
 nom fichier din=UO2.din                                                                         

 -------- caracteristiques du run DM--------15
      CALCUL MONTE CARLO GRAND CANONIQUE 

 generation du crystal ; puis run

      ANALYSES 
 itetemp=           1  itesigma=          -1

      CONTROLES 
tstep=  0.100D-14
 itmax=         100  itab=           1  itetimestep=          -1
tinit=     500.0
tempdeplainit=      -1.0
debyetemp=      -1.0
  ----------------------------------


 nb de potentiels           1
 ipotentiel           7
 fmt_cin           1
 RGI           3           1 F           1
 RGI           1           1 F           0
 RGI           2           0 T           1
 RGI           0           0 T           0
 RGM           2           1
 RGM           0           0
 IMM PARA =         7500       12500

 -*-*-*-*-*-*-*POTENTIELS*-*-*-*-*-


 POTENTIEL DE PAIRES 


 ----------- POTENTIEL PAIRE TABULE -----------
 -*-*-*-* PAS DE SOMMATION D-EWALD *-*-*-*-
 -*-*-*-* PAS DE TERMES  A 3 CORPS *-*-*-*-
 CM, masse,type
   1    0.000    8.000  O  
   2    0.000   92.000  U  
 nb de paires grille           3       50000
 paire l active  ipotentiel:            3           7
 paire l active  ipotentiel:            2           7
 paire l active  ipotentiel:            1           7
 nvecttot           0
 nvecttot           0

  *-*-*-*-*-*CONSTRUCTION DE LA BOITE*-*-*-*-*-*-        7500       12500           2

 **********construction du reseau************
 repetition de mailles          10          10          10
 izonr,zlmin,rut           9   109.36000000000000        11.699999999999999     
 nox,noy,noz dans .din =          -1          -1          -1
 calcul de nox noy noz !!!
nox noy noz calcules a partir de ru
  nox = Int(   0.5468E-06/  0.1170E-06) = 4
  noy = Int(   0.5468E-06/  0.1170E-06) = 4
  noz = Int(   0.5468E-06/  0.1170E-06) = 4
nox noy noz apres correction = 4 4 4
celsizes   0.1367000E-06  0.1367000E-06  0.1367000E-06
UO2.gin                                                                         volume= 0.16348786D-18 cm3  0.16348786D+06 Ang3


 -----------------------------------------------------------
 Procedure de decoupage pour une boite de taille  :           4           4           4
 sur            2  cpus           0
 Nbre de solutions possibles :            3
LE MEILLEUR DECOUPAGE :    2    1    1    2    0.9286
 -----------------------------------------------
           FIN DU CALCUL DU DECOUPAGE :         

 Nbre de cellule suivant x :           4
 Nbre de cellule suivant y :           4
 Nbre de cellule suivant z :           4

 Le cas choisit :           1           1           2
 Nombre de cellules max echg  par proc :           2         112
 Taux d'equilibrage :           2   1.0000000000000000     
 valeur            2  0.92857142857142860     
 Nbre Min/Max de cel. locales. :          32          32
 Nbre Min/Max de cel. fantomes. :         112         112
 locmin/fantomax :           2  0.28571428571428570     
 natperc im/noxyz        1870         187
 ltabvois,lconstrtot F F

 -------- boite de simulation ------
 nombre d atomes =       12000
vecteur  1      54.680000       0.000000       0.000000
vecteur  2       0.000000      54.680000       0.000000
vecteur  3       0.000000       0.000000      54.680000
        8000  atomes de type           1
        4000  atomes de type           2

  -------------------------------------------------------------------
              definition des rayons de coupure
 Paramtres utilises pour le traitement de EWALD :
 RUE=   1.1699999999999999E-007  ALPHA=   22463768.246824499     
 nvecttot           0
 NOMBRE DE CELLULES FRONTIERES ASSOCIEES A CHAQUE PROCESSEUR
 Le proc            0  a            1  processeur voisin
 random velocities at TINIT =    500.00000000000000      K
 seed_size          12
 iseed pour tirage des vitesses          11
 Le proc            1  a            1  processeur voisin
 iseed pour tirage des vitesses          11
 temperature positions lues initspeed    1008.9343427448561     
 center of mass =    26.818491460165305        26.818491460166069        26.818491460166321     
 Momentum/atom  =   -1.9544479947740210E-020  -3.9553429891306366E-020  -1.3340028125076469E-020
Inertia/anglm =   0.1784E-30 -0.7000E-34 -0.7000E-34       0.9370E-23
Inertia/anglm =  -0.7000E-34  0.1784E-30 -0.7000E-34      -0.2446E-21
Inertia/anglm =  -0.7000E-34 -0.7000E-34  0.1784E-30       0.1145E-21
 temperature fin initspeed    1008.8094894047294     
 caltabt                    1
 caltabt                    1
 caltabt                    2
 caltabt                    2
 MONTECARLO           1 T
 MC           1
 MONTECARLO           0 T
 MC           0


 -----------------------------------------------------------
 Procedure de decoupage pour une boite de taille  :           4           4           4
 sur            2  cpus           0
 Nbre de solutions possibles :            3
 caltabt                    3
LE MEILLEUR DECOUPAGE :    2    1    1    2    0.9286
 -----------------------------------------------
           FIN DU CALCUL DU DECOUPAGE :         

 Nbre de cellule suivant x :           4
 Nbre de cellule suivant y :           4
 Nbre de cellule suivant z :           4

 Le cas choisit :           1           1           2
 Nombre de cellules max echg  par proc :           2         112
 Taux d'equilibrage :           2   1.0000000000000000     
 valeur            2  0.92857142857142860     
 Nbre Min/Max de cel. locales. :          32          32
 Nbre Min/Max de cel. fantomes. :         112         112
 locmin/fantomax :           2  0.28571428571428570     
 FVMX0           1        6000       12000
 caltabt                    4
 natperc im/noxyz        1870         187
 C2N           1
 ltabvois,lconstrtot F F
 caltabt                    3
 FVMX0           0        6000       12000
 caltabt                    4
 C2N           0
 -----------------------------------------------
           FIN DU CALCUL DU DECOUPAGE :         

 Nbre de cellule suivant x :           4
 Nbre de cellule suivant y :           4
 Nbre de cellule suivant z :           4

 Le cas choisit :           1           1           2
 Nombre de cellules max echg  par proc :           2         112
 Taux d'equilibrage :           2   1.0000000000000000     
 valeur            2  0.92857142857142860     
 Nbre Min/Max de cel. locales. :          32          32
 Nbre Min/Max de cel. fantomes. :         112         112
 locmin/fantomax :           2  0.28571428571428570     
 nvecttot           0
 Le proc            1  a            1  processeur voisin
 Le proc            0  a            1  processeur voisin
 iseed pour tirage des vitesses          11
 seed_size          12
 iseed pour tirage des vitesses          11
 temperature positions lues initspeed    1008.9343427448561     
 temperature fin initspeed    1008.8094894047294     
 caltabt                    1
 caltabt                    1
 caltabt                    2
 MONTECARLO           3 T
 MC           3
 caltabt                    3
 FVMX0           3        6000       12001
 caltabt                    4
 C2N           3
 caltabt                    2
 MONTECARLO           2 T
 MC           2
 -----------------------------------------------
           FIN DU CALCUL DU DECOUPAGE :         

 Nbre de cellule suivant x :           4
 Nbre de cellule suivant y :           4
 Nbre de cellule suivant z :           4

 Le cas choisit :           1           1           2
 Nombre de cellules max echg  par proc :           2         112
 Taux d'equilibrage :           2   1.0000000000000000     
 valeur            2  0.92857142857142860     
 Nbre Min/Max de cel. locales. :          32          32
 Nbre Min/Max de cel. fantomes. :         112         112
 locmin/fantomax :           2  0.28571428571428570     
 caltabt                    3
 FVMX0           2        6001       12001
 caltabt                    4
 C2N           2
 FVMX           0        6000       12000
 IN L2M           0           2
 FVMX           1        6000       12000
 IN L2M           1           2
 PN+2
 PN+2
 PL
 IL           1           0
 PL3           1
 FVMX           2        6001       12001
 IN L2M           2           2
 FVMX           3        6000       12001
 IN L2M           3           2
 PN+2
 PN+2
 PL
 IL           3           0
 PL3           3
 PL
 IL           2           0
 PL3           2
 PL
 IL           0           0
 PL3           0
 PL2           1
 FVMX0           1        6000       12000
 PL0           2
 PL2           3
 FVMX0           3        6000       12001
 PL0           0
 PL2           2
 FVMX0           2        6001       12001
 PL2           0
 FVMX0           0        6000       12000
 caltabt                    5
 C2N           3
 caltabt                    5
 C2N           2
 caltabt                    5
 C2N           0
 caltabt                    5
 C2N           1
 FVMX           2        6001       12001
 IN L2M           2           2
 FVMX           3        6000       12001
 IN L2M           3           2
 PL2           3
 POINT1           3  0.20000000298023224     
 FVMX           1        6000       12000
 IN L2M           1           2
 FVMX           0        6000       12000
 IN L2M           0           2
 PL2           1
 POINT1           1  0.20000000298023224     
 PL2           0
 PL2           2
 POINT1           2  0.20000000298023224     
 POINT1           0  0.20000000298023224     
 PL0           2
 PL0           0
 PL2           2
 FVMX0           2        6001       12001
 PL2           0
 FVMX0           0        6000       12000
 caltabt                    6
 PL2           1
 PL2           3
 FVMX0           3        6000       12001
 FVMX0           1        6000       12000
 caltabt                    6
 caltabt                    6
 C2N           2
 C2N           0
 C2N           3
 caltabt                    6
 C2N           1
 FVMX           2        6001       12001
 IN L2M           2           2
 FVMX           3        6000       12001
 IN L2M           3           2
 PL2           3
 POINT1           3  0.30000000447034836     
 FVMX           1        6000       12000
 IN L2M           1           2
 FVMX           0        6000       12000
 IN L2M           0           2
 PL2           1
 POINT1           1  0.30000000447034836     
 PL2           0
 PL2           2
 POINT1           2  0.30000000447034836     
 POINT1           0  0.30000000447034836     
 PL2           1
 FVMX0           1        6000       12000
 PL0           2
 PL0           0
 PL2           3
 FVMX0           3        6000       12001
 PL2           0
 FVMX0           0        6000       12000
 PL2           2
 FVMX0           2        6001       12001
 caltabt                    7
 caltabt                    7
 C2N           1
 caltabt                    7
 caltabt                    7
 C2N           2
 C2N           0
 C2N           3
 FVMX           1        6000       12000
 IN L2M           1           2
 FVMX           0        6000       12000
 IN L2M           0           2
 PL2           1
 POINT1           1  0.40000000596046448     
 FVMX           3        6000       12001
 IN L2M           3           2
 FVMX           2        6001       12001
 IN L2M           2           2
 PL2           3
 POINT1           3  0.40000000596046448     
 PL2           0
 PL2           2
 POINT1           2  0.40000000596046448     
 POINT1           0  0.40000000596046448     
 PL2           1
 FVMX0           1        6000       12000
 PL0           2
 PL0           0
 PL2           2
 FVMX0           2        6001       12001
 PL2           0
 FVMX0           0        6000       12000
 caltabt                    8
 PL2           3
 FVMX0           3        6000       12001
 caltabt                    8
 C2N           1
 caltabt                    8
 C2N           2
 C2N           0
 caltabt                    8
 C2N           3
 FVMX           0        6000       12000
 IN L2M           0           2
 FVMX           1        6000       12000
 IN L2M           1           2
 PL2           1
 POINT1           1  0.50000000745058060     
 FVMX           3        6000       12001
 IN L2M           3           2
 FVMX           2        6001       12001
 IN L2M           2           2
 PL2           3
 POINT1           3  0.50000000745058060     
 PL2           2
 POINT1           2  0.50000000745058060     
 PL2           0
 POINT1           0  0.50000000745058060     
 PL2           1
 FVMX0           1        6000       12000
 PL0           2
 PL0           0
 PL2           2
 FVMX0           2        6001       12001
 PL2           0
 FVMX0           0        6000       12000
 PL2           3
 FVMX0           3        6000       12001
 caltabt                    9
 caltabt                    9
 C2N           1
 C2N           2
 caltabt                    9
 C2N           0
 caltabt                    9
 C2N           3
 FVMX           1        6000       12000
 IN L2M           1           2
 FVMX           0        6000       12000
 IN L2M           0           2
 PL2           1
 POINT1           1  0.60000000894069672     
 FVMX           3        6000       12001
 IN L2M           3           2
 FVMX           2        6001       12001
 IN L2M           2           2
 PL2           3
 POINT1           3  0.60000000894069672     
 PL2           2
 POINT1           2  0.60000000894069672     
 PL2           0
 POINT1           0  0.60000000894069672     
 PL0           2
 PL0           0
 PL2           2
 FVMX0           2        6001       12001
 PL2           0
 FVMX0           0        6000       12000
 caltabt                   10
 caltabt                   10
 C2N           2
 C2N           0
 PL2           1
 FVMX0           1        6000       12000
 caltabt                   10
 C2N           1
 PL2           3
 FVMX0           3        6000       12001
 caltabt                   10
 C2N           3
 FVMX           2        6001       12001
 IN L2M           2           2
 FVMX           3        6000       12001
 IN L2M           3           2
 PL2           3
 POINT1           3  0.70000001043081284     
 FVMX           0        6000       12000
 IN L2M           0           2
 FVMX           1        6000       12000
 IN L2M           1           2
 PL2           1
 POINT1           1  0.70000001043081284     
 PL2           0
 PL2           2
 POINT1           2  0.70000001043081284     
 POINT1           0  0.70000001043081284     
 PL2           3
 FVMX0           3        6000       12001
 PL2           1
 FVMX0           1        6000       12000
 PL0           0
 caltabt                   11
 caltabt                   11
 C2N           3
 C2N           1
 PL0           2
 PL2           0
 FVMX0           0        6000       12000
 PL2           2
 FVMX0           2        6001       12001
 caltabt                   11
 caltabt                   11
 C2N           2
 C2N           0
 FVMX           3        6000       12001
 IN L2M           3           2
 FVMX           2        6001       12001
 IN L2M           2           2
 PL2           3
 POINT1           3  0.80000001192092896     
 FVMX           0        6000       12000
 IN L2M           0           2
 FVMX           1        6000       12000
 IN L2M           1           2
 PL2           1
 POINT1           1  0.80000001192092896     
 PL2           2
 POINT1           2  0.80000001192092896     
 PL2           0
 POINT1           0  0.80000001192092896     
 PL2           1
 FVMX0           1        6000       12000
 PL0           2
 PL0           0
 PL2           2
 FVMX0           2        6001       12001
 PL2           0
 FVMX0           0        6000       12000
 caltabt                   12
 caltabt                   12
 C2N           1
 caltabt                   12
 C2N           2
 PL2           3
 FVMX0           3        6000       12001
 C2N           0
 caltabt                   12
 C2N           3
 FVMX           2        6001       12001
 IN L2M           2           2
 FVMX           3        6000       12001
 IN L2M           3           2
 PL2           3
 POINT1           3  0.90000001341104507     
 FVMX           0        6000       12000
 IN L2M           0           2
 FVMX           1        6000       12000
 IN L2M           1           2
 PL2           1
 POINT1           1  0.90000001341104507     
 PL2           2
 POINT1           2  0.90000001341104507     
 PL2           0
 POINT1           0  0.90000001341104507     
 PL2           1
 FVMX0           1        6000       12000
 PL0           2
 PL0           0
 PL2           3
 FVMX0           3        6000       12001
 PL2           2
 FVMX0           2        6001       12001
 PL2           0
 FVMX0           0        6000       12000
 caltabt                   13
 caltabt                   13
 caltabt                   13
 caltabt                   13
 C2N           0
 C2N           2
 C2N           3
 C2N           1
 FVMX           2        6001       12001
 IN L2M           2           2
 FVMX           3        6000       12001
 IN L2M           3           2
 PL2           3
 POINT1           3   1.0000000149011612     
 POINT2           3   1.0000000149011612     
 POSTLANGEVIN
 FVMX           0        6000       12000
 IN L2M           0           2
 FVMX           1        6000       12000
 IN L2M           1           2
 PL2           0
 PL2           2
 POINT1           2   1.0000000149011612     
 POINT2           2   1.0000000149011612     
 POSTLANGEVIN
 PL2           1
 POINT1           1   1.0000000149011612     
 POINT2           1   1.0000000149011612     
 POSTLANGEVIN
 POINT1           0   1.0000000149011612     
 POINT2           0   1.0000000149011612     
 POSTLANGEVIN
 PRE AJOUTRETRAIT           2
 caltabt                   14
 FVMX0           2           0       12001
 caltabt                   15
 C2N           2
 PRE AJOUTRETRAIT           0
 atome supprimé        8576
 PRE AJOUTRETRAIT           1
 caltabt                   14
 FVMX0           1           0       12000
 caltabt                   15
 C2N           1
 PRE AJOUTRETRAIT           3
 caltabt                   14
 FVMX0           3           0       12001
 caltabt                   15
 C2N           3
 FVMX           2           0       12001
 IN L2M           2           2
 atomes perdus ?           0           0       12001           2
 FVMX           3           0       12001
 IN L2M           3           2
 natperc im/noxyz        1870         187
 ltabvois,lconstrtot F F
 caltabt                   14
 FVMX0           0           0       12000
 caltabt                   15
 C2N           0
 FVMX           0           0       12000
 IN L2M           0           2
 FVMX           1           0       12000
 IN L2M           1           2
 atomes perdus ?           0           0       12000           0
