 *** NDM859 ***
 >>>>>>>>>>> entree readdm
 nom fichier din=UO2.din                                                                         

 -------- caracteristiques du run DM--------15
      CALCUL MONTE CARLO GRAND CANONIQUE 

 generation du crystal ; puis run

      ANALYSES 
 itetemp=           1  itesigma=          -1

      CONTROLES 
tstep=  0.100D-14
 itmax=         100  itab=           1  itetimestep=          -1
tinit=     500.0
tempdeplainit=      -1.0
debyetemp=      -1.0
  ----------------------------------


 nb de potentiels           1
 ipotentiel           7
 fmt_cin           1

 -*-*-*-*-*-*-*POTENTIELS*-*-*-*-*-


 POTENTIEL DE PAIRES 


 ----------- POTENTIEL PAIRE TABULE -----------
 -*-*-*-* PAS DE SOMMATION D-EWALD *-*-*-*-
 -*-*-*-* PAS DE TERMES  A 3 CORPS *-*-*-*-
 CM, masse,type
   1    0.000    8.000  O  
   2    0.000   92.000  U  
 nb de paires grille           3       50000
 paire l active  ipotentiel:            3           7
 paire l active  ipotentiel:            2           7
 paire l active  ipotentiel:            1           7

  *-*-*-*-*-*CONSTRUCTION DE LA BOITE*-*-*-*-*-*-       12500       12500           1

 **********construction du reseau************
 repetition de mailles          10          10          10
 izonr,zlmin,rut           9   109.36000000000000        11.699999999999999     
 nox,noy,noz dans .din =          -1          -1          -1
 calcul de nox noy noz !!!
nox noy noz calcules a partir de ru
  nox = Int(   0.5468E-06/  0.1170E-06) = 4
  noy = Int(   0.5468E-06/  0.1170E-06) = 4
  noz = Int(   0.5468E-06/  0.1170E-06) = 4
nox noy noz apres correction = 4 4 4
celsizes   0.1367000E-06  0.1367000E-06  0.1367000E-06
UO2.gin                                                                         volume= 0.16348786D-18 cm3  0.16348786D+06 Ang3
 natperc im/noxyz        1870         187
 ltabvois,lconstrtot F F

 -------- boite de simulation ------
 nombre d atomes =       12000
vecteur  1      54.680000       0.000000       0.000000
vecteur  2       0.000000      54.680000       0.000000
vecteur  3       0.000000       0.000000      54.680000
    16101008  atomes de type           1

  -------------------------------------------------------------------
              definition des rayons de coupure
 Paramtres utilises pour le traitement de EWALD :
 RUE=   1.1699999999999999E-007  ALPHA=   22463768.246824499     
 nvecttot           0
 random velocities at TINIT =    500.00000000000000      K
 seed_size          12
 iseed pour tirage des vitesses          11
 temperature positions lues initspeed    504.46717137242803     
 center of mass =    26.818491460165305        26.818491460166069        26.818491460166321     
 Momentum/atom  =   -9.7722399738701048E-021  -1.9776714945653183E-020  -6.6700140625382345E-021
Inertia/anglm =   0.8920E-31 -0.3500E-34 -0.3500E-34       0.5864E-23
Inertia/anglm =  -0.3500E-34  0.8920E-31 -0.3500E-34      -0.1226E-21
Inertia/anglm =  -0.3500E-34 -0.3500E-34  0.8920E-31       0.5637E-22
 temperature fin initspeed    504.38215007268133     
 caltabt                    1
 caltabt                    2
 MONTECARLO           0 T
 FVMX0           0           0       12000
 caltabt                    3
 FVMX0           0       12000       12001
 caltabt                    4
 PL
 IL           0
 PL3           0
 FVMX0           0       12001       12000
 caltabt                    5
 FVMX0           0       12000       12001
 caltabt                    6
 POINT1           0  0.20000000298023224     
 FVMX0           0       12001       12000
 caltabt                    7
 FVMX0           0       12000       12001
 caltabt                    8
 POINT1           0  0.30000000447034836     
 FVMX0           0       12001       12000
 caltabt                    9
 FVMX0           0       12000       12001
 caltabt                   10
 POINT1           0  0.40000000596046448     
 FVMX0           0       12001       12000
 caltabt                   11
 FVMX0           0       12000       12001
 caltabt                   12
 POINT1           0  0.50000000745058060     
 FVMX0           0       12001       12000
 caltabt                   13
 FVMX0           0       12000       12001
 caltabt                   14
 POINT1           0  0.60000000894069672     
 FVMX0           0       12001       12000
 caltabt                   15
 FVMX0           0       12000       12001
 caltabt                   16
 POINT1           0  0.70000001043081284     
 FVMX0           0       12001       12000
 caltabt                   17
 FVMX0           0       12000       12001
 caltabt                   18
 POINT1           0  0.80000001192092896     
 FVMX0           0       12001       12000
 caltabt                   19
 FVMX0           0       12000       12001
 caltabt                   20
 POINT1           0  0.90000001341104507     
 FVMX0           0       12001       12000
 caltabt                   21
 FVMX0           0       12000       12001
 caltabt                   22
 POINT1           0   1.0000000149011612     
 POINT2           0   1.0000000149011612     
 POSTLANGEVIN
 atome supprimé        3095
 FVMX0           0       12001       12000
 caltabt                   23
 FVMX0           0       12000       12001
 caltabt                   24
 P4N           0
 IL           0
 PL3           0
 POINT3           0  0.89999997615814209     
 POINT4           0  0.89999997615814209     
 FVMX0           0       12001       12000
 caltabt                   25
 FVMX0           0       12000       12001
 caltabt                   26
 POINT4           0  0.79999997466802597     
 FVMX0           0       12001       12000
 caltabt                   27
 FVMX0           0       12000       12001
 caltabt                   28
 POINT4           0  0.69999997317790985     
 FVMX0           0       12001       12000
 caltabt                   29
 FVMX0           0       12000       12001
 caltabt                   30
 POINT4           0  0.59999997168779373     
 FVMX0           0       12001       12000
 caltabt                   31
 FVMX0           0       12000       12001
 caltabt                   32
 POINT4           0  0.49999997019767761     
 FVMX0           0       12001       12000
 caltabt                   33
 FVMX0           0       12000       12001
 caltabt                   34
 POINT4           0  0.39999996870756149     
 FVMX0           0       12001       12000
 caltabt                   35
 FVMX0           0       12000       12001
 caltabt                   36
 POINT4           0  0.29999996721744537     
 FVMX0           0       12001       12000
 caltabt                   37
 FVMX0           0       12000       12001
 caltabt                   38
 POINT4           0  0.19999996572732925     
 FVMX0           0       12001       12000
 caltabt                   39
 FVMX0           0       12000       12001
 caltabt                   40
 POINT4           0   9.9999964237213135E-002
 FVMX0           0       12001       12000
 caltabt                   41
 FVMX0           0       12000       12001
 caltabt                   42
 Wprec  -1.2506675991930988E-010 ln_Wprec  -1811.7451397893105     
 W  -1.0209957124810536E-010 ln_W  -1479.0372925841448     
 ACCEPTATION, direction=           1   LN_XPROB   -0.0000000000000000        XPROB    1.0000000000000000        XALEA   0.70223532713008741     
 FVMX0           0       12001       12000
 caltabt                   43
 FVMX0           0       12000       12001
 caltabt                   44
 P4N           0
 IL           0
 PL3           0
 FVMX0           0       12001       12000
 caltabt                   45
 FVMX0           0       12000       12001
 caltabt                   46
 POINT1           0  0.20000000298023224     
 FVMX0           0       12001       12000
 caltabt                   47
 FVMX0           0       12000       12001
 caltabt                   48
 POINT1           0  0.30000000447034836     
 FVMX0           0       12001       12000
 caltabt                   49
 FVMX0           0       12000       12001
 caltabt                   50
 POINT1           0  0.40000000596046448     
 FVMX0           0       12001       12000
 caltabt                   51
 FVMX0           0       12000       12001
 caltabt                   52
 POINT1           0  0.50000000745058060     
 FVMX0           0       12001       12000
 caltabt                   53
 FVMX0           0       12000       12001
 caltabt                   54
 POINT1           0  0.60000000894069672     
 FVMX0           0       12001       12000
 caltabt                   55
 FVMX0           0       12000       12001
 caltabt                   56
 POINT1           0  0.70000001043081284     
 FVMX0           0       12001       12000
 caltabt                   57
 FVMX0           0       12000       12001
 caltabt                   58
 POINT1           0  0.80000001192092896     
 FVMX0           0       12001       12000
 caltabt                   59
 FVMX0           0       12000       12001
 caltabt                   60
 POINT1           0  0.90000001341104507     
 FVMX0           0       12001       12000
 caltabt                   61
 FVMX0           0       12000       12001
 caltabt                   62
 POINT1           0   1.0000000149011612     
 POINT2           0   1.0000000149011612     
 Wprec  -1.0209957124810536E-010 ln_Wprec   1479.0372925841448     
 W  -4.7238512564089701E-010 ln_W   6843.0768978170272     
 ACCEPTATION, direction=           0   LN_XPROB   -0.0000000000000000        XPROB    1.0000000000000000        XALEA   0.20285402861141100     
 atome supprimé        1313
 FVMX0           0       12001       12000
 caltabt                   63
 FVMX0           0       12000       12001
 caltabt                   64
 P4N           0
 IL           0
 PL3           0
 POINT3           0  0.89999997615814209     
 POINT4           0  0.89999997615814209     
 FVMX0           0       12001       12000
 caltabt                   65
 FVMX0           0       12000       12001
 caltabt                   66
 POINT4           0  0.79999997466802597     
 FVMX0           0       12001       12000
 caltabt                   67
 FVMX0           0       12000       12001
 caltabt                   68
 POINT4           0  0.69999997317790985     
 FVMX0           0       12001       12000
 caltabt                   69
 FVMX0           0       12000       12001
 caltabt                   70
 POINT4           0  0.59999997168779373     
 FVMX0           0       12001       12000
 caltabt                   71
 FVMX0           0       12000       12001
 caltabt                   72
 POINT4           0  0.49999997019767761     
 FVMX0           0       12001       12000
 caltabt                   73
 FVMX0           0       12000       12001
 caltabt                   74
 POINT4           0  0.39999996870756149     
 FVMX0           0       12001       12000
 caltabt                   75
 FVMX0           0       12000       12001
 caltabt                   76
 POINT4           0  0.29999996721744537     
 FVMX0           0       12001       12000
 caltabt                   77
 FVMX0           0       12000       12001
 caltabt                   78
 POINT4           0  0.19999996572732925     
 FVMX0           0       12001       12000
 caltabt                   79
 FVMX0           0       12000       12001
 caltabt                   80
 POINT4           0   9.9999964237213135E-002
 FVMX0           0       12001       12000
 caltabt                   81
 FVMX0           0       12000       12001
 caltabt                   82
 Wprec  -4.7238512564089701E-010 ln_Wprec  -6843.0768978170272     
 W  -5.2933306994950393E-011 ln_W  -766.80375939178714     
 ACCEPTATION, direction=           1   LN_XPROB   -0.0000000000000000        XPROB    1.0000000000000000        XALEA   0.99807722715794767     
 FVMX0           0       12001       12000
 caltabt                   83
 FVMX0           0       12000       12001
 caltabt                   84
 P4N           0
 IL           0
 PL3           0
 FVMX0           0       12001       12000
 caltabt                   85
 FVMX0           0       12000       12001
 caltabt                   86
 POINT1           0  0.20000000298023224     
 FVMX0           0       12001       12000
 caltabt                   87
 FVMX0           0       12000       12001
 caltabt                   88
 POINT1           0  0.30000000447034836     
 FVMX0           0       12001       12000
 caltabt                   89
 FVMX0           0       12000       12001
 caltabt                   90
 POINT1           0  0.40000000596046448     
 FVMX0           0       12001       12000
 caltabt                   91
 FVMX0           0       12000       12001
 caltabt                   92
 POINT1           0  0.50000000745058060     
 FVMX0           0       12001       12000
 caltabt                   93
 FVMX0           0       12000       12001
 caltabt                   94
 POINT1           0  0.60000000894069672     
 FVMX0           0       12001       12000
 caltabt                   95
 FVMX0           0       12000       12001
 caltabt                   96
 POINT1           0  0.70000001043081284     
 FVMX0           0       12001       12000
 caltabt                   97
 FVMX0           0       12000       12001
 caltabt                   98
 POINT1           0  0.80000001192092896     
 FVMX0           0       12001       12000
 caltabt                   99
 FVMX0           0       12000       12001
 caltabt                  100
 POINT1           0  0.90000001341104507     
 FVMX0           0       12001       12000
 caltabt                  101
 FVMX0           0       12000       12001
 caltabt                  102
 POINT1           0   1.0000000149011612     
 POINT2           0   1.0000000149011612     
 Wprec  -5.2933306994950393E-011 ln_Wprec   766.80375939178714     
 W                       NaN ln_W                       NaN
  REJECTION, direction=           0   LN_XPROB                        NaN   XPROB                        NaN   XALEA    7.7956994163451698E-002
 caltabt                  103
 atome supprimé       10085
 FVMX0           0       12001       12000
 caltabt                  104
 FVMX0           0       12000       12001
 caltabt                  105
 P4N           0
 IL           0
 PL3           0
 POINT3           0  0.89999997615814209     
 POINT4           0  0.89999997615814209     
 FVMX0           0       12001       12000
 caltabt                  106
 FVMX0           0       12000       12001
 caltabt                  107
 POINT4           0  0.79999997466802597     
 FVMX0           0       12001       12000
 caltabt                  108
 FVMX0           0       12000       12001
 caltabt                  109
 POINT4           0  0.69999997317790985     
 FVMX0           0       12001       12000
 caltabt                  110
 FVMX0           0       12000       12001
 caltabt                  111
 POINT4           0  0.59999997168779373     
 FVMX0           0       12001       12000
 caltabt                  112
 FVMX0           0       12000       12001
 caltabt                  113
 POINT4           0  0.49999997019767761     
 FVMX0           0       12001       12000
 caltabt                  114
 FVMX0           0       12000       12001
 caltabt                  115
 POINT4           0  0.39999996870756149     
 FVMX0           0       12001       12000
 caltabt                  116
 FVMX0           0       12000       12001
 caltabt                  117
 POINT4           0  0.29999996721744537     
 FVMX0           0       12001       12000
 caltabt                  118
 FVMX0           0       12000       12001
 caltabt                  119
 POINT4           0  0.19999996572732925     
 FVMX0           0       12001       12000
 caltabt                  120
 FVMX0           0       12000       12001
 caltabt                  121
 POINT4           0   9.9999964237213135E-002
 FVMX0           0       12001       12000
 caltabt                  122
 FVMX0           0       12000       12001
 caltabt                  123
 Wprec  -5.2933306994950393E-011 ln_Wprec  -766.80375939178714     
 W  -5.2920415659739298E-011 ln_W  -766.61701261807070     
  REJECTION, direction=           1   LN_XPROB  -0.60412676859355918        XPROB   0.54655148423983058        XALEA   0.69715496906816576     
 caltabt                  124
 FVMX0           0       12001       12000
 caltabt                  125
 FVMX0           0       12000       12001
 caltabt                  126
 P4N           0
 IL           0
 PL3           0
 FVMX0           0       12001       12000
 caltabt                  127
 FVMX0           0       12000       12001
 caltabt                  128
 POINT1           0  0.20000000298023224     
 FVMX0           0       12001       12000
 caltabt                  129
 FVMX0           0       12000       12001
 caltabt                  130
 POINT1           0  0.30000000447034836     
 FVMX0           0       12001       12000
 caltabt                  131
 FVMX0           0       12000       12001
 caltabt                  132
 POINT1           0  0.40000000596046448     
 FVMX0           0       12001       12000
 caltabt                  133
 FVMX0           0       12000       12001
 caltabt                  134
 POINT1           0  0.50000000745058060     
 FVMX0           0       12001       12000
 caltabt                  135
 FVMX0           0       12000       12001
 caltabt                  136
 POINT1           0  0.60000000894069672     
 FVMX0           0       12001       12000
 caltabt                  137
 FVMX0           0       12000       12001
 caltabt                  138
 POINT1           0  0.70000001043081284     
 FVMX0           0       12001       12000
 caltabt                  139
 FVMX0           0       12000       12001
 caltabt                  140
 POINT1           0  0.80000001192092896     
 FVMX0           0       12001       12000
 caltabt                  141
 FVMX0           0       12000       12001
 caltabt                  142
