 Process            0  of            3  is alive   2.2204460492503132E-058
 *** NDM859 ***
 Process            1  of            3  is alive   2.2204460492503132E-058
 Process            2  of            3  is alive   2.2204460492503132E-058
 >>>>>>>>>>> entree readdm
 nom fichier din=UO2M.din                                                                        

 -------- caracteristiques du run DM-------- 4
      DYNAMIQUE MOLECULAIRE VELOCITY VERLET
 generation du crystal ; puis run

      ANALYSES 
 itetemp=           1  itesigma=           1

      CONTROLES 
tstep=  0.100D-14
 itmax=         200  itab=           1  itetimestep=          -1
tinit=     300.0
tempdeplainit=      -1.0
debyetemp=      -1.0
  ----------------------------------


 nb de potentiels           1
 ipotentiel           4
 fmt_cin           1
 IMM PARA =         2800        7000

 -*-*-*-*-*-*-*POTENTIELS*-*-*-*-*-


 POTENTIEL DE PAIRES 


 ----------- POTENTIEL UO2 -----------
 -*-*-*-*-* SOMMATION D-EWALD METHODE PME *-*-*-*-*-
 -*-*-*-* PAS DE TERMES  A 3 CORPS *-*-*-*-
 numero, charge, CM, masse,type
   1    3.227    0.000   92.000  U4 
   2   -1.614    0.000    8.000  O  
 nb de paires            3
 Specificite de l interaction O-O 
 Polynome de degre 5 a           1  =    7.6897260437499795E-010
 Polynome de degre 5 a           2  =  -0.21990352609782496     
 Polynome de degre 5 a           3  =    25029569.208040804     
 Polynome de degre 5 a           4  =   -1413068370858535.0     
 Polynome de degre 5 a           5  =    3.9483235669834178E+022
 Polynome de degre 5 a           6  =   -4.3651297738739712E+029
 Polynome de degre 3 b           1  =    6.8434030216057097E-011
 Polynome de degre 3 b           2  =   -8.8585203517277111E-003
 Polynome de degre 3 b           3  =    368470.57398966170     
 Polynome de degre 3 b           4  =   -5000773412106.8848     

  *-*-*-*-*-*CONSTRUCTION DE LA BOITE*-*-*-*-*-*-        2800        7000           3

 **********construction du reseau************
 repetition de mailles           8           8           8
 izonr,zlmin,rut           7   87.488000000000000        11.000000000000000     
 nox,noy,noz dans .din =          -1          -1          -1
 calcul de nox noy noz !!!
nox noy noz calcules a partir de ru
  nox = Int(   0.4374E-06/  0.1100E-06) = 3
  noy = Int(   0.4374E-06/  0.1100E-06) = 3
  noz = Int(   0.4374E-06/  0.1100E-06) = 3
nox noy noz apres correction = 3 3 3
celsizes   0.1458133E-06  0.1458133E-06  0.1458133E-06
UO2M.gin                                                                        volume= 0.83705786D-19 cm3  0.83705786D+05 Ang3


 -----------------------------------------------------------
 Procedure de decoupage pour une boite de taille  :           3           3           3
 sur            3  cpus           0
 Nbre de solutions possibles :            3
LE_MEILLEUR_DECOUPAGE :    3    1    1    3    0.9136
 -----------------------------------------------
           FIN DU CALCUL DU DECOUPAGE :         

 Nbre de cellule suivant x :           3
 Nbre de cellule suivant y :           3
 Nbre de cellule suivant z :           3

 Le cas choisit :           1           1           3
 Nombre de cellules max echg  par proc :           3          66
 Taux d'equilibrage :           3   1.0000000000000000     
 valeur            3  0.91363636363636369     
 Nbre Min/Max de cel. locales. :           9           9
 Nbre Min/Max de cel. fantomes. :          66          66
 locmin/fantomax :           3  0.13636363636363635     
 natperc im/noxyz        2270         227
 ltabvois,lconstrtot F F

 -------- boite de simulation ------
 nombre d atomes =        6144
vecteur  1      43.744000       0.000000       0.000000
vecteur  2       0.000000      43.744000       0.000000
vecteur  3       0.000000       0.000000      43.744000
        4096  atomes de type           1
 nvecttot        4912
        2048  atomes de type           2

  -------------------------------------------------------------------
              definition des rayons de coupure
 Paramtres utilises pour le traitement de EWALD :
 kpme x,y,x max           42          42          42          42
 RUE=   1.1000000000000001E-007  ALPHA=   42056000.000000000       NCOUC=           8           8           8  PRECISEW =   0.0000000000000000     
 ncoucx_y_z           8           8           8
 nvecttot        4912




 ATTENTION!!! UO2 === Oxygène = TYPE 2!!!!




 nvecttot        4912
 Le proc            2  a            2  processeur voisin
 NOMBRE DE CELLULES FRONTIERES ASSOCIEES A CHAQUE PROCESSEUR
 Le proc            0  a            2  processeur voisin
 Le proc            1  a            2  processeur voisin

 iseed pour tirage des vitesses          11
 random velocities at TINIT =    300.00000000000000      K
 seed_size          12
 iseed pour tirage des vitesses          11
 iseed pour tirage des vitesses          11
 temperature positions lues initspeed    313.10504627139596     
 temperature fin initspeed    313.04465362325345     

 ***** PREMIERE ITERATION  VVERLET****
 deb fin            1           1        1920
 deb fin            2           1        2176
 deb fin            0           1        2048


<<<<<<<<  ITERATION =      0  time =    0.000000    


 --------- Temperatures et Pression--------
 ----------valeurs instantanees------------
         0  0.00    *Epot =    -122622.7234369193      eV 
    *energie paire 2 corps =    -122622.814502      eV 
    *energie pot coul recip =    0.910653310255E-01  eV 
         0  0.00    *Ec =     248.606912041      eV   (313.045 K)
         0  0.00    *Etot =    -122374.1165248787      eV 

         0  0.00    *Temp instantanee = 313.045

*temp instantanee des atomes de type 1 =       207.61
*temp instantanee des atomes de type 2 =       105.44

 * stress en kbar 
1 sigma potentiel (1,1) (2,1) (3,1) =   2161.356461     -0.5435943604E-13  0.2679973841E-13
2 sigma potentiel (1,2) (2,2) (3,2) = -0.4100799561E-13   2161.356461      0.5044043064E-14
3 sigma potentiel (1,3) (2,3) (3,3) =  0.2414733171E-13  0.4179775715E-14   2161.356461    

1 sigma cinetique (1,1) (2,1) (3,1) =   0.000000000       0.000000000       0.000000000    
2 sigma cinetique (1,2) (2,2) (3,2) =   0.000000000       0.000000000       0.000000000    
3 sigma cinetique (1,3) (2,3) (3,3) =   0.000000000       0.000000000       0.000000000    

1 sigma total (1,1) (2,1) (3,1) =   0.000000000       0.000000000       0.000000000    
2 sigma total (1,2) (2,2) (3,2) =   0.000000000       0.000000000       0.000000000    
3 sigma total (1,3) (2,3) (3,3) =   0.000000000       0.000000000       0.000000000    

         0  0.00    *Pression =     2161.4    
 pression totale  potentiel = cinetique =
    2161.4        2161.4        0.0000    
 ----------valeurs moyennes------------
*temperature moyenne =       313.04
*pression moyenne =     2161.4    
 --------------------------------------


 ####### END OF RUN  ######## =            0   time =    0.0000000000000000     
