The system is: Linux - 4.18.0-372.19.1.el8_6.x86_64 - x86_64
Compiling the Fortran compiler identification source file "CMakeFortranCompilerId.F" succeeded.
Compiler: /home/soft/intel/oneapi/mpi/2021.6.0/bin/mpiifort 
Build flags: 
Id flags: -v 

The output was:
0
mpiifort for the Intel(R) MPI Library 2021.6 for Linux*
Copyright Intel Corporation.
ifort version 2021.6.0
/home/soft/intel/oneapi/compiler/2022.1.0/linux/bin/intel64/../../bin/intel64/fpp    -D__INTEL_COMPILER=2021 -D__INTEL_COMPILER_UPDATE=6 -D__unix__ -D__unix -D__linux__ -D__linux -D__gnu_linux__ -Dunix -Dlinux -D__ELF__ -D__x86_64 -D__x86_64__ -D__amd64 -D__amd64__ -D__INTEL_COMPILER_BUILD_DATE=20220226 -D__INTEL_OFFLOAD -D__MMX__ -D__SSE__ -D__SSE_MATH__ -D__SSE2__ -D__SSE2_MATH__ -D__pentium4 -D__pentium4__ -D__tune_pentium4__ -I. -I/home/soft/intel/oneapi/mpi/2021.6.0//include -I/home/soft/intel/oneapi/mpi/2021.6.0/include -I/home/soft/intel/oneapi/mkl/2022.1.0/include -I/home/soft/intel/oneapi/tbb/2021.6.0/include -I/home/soft/intel/oneapi/mpi/2021.6.0/include -I/home/soft/intel/oneapi/compiler/2022.1.0/linux/bin/intel64/../../compiler/include/intel64 -I/home/soft/intel/oneapi/compiler/2022.1.0/linux/bin/intel64/../../compiler/include/icc -I/home/soft/intel/oneapi/compiler/2022.1.0/linux/bin/intel64/../../compiler/include -I/usr/local/include -I/usr/lib/gcc/x86_64-redhat-linux/8/include -I/usr/include/ -I/usr/include -fixed -4Ycpp -4Ncvf -f_com=yes -MX CMakeFortranCompilerId.F /tmp/ifortWt8pSD.i
#include "..." search starts here:
#include <...> search starts here:
 .
 /home/soft/intel/oneapi/mpi/2021.6.0//include
 /home/soft/intel/oneapi/mpi/2021.6.0/include
 /home/soft/intel/oneapi/mkl/2022.1.0/include
 /home/soft/intel/oneapi/tbb/2021.6.0/include
 /home/soft/intel/oneapi/mpi/2021.6.0/include
 /home/soft/intel/oneapi/compiler/2022.1.0/linux/bin/intel64/../../compiler/include/intel64
 /home/soft/intel/oneapi/compiler/2022.1.0/linux/bin/intel64/../../compiler/include/icc
 /home/soft/intel/oneapi/compiler/2022.1.0/linux/bin/intel64/../../compiler/include
 /usr/local/include
 /usr/lib/gcc/x86_64-redhat-linux/8/include
 /usr/include/
 /usr/include
End of search list.
/home/soft/intel/oneapi/compiler/2022.1.0/linux/bin/intel64/../../bin/intel64/fortcom    -D__INTEL_COMPILER=2021 -D__INTEL_COMPILER_UPDATE=6 -D__unix__ -D__unix -D__linux__ -D__linux -D__gnu_linux__ -Dunix -Dlinux -D__ELF__ -D__x86_64 -D__x86_64__ -D__amd64 -D__amd64__ -D__INTEL_COMPILER_BUILD_DATE=20220226 -D__INTEL_OFFLOAD -D__MMX__ -D__SSE__ -D__SSE_MATH__ -D__SSE2__ -D__SSE2_MATH__ -D__pentium4 -D__pentium4__ -D__tune_pentium4__ -I. -I/home/soft/intel/oneapi/mpi/2021.6.0//include -I/home/soft/intel/oneapi/mpi/2021.6.0/include -I/home/soft/intel/oneapi/mkl/2022.1.0/include -I/home/soft/intel/oneapi/tbb/2021.6.0/include -I/home/soft/intel/oneapi/mpi/2021.6.0/include -I/home/soft/intel/oneapi/compiler/2022.1.0/linux/bin/intel64/../../compiler/include/intel64 -I/home/soft/intel/oneapi/compiler/2022.1.0/linux/bin/intel64/../../compiler/include/icc -I/home/soft/intel/oneapi/compiler/2022.1.0/linux/bin/intel64/../../compiler/include -I/usr/local/include -I/usr/lib/gcc/x86_64-redhat-linux/8/include -I/usr/include/ -I/usr/include -omp_simd -O2 "-reentrancy threaded" -simd -offload_host -mGLOB_em64t=TRUE -mP1OPT_version=2021.6.0-intel64 -mGLOB_diag_file=/tmp/ifortGlRBav.diag -mGLOB_long_size_64 -mGLOB_routine_pointer_size_64 -mGLOB_source_language=GLOB_SOURCE_LANGUAGE_F90 -mP2OPT_static_promotion -mGLOB_pack_sort_init_list -mP1OPT_print_version=FALSE -mCG_use_gas_got_workaround=F -mP2OPT_align_option_used=TRUE -mGLOB_gcc_version=850 "-mGLOB_options_string=-I/home/soft/intel/oneapi/mpi/2021.6.0//include -I/home/soft/intel/oneapi/mpi/2021.6.0/include -v -L/home/soft/intel/oneapi/mpi/2021.6.0/lib/release -L/home/soft/intel/oneapi/mpi/2021.6.0/lib -Xlinker --enable-new-dtags -Xlinker -rpath -Xlinker /home/soft/intel/oneapi/mpi/2021.6.0/lib/release -Xlinker -rpath -Xlinker /home/soft/intel/oneapi/mpi/2021.6.0/lib -lmpifort -lmpi -ldl -lrt -lpthread" -mGLOB_cxx_limited_range=FALSE -mCG_extend_parms=FALSE -mGLOB_compiler_bin_directory=/home/soft/intel/oneapi/compiler/2022.1.0/linux/bin/intel64/../../bin/intel64 -mGLOB_as_output_backup_file_name=/tmp/ifortePLdnQas_.s -mGLOB_dashboard_use_source_name -mIPOPT_activate -mIPOPT_lite -mGLOB_uarch_tuning=0x0 -mGLOB_product_id_code=0x22006d91 -mCG_bnl_movbe=T -mP3OPT_use_mspp_call_convention -mP2OPT_subs_out_of_bound=FALSE -mP2OPT_disam_type_based_disam=2 -mGLOB_ansi_alias -mPGOPTI_value_profile_use=T -mGLOB_opt_report_use_source_name -mGLOB_offload_mode=1 -mGLOB_offload_no_openmp=TRUE -mP2OPT_offload_unique_var_string=ifort0233543887aPptOj -mP2OPT_hlo_level=2 -mP2OPT_hlo -mP2OPT_hpo_rtt_control=0 -mIPOPT_args_in_regs=0 -mP2OPT_disam_assume_nonstd_intent_in=FALSE -mGLOB_imf_mapping_library=/home/soft/intel/oneapi/compiler/2022.1.0/linux/bin/intel64/../../bin/intel64/libiml_attr.so -mIPOPT_single_file_compile_and_link=TRUE -mPGOPTI_gen_threadsafe_level=0 -mIPOPT_lto_object_enabled -mIPOPT_lto_object_value=1 -mIPOPT_obj_output_file_name=/tmp/ifortGlRBav.o -mIPOPT_whole_archive_fixup_file_name=/tmp/ifortwarchhRDzs7 -mGLOB_linker_version=2.30 -mGLOB_linker=ld -mGLOB_driver_tempfile_name=/tmp/iforttempfilewmKZu5 -mP3OPT_asm_target=P3OPT_ASM_TARGET_GAS -mGLOB_async_unwind_tables=TRUE -mGLOB_obj_output_file=/tmp/ifortGlRBav.o -mGLOB_source_dialect=GLOB_SOURCE_DIALECT_FORTRAN -mP1OPT_source_file_name=CMakeFortranCompilerId.F -mP1OPT_full_source_file_name=/home/anruo/GitHub/NDM.git/build_mld/ml/src/milady-build/CMakeFiles/3.20.2/CompilerIdFortran/CMakeFortranCompilerId.F -mP2OPT_symtab_type_copy=true /tmp/ifortWt8pSD.i
#include "..." search starts here:
#include <...> search starts here:
 .
 /home/soft/intel/oneapi/mpi/2021.6.0//include
 /home/soft/intel/oneapi/mpi/2021.6.0/include
 /home/soft/intel/oneapi/mkl/2022.1.0/include
 /home/soft/intel/oneapi/tbb/2021.6.0/include
 /home/soft/intel/oneapi/mpi/2021.6.0/include
 /home/soft/intel/oneapi/compiler/2022.1.0/linux/bin/intel64/../../compiler/include/intel64
 /home/soft/intel/oneapi/compiler/2022.1.0/linux/bin/intel64/../../compiler/include/icc
 /home/soft/intel/oneapi/compiler/2022.1.0/linux/bin/intel64/../../compiler/include
 /usr/local/include
 /usr/lib/gcc/x86_64-redhat-linux/8/include
 /usr/include/
 /usr/include
End of search list.
ld    /usr/lib/gcc/x86_64-redhat-linux/8/../../../../lib64/crt1.o /usr/lib/gcc/x86_64-redhat-linux/8/../../../../lib64/crti.o /usr/lib/gcc/x86_64-redhat-linux/8/crtbegin.o --eh-frame-hdr --build-id -dynamic-linker /lib64/ld-linux-x86-64.so.2 -m elf_x86_64 -L/home/soft/intel/oneapi/mpi/2021.6.0/lib/release -L/home/soft/intel/oneapi/mpi/2021.6.0/lib -plugin /home/soft/intel/oneapi/compiler/2022.1.0/linux/bin/intel64/../../bin/intel64/../../lib/icx-lto.so -o a.out /home/soft/intel/oneapi/compiler/2022.1.0/linux/bin/intel64/../../compiler/lib/intel64_lin/for_main.o -L/home/soft/intel/oneapi/mkl/2022.1.0/lib/intel64 -L/home/soft/intel/oneapi/compiler/2022.1.0/linux/lib -L/home/soft/intel/oneapi/tbb/2021.6.0/lib/intel64/gcc4.8 -L/home/soft/intel/oneapi/mpi/2021.6.0/libfabric/lib -L/home/soft/intel/oneapi/mpi/2021.6.0/lib/release -L/home/soft/intel/oneapi/mpi/2021.6.0/lib -L/home/soft/intel/oneapi/compiler/2022.1.0/linux/bin/intel64/../../compiler/lib/intel64_lin -L/usr/lib/gcc/x86_64-redhat-linux/8/ -L/usr/lib/gcc/x86_64-redhat-linux/8/../../../../lib64 -L/usr/lib/gcc/x86_64-redhat-linux/8/../../../../lib64/ -L/lib/../lib64 -L/lib/../lib64/ -L/usr/lib/../lib64 -L/usr/lib/../lib64/ -L/home/soft/intel/oneapi/mkl/2022.1.0/lib/intel64/ -L/home/soft/intel/oneapi/compiler/2022.1.0/linux/lib/ -L/home/soft/intel/oneapi/tbb/2021.6.0/lib/intel64/gcc4.8/ -L/home/soft/intel/oneapi/mpi/2021.6.0/libfabric/lib/ -L/home/soft/intel/oneapi/mpi/2021.6.0/lib/release/ -L/home/soft/intel/oneapi/mpi/2021.6.0/lib/ -L/usr/lib/gcc/x86_64-redhat-linux/8/../../../ -L/lib64 -L/lib/ -L/usr/lib64 -L/usr/lib /tmp/ifortGlRBav.o --enable-new-dtags -rpath /home/soft/intel/oneapi/mpi/2021.6.0/lib/release -rpath /home/soft/intel/oneapi/mpi/2021.6.0/lib -lmpifort -lmpi -ldl -lrt -lpthread -Bdynamic -Bstatic -lifport -lifcoremt -limf -lsvml -Bdynamic -lm -Bstatic -lipgo -lirc -Bdynamic -lpthread -Bstatic -lsvml -Bdynamic -lc -lgcc -lgcc_s -Bstatic -lirc_s -Bdynamic -ldl -lc /usr/lib/gcc/x86_64-redhat-linux/8/crtend.o /usr/lib/gcc/x86_64-redhat-linux/8/../../../../lib64/crtn.o


Compilation of the Fortran compiler identification source "CMakeFortranCompilerId.F" produced "a.out"

The Fortran compiler identification is Intel, found in "/home/anruo/GitHub/NDM.git/build_mld/ml/src/milady-build/CMakeFiles/3.20.2/CompilerIdFortran/a.out"

Detecting Fortran compiler ABI info compiled with the following output:
Change Dir: /home/anruo/GitHub/NDM.git/build_mld/ml/src/milady-build/CMakeFiles/CMakeTmp

Run Build Command(s):/usr/bin/gmake -f Makefile cmTC_b9925/fast && gmake[3]: Entering directory '/home/anruo/GitHub/NDM.git/build_mld/ml/src/milady-build/CMakeFiles/CMakeTmp'
/usr/bin/gmake  -f CMakeFiles/cmTC_b9925.dir/build.make CMakeFiles/cmTC_b9925.dir/build
gmake[4]: Entering directory '/home/anruo/GitHub/NDM.git/build_mld/ml/src/milady-build/CMakeFiles/CMakeTmp'
Building Fortran object CMakeFiles/cmTC_b9925.dir/CMakeFortranCompilerABI.F.o
/home/soft/intel/oneapi/mpi/2021.6.0/bin/mpiifort   -v -c /usr/share/cmake/Modules/CMakeFortranCompilerABI.F -o CMakeFiles/cmTC_b9925.dir/CMakeFortranCompilerABI.F.o
mpiifort for the Intel(R) MPI Library 2021.6 for Linux*
Copyright Intel Corporation.
ifort version 2021.6.0
/home/soft/intel/oneapi/compiler/2022.1.0/linux/bin/intel64/../../bin/intel64/fpp    -D__INTEL_COMPILER=2021 -D__INTEL_COMPILER_UPDATE=6 -D__unix__ -D__unix -D__linux__ -D__linux -D__gnu_linux__ -Dunix -Dlinux -D__ELF__ -D__x86_64 -D__x86_64__ -D__amd64 -D__amd64__ -D__INTEL_COMPILER_BUILD_DATE=20220226 -D__INTEL_OFFLOAD -D__MMX__ -D__SSE__ -D__SSE_MATH__ -D__SSE2__ -D__SSE2_MATH__ -D__pentium4 -D__pentium4__ -D__tune_pentium4__ -I. -I/home/soft/intel/oneapi/mpi/2021.6.0//include -I/home/soft/intel/oneapi/mpi/2021.6.0/include -I/home/soft/intel/oneapi/mkl/2022.1.0/include -I/home/soft/intel/oneapi/tbb/2021.6.0/include -I/home/soft/intel/oneapi/mpi/2021.6.0/include -I/home/soft/intel/oneapi/compiler/2022.1.0/linux/bin/intel64/../../compiler/include/intel64 -I/home/soft/intel/oneapi/compiler/2022.1.0/linux/bin/intel64/../../compiler/include/icc -I/home/soft/intel/oneapi/compiler/2022.1.0/linux/bin/intel64/../../compiler/include -I/usr/local/include -I/usr/lib/gcc/x86_64-redhat-linux/8/include -I/usr/include/ -I/usr/include -fixed -4Ycpp -4Ncvf -f_com=yes -MX /usr/share/cmake/Modules/CMakeFortranCompilerABI.F /tmp/ifortRmtv1u.i
#include "..." search starts here:
#include <...> search starts here:
 .
 /home/soft/intel/oneapi/mpi/2021.6.0//include
 /home/soft/intel/oneapi/mpi/2021.6.0/include
 /home/soft/intel/oneapi/mkl/2022.1.0/include
 /home/soft/intel/oneapi/tbb/2021.6.0/include
 /home/soft/intel/oneapi/mpi/2021.6.0/include
 /home/soft/intel/oneapi/compiler/2022.1.0/linux/bin/intel64/../../compiler/include/intel64
 /home/soft/intel/oneapi/compiler/2022.1.0/linux/bin/intel64/../../compiler/include/icc
 /home/soft/intel/oneapi/compiler/2022.1.0/linux/bin/intel64/../../compiler/include
 /usr/local/include
 /usr/lib/gcc/x86_64-redhat-linux/8/include
 /usr/include/
 /usr/include
End of search list.
/home/soft/intel/oneapi/compiler/2022.1.0/linux/bin/intel64/../../bin/intel64/fortcom    -D__INTEL_COMPILER=2021 -D__INTEL_COMPILER_UPDATE=6 -D__unix__ -D__unix -D__linux__ -D__linux -D__gnu_linux__ -Dunix -Dlinux -D__ELF__ -D__x86_64 -D__x86_64__ -D__amd64 -D__amd64__ -D__INTEL_COMPILER_BUILD_DATE=20220226 -D__INTEL_OFFLOAD -D__MMX__ -D__SSE__ -D__SSE_MATH__ -D__SSE2__ -D__SSE2_MATH__ -D__pentium4 -D__pentium4__ -D__tune_pentium4__ -I/usr/share/cmake/Modules -I. -I/home/soft/intel/oneapi/mpi/2021.6.0//include -I/home/soft/intel/oneapi/mpi/2021.6.0/include -I/home/soft/intel/oneapi/mkl/2022.1.0/include -I/home/soft/intel/oneapi/tbb/2021.6.0/include -I/home/soft/intel/oneapi/mpi/2021.6.0/include -I/home/soft/intel/oneapi/compiler/2022.1.0/linux/bin/intel64/../../compiler/include/intel64 -I/home/soft/intel/oneapi/compiler/2022.1.0/linux/bin/intel64/../../compiler/include/icc -I/home/soft/intel/oneapi/compiler/2022.1.0/linux/bin/intel64/../../compiler/include -I/usr/local/include -I/usr/lib/gcc/x86_64-redhat-linux/8/include -I/usr/include/ -I/usr/include -omp_simd -O2 "-reentrancy threaded" -simd -offload_host -mGLOB_em64t=TRUE -mP1OPT_version=2021.6.0-intel64 -mGLOB_diag_file=CMakeFiles/cmTC_b9925.dir/CMakeFortranCompilerABI.F.diag -mGLOB_long_size_64 -mGLOB_routine_pointer_size_64 -mGLOB_source_language=GLOB_SOURCE_LANGUAGE_F90 -mP2OPT_static_promotion -mGLOB_pack_sort_init_list -mP1OPT_print_version=FALSE -mCG_use_gas_got_workaround=F -mP2OPT_align_option_used=TRUE -mGLOB_gcc_version=850 "-mGLOB_options_string=-I/home/soft/intel/oneapi/mpi/2021.6.0//include -I/home/soft/intel/oneapi/mpi/2021.6.0/include -v -c -o CMakeFiles/cmTC_b9925.dir/CMakeFortranCompilerABI.F.o" -mGLOB_cxx_limited_range=FALSE -mCG_extend_parms=FALSE -mGLOB_compiler_bin_directory=/home/soft/intel/oneapi/compiler/2022.1.0/linux/bin/intel64/../../bin/intel64 -mGLOB_as_output_backup_file_name=/tmp/ifortmImBO8as_.s -mIPOPT_activate -mIPOPT_lite -mGLOB_uarch_tuning=0x0 -mGLOB_product_id_code=0x22006d91 -mCG_bnl_movbe=T -mP3OPT_use_mspp_call_convention -mP2OPT_subs_out_of_bound=FALSE -mP2OPT_disam_type_based_disam=2 -mGLOB_ansi_alias -mPGOPTI_value_profile_use=T -mGLOB_offload_mode=1 -mGLOB_offload_no_openmp=TRUE -mP2OPT_offload_unique_var_string=ifort09319781410FNwvn -mP2OPT_hlo_level=2 -mP2OPT_hlo -mP2OPT_hpo_rtt_control=0 -mIPOPT_args_in_regs=0 -mP2OPT_disam_assume_nonstd_intent_in=FALSE -mGLOB_imf_mapping_library=/home/soft/intel/oneapi/compiler/2022.1.0/linux/bin/intel64/../../bin/intel64/libiml_attr.so -mPGOPTI_gen_threadsafe_level=0 -mIPOPT_lto_object_enabled -mIPOPT_lto_object_value=1 -mIPOPT_obj_output_file_name=CMakeFiles/cmTC_b9925.dir/CMakeFortranCompilerABI.F.o -mIPOPT_whole_archive_fixup_file_name=/tmp/ifortwarch2LRQ3e -mGLOB_linker_version=2.30 -mGLOB_linker=ld -mGLOB_driver_tempfile_name=/tmp/iforttempfilea2jT74 -mP3OPT_asm_target=P3OPT_ASM_TARGET_GAS -mGLOB_async_unwind_tables=TRUE -mGLOB_obj_output_file=CMakeFiles/cmTC_b9925.dir/CMakeFortranCompilerABI.F.o -mGLOB_source_dialect=GLOB_SOURCE_DIALECT_FORTRAN -mP1OPT_source_file_name=/usr/share/cmake/Modules/CMakeFortranCompilerABI.F -mP1OPT_full_source_file_name=/usr/share/cmake/Modules/CMakeFortranCompilerABI.F -mP2OPT_symtab_type_copy=true /tmp/ifortRmtv1u.i
#include "..." search starts here:
#include <...> search starts here:
 /usr/share/cmake/Modules
 .
 /home/soft/intel/oneapi/mpi/2021.6.0//include
 /home/soft/intel/oneapi/mpi/2021.6.0/include
 /home/soft/intel/oneapi/mkl/2022.1.0/include
 /home/soft/intel/oneapi/tbb/2021.6.0/include
 /home/soft/intel/oneapi/mpi/2021.6.0/include
 /home/soft/intel/oneapi/compiler/2022.1.0/linux/bin/intel64/../../compiler/include/intel64
 /home/soft/intel/oneapi/compiler/2022.1.0/linux/bin/intel64/../../compiler/include/icc
 /home/soft/intel/oneapi/compiler/2022.1.0/linux/bin/intel64/../../compiler/include
 /usr/local/include
 /usr/lib/gcc/x86_64-redhat-linux/8/include
 /usr/include/
 /usr/include
End of search list.
Linking Fortran executable cmTC_b9925
/usr/bin/cmake -E cmake_link_script CMakeFiles/cmTC_b9925.dir/link.txt --verbose=1
/home/soft/intel/oneapi/mpi/2021.6.0/bin/mpiifort  -v CMakeFiles/cmTC_b9925.dir/CMakeFortranCompilerABI.F.o -o cmTC_b9925 
mpiifort for the Intel(R) MPI Library 2021.6 for Linux*
Copyright Intel Corporation.
ifort version 2021.6.0
/home/soft/intel/oneapi/compiler/2022.1.0/linux/bin/intel64/../../bin/intel64/fortcom    -mGLOB_em64t=TRUE -mP1OPT_version=2021.6.0-intel64 -mGLOB_diag_file=CMakeFiles/cmTC_b9925.dir/CMakeFortranCompilerABI.F.diag -mGLOB_long_size_64 -mGLOB_routine_pointer_size_64 -mGLOB_source_language=GLOB_SOURCE_LANGUAGE_F90 -mP2OPT_static_promotion -mGLOB_pack_sort_init_list -mP1OPT_print_version=FALSE -mCG_use_gas_got_workaround=F -mP2OPT_align_option_used=TRUE -mGLOB_gcc_version=850 "-mGLOB_options_string=-I/home/soft/intel/oneapi/mpi/2021.6.0//include -I/home/soft/intel/oneapi/mpi/2021.6.0/include -v -o cmTC_b9925 -L/home/soft/intel/oneapi/mpi/2021.6.0/lib/release -L/home/soft/intel/oneapi/mpi/2021.6.0/lib -Xlinker --enable-new-dtags -Xlinker -rpath -Xlinker /home/soft/intel/oneapi/mpi/2021.6.0/lib/release -Xlinker -rpath -Xlinker /home/soft/intel/oneapi/mpi/2021.6.0/lib -lmpifort -lmpi -ldl -lrt -lpthread" -mGLOB_cxx_limited_range=FALSE -mCG_extend_parms=FALSE -mGLOB_compiler_bin_directory=/home/soft/intel/oneapi/compiler/2022.1.0/linux/bin/intel64/../../bin/intel64 -mGLOB_as_output_backup_file_name=/tmp/ifortWDBAtYas_.s -mGLOB_dashboard_use_source_name -mIPOPT_activate -mGLOB_product_id_code=0x22006d91 -mP3OPT_use_mspp_call_convention -mP2OPT_subs_out_of_bound=FALSE -mP2OPT_disam_type_based_disam=2 -mGLOB_ansi_alias -mPGOPTI_value_profile_use=T -mGLOB_opt_report_use_source_name -mGLOB_offload_mode=1 -mGLOB_offload_no_openmp=TRUE -mP2OPT_offload_unique_var_string=ifort2003888533qtdwAW -mP2OPT_hlo -mP2OPT_hpo_rtt_control=0 -mIPOPT_args_in_regs=0 -mP2OPT_disam_assume_nonstd_intent_in=FALSE -mGLOB_imf_mapping_library=/home/soft/intel/oneapi/compiler/2022.1.0/linux/bin/intel64/../../bin/intel64/libiml_attr.so -mPGOPTI_gen_threadsafe_level=0 -mIPOPT_link -mIPOPT_ipo_activate -mIPOPT_mo_activate -mIPOPT_source_files_list=/tmp/ifortslisjXGaSa -mIPOPT_mo_global_data -mIPOPT_link_script_file=/tmp/ifortscriptE8tADd "-mIPOPT_cmdline_link="/usr/lib/gcc/x86_64-redhat-linux/8/../../../../lib64/crt1.o" "/usr/lib/gcc/x86_64-redhat-linux/8/../../../../lib64/crti.o" "/usr/lib/gcc/x86_64-redhat-linux/8/crtbegin.o" "--eh-frame-hdr" "--build-id" "-dynamic-linker" "/lib64/ld-linux-x86-64.so.2" "-m" "elf_x86_64" "-L/home/soft/intel/oneapi/mpi/2021.6.0/lib/release" "-L/home/soft/intel/oneapi/mpi/2021.6.0/lib" "-plugin" "/home/soft/intel/oneapi/compiler/2022.1.0/linux/bin/intel64/../../bin/intel64/../../lib/icx-lto.so" "-o" "cmTC_b9925" "/home/soft/intel/oneapi/compiler/2022.1.0/linux/bin/intel64/../../compiler/lib/intel64_lin/for_main.o" "-L/home/soft/intel/oneapi/mkl/2022.1.0/lib/intel64" "-L/home/soft/intel/oneapi/compiler/2022.1.0/linux/lib" "-L/home/soft/intel/oneapi/tbb/2021.6.0/lib/intel64/gcc4.8" "-L/home/soft/intel/oneapi/mpi/2021.6.0/libfabric/lib" "-L/home/soft/intel/oneapi/mpi/2021.6.0/lib/release" "-L/home/soft/intel/oneapi/mpi/2021.6.0/lib" "-L/home/soft/intel/oneapi/compiler/2022.1.0/linux/bin/intel64/../../compiler/lib/intel64_lin" "-L/usr/lib/gcc/x86_64-redhat-linux/8/" "-L/usr/lib/gcc/x86_64-redhat-linux/8/../../../../lib64" "-L/usr/lib/gcc/x86_64-redhat-linux/8/../../../../lib64/" "-L/lib/../lib64" "-L/lib/../lib64/" "-L/usr/lib/../lib64" "-L/usr/lib/../lib64/" "-L/home/soft/intel/oneapi/mkl/2022.1.0/lib/intel64/" "-L/home/soft/intel/oneapi/compiler/2022.1.0/linux/lib/" "-L/home/soft/intel/oneapi/tbb/2021.6.0/lib/intel64/gcc4.8/" "-L/home/soft/intel/oneapi/mpi/2021.6.0/libfabric/lib/" "-L/home/soft/intel/oneapi/mpi/2021.6.0/lib/release/" "-L/home/soft/intel/oneapi/mpi/2021.6.0/lib/" "-L/usr/lib/gcc/x86_64-redhat-linux/8/../../../" "-L/lib64" "-L/lib/" "-L/usr/lib64" "-L/usr/lib" "CMakeFiles/cmTC_b9925.dir/CMakeFortranCompilerABI.F.o" "--enable-new-dtags" "-rpath" "/home/soft/intel/oneapi/mpi/2021.6.0/lib/release" "-rpath" "/home/soft/intel/oneapi/mpi/2021.6.0/lib" "-lmpifort" "-lmpi" "-ldl" "-lrt" "-lpthread" "-Bdynamic" "-Bstatic" "-lifport" "-lifcoremt" "-limf" "-lsvml" "-Bdynamic" "-lm" "-Bstatic" "-lipgo" "-lirc" "-Bdynamic" "-lpthread" "-Bstatic" "-lsvml" "-Bdynamic" "-lc" "-lgcc" "-lgcc_s" "-Bstatic" "-lirc_s" "-Bdynamic" "-ldl" "-lc" "/usr/lib/gcc/x86_64-redhat-linux/8/crtend.o" "/usr/lib/gcc/x86_64-redhat-linux/8/../../../../lib64/crtn.o"" -mIPOPT_il_in_obj -mIPOPT_ipo_activate_warn=FALSE -mIPOPT_obj_output_file_name=/tmp/ipo_ifort8bY0u4.o -mIPOPT_whole_archive_fixup_file_name=/tmp/ifortwarchVlyNMM -mGLOB_linker_version=2.30 -mGLOB_linker=ld -mGLOB_driver_tempfile_name=/tmp/iforttempfileLTkapr -mP3OPT_asm_target=P3OPT_ASM_TARGET_GAS -mGLOB_async_unwind_tables=TRUE -mGLOB_obj_output_file=/tmp/ipo_ifort8bY0u4.o -mGLOB_source_dialect=GLOB_SOURCE_DIALECT_NONE -mP1OPT_source_file_name=ipo_out.f -mP2OPT_symtab_type_copy=true CMakeFiles/cmTC_b9925.dir/CMakeFortranCompilerABI.F.o -mIPOPT_object_files=T -mIPOPT_assembly_files=/tmp/ifortalisrh13KA -mIPOPT_generated_tempfiles=/tmp/ifortelisBF5oyx -mIPOPT_embedded_object_base_name=/tmp/iforteobjCIhoSS -mIPOPT_cmdline_link_new_name=/tmp/ifortllisHzdkrk
ld    /usr/lib/gcc/x86_64-redhat-linux/8/../../../../lib64/crt1.o /usr/lib/gcc/x86_64-redhat-linux/8/../../../../lib64/crti.o /usr/lib/gcc/x86_64-redhat-linux/8/crtbegin.o --eh-frame-hdr --build-id -dynamic-linker /lib64/ld-linux-x86-64.so.2 -m elf_x86_64 -L/home/soft/intel/oneapi/mpi/2021.6.0/lib/release -L/home/soft/intel/oneapi/mpi/2021.6.0/lib -plugin /home/soft/intel/oneapi/compiler/2022.1.0/linux/bin/intel64/../../bin/intel64/../../lib/icx-lto.so -o cmTC_b9925 /home/soft/intel/oneapi/compiler/2022.1.0/linux/bin/intel64/../../compiler/lib/intel64_lin/for_main.o -L/home/soft/intel/oneapi/mkl/2022.1.0/lib/intel64 -L/home/soft/intel/oneapi/compiler/2022.1.0/linux/lib -L/home/soft/intel/oneapi/tbb/2021.6.0/lib/intel64/gcc4.8 -L/home/soft/intel/oneapi/mpi/2021.6.0/libfabric/lib -L/home/soft/intel/oneapi/mpi/2021.6.0/lib/release -L/home/soft/intel/oneapi/mpi/2021.6.0/lib -L/home/soft/intel/oneapi/compiler/2022.1.0/linux/bin/intel64/../../compiler/lib/intel64_lin -L/usr/lib/gcc/x86_64-redhat-linux/8/ -L/usr/lib/gcc/x86_64-redhat-linux/8/../../../../lib64 -L/usr/lib/gcc/x86_64-redhat-linux/8/../../../../lib64/ -L/lib/../lib64 -L/lib/../lib64/ -L/usr/lib/../lib64 -L/usr/lib/../lib64/ -L/home/soft/intel/oneapi/mkl/2022.1.0/lib/intel64/ -L/home/soft/intel/oneapi/compiler/2022.1.0/linux/lib/ -L/home/soft/intel/oneapi/tbb/2021.6.0/lib/intel64/gcc4.8/ -L/home/soft/intel/oneapi/mpi/2021.6.0/libfabric/lib/ -L/home/soft/intel/oneapi/mpi/2021.6.0/lib/release/ -L/home/soft/intel/oneapi/mpi/2021.6.0/lib/ -L/usr/lib/gcc/x86_64-redhat-linux/8/../../../ -L/lib64 -L/lib/ -L/usr/lib64 -L/usr/lib CMakeFiles/cmTC_b9925.dir/CMakeFortranCompilerABI.F.o --enable-new-dtags -rpath /home/soft/intel/oneapi/mpi/2021.6.0/lib/release -rpath /home/soft/intel/oneapi/mpi/2021.6.0/lib -lmpifort -lmpi -ldl -lrt -lpthread -Bdynamic -Bstatic -lifport -lifcoremt -limf -lsvml -Bdynamic -lm -Bstatic -lipgo -lirc -Bdynamic -lpthread -Bstatic -lsvml -Bdynamic -lc -lgcc -lgcc_s -Bstatic -lirc_s -Bdynamic -ldl -lc /usr/lib/gcc/x86_64-redhat-linux/8/crtend.o /usr/lib/gcc/x86_64-redhat-linux/8/../../../../lib64/crtn.o
gmake[4]: Leaving directory '/home/anruo/GitHub/NDM.git/build_mld/ml/src/milady-build/CMakeFiles/CMakeTmp'
gmake[3]: Leaving directory '/home/anruo/GitHub/NDM.git/build_mld/ml/src/milady-build/CMakeFiles/CMakeTmp'



Parsed Fortran implicit include dir info from above output: rv=done
  found start of include info
  found start of implicit include info
    add: [.]
    add: [/home/soft/intel/oneapi/mpi/2021.6.0//include]
    add: [/home/soft/intel/oneapi/mpi/2021.6.0/include]
    add: [/home/soft/intel/oneapi/mkl/2022.1.0/include]
    add: [/home/soft/intel/oneapi/tbb/2021.6.0/include]
    add: [/home/soft/intel/oneapi/mpi/2021.6.0/include]
    add: [/home/soft/intel/oneapi/compiler/2022.1.0/linux/bin/intel64/../../compiler/include/intel64]
    add: [/home/soft/intel/oneapi/compiler/2022.1.0/linux/bin/intel64/../../compiler/include/icc]
    add: [/home/soft/intel/oneapi/compiler/2022.1.0/linux/bin/intel64/../../compiler/include]
    add: [/usr/local/include]
    add: [/usr/lib/gcc/x86_64-redhat-linux/8/include]
    add: [/usr/include/]
    add: [/usr/include]
  end of search list found
  skipping relative include dir [.]
  collapse include dir [/home/soft/intel/oneapi/mpi/2021.6.0//include] ==> [/home/soft/intel/oneapi/mpi/2021.6.0/include]
  collapse include dir [/home/soft/intel/oneapi/mpi/2021.6.0/include] ==> [/home/soft/intel/oneapi/mpi/2021.6.0/include]
  collapse include dir [/home/soft/intel/oneapi/mkl/2022.1.0/include] ==> [/home/soft/intel/oneapi/mkl/2022.1.0/include]
  collapse include dir [/home/soft/intel/oneapi/tbb/2021.6.0/include] ==> [/home/soft/intel/oneapi/tbb/2021.6.0/include]
  collapse include dir [/home/soft/intel/oneapi/mpi/2021.6.0/include] ==> [/home/soft/intel/oneapi/mpi/2021.6.0/include]
  collapse include dir [/home/soft/intel/oneapi/compiler/2022.1.0/linux/bin/intel64/../../compiler/include/intel64] ==> [/home/soft/intel/oneapi/compiler/2022.1.0/linux/compiler/include/intel64]
  collapse include dir [/home/soft/intel/oneapi/compiler/2022.1.0/linux/bin/intel64/../../compiler/include/icc] ==> [/home/soft/intel/oneapi/compiler/2022.1.0/linux/compiler/include/icc]
  collapse include dir [/home/soft/intel/oneapi/compiler/2022.1.0/linux/bin/intel64/../../compiler/include] ==> [/home/soft/intel/oneapi/compiler/2022.1.0/linux/compiler/include]
  collapse include dir [/usr/local/include] ==> [/usr/local/include]
  collapse include dir [/usr/lib/gcc/x86_64-redhat-linux/8/include] ==> [/usr/lib/gcc/x86_64-redhat-linux/8/include]
  collapse include dir [/usr/include/] ==> [/usr/include]
  collapse include dir [/usr/include] ==> [/usr/include]
  implicit include dirs: [/home/soft/intel/oneapi/mpi/2021.6.0/include;/home/soft/intel/oneapi/mkl/2022.1.0/include;/home/soft/intel/oneapi/tbb/2021.6.0/include;/home/soft/intel/oneapi/compiler/2022.1.0/linux/compiler/include/intel64;/home/soft/intel/oneapi/compiler/2022.1.0/linux/compiler/include/icc;/home/soft/intel/oneapi/compiler/2022.1.0/linux/compiler/include;/usr/local/include;/usr/lib/gcc/x86_64-redhat-linux/8/include;/usr/include]


Parsed Fortran implicit link information from above output:
  link line regex: [^( *|.*[/\])(ld|CMAKE_LINK_STARTFILE-NOTFOUND|([^/\]+-)?ld|collect2)[^/\]*( |$)]
  ignore line: [Change Dir: /home/anruo/GitHub/NDM.git/build_mld/ml/src/milady-build/CMakeFiles/CMakeTmp]
  ignore line: []
  ignore line: [Run Build Command(s):/usr/bin/gmake -f Makefile cmTC_b9925/fast && gmake[3]: Entering directory '/home/anruo/GitHub/NDM.git/build_mld/ml/src/milady-build/CMakeFiles/CMakeTmp']
  ignore line: [/usr/bin/gmake  -f CMakeFiles/cmTC_b9925.dir/build.make CMakeFiles/cmTC_b9925.dir/build]
  ignore line: [gmake[4]: Entering directory '/home/anruo/GitHub/NDM.git/build_mld/ml/src/milady-build/CMakeFiles/CMakeTmp']
  ignore line: [Building Fortran object CMakeFiles/cmTC_b9925.dir/CMakeFortranCompilerABI.F.o]
  ignore line: [/home/soft/intel/oneapi/mpi/2021.6.0/bin/mpiifort   -v -c /usr/share/cmake/Modules/CMakeFortranCompilerABI.F -o CMakeFiles/cmTC_b9925.dir/CMakeFortranCompilerABI.F.o]
  ignore line: [mpiifort for the Intel(R) MPI Library 2021.6 for Linux*]
  ignore line: [Copyright Intel Corporation.]
  ignore line: [ifort version 2021.6.0]
  ignore line: [/home/soft/intel/oneapi/compiler/2022.1.0/linux/bin/intel64/../../bin/intel64/fpp    -D__INTEL_COMPILER=2021 -D__INTEL_COMPILER_UPDATE=6 -D__unix__ -D__unix -D__linux__ -D__linux -D__gnu_linux__ -Dunix -Dlinux -D__ELF__ -D__x86_64 -D__x86_64__ -D__amd64 -D__amd64__ -D__INTEL_COMPILER_BUILD_DATE=20220226 -D__INTEL_OFFLOAD -D__MMX__ -D__SSE__ -D__SSE_MATH__ -D__SSE2__ -D__SSE2_MATH__ -D__pentium4 -D__pentium4__ -D__tune_pentium4__ -I. -I/home/soft/intel/oneapi/mpi/2021.6.0//include -I/home/soft/intel/oneapi/mpi/2021.6.0/include -I/home/soft/intel/oneapi/mkl/2022.1.0/include -I/home/soft/intel/oneapi/tbb/2021.6.0/include -I/home/soft/intel/oneapi/mpi/2021.6.0/include -I/home/soft/intel/oneapi/compiler/2022.1.0/linux/bin/intel64/../../compiler/include/intel64 -I/home/soft/intel/oneapi/compiler/2022.1.0/linux/bin/intel64/../../compiler/include/icc -I/home/soft/intel/oneapi/compiler/2022.1.0/linux/bin/intel64/../../compiler/include -I/usr/local/include -I/usr/lib/gcc/x86_64-redhat-linux/8/include -I/usr/include/ -I/usr/include -fixed -4Ycpp -4Ncvf -f_com=yes -MX /usr/share/cmake/Modules/CMakeFortranCompilerABI.F /tmp/ifortRmtv1u.i]
  ignore line: [#include "..." search starts here:]
  ignore line: [#include <...> search starts here:]
  ignore line: [ .]
  ignore line: [ /home/soft/intel/oneapi/mpi/2021.6.0//include]
  ignore line: [ /home/soft/intel/oneapi/mpi/2021.6.0/include]
  ignore line: [ /home/soft/intel/oneapi/mkl/2022.1.0/include]
  ignore line: [ /home/soft/intel/oneapi/tbb/2021.6.0/include]
  ignore line: [ /home/soft/intel/oneapi/mpi/2021.6.0/include]
  ignore line: [ /home/soft/intel/oneapi/compiler/2022.1.0/linux/bin/intel64/../../compiler/include/intel64]
  ignore line: [ /home/soft/intel/oneapi/compiler/2022.1.0/linux/bin/intel64/../../compiler/include/icc]
  ignore line: [ /home/soft/intel/oneapi/compiler/2022.1.0/linux/bin/intel64/../../compiler/include]
  ignore line: [ /usr/local/include]
  ignore line: [ /usr/lib/gcc/x86_64-redhat-linux/8/include]
  ignore line: [ /usr/include/]
  ignore line: [ /usr/include]
  ignore line: [End of search list.]
  ignore line: [/home/soft/intel/oneapi/compiler/2022.1.0/linux/bin/intel64/../../bin/intel64/fortcom    -D__INTEL_COMPILER=2021 -D__INTEL_COMPILER_UPDATE=6 -D__unix__ -D__unix -D__linux__ -D__linux -D__gnu_linux__ -Dunix -Dlinux -D__ELF__ -D__x86_64 -D__x86_64__ -D__amd64 -D__amd64__ -D__INTEL_COMPILER_BUILD_DATE=20220226 -D__INTEL_OFFLOAD -D__MMX__ -D__SSE__ -D__SSE_MATH__ -D__SSE2__ -D__SSE2_MATH__ -D__pentium4 -D__pentium4__ -D__tune_pentium4__ -I/usr/share/cmake/Modules -I. -I/home/soft/intel/oneapi/mpi/2021.6.0//include -I/home/soft/intel/oneapi/mpi/2021.6.0/include -I/home/soft/intel/oneapi/mkl/2022.1.0/include -I/home/soft/intel/oneapi/tbb/2021.6.0/include -I/home/soft/intel/oneapi/mpi/2021.6.0/include -I/home/soft/intel/oneapi/compiler/2022.1.0/linux/bin/intel64/../../compiler/include/intel64 -I/home/soft/intel/oneapi/compiler/2022.1.0/linux/bin/intel64/../../compiler/include/icc -I/home/soft/intel/oneapi/compiler/2022.1.0/linux/bin/intel64/../../compiler/include -I/usr/local/include -I/usr/lib/gcc/x86_64-redhat-linux/8/include -I/usr/include/ -I/usr/include -omp_simd -O2 "-reentrancy threaded" -simd -offload_host -mGLOB_em64t=TRUE -mP1OPT_version=2021.6.0-intel64 -mGLOB_diag_file=CMakeFiles/cmTC_b9925.dir/CMakeFortranCompilerABI.F.diag -mGLOB_long_size_64 -mGLOB_routine_pointer_size_64 -mGLOB_source_language=GLOB_SOURCE_LANGUAGE_F90 -mP2OPT_static_promotion -mGLOB_pack_sort_init_list -mP1OPT_print_version=FALSE -mCG_use_gas_got_workaround=F -mP2OPT_align_option_used=TRUE -mGLOB_gcc_version=850 "-mGLOB_options_string=-I/home/soft/intel/oneapi/mpi/2021.6.0//include -I/home/soft/intel/oneapi/mpi/2021.6.0/include -v -c -o CMakeFiles/cmTC_b9925.dir/CMakeFortranCompilerABI.F.o" -mGLOB_cxx_limited_range=FALSE -mCG_extend_parms=FALSE -mGLOB_compiler_bin_directory=/home/soft/intel/oneapi/compiler/2022.1.0/linux/bin/intel64/../../bin/intel64 -mGLOB_as_output_backup_file_name=/tmp/ifortmImBO8as_.s -mIPOPT_activate -mIPOPT_lite -mGLOB_uarch_tuning=0x0 -mGLOB_product_id_code=0x22006d91 -mCG_bnl_movbe=T -mP3OPT_use_mspp_call_convention -mP2OPT_subs_out_of_bound=FALSE -mP2OPT_disam_type_based_disam=2 -mGLOB_ansi_alias -mPGOPTI_value_profile_use=T -mGLOB_offload_mode=1 -mGLOB_offload_no_openmp=TRUE -mP2OPT_offload_unique_var_string=ifort09319781410FNwvn -mP2OPT_hlo_level=2 -mP2OPT_hlo -mP2OPT_hpo_rtt_control=0 -mIPOPT_args_in_regs=0 -mP2OPT_disam_assume_nonstd_intent_in=FALSE -mGLOB_imf_mapping_library=/home/soft/intel/oneapi/compiler/2022.1.0/linux/bin/intel64/../../bin/intel64/libiml_attr.so -mPGOPTI_gen_threadsafe_level=0 -mIPOPT_lto_object_enabled -mIPOPT_lto_object_value=1 -mIPOPT_obj_output_file_name=CMakeFiles/cmTC_b9925.dir/CMakeFortranCompilerABI.F.o -mIPOPT_whole_archive_fixup_file_name=/tmp/ifortwarch2LRQ3e -mGLOB_linker_version=2.30 -mGLOB_linker=ld -mGLOB_driver_tempfile_name=/tmp/iforttempfilea2jT74 -mP3OPT_asm_target=P3OPT_ASM_TARGET_GAS -mGLOB_async_unwind_tables=TRUE -mGLOB_obj_output_file=CMakeFiles/cmTC_b9925.dir/CMakeFortranCompilerABI.F.o -mGLOB_source_dialect=GLOB_SOURCE_DIALECT_FORTRAN -mP1OPT_source_file_name=/usr/share/cmake/Modules/CMakeFortranCompilerABI.F -mP1OPT_full_source_file_name=/usr/share/cmake/Modules/CMakeFortranCompilerABI.F -mP2OPT_symtab_type_copy=true /tmp/ifortRmtv1u.i]
  ignore line: [#include "..." search starts here:]
  ignore line: [#include <...> search starts here:]
  ignore line: [ /usr/share/cmake/Modules]
  ignore line: [ .]
  ignore line: [ /home/soft/intel/oneapi/mpi/2021.6.0//include]
  ignore line: [ /home/soft/intel/oneapi/mpi/2021.6.0/include]
  ignore line: [ /home/soft/intel/oneapi/mkl/2022.1.0/include]
  ignore line: [ /home/soft/intel/oneapi/tbb/2021.6.0/include]
  ignore line: [ /home/soft/intel/oneapi/mpi/2021.6.0/include]
  ignore line: [ /home/soft/intel/oneapi/compiler/2022.1.0/linux/bin/intel64/../../compiler/include/intel64]
  ignore line: [ /home/soft/intel/oneapi/compiler/2022.1.0/linux/bin/intel64/../../compiler/include/icc]
  ignore line: [ /home/soft/intel/oneapi/compiler/2022.1.0/linux/bin/intel64/../../compiler/include]
  ignore line: [ /usr/local/include]
  ignore line: [ /usr/lib/gcc/x86_64-redhat-linux/8/include]
  ignore line: [ /usr/include/]
  ignore line: [ /usr/include]
  ignore line: [End of search list.]
  ignore line: [Linking Fortran executable cmTC_b9925]
  ignore line: [/usr/bin/cmake -E cmake_link_script CMakeFiles/cmTC_b9925.dir/link.txt --verbose=1]
  ignore line: [/home/soft/intel/oneapi/mpi/2021.6.0/bin/mpiifort  -v CMakeFiles/cmTC_b9925.dir/CMakeFortranCompilerABI.F.o -o cmTC_b9925 ]
  ignore line: [mpiifort for the Intel(R) MPI Library 2021.6 for Linux*]
  ignore line: [Copyright Intel Corporation.]
  ignore line: [ifort version 2021.6.0]
  ignore line: [/home/soft/intel/oneapi/compiler/2022.1.0/linux/bin/intel64/../../bin/intel64/fortcom    -mGLOB_em64t=TRUE -mP1OPT_version=2021.6.0-intel64 -mGLOB_diag_file=CMakeFiles/cmTC_b9925.dir/CMakeFortranCompilerABI.F.diag -mGLOB_long_size_64 -mGLOB_routine_pointer_size_64 -mGLOB_source_language=GLOB_SOURCE_LANGUAGE_F90 -mP2OPT_static_promotion -mGLOB_pack_sort_init_list -mP1OPT_print_version=FALSE -mCG_use_gas_got_workaround=F -mP2OPT_align_option_used=TRUE -mGLOB_gcc_version=850 "-mGLOB_options_string=-I/home/soft/intel/oneapi/mpi/2021.6.0//include -I/home/soft/intel/oneapi/mpi/2021.6.0/include -v -o cmTC_b9925 -L/home/soft/intel/oneapi/mpi/2021.6.0/lib/release -L/home/soft/intel/oneapi/mpi/2021.6.0/lib -Xlinker --enable-new-dtags -Xlinker -rpath -Xlinker /home/soft/intel/oneapi/mpi/2021.6.0/lib/release -Xlinker -rpath -Xlinker /home/soft/intel/oneapi/mpi/2021.6.0/lib -lmpifort -lmpi -ldl -lrt -lpthread" -mGLOB_cxx_limited_range=FALSE -mCG_extend_parms=FALSE -mGLOB_compiler_bin_directory=/home/soft/intel/oneapi/compiler/2022.1.0/linux/bin/intel64/../../bin/intel64 -mGLOB_as_output_backup_file_name=/tmp/ifortWDBAtYas_.s -mGLOB_dashboard_use_source_name -mIPOPT_activate -mGLOB_product_id_code=0x22006d91 -mP3OPT_use_mspp_call_convention -mP2OPT_subs_out_of_bound=FALSE -mP2OPT_disam_type_based_disam=2 -mGLOB_ansi_alias -mPGOPTI_value_profile_use=T -mGLOB_opt_report_use_source_name -mGLOB_offload_mode=1 -mGLOB_offload_no_openmp=TRUE -mP2OPT_offload_unique_var_string=ifort2003888533qtdwAW -mP2OPT_hlo -mP2OPT_hpo_rtt_control=0 -mIPOPT_args_in_regs=0 -mP2OPT_disam_assume_nonstd_intent_in=FALSE -mGLOB_imf_mapping_library=/home/soft/intel/oneapi/compiler/2022.1.0/linux/bin/intel64/../../bin/intel64/libiml_attr.so -mPGOPTI_gen_threadsafe_level=0 -mIPOPT_link -mIPOPT_ipo_activate -mIPOPT_mo_activate -mIPOPT_source_files_list=/tmp/ifortslisjXGaSa -mIPOPT_mo_global_data -mIPOPT_link_script_file=/tmp/ifortscriptE8tADd "-mIPOPT_cmdline_link="/usr/lib/gcc/x86_64-redhat-linux/8/../../../../lib64/crt1.o" "/usr/lib/gcc/x86_64-redhat-linux/8/../../../../lib64/crti.o" "/usr/lib/gcc/x86_64-redhat-linux/8/crtbegin.o" "--eh-frame-hdr" "--build-id" "-dynamic-linker" "/lib64/ld-linux-x86-64.so.2" "-m" "elf_x86_64" "-L/home/soft/intel/oneapi/mpi/2021.6.0/lib/release" "-L/home/soft/intel/oneapi/mpi/2021.6.0/lib" "-plugin" "/home/soft/intel/oneapi/compiler/2022.1.0/linux/bin/intel64/../../bin/intel64/../../lib/icx-lto.so" "-o" "cmTC_b9925" "/home/soft/intel/oneapi/compiler/2022.1.0/linux/bin/intel64/../../compiler/lib/intel64_lin/for_main.o" "-L/home/soft/intel/oneapi/mkl/2022.1.0/lib/intel64" "-L/home/soft/intel/oneapi/compiler/2022.1.0/linux/lib" "-L/home/soft/intel/oneapi/tbb/2021.6.0/lib/intel64/gcc4.8" "-L/home/soft/intel/oneapi/mpi/2021.6.0/libfabric/lib" "-L/home/soft/intel/oneapi/mpi/2021.6.0/lib/release" "-L/home/soft/intel/oneapi/mpi/2021.6.0/lib" "-L/home/soft/intel/oneapi/compiler/2022.1.0/linux/bin/intel64/../../compiler/lib/intel64_lin" "-L/usr/lib/gcc/x86_64-redhat-linux/8/" "-L/usr/lib/gcc/x86_64-redhat-linux/8/../../../../lib64" "-L/usr/lib/gcc/x86_64-redhat-linux/8/../../../../lib64/" "-L/lib/../lib64" "-L/lib/../lib64/" "-L/usr/lib/../lib64" "-L/usr/lib/../lib64/" "-L/home/soft/intel/oneapi/mkl/2022.1.0/lib/intel64/" "-L/home/soft/intel/oneapi/compiler/2022.1.0/linux/lib/" "-L/home/soft/intel/oneapi/tbb/2021.6.0/lib/intel64/gcc4.8/" "-L/home/soft/intel/oneapi/mpi/2021.6.0/libfabric/lib/" "-L/home/soft/intel/oneapi/mpi/2021.6.0/lib/release/" "-L/home/soft/intel/oneapi/mpi/2021.6.0/lib/" "-L/usr/lib/gcc/x86_64-redhat-linux/8/../../../" "-L/lib64" "-L/lib/" "-L/usr/lib64" "-L/usr/lib" "CMakeFiles/cmTC_b9925.dir/CMakeFortranCompilerABI.F.o" "--enable-new-dtags" "-rpath" "/home/soft/intel/oneapi/mpi/2021.6.0/lib/release" "-rpath" "/home/soft/intel/oneapi/mpi/2021.6.0/lib" "-lmpifort" "-lmpi" "-ldl" "-lrt" "-lpthread" "-Bdynamic" "-Bstatic" "-lifport" "-lifcoremt" "-limf" "-lsvml" "-Bdynamic" "-lm" "-Bstatic" "-lipgo" "-lirc" "-Bdynamic" "-lpthread" "-Bstatic" "-lsvml" "-Bdynamic" "-lc" "-lgcc" "-lgcc_s" "-Bstatic" "-lirc_s" "-Bdynamic" "-ldl" "-lc" "/usr/lib/gcc/x86_64-redhat-linux/8/crtend.o" "/usr/lib/gcc/x86_64-redhat-linux/8/../../../../lib64/crtn.o"" -mIPOPT_il_in_obj -mIPOPT_ipo_activate_warn=FALSE -mIPOPT_obj_output_file_name=/tmp/ipo_ifort8bY0u4.o -mIPOPT_whole_archive_fixup_file_name=/tmp/ifortwarchVlyNMM -mGLOB_linker_version=2.30 -mGLOB_linker=ld -mGLOB_driver_tempfile_name=/tmp/iforttempfileLTkapr -mP3OPT_asm_target=P3OPT_ASM_TARGET_GAS -mGLOB_async_unwind_tables=TRUE -mGLOB_obj_output_file=/tmp/ipo_ifort8bY0u4.o -mGLOB_source_dialect=GLOB_SOURCE_DIALECT_NONE -mP1OPT_source_file_name=ipo_out.f -mP2OPT_symtab_type_copy=true CMakeFiles/cmTC_b9925.dir/CMakeFortranCompilerABI.F.o -mIPOPT_object_files=T -mIPOPT_assembly_files=/tmp/ifortalisrh13KA -mIPOPT_generated_tempfiles=/tmp/ifortelisBF5oyx -mIPOPT_embedded_object_base_name=/tmp/iforteobjCIhoSS -mIPOPT_cmdline_link_new_name=/tmp/ifortllisHzdkrk]
  link line: [ld    /usr/lib/gcc/x86_64-redhat-linux/8/../../../../lib64/crt1.o /usr/lib/gcc/x86_64-redhat-linux/8/../../../../lib64/crti.o /usr/lib/gcc/x86_64-redhat-linux/8/crtbegin.o --eh-frame-hdr --build-id -dynamic-linker /lib64/ld-linux-x86-64.so.2 -m elf_x86_64 -L/home/soft/intel/oneapi/mpi/2021.6.0/lib/release -L/home/soft/intel/oneapi/mpi/2021.6.0/lib -plugin /home/soft/intel/oneapi/compiler/2022.1.0/linux/bin/intel64/../../bin/intel64/../../lib/icx-lto.so -o cmTC_b9925 /home/soft/intel/oneapi/compiler/2022.1.0/linux/bin/intel64/../../compiler/lib/intel64_lin/for_main.o -L/home/soft/intel/oneapi/mkl/2022.1.0/lib/intel64 -L/home/soft/intel/oneapi/compiler/2022.1.0/linux/lib -L/home/soft/intel/oneapi/tbb/2021.6.0/lib/intel64/gcc4.8 -L/home/soft/intel/oneapi/mpi/2021.6.0/libfabric/lib -L/home/soft/intel/oneapi/mpi/2021.6.0/lib/release -L/home/soft/intel/oneapi/mpi/2021.6.0/lib -L/home/soft/intel/oneapi/compiler/2022.1.0/linux/bin/intel64/../../compiler/lib/intel64_lin -L/usr/lib/gcc/x86_64-redhat-linux/8/ -L/usr/lib/gcc/x86_64-redhat-linux/8/../../../../lib64 -L/usr/lib/gcc/x86_64-redhat-linux/8/../../../../lib64/ -L/lib/../lib64 -L/lib/../lib64/ -L/usr/lib/../lib64 -L/usr/lib/../lib64/ -L/home/soft/intel/oneapi/mkl/2022.1.0/lib/intel64/ -L/home/soft/intel/oneapi/compiler/2022.1.0/linux/lib/ -L/home/soft/intel/oneapi/tbb/2021.6.0/lib/intel64/gcc4.8/ -L/home/soft/intel/oneapi/mpi/2021.6.0/libfabric/lib/ -L/home/soft/intel/oneapi/mpi/2021.6.0/lib/release/ -L/home/soft/intel/oneapi/mpi/2021.6.0/lib/ -L/usr/lib/gcc/x86_64-redhat-linux/8/../../../ -L/lib64 -L/lib/ -L/usr/lib64 -L/usr/lib CMakeFiles/cmTC_b9925.dir/CMakeFortranCompilerABI.F.o --enable-new-dtags -rpath /home/soft/intel/oneapi/mpi/2021.6.0/lib/release -rpath /home/soft/intel/oneapi/mpi/2021.6.0/lib -lmpifort -lmpi -ldl -lrt -lpthread -Bdynamic -Bstatic -lifport -lifcoremt -limf -lsvml -Bdynamic -lm -Bstatic -lipgo -lirc -Bdynamic -lpthread -Bstatic -lsvml -Bdynamic -lc -lgcc -lgcc_s -Bstatic -lirc_s -Bdynamic -ldl -lc /usr/lib/gcc/x86_64-redhat-linux/8/crtend.o /usr/lib/gcc/x86_64-redhat-linux/8/../../../../lib64/crtn.o]
    arg [ld] ==> ignore
    arg [/usr/lib/gcc/x86_64-redhat-linux/8/../../../../lib64/crt1.o] ==> obj [/usr/lib/gcc/x86_64-redhat-linux/8/../../../../lib64/crt1.o]
    arg [/usr/lib/gcc/x86_64-redhat-linux/8/../../../../lib64/crti.o] ==> obj [/usr/lib/gcc/x86_64-redhat-linux/8/../../../../lib64/crti.o]
    arg [/usr/lib/gcc/x86_64-redhat-linux/8/crtbegin.o] ==> obj [/usr/lib/gcc/x86_64-redhat-linux/8/crtbegin.o]
    arg [--eh-frame-hdr] ==> ignore
    arg [--build-id] ==> ignore
    arg [-dynamic-linker] ==> ignore
    arg [/lib64/ld-linux-x86-64.so.2] ==> ignore
    arg [-m] ==> ignore
    arg [elf_x86_64] ==> ignore
    arg [-L/home/soft/intel/oneapi/mpi/2021.6.0/lib/release] ==> dir [/home/soft/intel/oneapi/mpi/2021.6.0/lib/release]
    arg [-L/home/soft/intel/oneapi/mpi/2021.6.0/lib] ==> dir [/home/soft/intel/oneapi/mpi/2021.6.0/lib]
    arg [-plugin] ==> ignore
    arg [/home/soft/intel/oneapi/compiler/2022.1.0/linux/bin/intel64/../../bin/intel64/../../lib/icx-lto.so] ==> ignore
    arg [-o] ==> ignore
    arg [cmTC_b9925] ==> ignore
    arg [/home/soft/intel/oneapi/compiler/2022.1.0/linux/bin/intel64/../../compiler/lib/intel64_lin/for_main.o] ==> obj [/home/soft/intel/oneapi/compiler/2022.1.0/linux/bin/intel64/../../compiler/lib/intel64_lin/for_main.o]
    arg [-L/home/soft/intel/oneapi/mkl/2022.1.0/lib/intel64] ==> dir [/home/soft/intel/oneapi/mkl/2022.1.0/lib/intel64]
    arg [-L/home/soft/intel/oneapi/compiler/2022.1.0/linux/lib] ==> dir [/home/soft/intel/oneapi/compiler/2022.1.0/linux/lib]
    arg [-L/home/soft/intel/oneapi/tbb/2021.6.0/lib/intel64/gcc4.8] ==> dir [/home/soft/intel/oneapi/tbb/2021.6.0/lib/intel64/gcc4.8]
    arg [-L/home/soft/intel/oneapi/mpi/2021.6.0/libfabric/lib] ==> dir [/home/soft/intel/oneapi/mpi/2021.6.0/libfabric/lib]
    arg [-L/home/soft/intel/oneapi/mpi/2021.6.0/lib/release] ==> dir [/home/soft/intel/oneapi/mpi/2021.6.0/lib/release]
    arg [-L/home/soft/intel/oneapi/mpi/2021.6.0/lib] ==> dir [/home/soft/intel/oneapi/mpi/2021.6.0/lib]
    arg [-L/home/soft/intel/oneapi/compiler/2022.1.0/linux/bin/intel64/../../compiler/lib/intel64_lin] ==> dir [/home/soft/intel/oneapi/compiler/2022.1.0/linux/bin/intel64/../../compiler/lib/intel64_lin]
    arg [-L/usr/lib/gcc/x86_64-redhat-linux/8/] ==> dir [/usr/lib/gcc/x86_64-redhat-linux/8/]
    arg [-L/usr/lib/gcc/x86_64-redhat-linux/8/../../../../lib64] ==> dir [/usr/lib/gcc/x86_64-redhat-linux/8/../../../../lib64]
    arg [-L/usr/lib/gcc/x86_64-redhat-linux/8/../../../../lib64/] ==> dir [/usr/lib/gcc/x86_64-redhat-linux/8/../../../../lib64/]
    arg [-L/lib/../lib64] ==> dir [/lib/../lib64]
    arg [-L/lib/../lib64/] ==> dir [/lib/../lib64/]
    arg [-L/usr/lib/../lib64] ==> dir [/usr/lib/../lib64]
    arg [-L/usr/lib/../lib64/] ==> dir [/usr/lib/../lib64/]
    arg [-L/home/soft/intel/oneapi/mkl/2022.1.0/lib/intel64/] ==> dir [/home/soft/intel/oneapi/mkl/2022.1.0/lib/intel64/]
    arg [-L/home/soft/intel/oneapi/compiler/2022.1.0/linux/lib/] ==> dir [/home/soft/intel/oneapi/compiler/2022.1.0/linux/lib/]
    arg [-L/home/soft/intel/oneapi/tbb/2021.6.0/lib/intel64/gcc4.8/] ==> dir [/home/soft/intel/oneapi/tbb/2021.6.0/lib/intel64/gcc4.8/]
    arg [-L/home/soft/intel/oneapi/mpi/2021.6.0/libfabric/lib/] ==> dir [/home/soft/intel/oneapi/mpi/2021.6.0/libfabric/lib/]
    arg [-L/home/soft/intel/oneapi/mpi/2021.6.0/lib/release/] ==> dir [/home/soft/intel/oneapi/mpi/2021.6.0/lib/release/]
    arg [-L/home/soft/intel/oneapi/mpi/2021.6.0/lib/] ==> dir [/home/soft/intel/oneapi/mpi/2021.6.0/lib/]
    arg [-L/usr/lib/gcc/x86_64-redhat-linux/8/../../../] ==> dir [/usr/lib/gcc/x86_64-redhat-linux/8/../../../]
    arg [-L/lib64] ==> dir [/lib64]
    arg [-L/lib/] ==> dir [/lib/]
    arg [-L/usr/lib64] ==> dir [/usr/lib64]
    arg [-L/usr/lib] ==> dir [/usr/lib]
    arg [CMakeFiles/cmTC_b9925.dir/CMakeFortranCompilerABI.F.o] ==> ignore
    arg [--enable-new-dtags] ==> ignore
    arg [-rpath] ==> ignore
    arg [/home/soft/intel/oneapi/mpi/2021.6.0/lib/release] ==> ignore
    arg [-rpath] ==> ignore
    arg [/home/soft/intel/oneapi/mpi/2021.6.0/lib] ==> ignore
    arg [-lmpifort] ==> lib [mpifort]
    arg [-lmpi] ==> lib [mpi]
    arg [-ldl] ==> lib [dl]
    arg [-lrt] ==> lib [rt]
    arg [-lpthread] ==> lib [pthread]
    arg [-Bdynamic] ==> ignore
    arg [-Bstatic] ==> ignore
    arg [-lifport] ==> lib [ifport]
    arg [-lifcoremt] ==> lib [ifcoremt]
    arg [-limf] ==> lib [imf]
    arg [-lsvml] ==> lib [svml]
    arg [-Bdynamic] ==> ignore
    arg [-lm] ==> lib [m]
    arg [-Bstatic] ==> ignore
    arg [-lipgo] ==> lib [ipgo]
    arg [-lirc] ==> lib [irc]
    arg [-Bdynamic] ==> ignore
    arg [-lpthread] ==> lib [pthread]
    arg [-Bstatic] ==> ignore
    arg [-lsvml] ==> lib [svml]
    arg [-Bdynamic] ==> ignore
    arg [-lc] ==> lib [c]
    arg [-lgcc] ==> lib [gcc]
    arg [-lgcc_s] ==> lib [gcc_s]
    arg [-Bstatic] ==> ignore
    arg [-lirc_s] ==> lib [irc_s]
    arg [-Bdynamic] ==> ignore
    arg [-ldl] ==> lib [dl]
    arg [-lc] ==> lib [c]
    arg [/usr/lib/gcc/x86_64-redhat-linux/8/crtend.o] ==> obj [/usr/lib/gcc/x86_64-redhat-linux/8/crtend.o]
    arg [/usr/lib/gcc/x86_64-redhat-linux/8/../../../../lib64/crtn.o] ==> obj [/usr/lib/gcc/x86_64-redhat-linux/8/../../../../lib64/crtn.o]
  collapse obj [/usr/lib/gcc/x86_64-redhat-linux/8/../../../../lib64/crt1.o] ==> [/usr/lib64/crt1.o]
  collapse obj [/usr/lib/gcc/x86_64-redhat-linux/8/../../../../lib64/crti.o] ==> [/usr/lib64/crti.o]
  collapse obj [/home/soft/intel/oneapi/compiler/2022.1.0/linux/bin/intel64/../../compiler/lib/intel64_lin/for_main.o] ==> [/home/soft/intel/oneapi/compiler/2022.1.0/linux/compiler/lib/intel64_lin/for_main.o]
  collapse obj [/usr/lib/gcc/x86_64-redhat-linux/8/../../../../lib64/crtn.o] ==> [/usr/lib64/crtn.o]
  collapse library dir [/home/soft/intel/oneapi/mpi/2021.6.0/lib/release] ==> [/home/soft/intel/oneapi/mpi/2021.6.0/lib/release]
  collapse library dir [/home/soft/intel/oneapi/mpi/2021.6.0/lib] ==> [/home/soft/intel/oneapi/mpi/2021.6.0/lib]
  collapse library dir [/home/soft/intel/oneapi/mkl/2022.1.0/lib/intel64] ==> [/home/soft/intel/oneapi/mkl/2022.1.0/lib/intel64]
  collapse library dir [/home/soft/intel/oneapi/compiler/2022.1.0/linux/lib] ==> [/home/soft/intel/oneapi/compiler/2022.1.0/linux/lib]
  collapse library dir [/home/soft/intel/oneapi/tbb/2021.6.0/lib/intel64/gcc4.8] ==> [/home/soft/intel/oneapi/tbb/2021.6.0/lib/intel64/gcc4.8]
  collapse library dir [/home/soft/intel/oneapi/mpi/2021.6.0/libfabric/lib] ==> [/home/soft/intel/oneapi/mpi/2021.6.0/libfabric/lib]
  collapse library dir [/home/soft/intel/oneapi/mpi/2021.6.0/lib/release] ==> [/home/soft/intel/oneapi/mpi/2021.6.0/lib/release]
  collapse library dir [/home/soft/intel/oneapi/mpi/2021.6.0/lib] ==> [/home/soft/intel/oneapi/mpi/2021.6.0/lib]
  collapse library dir [/home/soft/intel/oneapi/compiler/2022.1.0/linux/bin/intel64/../../compiler/lib/intel64_lin] ==> [/home/soft/intel/oneapi/compiler/2022.1.0/linux/compiler/lib/intel64_lin]
  collapse library dir [/usr/lib/gcc/x86_64-redhat-linux/8/] ==> [/usr/lib/gcc/x86_64-redhat-linux/8]
  collapse library dir [/usr/lib/gcc/x86_64-redhat-linux/8/../../../../lib64] ==> [/usr/lib64]
  collapse library dir [/usr/lib/gcc/x86_64-redhat-linux/8/../../../../lib64/] ==> [/usr/lib64]
  collapse library dir [/lib/../lib64] ==> [/lib64]
  collapse library dir [/lib/../lib64/] ==> [/lib64]
  collapse library dir [/usr/lib/../lib64] ==> [/usr/lib64]
  collapse library dir [/usr/lib/../lib64/] ==> [/usr/lib64]
  collapse library dir [/home/soft/intel/oneapi/mkl/2022.1.0/lib/intel64/] ==> [/home/soft/intel/oneapi/mkl/2022.1.0/lib/intel64]
  collapse library dir [/home/soft/intel/oneapi/compiler/2022.1.0/linux/lib/] ==> [/home/soft/intel/oneapi/compiler/2022.1.0/linux/lib]
  collapse library dir [/home/soft/intel/oneapi/tbb/2021.6.0/lib/intel64/gcc4.8/] ==> [/home/soft/intel/oneapi/tbb/2021.6.0/lib/intel64/gcc4.8]
  collapse library dir [/home/soft/intel/oneapi/mpi/2021.6.0/libfabric/lib/] ==> [/home/soft/intel/oneapi/mpi/2021.6.0/libfabric/lib]
  collapse library dir [/home/soft/intel/oneapi/mpi/2021.6.0/lib/release/] ==> [/home/soft/intel/oneapi/mpi/2021.6.0/lib/release]
  collapse library dir [/home/soft/intel/oneapi/mpi/2021.6.0/lib/] ==> [/home/soft/intel/oneapi/mpi/2021.6.0/lib]
  collapse library dir [/usr/lib/gcc/x86_64-redhat-linux/8/../../../] ==> [/usr/lib]
  collapse library dir [/lib64] ==> [/lib64]
  collapse library dir [/lib/] ==> [/lib]
  collapse library dir [/usr/lib64] ==> [/usr/lib64]
  collapse library dir [/usr/lib] ==> [/usr/lib]
  implicit libs: [mpifort;mpi;dl;rt;pthread;ifport;ifcoremt;imf;svml;m;ipgo;irc;pthread;svml;c;gcc;gcc_s;irc_s;dl;c]
  implicit objs: [/usr/lib64/crt1.o;/usr/lib64/crti.o;/usr/lib/gcc/x86_64-redhat-linux/8/crtbegin.o;/home/soft/intel/oneapi/compiler/2022.1.0/linux/compiler/lib/intel64_lin/for_main.o;/usr/lib/gcc/x86_64-redhat-linux/8/crtend.o;/usr/lib64/crtn.o]
  implicit dirs: [/home/soft/intel/oneapi/mpi/2021.6.0/lib/release;/home/soft/intel/oneapi/mpi/2021.6.0/lib;/home/soft/intel/oneapi/mkl/2022.1.0/lib/intel64;/home/soft/intel/oneapi/compiler/2022.1.0/linux/lib;/home/soft/intel/oneapi/tbb/2021.6.0/lib/intel64/gcc4.8;/home/soft/intel/oneapi/mpi/2021.6.0/libfabric/lib;/home/soft/intel/oneapi/compiler/2022.1.0/linux/compiler/lib/intel64_lin;/usr/lib/gcc/x86_64-redhat-linux/8;/usr/lib64;/lib64;/usr/lib;/lib]
  implicit fwks: []


Determining if the Fortran compiler supports Fortran 90 passed with the following output:
Change Dir: /home/anruo/GitHub/NDM.git/build_mld/ml/src/milady-build/CMakeFiles/CMakeTmp

Run Build Command(s):/usr/bin/gmake -f Makefile cmTC_cd846/fast && gmake[3]: Entering directory '/home/anruo/GitHub/NDM.git/build_mld/ml/src/milady-build/CMakeFiles/CMakeTmp'
/usr/bin/gmake  -f CMakeFiles/cmTC_cd846.dir/build.make CMakeFiles/cmTC_cd846.dir/build
gmake[4]: Entering directory '/home/anruo/GitHub/NDM.git/build_mld/ml/src/milady-build/CMakeFiles/CMakeTmp'
Building Fortran object CMakeFiles/cmTC_cd846.dir/testFortranCompilerF90.f90.o
/home/soft/intel/oneapi/mpi/2021.6.0/bin/mpiifort    -c /home/anruo/GitHub/NDM.git/build_mld/ml/src/milady-build/CMakeFiles/CMakeTmp/testFortranCompilerF90.f90 -o CMakeFiles/cmTC_cd846.dir/testFortranCompilerF90.f90.o
Linking Fortran executable cmTC_cd846
/usr/bin/cmake -E cmake_link_script CMakeFiles/cmTC_cd846.dir/link.txt --verbose=1
/home/soft/intel/oneapi/mpi/2021.6.0/bin/mpiifort CMakeFiles/cmTC_cd846.dir/testFortranCompilerF90.f90.o -o cmTC_cd846 
gmake[4]: Leaving directory '/home/anruo/GitHub/NDM.git/build_mld/ml/src/milady-build/CMakeFiles/CMakeTmp'
gmake[3]: Leaving directory '/home/anruo/GitHub/NDM.git/build_mld/ml/src/milady-build/CMakeFiles/CMakeTmp'



