 Process            0  of            2  is alive
 Process            1  of            2  is alive
 nom fichier din=
 T4.din                                                                         
  
 POTENTIELS LAMMPS ; PARA_SPACE VERSION=LAMMPS NOT NDM !!
 
 -------- caracteristiques du run DM-------- 3
     GRADIENT CONJUGUE STANDARD 
 generation du crystal ; puis run
 
      ANALYSES 
 itetemp=         -20  iteprtsigma=         -20
 
      CONTROLES 
tstep=  0.100D-14
 itmax=          20 timemax=    10000000000.0000       itab=           1 
  itetimestep=          -1
tinit=      -1.0
tempdeplainit=      -1.0
debyetemp=      -1.0
  ----------------------------------
 
 
 nb de potentiels           0
 fmt_cin           1
 rang readdm iseed            0           1
 
 -*-*-*-*-*-*-*POTENTIELS*-*-*-*-*-
 
   1   15.999    8.000  O     -1.614
   2  238.030   92.000  U      3.227
 
  *-*-*-*-*-*CONSTRUCTION DE LA BOITE*-*-*-*-*-*-
 imm,imm_glob,nprocspace         900         900           2
 
 **********construction du reseau************
 repetition de mailles           1           1           1
  .gin with 0 coordinates; creates FAILURES,  POSITIONS SHIFTED By +2e-7
 nox,noy,noz dans .din =          -1          -1          -1
 calcul de nox noy noz !!!
nox noy noz calcules a partir de ru
  nox = Int(   0.2220E-06/  0.1100E-06) = 2
  noy = Int(   0.2220E-06/  0.1100E-06) = 2
  noz = Int(   0.2220E-06/  0.1100E-06) = 2
celsizes   0.1110000E-06  0.1110000E-06  0.1110000E-06
T4.gin                                                                          volume= 0.10941048D-19 cm3  0.10941048D+05 Ang3
 natperc im/noxyz         206         103
 ltabvois F
 
 -------- boite de simulation ------
 nombre d atomes =         828
vecteur  1      22.200000       0.000000       0.000000
vecteur  2       0.000000      22.200000       0.000000
vecteur  3       0.000000       0.000000      22.200000
         572  atomes de type           1
         256  atomes de type           2
 
  a = (xhi-xlo,0,0); b = (xy,yhi-ylo,0); c = (xz,yz,zhi-zlo). 
    0.0000000000000000    22.1999999999999993 xlo xhi
    0.0000000000000000    22.1999999999999993 ylo yhi
    0.0000000000000000    22.1999999999999993 zlo zhi
    0.0000000000000000     0.0000000000000000     0.0000000000000000 xy xz yz
 
 
  -------------------------------------------------------------------
              2nd step of potential initialization , dependancy on box size
 LAMMPS OPEN_MPI_           0 
 in.lammps                                                                      
                                                  
 LAMMPS OPEN_MPI_           1 
 in.lammps                                                                      
                                                  
 NATOM LAMMPS
 in.lammps                                                                      
                                                           828
NDM: LAMMPS force field init done
 postinitlammps
 NATOM LAMMPS
 in.lammps                                                                      
                                                           828
 
******CONJUGATE GRADIENT *** beta init 0.10000000E-05
  FPSTOP=  1.000000000000000E-002 -0.100000001490116     
 NCALLS      ENERGY (eV)       FORCTOT         FORMAX        FORCESIGMA(eV/Ang)       SIGMA(kbar)   ***      energy gain eV]
   1  -0.57348181180E+04   0.57418739097E+02   0.85912096246E+01   0.70441688119E-03   0.14293013578E+02 ****   0.00000000000E+00
   2  -0.57771282966E+04   0.37250073982E+02   0.25145524780E+01   0.76895059560E-03   0.15602438836E+02 ****   0.42310178547E+02
   3  -0.57939663525E+04   0.28184322428E+02   0.20167821716E+01   0.74819898691E-03   0.15181377058E+02 ****   0.16838055933E+02
   4  -0.58076825333E+04   0.21218953814E+02   0.41333983661E+01   0.62688658463E-03   0.12719880380E+02 ****   0.13716180822E+02
   5  -0.57960502895E+04   0.37462511705E+02   0.84375794133E+01   0.21641799792E-03   0.43912425518E+01
   6  -0.57939663538E+04   0.28184321681E+02   0.20167821255E+01   0.74819898286E-03   0.15181376976E+02
   7  -0.58081118568E+04   0.24343278824E+02   0.58779195684E+01   0.50062913267E-03   0.10158045870E+02 ****   0.42932346475E+00
   8  -0.58053571142E+04   0.28571889442E+02   0.68888290894E+01   0.40360775486E-03   0.81894277018E+01
   9  -0.58086635539E+04   0.22502055261E+02   0.52289242381E+01   0.55337565784E-03   0.11228302448E+02 ****   0.55169711537E+00
  10  -0.58085629654E+04   0.21743088366E+02   0.48175275115E+01   0.58318233446E-03   0.11833096633E+02
  11  -0.58085569003E+04   0.23121908585E+02   0.54791583541E+01   0.53387578651E-03   0.10832639123E+02
  12  -0.58086650262E+04   0.22175207645E+02   0.50727394667E+01   0.56501245732E-03   0.11464419636E+02 ****   0.14722692796E-02
  13  -0.58086412906E+04   0.21995751649E+02   0.49756333758E+01   0.57205052360E-03   0.11607225948E+02
  14  -0.58086702796E+04   0.22294805205E+02   0.51325371399E+01   0.56060296898E-03   0.11374948644E+02 ****   0.52534219156E-02
  15  -0.58086699316E+04   0.22371977719E+02   0.51694011284E+01   0.55785805477E-03   0.11319252795E+02
  16  -0.58086691218E+04   0.22248351340E+02   0.51097211021E+01   0.56229252040E-03   0.11409230590E+02
  17  -0.58086704708E+04   0.22323990536E+02   0.51466256720E+01   0.55955634941E-03   0.11353712146E+02 ****   0.19116863625E-03
 >>> minimization idirection; lOVER; LDIROK; beta   1 F T    0.2970583210E-05
  18  -0.58226647399E+04   0.13149927337E+02   0.18612491861E+01   0.75706319415E-03   0.15361236794E+02 ****   0.13994269162E+02
  19  -0.58229865339E+04   0.17479297985E+02   0.40025350311E+01   0.75599331163E-03   0.15339528277E+02 ****   0.32179399859E+00
  20  -0.58121107756E+04   0.29929666596E+02   0.74676901978E+01   0.57329351873E-03   0.11632447016E+02
  21  -0.58226647401E+04   0.13149927424E+02   0.18612493209E+01   0.75706319675E-03   0.15361236847E+02
  22  -0.58204331514E+04   0.21770266091E+02   0.52799980901E+01   0.71200200602E-03   0.14446920015E+02
  23  -0.58235346564E+04   0.15291281880E+02   0.32074155665E+01   0.76680834139E-03   0.15558971297E+02 ****   0.54812246634E+00
  24  -0.58234648542E+04   0.14218198389E+02   0.27048710760E+01   0.76713295769E-03   0.15565557944E+02
