 Process            0  of            6  is alive   2.2204460492503132E-058
 *** NDM859 ***
 >>>>>>>>>>> entree readdm
 Process            2  of            6  is alive   2.2204460492503132E-058
 nom fichier din=neb.din                                                                         
 Process            4  of            6  is alive   2.2204460492503132E-058

 Pas de conditions periodiques

 -------- caracteristiques du run DM-------- 9
      DRAG OR NEB DYNAMICS 
 generation du crystal ; puis run

      ANALYSES 
 itetemp=          -1  itesigma=          -1

      CONTROLES 
tstep=  0.100D-14
 itmax=          60  itab=           1  itetimestep=          -1
tinit=      -1.0
tempdeplainit=      -1.0
debyetemp=      -1.0
  ----------------------------------


 nb de potentiels           1
 ipotentiel          11
 fmt_cin           1
 INPNEB           0           6
 Process            1  of            6  is alive   2.2204460492503132E-058
 INPNEB           4           6
 INPNEB           1           6
 Process            3  of            6  is alive   2.2204460492503132E-058
 INPNEB           3           6
 INPNEB           2           6
 Process            5  of            6  is alive   2.2204460492503132E-058
 INPNEB           5           6
 RGI           0           0 T           0
 RGI           1           1 F           0
 RGI           4           0 T           2
 RGI           2           0 T           1
 RGI           5           1 F           2
 RGI           3           1 F           1
 RGM           2           1
 RGM           0           0

 -*-*-*-*-*-*-*POTENTIELS*-*-*-*-*-


 RGM           4           2
 POTENTIEL EAM ERCOLESI

 Types d_atomes :
   1   26.982   13.000  Al 
    0.900    2.200
 FNAMneb 1 deb_neb.gin                                                                                2           0
 **********construction du reseau************
 repetition de mailles           1           1           1
 FNAMneb 1 deb_neb.gin                                                                                2           0
 FNAMneb 1 deb_neb.gin                                                                                2           0
 FNAMneb 1 deb_neb.gin                                                                                2           0
 -----------------------------------------------
           FIN DU CALCUL DU DECOUPAGE :         

 Nbre de cellule suivant x :           4
 Nbre de cellule suivant y :           4
 Nbre de cellule suivant z :           4
 FNAMneb 1 deb_neb.gin                                                                                2           0

 Le cas choisit :           1           1           2
 Nombre de cellules max echg  par proc :           2         112
 izonr,zlmin,rut           5   64.512000000000000        11.116108836436201     
 nox,noy,noz dans .din =           4           4           4
 Taux d'equilibrage :           2   1.0000000000000000     
 valeur            2  0.92857142857142860     
 Nbre Min/Max de cel. locales. :          32          32
 Nbre Min/Max de cel. fantomes. :         112         112
 locmin/fantomax :           2  0.28571428571428570     
celsizes   0.8064000E-07  0.8064000E-07  0.8064000E-07
deb_neb.gin                                                                     volume= 0.33560740D-19 cm3  0.33560740D+05 Ang3


 -----------------------------------------------------------
 Procedure de decoupage pour une boite de taille  :           4           4           4
 sur            2  cpus           0
 Nbre de solutions possibles :            3
LE MEILLEUR DECOUPAGE :    2    1    1    2    0.9286
 -----------------------------------------------
           FIN DU CALCUL DU DECOUPAGE :         

 Nbre de cellule suivant x :           4
 Nbre de cellule suivant y :           4
 Nbre de cellule suivant z :           4

 Le cas choisit :           1           1           2
 Nombre de cellules max echg  par proc :           2         112
 Taux d'equilibrage :           2   1.0000000000000000     
 valeur            2  0.92857142857142860     
 Nbre Min/Max de cel. locales. :          32          32
 Nbre Min/Max de cel. fantomes. :         112         112
 locmin/fantomax :           2  0.28571428571428570     
 FNAMneb 1 deb_neb.gin                                                                                2           0
 natperc im/noxyz         320          32
 ltabvois,lconstrtot F F
 IN rasmol
 -----------------------------------------------
           FIN DU CALCUL DU DECOUPAGE :         

 Nbre de cellule suivant x :           4
 Nbre de cellule suivant y :           4
 Nbre de cellule suivant z :           4

 Le cas choisit :           1           1           2
 Nombre de cellules max echg  par proc :           2         112
 Taux d'equilibrage :           2   1.0000000000000000     
 valeur            2  0.92857142857142860     
 Nbre Min/Max de cel. locales. :          32          32
 Nbre Min/Max de cel. fantomes. :         112         112
 locmin/fantomax :           2  0.28571428571428570     
 FNAMneb npath fin_neb.gin                                                                                0           0
 **********construction du reseau************
 repetition de mailles           1           1           1
 FNAMneb npath fin_neb.gin                                                                                4           0
 FNAMneb npath fin_neb.gin                                                                                2           0
 FNAMneb npath fin_neb.gin                                                                                1           1
 izonr,zlmin,rut           5   64.512000000000000        11.116108836436201     
 nox,noy,noz dans .din =           4           4           4
 FNAMneb npath fin_neb.gin                                                                                5           1
celsizes   0.8064000E-07  0.8064000E-07  0.8064000E-07
fin_neb.gin                                                                     volume= 0.33560740D-19 cm3  0.33560740D+05 Ang3


 -----------------------------------------------------------
 FNAMneb npath fin_neb.gin                                                                                3           1
 -----------------------------------------------
           FIN DU CALCUL DU DECOUPAGE :         

 Nbre de cellule suivant x :           4
 Nbre de cellule suivant y :           4
 Nbre de cellule suivant z :           4

 Le cas choisit :           1           1           2
 Nombre de cellules max echg  par proc :           2         112
 Taux d'equilibrage :           2   1.0000000000000000     
 valeur            2  0.92857142857142860     
 Nbre Min/Max de cel. locales. :          32          32
 Nbre Min/Max de cel. fantomes. :         112         112
 locmin/fantomax :           2  0.28571428571428570     
 Procedure de decoupage pour une boite de taille  :           4           4           4
 sur            2  cpus           0
 Nbre de solutions possibles :            3
LE MEILLEUR DECOUPAGE :    2    1    1    2    0.9286
 -----------------------------------------------
           FIN DU CALCUL DU DECOUPAGE :         

 Nbre de cellule suivant x :           4
 Nbre de cellule suivant y :           4
 Nbre de cellule suivant z :           4

 Le cas choisit :           1           1           2
 Nombre de cellules max echg  par proc :           2         112
 Taux d'equilibrage :           2   1.0000000000000000     
 valeur            2  0.92857142857142860     
 Nbre Min/Max de cel. locales. :          32          32
 Nbre Min/Max de cel. fantomes. :         112         112
 locmin/fantomax :           2  0.28571428571428570     
 -----------------------------------------------
           FIN DU CALCUL DU DECOUPAGE :         

 Nbre de cellule suivant x :           4
 Nbre de cellule suivant y :           4
 Nbre de cellule suivant z :           4

 Le cas choisit :           1           1           2
 Nombre de cellules max echg  par proc :           2         112
 Taux d'equilibrage :           2   1.0000000000000000     
 valeur            2  0.92857142857142860     
 Nbre Min/Max de cel. locales. :          32          32
 Nbre Min/Max de cel. fantomes. :         112         112
 locmin/fantomax :           2  0.28571428571428570     
 natperc im/noxyz         320          32
 ltabvois,lconstrtot F F
 IN rasmol

  -------------------------------------------------------------------
              definition des rayons de coupure
 paire            1
 calpoeam Minrho Maxrho   -1.4711099804881778        9.2672924683822253E-002
 calpoeam Rhomin Rhomax   -20.595539726834488        1.2974209455735115     
 calpoeam ktorho and the inverse:    1.0946480336204000E-003   913.53564733737801     
 NEB: deplacement max entre configurations =    1.1183600829524103       pour l atome         2049
 NEB: nebrelaxation /= 1
 NEB: relaxation NEB pour TOUS les atomes
 -----------------------------------------------
           FIN DU CALCUL DU DECOUPAGE :         

 Nbre de cellule suivant x :           4
 Nbre de cellule suivant y :           4
 Nbre de cellule suivant z :           4

 Le cas choisit :           1           1           2
 Nombre de cellules max echg  par proc :           2         112
 Taux d'equilibrage :           2   1.0000000000000000     
 valeur            2  0.92857142857142860     
 Nbre Min/Max de cel. locales. :          32          32
 Nbre Min/Max de cel. fantomes. :         112         112
 locmin/fantomax :           2  0.28571428571428570     
 -----------------------------------------------
           FIN DU CALCUL DU DECOUPAGE :         

 Nbre de cellule suivant x :           4
 Nbre de cellule suivant y :           4
 Nbre de cellule suivant z :           4

 Le cas choisit :           1           1           2
 Nombre de cellules max echg  par proc :           2         112
 Taux d'equilibrage :           2   1.0000000000000000     
 valeur            2  0.92857142857142860     
 Nbre Min/Max de cel. locales. :          32          32
 Nbre Min/Max de cel. fantomes. :         112         112
 locmin/fantomax :           2  0.28571428571428570     


 -----------------------------------------------------------
 Procedure de decoupage pour une boite de taille  :           4           4           4
 sur            2  cpus           0
 Nbre de solutions possibles :            3
LE MEILLEUR DECOUPAGE :    2    1    1    2    0.9286
 -----------------------------------------------
           FIN DU CALCUL DU DECOUPAGE :         

 Nbre de cellule suivant x :           4
 Nbre de cellule suivant y :           4
 Nbre de cellule suivant z :           4

 Le cas choisit :           1           1           2
 Nombre de cellules max echg  par proc :           2         112
 Taux d'equilibrage :           2   1.0000000000000000     
 valeur            2  0.92857142857142860     
 Nbre Min/Max de cel. locales. :          32          32
 Nbre Min/Max de cel. fantomes. :         112         112
 locmin/fantomax :           2  0.28571428571428570     
 natperc im/noxyz         320          32
 ltabvois,lconstrtot F F
 -----------------------------------------------
           FIN DU CALCUL DU DECOUPAGE :         

 Nbre de cellule suivant x :           4
 Nbre de cellule suivant y :           4
 Nbre de cellule suivant z :           4

 Le cas choisit :           1           1           2
 Nombre de cellules max echg  par proc :           2         112
 Taux d'equilibrage :           2   1.0000000000000000     
 valeur            2  0.92857142857142860     
 Nbre Min/Max de cel. locales. :          32          32
 Nbre Min/Max de cel. fantomes. :         112         112
 locmin/fantomax :           2  0.28571428571428570     


 -----------------------------------------------------------
 Procedure de decoupage pour une boite de taille  :           4           4           4
 sur            2  cpus           0
 Nbre de solutions possibles :            3
LE MEILLEUR DECOUPAGE :    2    1    1    2    0.9286
 -----------------------------------------------
           FIN DU CALCUL DU DECOUPAGE :         

 Nbre de cellule suivant x :           4
 Nbre de cellule suivant y :           4
 Nbre de cellule suivant z :           4

 Le cas choisit :           1           1           2
 Nombre de cellules max echg  par proc :           2         112
 Taux d'equilibrage :           2   1.0000000000000000     
 valeur            2  0.92857142857142860     
 Nbre Min/Max de cel. locales. :          32          32
 Nbre Min/Max de cel. fantomes. :         112         112
 locmin/fantomax :           2  0.28571428571428570     
 natperc im/noxyz         320          32
 ltabvois,lconstrtot F F
 NEB: !!!!-------this is DRAG----------!!!!!!
 image it            4          10
 image it            4          10
 image it            2          10
 image it            2          10
 image it            3          10
 image it            3          10
 image it            3          20
 image it            3          20
 image it            4          20
 image it            4          20
 image it            2          20
 image it            2          20
 image it            2          30
 image it            2          30
 image it            3          30
 image it            3          30
 image it            4          30
 image it            4          30
 force par atome  max  ev/Ang    7.4945976488287006E-002
 energie   -6882.0592826779775     
 force par atome  max  ev/Ang    7.8626382576031176E-002
 energie   -6881.9841306504350     
 image it            3          40
 image it            3          40
 force par atome  max  ev/Ang    7.4954058855829314E-002
 energie   -6882.0592722920883     
 NEB: THIS IS THE DRAG IMAGE=====================           2          37
 NEB: THE ENERGY OF THIS IMAGE===================  -6882.0592826779775     
NEB: stress tensor in Voigt notation (units: d/cm2 ):
      0.82128119E+09      0.78176016E+09      0.81339055E+09       2688.1712           16628.482           22818394.    
 NEB: THIS IS THE DRAG IMAGE=====================           3          40
 NEB: THE ENERGY OF THIS IMAGE===================  -6881.9841306504350     
NEB: stress tensor in Voigt notation (units: d/cm2 ):
      0.81598963E+09      0.81591910E+09      0.81821637E+09       18046.644          -9154.9607           35552516.    
 NEB: THIS IS THE DRAG IMAGE=====================           4          37
 NEB: THE ENERGY OF THIS IMAGE===================  -6882.0592722920883     
NEB: stress tensor in Voigt notation (units: d/cm2 ):
      0.78180523E+09      0.82134639E+09      0.81344206E+09       4304.9475          -6303.8561           22712679.    
 IN rasmol
 IN rasmol
 IN rasmol
NEB:--IMAGE-----REACT-COORD------ENERGY------ENERGY-ENERGY(1)-------------STRESS-sVoigt(1:6)-(units:-d/cm2)
    1       0.0000000           -6882.1477            0.0000000           0.82344326E+09       0.78652994E+09       0.78652994E+09        1041.9918            9674.8382            9674.8382    
    2      0.25060782           -6882.0593           0.88417480E-01       0.82128119E+09       0.78176016E+09       0.81339055E+09        2688.1712            16628.482            22818394.    
    3      0.50000168           -6881.9841           0.16356951           0.81598963E+09       0.81591910E+09       0.81821637E+09        18046.644           -9154.9607            35552516.    
    4      0.74940331           -6882.0593           0.88427866E-01       0.78180523E+09       0.82134639E+09       0.81344206E+09        4304.9475           -6303.8561            22712679.    
    5       1.0000000           -6882.1477           0.11995153E-04       0.78653755E+09       0.82351736E+09       0.78656961E+09        14372.761            6719.4940           -5537.5263    
 -------------------------------------------
          Min .. et .. Max
E: -6882.148     -6881.984    
          1 .. et .. NPATH
B: -6882.148     -6882.148    
les diffs
 1-NPATH    :  -1.1995152817689814E-005
 -------------------------------------------
 MAX-1      :  0.16356950761382905     
 MAX-NPATH  :  0.16355751246101136     
