 *** NDM859 ***
 >>>>>>>>>>> entree readdm
 nom fichier din=neb.din                                                                         

 Pas de conditions periodiques

 -------- caracteristiques du run DM-------- 9
      DRAG OR NEB DYNAMICS 
 generation du crystal ; puis run

      ANALYSES 
 itetemp=          -1  itesigma=          -1

      CONTROLES 
tstep=  0.100D-14
 itmax=          60  itab=           1  itetimestep=          -1
tinit=      -1.0
tempdeplainit=      -1.0
debyetemp=      -1.0
  ----------------------------------


 nb de potentiels           1
 ipotentiel          11
 fmt_cin           1

 -*-*-*-*-*-*-*POTENTIELS*-*-*-*-*-


 POTENTIEL EAM ERCOLESI

 Types d_atomes :
   1   26.982   13.000  Al 
    0.900    2.200
 FNAMneb 1 deb_neb.gin                                                                                1           0
 **********construction du reseau************
 repetition de mailles           1           1           1
 izonr,zlmin,rut           5   64.512000000000000        11.116108836436201     
 nox,noy,noz dans .din =           4           4           4
celsizes   0.8064000E-07  0.8064000E-07  0.8064000E-07
deb_neb.gin                                                                     volume= 0.33560740D-19 cm3  0.33560740D+05 Ang3
 natperc im/noxyz         320          32
 ltabvois,lconstrtot F F
 FNAMneb npath fin_neb.gin                                                                                0           0
 **********construction du reseau************
 repetition de mailles           1           1           1
 izonr,zlmin,rut           5   64.512000000000000        11.116108836436201     
 nox,noy,noz dans .din =           4           4           4
celsizes   0.8064000E-07  0.8064000E-07  0.8064000E-07
fin_neb.gin                                                                     volume= 0.33560740D-19 cm3  0.33560740D+05 Ang3
 natperc im/noxyz         320          32
 ltabvois,lconstrtot F F

  -------------------------------------------------------------------
              definition des rayons de coupure
 paire            1
 calpoeam Minrho Maxrho   -1.4711099804881778        9.2672924683822253E-002
 calpoeam Rhomin Rhomax   -20.595539726834488        1.2974209455735115     
 calpoeam ktorho and the inverse:    1.0946480336204000E-003   913.53564733737801     
 NEB: deplacement max entre configurations =    1.1183600829524103       pour l atome         2049
 NEB: The kspring is in the eV/A^2                          :     1.00000
 NEB: The kspring is in the NDM internal units (cgs)  : 16021.76463
 NEB: nebrelaxation /= 1
 NEB: relaxation NEB pour TOUS les atomes
 NEB: -------this is NEB--V2-------
 NEB: The MAX steps in NEB        :         100
NEB:===============================================
NEB:pas-neb image    force      force_NEB          energie      statut    energie/stable
NEB:     1    2   0.54244       0.41549E-14    -6881.990883      0 0.15681743    
NEB:     1    3   0.73361       0.47280E-14    -6881.874560      0 0.27314002    
NEB:     1    4   0.54244       0.57309E-15    -6881.990829      0 0.15687102    
NEB:===============================================
NEB:pas-neb image    force      force_NEB          energie      statut    energie/stable
NEB:     2    2   0.43294       0.79709E-04    -6882.008281      0 0.13941877    
NEB:     2    3   0.58088       0.10282E-06    -6881.903382      0 0.24431773    
NEB:     2    4   0.43294       0.79629E-04    -6882.008234      0 0.13946645    
NEB:===============================================
NEB:pas-neb image    force      force_NEB          energie      statut    energie/stable
NEB:     3    2   0.27024       0.90206E-03    -6882.029340      0 0.11836026    
NEB:     3    3   0.35299       0.92488E-05    -6881.937539      0 0.21016088    
NEB:     3    4   0.27026       0.91065E-03    -6882.029302      0 0.11839831    
NEB:===============================================
NEB:pas-neb image    force      force_NEB          energie      statut    energie/stable
NEB:     4    2   0.10855       0.42479E-02    -6882.045658      0 0.10204238    
NEB:     4    3   0.12968       0.21066E-04    -6881.962673      0 0.18502731    
NEB:     4    4   0.10862       0.42725E-02    -6882.045632      0 0.10206820    
NEB:===============================================
NEB:pas-neb image    force      force_NEB          energie      statut    energie/stable
NEB:     5    2   0.12144       0.11878E-01    -6882.054187      0 0.93513374E-01
NEB:     5    3   0.14141       0.17925E-04    -6881.974143      0 0.17355692    
NEB:     5    4   0.12145       0.11894E-01    -6882.054169      0 0.93530855E-01
NEB:===============================================
NEB:pas-neb image    force      force_NEB          energie      statut    energie/stable
NEB:     6    2   0.88345E-01   0.15374E-01    -6882.059297      0 0.88402904E-01
NEB:     6    3   0.10605       0.52818E-05    -6881.981082      0 0.16661863    
NEB:     6    4   0.88380E-01   0.15361E-01    -6882.059283      0 0.88417403E-01
NEB:===============================================
NEB:pas-neb image    force      force_NEB          energie      statut    energie/stable
NEB:     7    2   0.50432E-01   0.21803E-01    -6882.062745      1 0.84955038E-01
NEB:     7    3   0.64080E-01   0.72260E-05    -6881.985374      1 0.16232615    
NEB:     7    4   0.50422E-01   0.21793E-01    -6882.062730      1 0.84970307E-01
NEB:=== bye,bye sweety is finished=================
NEB:===============================================
NEB:--IMAGE-----REACT-COORD------ENERGY------ENERGY-ENERGY(1)-------------STRESS-sVoigt(1:6)-(units:-d/cm2)
    1       0.0000000           -6882.1477            0.0000000           0.82344326E+09       0.78652994E+09       0.78652994E+09        1041.9918            9674.8382            9674.8382    
    2      0.24927228           -6882.0627           0.84955038E-01       0.82117115E+09       0.78373557E+09       0.81134414E+09       -7835.3659            13138.086            22865215.    
    3      0.50000262           -6881.9854           0.16232615           0.81574958E+09       0.81574065E+09       0.81752276E+09        13094.780           -8771.8648            35651855.    
    4      0.75073178           -6882.0627           0.84970307E-01       0.78378252E+09       0.82119596E+09       0.81131758E+09       -5355.6694            2489.5550            22901554.    
    5       1.0000000           -6882.1477           0.11995154E-04       0.78653755E+09       0.82351736E+09       0.78656961E+09        14372.761            6719.4940           -5537.5263    
 -------------------------------------------
          Min .. et .. Max
E: -6882.148     -6881.985    
          1 .. et .. NPATH
B: -6882.148     -6882.148    
les diffs
 1-NPATH    :  -1.1995153727184515E-005
 -------------------------------------------
 MAX-1      :  0.16232614588261640     
 MAX-NPATH  :  0.16231415072888922     
