#  1: (i-1)/(nPath-1)
#  2: energy E(i) (eV)
#  3: energy difference E(i)-E(1) (eV)
#  4: stess s(1,1) (kbar )
#  5:       s(2,2)
#  6:       s(3,3)
#  7:       s(2,3)
#  8:       s(1,3)
#  9:       s(1,2)
       0.0000000           -4590.1533            0.0000000            112.73833            112.73833            112.73833          -0.32057495E-04      -0.32057495E-04      -0.32057495E-04
      0.10000000           -4589.9575           0.19580401            112.81482            112.81482            112.88743           0.47879918E-03       0.47879918E-03      -0.13221595E-03
      0.20000000           -4589.3400           0.81327197            113.10296            113.10296            113.05708          -0.15956876E-03      -0.15956876E-03      -0.11836956E-03
      0.30000000           -4588.4144            1.7388595            113.47093            113.47093            112.92011          -0.40348640E-03      -0.40348640E-03      -0.56098291E-03
      0.40000000           -4587.6294            2.5239013            113.73750            113.73750            112.76996          -0.46469202E-03      -0.46469202E-03      -0.30532883E-03
      0.50000000           -4587.3270            2.8262357            113.90214            113.90214            112.73823          -0.21590092E-04      -0.21590092E-04       0.36768455E-03
      0.60000000           -4587.6428            2.5104405            113.73276            113.73276            112.77211          -0.52175894E-03      -0.52175894E-03      -0.75161058E-03
      0.70000000           -4588.4665            1.6867835            113.45246            113.45246            112.93687          -0.43075951E-03      -0.43075951E-03      -0.19331856E-03
      0.80000000           -4589.3778           0.77548936            113.08702            113.08702            113.05280           0.33201165E-03       0.33201165E-03      -0.28639924E-03
      0.90000000           -4589.9724           0.18089150            112.80779            112.80779            112.87960          -0.45305188E-05      -0.45305191E-05       0.83239701E-04
       1.0000000           -4590.1533           0.13971230E-05        112.73782            112.73782            112.73788           0.69431027E-05       0.69431027E-05       0.17179455E-04
