 Process            0  of            9  is alive
 Process            1  of            9  is alive
 Process            2  of            9  is alive
 Process            3  of            9  is alive
 Process            4  of            9  is alive
 Process            5  of            9  is alive
 Process            6  of            9  is alive
 Process            7  of            9  is alive
 Process            8  of            9  is alive
 nom fichier din=
 NiAlneb.din                                                                    
  
 rang readdm iseed            1  1828490151
 rang readdm iseed            2  1828490161
 rang readdm iseed            3  1828490171
 
 coordinates can get out of  0-1
 along  a
 along  b
 along  c
 
 -------- caracteristiques du run DM-------- 9
      DRAG OR NEB DYNAMICS 
 generation du crystal ; puis run
 
      ANALYSES 
 itetemp=          -1  iteprtsigma=           1
 
      CONTROLES 
 rang readdm iseed            4  1828490181
 rang readdm iseed            5  1828490191
 rang readdm iseed            6  1828490201
 rang readdm iseed            7  1828490211
 rang readdm iseed            8  1828490221
tstep=  0.100D-14
 itmax=           1 timemax=    10000000000.0000       itab=           1 
  itetimestep=          -1
tinit=      -1.0
tempdeplainit=      -1.0
debyetemp=      -1.0
  ----------------------------------
 
 
 nb de potentiels           1
 ipotentiel          10
 fmt_cin           1
 rang readdm iseed            0  1828490141
 PARANEB           1
 
 -*-*-*-*-*-*-*POTENTIELS*-*-*-*-*-
 
 
 POTENTIEL EAM
 
 PARANEB           1
 PARANEB           1
 PARANEB           1
 PARANEB           1
 PARANEB           1
 PARANEB           1
 PARANEB           1
 PARANEB           1
 NTYP NPAIR            2           3
 Types d_atomes pour ce potentiel:
 CM, masse,type, NUMERO DU TYPE D ATOME
   1   56.693   28.000  Ni 
   2   26.982   13.000  Al 
 nb de read pairs           3
 nptmax in the max number of points on grid          6300
 EAM           1           1
 EAM number of points in potin and the step        6300  7.957506165079365E-004
 dens           1           1
 RHO potin points and the step:         6300  1.000000000000000E-003
 EAM           2           2
 EAM number of points in potin and the step        6300  7.957506165079365E-004
 dens           2           2
 RHO potin points and the step:         6300  1.000000000000000E-003
 paire eam ; paire complete           1           1
 rep
 paire eam ; paire complete           2           2
 rep
 paire eam ; paire complete           3           3
 rep
 FNAMneb 1 
 deb_NiAlneb.gin                                                                
             1        1050
 **********construction du reseau************
 repetition de mailles           1           1           1
 nox,noy,noz dans .din =          -1          -1          -1
 calcul de nox noy noz !!!
nox noy noz calcules a partir de ru
  nox = Int(   0.2220E-06/  0.6300E-07) = 3
  noy = Int(   0.2220E-06/  0.6300E-07) = 3
  noz = Int(   0.2220E-06/  0.6300E-07) = 3
celsizes   0.7399905E-07  0.7399905E-07  0.7399905E-07
deb_NiAlneb.gin                                                                 volume= 0.10940628D-19 cm3  0.10940628D+05 Ang3
 natperc im/noxyz         111          37
 ltabvois F
 **********construction du reseau************
 repetition de mailles           1           1           1
 nox,noy,noz dans .din =          -1          -1          -1
 calcul de nox noy noz !!!
nox noy noz calcules a partir de ru
  nox = Int(   0.2220E-06/  0.6300E-07) = 3
  noy = Int(   0.2220E-06/  0.6300E-07) = 3
  noz = Int(   0.2220E-06/  0.6300E-07) = 3
celsizes   0.7399905E-07  0.7399905E-07  0.7399905E-07
fin_NiAlneb.gin                                                                 volume= 0.10940628D-19 cm3  0.10940628D+05 Ang3
 natperc im/noxyz         111          37
 ltabvois F
 
  -------------------------------------------------------------------
              2nd step of potential initialization , dependancy on box size
 calpoeam ktorho and the inverse:   2.506216566691746E-004
  2.506216566691746E-004   3990.07816519232        3990.07816519232     
 calpoeam ktorho and the inverse:   2.506216566691746E-004
  2.506216566691746E-004   3990.07816519232        3990.07816519232     
 NEB: deplacement max entre configurations =    2.86032732223615      
  pour l atome            1
 NEB: The kspring is in the eV/A^2                          :     1.00000
 NEB: The kspring is in the NDM internal units (cgs)  : 16021.76463
 NEB: nebrelaxation /= 1
 NEB: relaxation NEB pour TOUS les atomes
 NEB: -------this is NEB--V2-------
 NEB: The MAX steps in NEB        :         100
 ("NEB:===============================================")
 ("NEB:pas-neb image    force      force_NEB          energie      statut    ene
 rgie/stable")
NEB:     1    9    1.6181       0.71636E-15    -4588.644668      0  1.5086149    
NEB:     1   10   0.73373       0.71636E-16    -4589.732768      0 0.42051489    
NEB:     1    8    2.4619       0.19342E-14    -4587.288545      0  2.8647374    
NEB:     1    7    3.0635       0.20774E-14    -4586.216974      0  3.9363085    
NEB:     1    6    3.2812       0.21491E-15    -4585.820387      0  4.3328958    
NEB:     1    2   0.73706       0.71636E-16    -4589.731701      0 0.42158217    
NEB:     1    3    1.6235       0.21491E-15    -4588.641457      0  1.5118263    
NEB:     1    4    2.4663       0.71636E-15    -4587.284899      0  2.8683836    
NEB:     1    5    3.0650       0.42982E-15    -4586.215234      0  3.9380490    
 ("NEB:===============================================")
 ("NEB:pas-neb image    force      force_NEB          energie      statut    ene
 rgie/stable")
NEB:     2    9    1.2377       0.11568E-03    -4588.835341      0  1.3179422    
NEB:     2   10   0.59510       0.96966E-04    -4589.780508      0 0.37277473    
NEB:     2    8    1.7920       0.91781E-04    -4587.676296      0  2.4769870    
NEB:     2    7    2.1592       0.42400E-04    -4586.775937      0  3.3773460    
NEB:     2    6    2.2954       0.19433E-03    -4586.447306      0  3.7059765    
NEB:     2    2   0.60096       0.40718E-04    -4589.778455      0 0.37482779    
NEB:     2    3    1.2491       0.11017E-03    -4588.829462      0  1.3238205    
NEB:     2    4    1.8025       0.19759E-03    -4587.669846      0  2.4834370    
NEB:     2    5    2.1629       0.16273E-03    -4586.772820      0  3.3804627    
 ("NEB:===============================================")
 ("NEB:pas-neb image    force      force_NEB          energie      statut    ene
 rgie/stable")
NEB:     3    9   0.71370       0.89689E-03    -4589.024311      0  1.1289716    
NEB:     3   10   0.40533       0.80124E-04    -4589.832109      0 0.32117389    
NEB:     3    8   0.84848       0.15143E-02    -4588.028073      0  2.1252097    
NEB:     3    7   0.85473       0.14923E-02    -4587.253406      0  2.8998766    
NEB:     3    6   0.86345       0.65131E-03    -4586.972318      0  3.1809650    
NEB:     3    2   0.41380       0.33345E-03    -4589.830252      0 0.32303039    
NEB:     3    3   0.72685       0.75563E-03    -4589.019479      0  1.1338035    
NEB:     3    4   0.85699       0.18088E-02    -4588.022960      0  2.1303225    
NEB:     3    5   0.85694       0.18879E-02    -4587.250783      0  2.9024994    
 ("NEB:===============================================")
 ("NEB:pas-neb image    force      force_NEB          energie      statut    ene
 rgie/stable")
NEB:     4    9   0.45168       0.44879E-02    -4589.080201      0  1.0730815    
NEB:     4   10   0.20727       0.67351E-04    -4589.852601      0 0.30068227    
NEB:     4    8   0.61460       0.60124E-02    -4588.105252      0  2.0480304    
NEB:     4    7   0.60676       0.74078E-02    -4587.366309      0  2.7869735    
NEB:     4    6   0.60860       0.51650E-03    -4587.087127      0  3.0661553    
NEB:     4    2   0.20292       0.79724E-03    -4589.852044      0 0.30123885    
NEB:     4    3   0.45309       0.41182E-02    -4589.078186      0  1.0750965    
NEB:     4    4   0.60762       0.71812E-02    -4588.101678      0  2.0516045    
NEB:     4    5   0.60255       0.67451E-02    -4587.364759      0  2.7885237    
 ("NEB:===============================================")
 ("NEB:pas-neb image    force      force_NEB          energie      statut    ene
 rgie/stable")
NEB:     5    9   0.45367       0.36831E-01    -4589.092964      0  1.0603187    
NEB:     5   10   0.27339       0.47480E-02    -4589.836233      0 0.31705009    
NEB:     5    8   0.51942       0.18788E-01    -4588.163834      0  1.9894490    
NEB:     5    7   0.49874       0.26611E-02    -4587.418849      0  2.7344341    
NEB:     5    6   0.49960       0.48048E-03    -4587.143259      0  3.0100234    
NEB:     5    2   0.27010       0.30707E-02    -4589.834488      0 0.31879463    
NEB:     5    3   0.43940       0.34890E-01    -4589.096708      0  1.0565745    
NEB:     5    4   0.51621       0.22537E-01    -4588.149745      0  2.0035374    
NEB:     5    5   0.49718       0.43815E-02    -4587.418305      0  2.7349783    
 ("NEB:===============================================")
 ("NEB:pas-neb image    force      force_NEB          energie      statut    ene
 rgie/stable")
NEB:     6    9   0.36241       0.24940E-01    -4589.139381      0  1.0139018    
NEB:     6   10   0.23552       0.59295E-01    -4589.853186      0 0.30009692    
NEB:     6    8   0.36958       0.76566E-02    -4588.218896      0  1.9343867    
NEB:     6    7   0.35601       0.50432E-03    -4587.463297      0  2.6899858    
NEB:     6    6   0.36007       0.22090E-03    -4587.190524      0  2.9627591    
NEB:     6    2   0.23377       0.62289E-01    -4589.847136      0 0.30614659    
NEB:     6    3   0.35680       0.12101E-01    -4589.140892      0  1.0123909    
NEB:     6    4   0.37207       0.25300E-01    -4588.193495      0  1.9597879    
NEB:     6    5   0.35789       0.80224E-02    -4587.462607      0  2.6906753    
 ("NEB:===============================================")
 ("NEB:pas-neb image    force      force_NEB          energie      statut    ene
 rgie/stable")
NEB:     7    9   0.24431       0.21664E-01    -4589.180317      0 0.97296595    
NEB:     7   10   0.18250       0.57268E-01    -4589.872968      0 0.28031482    
NEB:     7    8   0.22299       0.27496E-02    -4588.261830      0  1.8914531    
NEB:     7    7   0.21786       0.63225E-02    -4587.501288      0  2.6519944    
NEB:     7    6   0.21446       0.34605E-03    -4587.228434      0  2.9248487    
NEB:     7    5   0.22234       0.74854E-02    -4587.500270      0  2.6530132    
NEB:     7    2   0.18432       0.71991E-01    -4589.860593      0 0.29269011    
NEB:     7    3   0.24659       0.20768E-02    -4589.180532      0 0.97275114    
NEB:     7    4   0.23058       0.31988E-01    -4588.225281      0  1.9280016    
 ("NEB:===============================================")
 ("NEB:pas-neb image    force      force_NEB          energie      statut    ene
 rgie/stable")
NEB:     8    9   0.14113       0.19024E-01    -4589.213884      0 0.93939850    
NEB:     8   10   0.12350       0.50805E-01    -4589.890316      0 0.26296671    
NEB:     8    8   0.20101       0.68330E-03    -4588.296936      0  1.8563466    
NEB:     8    7   0.20974       0.97120E-02    -4587.532873      0  2.6204100    
NEB:     8    6   0.23543       0.45642E-03    -4587.256611      0  2.8966722    
NEB:     8    2   0.13011       0.77377E-01    -4589.871458      0 0.28182465    
NEB:     8    3   0.14556       0.16887E-01    -4589.213830      0 0.93945325    
NEB:     8    4   0.22245       0.42141E-01    -4588.249909      0  1.9033738    
NEB:     8    5   0.20967       0.10010E-01    -4587.531781      0  2.6215019    
 ("NEB:===============================================")
 ("NEB:pas-neb image    force      force_NEB          energie      statut    ene
 rgie/stable")
NEB:     9    9   0.13294       0.16304E-01    -4589.239343      0 0.91394031    
NEB:     9   10   0.96811E-01   0.43804E-01    -4589.902986      0 0.25029664    
NEB:     9    8   0.22524       0.17424E-02    -4588.322347      0  1.8309356    
NEB:     9    7   0.15417       0.10364E-01    -4587.555549      0  2.5977343    
NEB:     9    6   0.19413       0.74545E-03    -4587.275622      0  2.8776604    
NEB:     9    2   0.16384       0.85009E-01    -4589.877676      0 0.27560657    
NEB:     9    3   0.11945       0.33038E-01    -4589.239541      0 0.91374182    
NEB:     9    4   0.24838       0.54832E-01    -4588.265922      0  1.8873611    
NEB:     9    5   0.15455       0.14900E-01    -4587.554319      0  2.5989634    
 ("NEB:===============================================")
 ("NEB:pas-neb image    force      force_NEB          energie      statut    ene
 rgie/stable")
NEB:    10    9   0.10223       0.13171E-01    -4589.261654      0 0.89162931    
NEB:    10   10   0.90933E-01   0.42298E-01    -4589.912802      0 0.24048092    
NEB:    10    8   0.15765       0.21248E-02    -4588.343819      0  1.8094635    
NEB:    10    7   0.80140E-01   0.12652E-01    -4587.569969      0  2.5833142    
NEB:    10    6   0.84343E-01   0.91629E-03    -4587.288160      0  2.8651225    
NEB:    10    5   0.88065E-01   0.17847E-01    -4587.568203      0  2.5850796    
NEB:    10    2   0.17947       0.97245E-01    -4589.882102      0 0.27118122    
NEB:    10    3   0.11029       0.49265E-01    -4589.261093      0 0.89219015    
NEB:    10    4   0.17811       0.66251E-01    -4588.279503      0  1.8737796    
 ("NEB:===============================================")
 ("NEB:pas-neb image    force      force_NEB          energie      statut    ene
 rgie/stable")
NEB:    11    9   0.83046E-01   0.67801E-02    -4589.279174      0 0.87410836    
NEB:    11   10   0.64784E-01   0.44790E-01    -4589.922606      0 0.23067641    
NEB:    11    8   0.11283       0.40097E-02    -4588.360618      0  1.7926649    
NEB:    11    6   0.10585       0.23251E-02    -4587.294717      0  2.8585656    
NEB:    11    7   0.78537E-01   0.13875E-01    -4587.580330      0  2.5729527    
NEB:    11    2   0.16843       0.11243        -4589.886843      0 0.26644002    
NEB:    11    3   0.90498E-01   0.66649E-01    -4589.278095      0 0.87518753    
NEB:    11    4   0.11544       0.77342E-01    -4588.288434      0  1.8648491    
NEB:    11    5   0.74452E-01   0.19360E-01    -4587.573650      0  2.5796330    
 ("NEB:===============================================")
 ("NEB:pas-neb image    force      force_NEB          energie      statut    ene
 rgie/stable")
NEB:    12    9   0.10075       0.39968E-02    -4589.294818      0 0.85846486    
NEB:    12   10   0.48350E-01   0.37346E-01    -4589.931192      0 0.22209069    
NEB:    12    6   0.94358E-01   0.71561E-02    -4587.300440      0  2.8528425    
NEB:    12    7   0.82557E-01   0.96646E-02    -4587.590024      0  2.5632586    
NEB:    12    8   0.11010       0.11401E-01    -4588.382510      0  1.7707728    
NEB:    12    2   0.13937       0.11974        -4589.891748      0 0.26153474    
NEB:    12    3   0.86403E-01   0.80286E-01    -4589.292067      0 0.86121608    
NEB:    12    4   0.12119       0.89157E-01    -4588.303428      0  1.8498549    
NEB:    12    5   0.83832E-01   0.18560E-01    -4587.578303      0  2.5749801    
 ("NEB:===============================================")
 ("NEB:pas-neb image    force      force_NEB          energie      statut    ene
 rgie/stable")
NEB:    13    9   0.86361E-01   0.11462E-01    -4589.316629      0 0.83665370    
NEB:    13   10   0.64442E-01   0.28656E-01    -4589.940180      0 0.21310276    
NEB:    13    6   0.78141E-01   0.11850E-01    -4587.304853      0  2.8484298    
NEB:    13    7   0.78590E-01   0.11121E-01    -4587.599213      0  2.5540700    
NEB:    13    8   0.78147E-01   0.31022E-02    -4588.405839      0  1.7474442    
NEB:    13    2   0.10064       0.12107        -4589.896899      0 0.25638373    
NEB:    13    3   0.78647E-01   0.75823E-01    -4589.291769      0 0.86151412    
NEB:    13    4   0.80244E-01   0.79838E-01    -4588.320540      0  1.8327433    
NEB:    13    5   0.80153E-01   0.11455E-01    -4587.582058      0  2.5712249    
 ("NEB:===============================================")
 ("NEB:pas-neb image    force      force_NEB          energie      statut    ene
 rgie/stable")
NEB:    14    9   0.72147E-01   0.11393E-01    -4589.319232      0 0.83405116    
NEB:    14   10   0.68129E-01   0.22145E-01    -4589.943233      0 0.21005001    
NEB:    14    6   0.53136E-01   0.16911E-01    -4587.308204      0  2.8450789    
NEB:    14    7   0.56096E-01   0.12475E-01    -4587.607935      0  2.5453476    
NEB:    14    8   0.84319E-01   0.23901E-02    -4588.429286      0  1.7239973    
NEB:    14    2   0.69201E-01   0.11449        -4589.905445      0 0.24783781    
NEB:    14    3   0.66191E-01   0.60542E-01    -4589.292770      0 0.86051269    
NEB:    14    4   0.84472E-01   0.63313E-01    -4588.338613      0  1.8146700    
NEB:    14    5   0.55663E-01   0.34405E-02    -4587.585135      0  2.5681477    
 ("NEB:===============================================")
 ("NEB:pas-neb image    force      force_NEB          energie      statut    ene
 rgie/stable")
NEB:    15    9   0.62338E-01   0.23596E-01    -4589.322185      0 0.83109767    
NEB:    15   10   0.69937E-01   0.21514E-01    -4589.945215      0 0.20806777    
NEB:    15    8   0.86690E-01   0.21248E-01    -4588.450348      0  1.7029351    
NEB:    15    7   0.58275E-01   0.14998E-01    -4587.616178      0  2.5371051    
NEB:    15    6   0.45616E-01   0.21868E-01    -4587.311102      0  2.8421804    
NEB:    15    2   0.73844E-01   0.98487E-01    -4589.915210      0 0.23807296    
NEB:    15    3   0.66855E-01   0.40362E-01    -4589.293653      0 0.85962978    
NEB:    15    4   0.80292E-01   0.43849E-01    -4588.354977      0  1.7983057    
NEB:    15    5   0.57799E-01   0.64301E-02    -4587.587641      0  2.5656419    
 ("NEB:===============================================")
 ("NEB:pas-neb image    force      force_NEB          energie      statut    ene
 rgie/stable")
NEB:    16    9   0.67568E-01   0.33464E-01    -4589.323401      0 0.82988138    
NEB:    16   10   0.57935E-01   0.19855E-01    -4589.946680      0 0.20660317    
NEB:    16    8   0.77598E-01   0.35738E-01    -4588.454592      0  1.6986911    
NEB:    16    7   0.51364E-01   0.15322E-01    -4587.625000      0  2.5282832    
NEB:    16    6   0.38576E-01   0.26731E-01    -4587.313729      0  2.8395540    
NEB:    16    2   0.76080E-01   0.78100E-01    -4589.925564      0 0.22771840    
NEB:    16    3   0.64728E-01   0.20177E-01    -4589.293487      0 0.85979584    
NEB:    16    4   0.77290E-01   0.27224E-01    -4588.371359      0  1.7819238    
NEB:    16    5   0.51480E-01   0.14660E-01    -4587.590543      0  2.5627401    
 ("NEB:===============================================")
 ("NEB:pas-neb image    force      force_NEB          energie      statut    ene
 rgie/stable")
NEB:    17    9   0.74632E-01   0.35495E-01    -4589.325192      0 0.82809041    
NEB:    17   10   0.41848E-01   0.18516E-01    -4589.947696      0 0.20558709    
NEB:    17    8   0.78644E-01   0.29079E-01    -4588.455346      0  1.6979367    
NEB:    17    7   0.38191E-01   0.32121E-02    -4587.633772      0  2.5195113    
NEB:    17    6   0.42447E-01   0.31414E-01    -4587.316053      0  2.8372299    
NEB:    17    4   0.74096E-01   0.98771E-02    -4588.388325      0  1.7649579    
NEB:    17    5   0.40581E-01   0.21912E-01    -4587.593615      0  2.5596676    
NEB:    17    2   0.70757E-01   0.54389E-01    -4589.930249      0 0.22303349    
NEB:    17    3   0.72660E-01   0.31498E-02    -4589.293855      0 0.85942778    
 ("NEB:===============================================")
 ("NEB:pas-neb image    force      force_NEB          energie      statut    ene
 rgie/stable")
NEB:    18    9   0.52953E-01   0.35721E-01    -4589.327152      0 0.82613099    
NEB:    18   10   0.44898E-01   0.19233E-01    -4589.948392      0 0.20489103    
NEB:    18    8   0.57683E-01   0.22348E-01    -4588.456456      0  1.6968268    
NEB:    18    7   0.40599E-01   0.84740E-02    -4587.636687      0  2.5165957    
NEB:    18    6   0.36166E-01   0.35413E-01    -4587.317933      0  2.8353502    
NEB:    18    2   0.47475E-01   0.46511E-01    -4589.933081      0 0.22020188    
NEB:    18    3   0.52696E-01   0.17304E-01    -4589.294275      0 0.85900775    
NEB:    18    4   0.56231E-01   0.81912E-02    -4588.402933      0  1.7503502    
NEB:    18    5   0.40107E-01   0.28987E-01    -4587.596528      0  2.5567551    
 ("NEB:===============================================")
 ("NEB:pas-neb image    force      force_NEB          energie      statut    ene
 rgie/stable")
NEB:    19    9   0.45946E-01   0.35206E-01    -4589.329436      0 0.82384636    
NEB:    19   10   0.45157E-01   0.20588E-01    -4589.949099      0 0.20418378    
NEB:    19    8   0.67508E-01   0.21435E-01    -4588.457232      0  1.6960504    
NEB:    19    7   0.33139E-01   0.73739E-02    -4587.637544      0  2.5157389    
NEB:    19    6   0.24883E-01   0.32503E-01    -4587.319501      1  2.8337814    
NEB:    19    2   0.55043E-01   0.41104E-01    -4589.933915      0 0.21936786    
NEB:    19    3   0.50168E-01   0.27573E-01    -4589.294926      0 0.85835699    
NEB:    19    4   0.62829E-01   0.19517E-01    -4588.404551      0  1.7487314    
NEB:    19    5   0.35950E-01   0.32160E-01    -4587.598807      0  2.5544754    
 ("NEB:===============================================")
 ("NEB:pas-neb image    force      force_NEB          energie      statut    ene
 rgie/stable")
NEB:    20    9   0.46918E-01   0.32713E-01    -4589.332648      0 0.82063470    
NEB:    20   10   0.42335E-01   0.22536E-01    -4589.949903      0 0.20337998    
NEB:    20    8   0.76061E-01   0.18651E-01    -4588.457450      0  1.6958329    
NEB:    20    7   0.34642E-01   0.56208E-02    -4587.638421      0  2.5148617    
NEB:    20    6   0.24208E-01   0.28988E-01    -4587.320799      1  2.8324835    
NEB:    20    2   0.56343E-01   0.40262E-01    -4589.934601      0 0.21868173    
NEB:    20    3   0.44416E-01   0.29210E-01    -4589.296479      0 0.85680400    
NEB:    20    4   0.67711E-01   0.18243E-01    -4588.405825      0  1.7474581    
NEB:    20    5   0.35670E-01   0.29544E-01    -4587.601041      0  2.5522414    
 ("NEB:===============================================")
 ("NEB:pas-neb image    force      force_NEB          energie      statut    ene
 rgie/stable")
NEB:    21    9   0.63749E-01   0.29143E-01    -4589.336471      0 0.81681178    
NEB:    21   10   0.36655E-01   0.24597E-01    -4589.950832      0 0.20245102    
NEB:    21    7   0.32504E-01   0.47869E-02    -4587.639000      0  2.5142827    
NEB:    21    8   0.56821E-01   0.14367E-01    -4588.458014      0  1.6952686    
NEB:    21    6   0.29362E-01   0.25056E-01    -4587.321883      1  2.8314003    
NEB:    21    2   0.54802E-01   0.40056E-01    -4589.935321      0 0.21796177    
NEB:    21    3   0.60308E-01   0.29476E-01    -4589.299688      0 0.85359434    
NEB:    21    4   0.49887E-01   0.15722E-01    -4588.406356      0  1.7469272    
NEB:    21    5   0.34014E-01   0.25910E-01    -4587.603231      0  2.5500522    
 ("NEB:===============================================")
 ("NEB:pas-neb image    force      force_NEB          energie      statut    ene
 rgie/stable")
NEB:    22    9   0.68284E-01   0.26649E-01    -4589.341256      0 0.81202710    
NEB:    22   10   0.40315E-01   0.25940E-01    -4589.952155      0 0.20112812    
NEB:    22    8   0.35776E-01   0.11648E-01    -4588.458627      0  1.6946557    
NEB:    22    6   0.25768E-01   0.20542E-01    -4587.322816      1  2.8304672    
NEB:    22    7   0.32408E-01   0.29980E-02    -4587.639532      0  2.5137507    
NEB:    22    2   0.50105E-01   0.40952E-01    -4589.936709      0 0.21657344    
NEB:    22    3   0.64602E-01   0.27568E-01    -4589.303733      0 0.84955014    
NEB:    22    4   0.33625E-01   0.11831E-01    -4588.406427      0  1.7468561    
NEB:    22    5   0.31118E-01   0.21654E-01    -4587.605598      0  2.5476851    
 ("NEB:===============================================")
 ("NEB:pas-neb image    force      force_NEB          energie      statut    ene
 rgie/stable")
NEB:    23    9   0.64553E-01   0.22368E-01    -4589.346605      0 0.80667742    
NEB:    23   10   0.45871E-01   0.28088E-01    -4589.953949      0 0.19933408    
NEB:    23    8   0.37655E-01   0.83894E-02    -4588.458912      0  1.6943712    
NEB:    23    7   0.38255E-01   0.92866E-03    -4587.640177      0  2.5131059    
NEB:    23    6   0.20931E-01   0.15578E-01    -4587.323650      1  2.8296333    
NEB:    23    2   0.41524E-01   0.41911E-01    -4589.938341      0 0.21494206    
NEB:    23    3   0.61055E-01   0.24019E-01    -4589.308225      0 0.84505782    
NEB:    23    4   0.32542E-01   0.66629E-02    -4588.406186      0  1.7470971    
NEB:    23    5   0.36510E-01   0.16682E-01    -4587.608204      0  2.5450786    
 ("NEB:===============================================")
 ("NEB:pas-neb image    force      force_NEB          energie      statut    ene
 rgie/stable")
NEB:    24    9   0.49392E-01   0.17951E-01    -4589.352255      0 0.80102757    
NEB:    24   10   0.46008E-01   0.28445E-01    -4589.956232      0 0.19705111    
NEB:    24    8   0.31773E-01   0.42999E-02    -4588.459194      0  1.6940889    
NEB:    24    6   0.16700E-01   0.10392E-01    -4587.324431      1  2.8288515    
NEB:    24    7   0.32528E-01   0.66889E-03    -4587.641163      0  2.5121194    
NEB:    24    2   0.44358E-01   0.42935E-01    -4589.940652      0 0.21263052    
NEB:    24    3   0.49684E-01   0.19902E-01    -4589.312984      0 0.84029903    
NEB:    24    4   0.33994E-01   0.47327E-03    -4588.405818      0  1.7474646    
NEB:    24    5   0.33902E-01   0.10772E-01    -4587.611282      0  2.5420013    
 ("NEB:===============================================")
 ("NEB:pas-neb image    force      force_NEB          energie      statut    ene
 rgie/stable")
NEB:    25    9   0.30551E-01   0.13818E-01    -4589.358128      0 0.79515499    
NEB:    25   10   0.44924E-01   0.27900E-01    -4589.958815      0 0.19446805    
NEB:    25    8   0.28867E-01   0.28430E-04    -4588.459579      1  1.6937037    
NEB:    25    7   0.21582E-01   0.18445E-02    -4587.642096      1  2.5111868    
NEB:    25    6   0.16627E-01   0.48051E-02    -4587.325179      1  2.8281037    
NEB:    25    2   0.47926E-01   0.42072E-01    -4589.943148      0 0.21013515    
NEB:    25    3   0.34115E-01   0.16341E-01    -4589.317937      0 0.83534571    
NEB:    25    4   0.32566E-01   0.64634E-02    -4588.406225      0  1.7470574    
NEB:    25    5   0.25194E-01   0.36620E-02    -4587.614513      1  2.5387694    
 ("NEB:===============================================")
 ("NEB:pas-neb image    force      force_NEB          energie      statut    ene
 rgie/stable")
NEB:    26    9   0.31088E-01   0.95356E-02    -4589.364396      0 0.78888634    
NEB:    26   10   0.39969E-01   0.26942E-01    -4589.961761      0 0.19152213    
NEB:    26    8   0.29806E-01   0.46179E-02    -4588.460788      1  1.6924948    
NEB:    26    6   0.15804E-01   0.97015E-03    -4587.325825      1  2.8274577    
NEB:    26    7   0.22749E-01   0.30521E-02    -4587.643034      1  2.5102489    
NEB:    26    2   0.46666E-01   0.41106E-01    -4589.946137      0 0.20714624    
NEB:    26    3   0.35319E-01   0.13478E-01    -4589.323095      0 0.83018808    
NEB:    26    4   0.27079E-01   0.12286E-01    -4588.407563      1  1.7457197    
NEB:    26    5   0.20051E-01   0.31581E-02    -4587.615696      1  2.5375870    
 ("NEB:===============================================")
 ("NEB:pas-neb image    force      force_NEB          energie      statut    ene
 rgie/stable")
NEB:    27    6   0.18458E-01   0.78976E-03    -4587.326389      1  2.8268943    
NEB:    27    7   0.23318E-01   0.27502E-02    -4587.643918      1  2.5093652    
NEB:    27    8   0.31804E-01   0.86043E-02    -4588.462619      0  1.6906641    
NEB:    27    9   0.31999E-01   0.56223E-02    -4589.370591      0 0.78269168    
NEB:    27   10   0.31249E-01   0.25281E-01    -4589.965102      0 0.18818100    
NEB:    27    2   0.42191E-01   0.38703E-01    -4589.949511      0 0.20377154    
NEB:    27    3   0.29389E-01   0.11471E-01    -4589.328405      1 0.82487798    
NEB:    27    4   0.29538E-01   0.14884E-01    -4588.409539      1  1.7437441    
NEB:    27    5   0.21589E-01   0.29832E-02    -4587.616378      1  2.5369047    
 ("NEB:===============================================")
 ("NEB:pas-neb image    force      force_NEB          energie      statut    ene
 rgie/stable")
NEB:    28    6   0.20324E-01   0.58293E-03    -4587.326862      1  2.8264209    
NEB:    28    7   0.23278E-01   0.28886E-02    -4587.644809      1  2.5084743    
NEB:    28    8   0.26458E-01   0.11701E-01    -4588.464616      1  1.6886670    
NEB:    28    9   0.23118E-01   0.27863E-02    -4589.375957      1 0.77732587    
NEB:    28   10   0.20413E-01   0.22152E-01    -4589.968694      1 0.18458913    
NEB:    28    2   0.30957E-01   0.35261E-01    -4589.953326      0 0.19995642    
NEB:    28    3   0.20411E-01   0.10104E-01    -4589.333919      1 0.81936398    
NEB:    28    4   0.30222E-01   0.16910E-01    -4588.411684      0  1.7415988    
NEB:    28    5   0.23635E-01   0.23710E-02    -4587.616889      1  2.5363935    
 ("NEB:===============================================")
 ("NEB:pas-neb image    force      force_NEB          energie      statut    ene
 rgie/stable")
NEB:    29    9   0.22427E-01   0.29198E-02    -4589.376783      1 0.77649982    
NEB:    29   10   0.19235E-01   0.16942E-01    -4589.972406      1 0.18087731    
NEB:    29    8   0.26980E-01   0.13351E-01    -4588.466646      1  1.6866369    
NEB:    29    7   0.21875E-01   0.29929E-02    -4587.645567      1  2.5077157    
NEB:    29    6   0.18728E-01   0.19121E-03    -4587.327249      1  2.8260342    
NEB:    29    2   0.19764E-01   0.30160E-01    -4589.957488      1 0.19579439    
NEB:=== bye,bye sweety is finished=================
NEB:===============================================
NEB:    29    3   0.21264E-01   0.91540E-02    -4589.339123      1 0.81415986    
NEB:    29    4   0.26619E-01   0.18928E-01    -4588.413940      1  1.7393426    
NEB:    29    5   0.21433E-01   0.14279E-02    -4587.617229      1  2.5360543    
NEB:--IMAGE-----REACT-COORD------ENERGY------ENERGY-ENERGY(1)-------------STRESS-sVoigt(1:6)-(units:-kbar )
    1       0.0000000           -4590.1533            0.0000000            112.73833            112.73833            112.73833          -0.32057495E-04      -0.32057495E-04      -0.32057495E-04
    2      0.75490386E-01       -4589.9575           0.19579439            112.81455            112.81455            112.88723           0.53169163E-03       0.53169163E-03      -0.30558787E-04
    3      0.17395648           -4589.3391           0.81415986            113.10333            113.10333            113.05651          -0.11351686E-03      -0.11351686E-03      -0.16182685E-03
    4      0.28320026           -4588.4139            1.7393426            113.47148            113.47148            112.91970          -0.66050365E-03      -0.66050365E-03      -0.47123717E-03
    5      0.39257996           -4587.6172            2.5360543            113.74273            113.74273            112.76776          -0.49196052E-03      -0.49196052E-03      -0.63217008E-03
    6      0.50265523           -4587.3272            2.8260342            113.90164            113.90164            112.73730           0.10638655E-03       0.10638655E-03       0.71536620E-03
    7      0.61277558           -4587.6456            2.5077157            113.73164            113.73164            112.77364          -0.21643589E-03      -0.21643589E-03      -0.76289575E-03
    8      0.72271291           -4588.4666            1.6866369            113.45219            113.45219            112.93646          -0.44293699E-03      -0.44293699E-03      -0.14726437E-03
    9      0.83081558           -4589.3768           0.77649982            113.08681            113.08681            113.05207           0.74865198E-04       0.74865198E-04      -0.23074584E-03
   10      0.92771019           -4589.9724           0.18087731            112.80785            112.80785            112.87961           0.27195826E-04       0.27195826E-04       0.95047617E-05
   11       1.0000000           -4590.1533           0.13971230E-05        112.73782            112.73782            112.73788           0.69431027E-05       0.69431027E-05       0.17179455E-04
 -------------------------------------------
          Min .. et .. Max
E: -4590.153     -4587.327    
          1 .. et .. NPATH
B: -4590.153     -4590.153    
les diffs
 1-NPATH    : -1.397123014612589E-006
 -------------------------------------------
 MAX-1      :   2.82603415268477     
 MAX-NPATH  :   2.82603275556176     
