 Process            0  of            9  is alive
 Process            1  of            9  is alive
 Process            2  of            9  is alive
 Process            3  of            9  is alive
 Process            4  of            9  is alive
 Process            5  of            9  is alive
 Process            6  of            9  is alive
 Process            7  of            9  is alive
 Process            8  of            9  is alive
 nom fichier din=
 NiAlneb.din                                                                    
  
 
 coordinates can get out of  0-1
 along  a
 along  b
 along  c
 
 -------- caracteristiques du run DM-------- 9
      DRAG OR NEB DYNAMICS 
 generation du crystal ; puis run
 
      ANALYSES 
 itetemp=          -1  iteprtsigma=           1
 
      CONTROLES 
tstep=  0.100D-14
 itmax=           1 timemax=    10000000000.0000       itab=           1 
  itetimestep=          -1
tinit=      -1.0
 rang readdm iseed            1  1829383409
 rang readdm iseed            2  1829383419
 rang readdm iseed            3  1829383429
 rang readdm iseed            4  1829383439
 rang readdm iseed            5  1829383449
 rang readdm iseed            6  1829383459
 rang readdm iseed            7  1829383469
 rang readdm iseed            8  1829383479
tempdeplainit=      -1.0
debyetemp=      -1.0
  ----------------------------------
 
 
 nb de potentiels           1
 ipotentiel          10
 fmt_cin           1
 rang readdm iseed            0  1829383400
 PARANEB           1
 
 -*-*-*-*-*-*-*POTENTIELS*-*-*-*-*-
 
 
 POTENTIEL EAM
 
 PARANEB           1
 PARANEB           1
 PARANEB           1
 PARANEB           1
 PARANEB           1
 PARANEB           1
 PARANEB           1
 PARANEB           1
 NTYP NPAIR            2           3
 Types d_atomes pour ce potentiel:
 CM, masse,type, NUMERO DU TYPE D ATOME
   1   56.693   28.000  Ni 
   2   26.982   13.000  Al 
 nb de read pairs           3
 nptmax in the max number of points on grid          6300
 EAM           1           1
 EAM number of points in potin and the step        6300  7.957506165079365E-004
 dens           1           1
 RHO potin points and the step:         6300  1.000000000000000E-003
 EAM           2           2
 EAM number of points in potin and the step        6300  7.957506165079365E-004
 dens           2           2
 RHO potin points and the step:         6300  1.000000000000000E-003
 paire eam ; paire complete           1           1
 rep
 paire eam ; paire complete           2           2
 rep
 paire eam ; paire complete           3           3
 rep
 FNAMneb 1 
 deb_NiAlneb.gin                                                                
             1        1050
 **********construction du reseau************
 repetition de mailles           1           1           1
 nox,noy,noz dans .din =          -1          -1          -1
 calcul de nox noy noz !!!
nox noy noz calcules a partir de ru
  nox = Int(   0.2220E-06/  0.6300E-07) = 3
  noy = Int(   0.2220E-06/  0.6300E-07) = 3
  noz = Int(   0.2220E-06/  0.6300E-07) = 3
celsizes   0.7399905E-07  0.7399905E-07  0.7399905E-07
deb_NiAlneb.gin                                                                 volume= 0.10940628D-19 cm3  0.10940628D+05 Ang3
 natperc im/noxyz         111          37
 ltabvois F
 **********construction du reseau************
 repetition de mailles           1           1           1
 nox,noy,noz dans .din =          -1          -1          -1
 calcul de nox noy noz !!!
nox noy noz calcules a partir de ru
  nox = Int(   0.2220E-06/  0.6300E-07) = 3
  noy = Int(   0.2220E-06/  0.6300E-07) = 3
  noz = Int(   0.2220E-06/  0.6300E-07) = 3
celsizes   0.7399905E-07  0.7399905E-07  0.7399905E-07
fin_NiAlneb.gin                                                                 volume= 0.10940628D-19 cm3  0.10940628D+05 Ang3
 natperc im/noxyz         111          37
 ltabvois F
 
  -------------------------------------------------------------------
              2nd step of potential initialization , dependancy on box size
 calpoeam ktorho and the inverse:   2.506216566691746E-004
  2.506216566691746E-004   3990.07816519232        3990.07816519232     
 calpoeam ktorho and the inverse:   2.506216566691746E-004
  2.506216566691746E-004   3990.07816519232        3990.07816519232     
 NEB: deplacement max entre configurations =    2.86032732223615      
  pour l atome            1
 NEB: The kspring is in the eV/A^2                          :     1.00000
 NEB: The kspring is in the NDM internal units (cgs)  : 16021.76463
 NEB: nebrelaxation /= 1
 NEB: relaxation NEB pour TOUS les atomes
 NEB: -------this is NEB--V2-------
 NEB: The MAX steps in NEB        :         100
 ("NEB:===============================================")
 ("NEB:pas-neb image    force      force_NEB          energie      statut    ene
 rgie/stable")
NEB:     1    9    1.6181       0.71636E-15    -4588.644668      0  1.5086149    
NEB:     1   10   0.73373       0.71636E-16    -4589.732768      0 0.42051489    
NEB:     1    8    2.4619       0.19342E-14    -4587.288545      0  2.8647374    
NEB:     1    7    3.0635       0.20774E-14    -4586.216974      0  3.9363085    
NEB:     1    5    3.0650       0.42982E-15    -4586.215234      0  3.9380490    
NEB:     1    6    3.2812       0.21491E-15    -4585.820387      0  4.3328958    
NEB:     1    2   0.73706       0.71636E-16    -4589.731701      0 0.42158217    
NEB:     1    3    1.6235       0.21491E-15    -4588.641457      0  1.5118263    
NEB:     1    4    2.4663       0.71636E-15    -4587.284899      0  2.8683836    
 ("NEB:===============================================")
 ("NEB:pas-neb image    force      force_NEB          energie      statut    ene
 rgie/stable")
NEB:     2   10   0.59510       0.96966E-04    -4589.780508      0 0.37277473    
NEB:     2    9    1.2377       0.11568E-03    -4588.835341      0  1.3179422    
NEB:     2    8    1.7920       0.91781E-04    -4587.676296      0  2.4769870    
NEB:     2    5    2.1629       0.16273E-03    -4586.772820      0  3.3804627    
NEB:     2    6    2.2954       0.19433E-03    -4586.447306      0  3.7059765    
NEB:     2    7    2.1592       0.42400E-04    -4586.775937      0  3.3773460    
NEB:     2    2   0.60096       0.40718E-04    -4589.778455      0 0.37482779    
 CLIMBING IS TURNED ON, climbing image is number:            6
NEB:     2    3    1.2491       0.11017E-03    -4588.829462      0  1.3238205    
NEB:     2    4    1.8025       0.19759E-03    -4587.669846      0  2.4834370    
 ("NEB:===============================================")
 ("NEB:pas-neb image    force      force_NEB          energie      statut    ene
 rgie/stable")
NEB:     3   10   0.40533       0.80124E-04    -4589.832109      0 0.32117389    
NEB:     3    9   0.71370       0.89689E-03    -4589.024311      0  1.1289716    
NEB:     3    8   0.84848       0.15143E-02    -4588.028073      0  2.1252097    
NEB:     3    7   0.85473       0.14923E-02    -4587.253406      0  2.8998766    
NEB:     3    5   0.85694       0.18879E-02    -4587.250783      0  2.9024994    
NEB:     3    6   0.86345       0.65131E-03    -4586.972318      0  3.1809650    
NEB:     3    2   0.41380       0.33345E-03    -4589.830252      0 0.32303039    
NEB:     3    3   0.72685       0.75563E-03    -4589.019479      0  1.1338035    
NEB:     3    4   0.85699       0.18088E-02    -4588.022960      0  2.1303225    
 ("NEB:===============================================")
 ("NEB:pas-neb image    force      force_NEB          energie      statut    ene
 rgie/stable")
NEB:     4    9   0.45168       0.44879E-02    -4589.080201      0  1.0730815    
NEB:     4   10   0.20727       0.67351E-04    -4589.852601      0 0.30068227    
NEB:     4    8   0.61460       0.60124E-02    -4588.105252      0  2.0480304    
NEB:     4    7   0.60676       0.73843E-02    -4587.366309      0  2.7869736    
NEB:     4    5   0.60255       0.67685E-02    -4587.364759      0  2.7885236    
NEB:     4    6   0.60860       0.56331E-03    -4587.087127      0  3.0661555    
NEB:     4    3   0.45309       0.41182E-02    -4589.078186      0  1.0750965    
NEB:     4    4   0.60762       0.71812E-02    -4588.101678      0  2.0516045    
NEB:     4    2   0.20292       0.79724E-03    -4589.852044      0 0.30123885    
 ("NEB:===============================================")
 ("NEB:pas-neb image    force      force_NEB          energie      statut    ene
 rgie/stable")
NEB:     5    9   0.45367       0.36831E-01    -4589.092964      0  1.0603187    
NEB:     5   10   0.27339       0.47480E-02    -4589.836233      0 0.31705009    
NEB:     5    2   0.27010       0.30707E-02    -4589.834488      0 0.31879463    
NEB:     5    3   0.43940       0.34890E-01    -4589.096708      0  1.0565745    
NEB:     5    4   0.51621       0.22537E-01    -4588.149745      0  2.0035374    
NEB:     5    5   0.49718       0.42984E-02    -4587.418305      0  2.7349778    
NEB:     5    6   0.49956       0.64689E-03    -4587.143259      0  3.0100237    
NEB:     5    7   0.49874       0.27442E-02    -4587.418848      0  2.7344346    
NEB:     5    8   0.51942       0.18788E-01    -4588.163834      0  1.9894490    
 ("NEB:===============================================")
 ("NEB:pas-neb image    force      force_NEB          energie      statut    ene
 rgie/stable")
NEB:     6    9   0.36241       0.24940E-01    -4589.139381      0  1.0139018    
NEB:     6   10   0.23552       0.59295E-01    -4589.853186      0 0.30009692    
NEB:     6    8   0.36958       0.76560E-02    -4588.218896      0  1.9343867    
NEB:     6    5   0.35789       0.78272E-02    -4587.462610      0  2.6906733    
NEB:     6    6   0.36002       0.17059E-03    -4587.190524      0  2.9627591    
NEB:     6    7   0.35600       0.30913E-03    -4587.463295      0  2.6899879    
NEB:     6    2   0.23377       0.62289E-01    -4589.847136      0 0.30614659    
NEB:     6    3   0.35680       0.12101E-01    -4589.140892      0  1.0123909    
NEB:     6    4   0.37207       0.25300E-01    -4588.193495      0  1.9597879    
 ("NEB:===============================================")
 ("NEB:pas-neb image    force      force_NEB          energie      statut    ene
 rgie/stable")
NEB:     7    9   0.24431       0.21664E-01    -4589.180317      0 0.97296595    
NEB:     7   10   0.18250       0.57268E-01    -4589.872968      0 0.28031482    
NEB:     7    8   0.22299       0.27476E-02    -4588.261830      0  1.8914531    
NEB:     7    7   0.21785       0.61244E-02    -4587.501283      0  2.6519996    
NEB:     7    5   0.22235       0.72869E-02    -4587.500275      0  2.6530081    
NEB:     7    6   0.21442       0.74667E-03    -4587.228434      0  2.9248488    
NEB:     7    2   0.18432       0.71991E-01    -4589.860593      0 0.29269011    
NEB:     7    3   0.24659       0.20768E-02    -4589.180532      0 0.97275114    
NEB:     7    4   0.23058       0.31990E-01    -4588.225281      0  1.9280016    
 ("NEB:===============================================")
 ("NEB:pas-neb image    force      force_NEB          energie      statut    ene
 rgie/stable")
NEB:     8    9   0.14113       0.19024E-01    -4589.213884      0 0.93939850    
NEB:     8   10   0.12350       0.50805E-01    -4589.890316      0 0.26296671    
NEB:     8    8   0.20100       0.67885E-03    -4588.296936      0  1.8563468    
NEB:     8    5   0.20968       0.98075E-02    -4587.531790      0  2.6214924    
NEB:     8    6   0.23543       0.87111E-03    -4587.256611      0  2.8966720    
NEB:     8    7   0.20975       0.95091E-02    -4587.532863      0  2.6204199    
NEB:     8    2   0.13011       0.77377E-01    -4589.871458      0 0.28182465    
NEB:     8    3   0.14556       0.16887E-01    -4589.213830      0 0.93945325    
NEB:     8    4   0.22246       0.42145E-01    -4588.249909      0  1.9033736    
 ("NEB:===============================================")
 ("NEB:pas-neb image    force      force_NEB          energie      statut    ene
 rgie/stable")
NEB:     9    9   0.13294       0.16304E-01    -4589.239343      0 0.91394033    
NEB:     9   10   0.96811E-01   0.43804E-01    -4589.902986      0 0.25029664    
NEB:     9    8   0.22523       0.17341E-02    -4588.322347      0  1.8309363    
NEB:     9    7   0.15419       0.10162E-01    -4587.555533      0  2.5977502    
NEB:     9    5   0.15464       0.14699E-01    -4587.554335      0  2.5989481    
NEB:     9    6   0.19414       0.11642E-02    -4587.275623      0  2.8776600    
NEB:     9    2   0.16384       0.85009E-01    -4589.877676      0 0.27560657    
NEB:     9    3   0.11946       0.33038E-01    -4589.239541      0 0.91374180    
NEB:     9    4   0.24839       0.54840E-01    -4588.265922      0  1.8873604    
 ("NEB:===============================================")
 ("NEB:pas-neb image    force      force_NEB          energie      statut    ene
 rgie/stable")
NEB:    10    9   0.10222       0.13171E-01    -4589.261653      0 0.89162935    
NEB:    10   10   0.90933E-01   0.42298E-01    -4589.912802      0 0.24048092    
NEB:    10    8   0.15762       0.21114E-02    -4588.343818      0  1.8094646    
NEB:    10    5   0.88081E-01   0.17656E-01    -4587.568225      0  2.5850581    
NEB:    10    6   0.84275E-01   0.13247E-02    -4587.288161      0  2.8651222    
NEB:    10    7   0.80146E-01   0.12461E-01    -4587.569946      0  2.5833363    
NEB:    10    2   0.17947       0.97245E-01    -4589.882102      0 0.27118122    
NEB:    10    3   0.11029       0.49265E-01    -4589.261093      0 0.89219012    
NEB:    10    4   0.17811       0.66264E-01    -4588.279504      0  1.8737785    
 ("NEB:===============================================")
 ("NEB:pas-neb image    force      force_NEB          energie      statut    ene
 rgie/stable")
NEB:    11    9   0.83046E-01   0.67800E-02    -4589.279174      0 0.87410838    
NEB:    11   10   0.64784E-01   0.44790E-01    -4589.922606      0 0.23067641    
NEB:    11    8   0.11282       0.39899E-02    -4588.360617      0  1.7926663    
NEB:    11    7   0.78514E-01   0.13696E-01    -4587.580300      0  2.5729828    
NEB:    11    5   0.74471E-01   0.19178E-01    -4587.573672      0  2.5796108    
NEB:    11    6   0.10582       0.27259E-02    -4587.294718      0  2.8585652    
NEB:    11    2   0.16843       0.11243        -4589.886843      0 0.26644001    
NEB:    11    3   0.90499E-01   0.66649E-01    -4589.278095      0 0.87518752    
NEB:    11    4   0.11545       0.77361E-01    -4588.288435      0  1.8648477    
 ("NEB:===============================================")
 ("NEB:pas-neb image    force      force_NEB          energie      statut    ene
 rgie/stable")
NEB:    12    9   0.10074       0.39967E-02    -4589.294818      0 0.85846480    
NEB:    12   10   0.48350E-01   0.37346E-01    -4589.931192      0 0.22209069    
NEB:    12    8   0.11010       0.11373E-01    -4588.382507      0  1.7707756    
NEB:    12    5   0.83840E-01   0.18349E-01    -4587.578321      0  2.5749620    
NEB:    12    6   0.94385E-01   0.76093E-02    -4587.300441      0  2.8528419    
NEB:    12    7   0.82533E-01   0.94695E-02    -4587.589985      0  2.5632977    
NEB:    12    2   0.13937       0.11974        -4589.891748      0 0.26153473    
NEB:    12    3   0.86404E-01   0.80286E-01    -4589.292067      0 0.86121613    
NEB:    12    4   0.12120       0.89176E-01    -4588.303431      0  1.8498523    
 ("NEB:===============================================")
 ("NEB:pas-neb image    force      force_NEB          energie      statut    ene
 rgie/stable")
NEB:    13    9   0.86352E-01   0.11461E-01    -4589.316629      0 0.83665380    
NEB:    13   10   0.64441E-01   0.28656E-01    -4589.940180      0 0.21310277    
NEB:    13    8   0.78151E-01   0.30674E-02    -4588.405834      0  1.7474489    
NEB:    13    7   0.78563E-01   0.10881E-01    -4587.599163      0  2.5541203    
NEB:    13    5   0.80169E-01   0.11175E-01    -4587.582079      0  2.5712043    
NEB:    13    6   0.78217E-01   0.12422E-01    -4587.304853      0  2.8484295    
NEB:    13    2   0.10064       0.12107        -4589.896899      0 0.25638373    
NEB:    13    3   0.78649E-01   0.75822E-01    -4589.291769      0 0.86151418    
NEB:    13    4   0.80253E-01   0.79854E-01    -4588.320544      0  1.8327393    
 ("NEB:===============================================")
 ("NEB:pas-neb image    force      force_NEB          energie      statut    ene
 rgie/stable")
NEB:    14    9   0.72146E-01   0.11392E-01    -4589.319232      0 0.83405132    
NEB:    14   10   0.68128E-01   0.22145E-01    -4589.943233      0 0.21005001    
NEB:    14    8   0.84329E-01   0.24332E-02    -4588.429279      0  1.7240041    
NEB:    14    5   0.55705E-01   0.30440E-02    -4587.585162      0  2.5681211    
NEB:    14    6   0.53032E-01   0.17712E-01    -4587.308209      0  2.8450740    
NEB:    14    7   0.56060E-01   0.12134E-01    -4587.607872      0  2.5454111    
NEB:    14    2   0.69201E-01   0.11449        -4589.905445      0 0.24783781    
NEB:    14    3   0.66191E-01   0.60540E-01    -4589.292770      0 0.86051268    
NEB:    14    4   0.84471E-01   0.63330E-01    -4588.338619      0  1.8146642    
 ("NEB:===============================================")
 ("NEB:pas-neb image    force      force_NEB          energie      statut    ene
 rgie/stable")
NEB:    15    9   0.62336E-01   0.23593E-01    -4589.322185      0 0.83109785    
NEB:    15   10   0.69936E-01   0.21514E-01    -4589.945215      0 0.20806776    
NEB:    15    8   0.86693E-01   0.21301E-01    -4588.450338      0  1.7029444    
NEB:    15    5   0.61628E-01   0.70639E-02    -4587.587687      0  2.5655958    
NEB:    15    7   0.58254E-01   0.14412E-01    -4587.616096      0  2.5371864    
NEB:    15    6   0.44891E-01   0.23166E-01    -4587.311114      0  2.8421685    
NEB:    15    2   0.73845E-01   0.98487E-01    -4589.915210      0 0.23807295    
NEB:    15    3   0.66856E-01   0.40359E-01    -4589.293653      0 0.85962983    
NEB:    15    4   0.80313E-01   0.43869E-01    -4588.354985      0  1.7982982    
 ("NEB:===============================================")
 ("NEB:pas-neb image    force      force_NEB          energie      statut    ene
 rgie/stable")
NEB:    16    9   0.67571E-01   0.33460E-01    -4589.323401      0 0.82988163    
NEB:    16   10   0.57934E-01   0.19855E-01    -4589.946680      0 0.20660315    
NEB:    16    8   0.77606E-01   0.35804E-01    -4588.454581      0  1.6987022    
NEB:    16    5   0.52641E-01   0.15622E-01    -4587.590631      0  2.5626523    
NEB:    16    6   0.38624E-01   0.28707E-01    -4587.313739      0  2.8395433    
NEB:    16    7   0.51371E-01   0.14423E-01    -4587.624900      0  2.5283828    
NEB:    16    2   0.76080E-01   0.78100E-01    -4589.925564      0 0.22771840    
NEB:    16    3   0.64729E-01   0.20173E-01    -4589.293488      0 0.85979497    
NEB:    16    4   0.77277E-01   0.27265E-01    -4588.371372      0  1.7819105    
 ("NEB:===============================================")
 ("NEB:pas-neb image    force      force_NEB          energie      statut    ene
 rgie/stable")
NEB:    17    9   0.74633E-01   0.35490E-01    -4589.325192      0 0.82809107    
NEB:    17   10   0.41847E-01   0.18516E-01    -4589.947696      0 0.20558705    
NEB:    17    8   0.78831E-01   0.29161E-01    -4588.455373      0  1.6979096    
NEB:    17    7   0.38188E-01   0.18308E-02    -4587.633645      0  2.5196374    
NEB:    17    5   0.41011E-01   0.23310E-01    -4587.593729      0  2.5595539    
NEB:    17    6   0.42509E-01   0.34360E-01    -4587.316056      0  2.8372273    
NEB:    17    2   0.70758E-01   0.54389E-01    -4589.930250      0 0.22303323    
NEB:    17    3   0.72663E-01   0.31571E-02    -4589.293861      0 0.85942233    
NEB:    17    4   0.74157E-01   0.99506E-02    -4588.388339      0  1.7649436    
 ("NEB:===============================================")
 ("NEB:pas-neb image    force      force_NEB          energie      statut    ene
 rgie/stable")
NEB:    18    9   0.57796E-01   0.35748E-01    -4589.327151      0 0.82613231    
NEB:    18   10   0.44897E-01   0.19233E-01    -4589.948392      0 0.20489102    
NEB:    18    2   0.47465E-01   0.46521E-01    -4589.933084      0 0.22019928    
NEB:    18    3   0.52662E-01   0.17302E-01    -4589.294279      0 0.85900357    
NEB:    18    4   0.56198E-01   0.80968E-02    -4588.402948      0  1.7503350    
NEB:    18    5   0.40353E-01   0.31016E-01    -4587.596674      0  2.5566092    
NEB:    18    6   0.36166E-01   0.39666E-01    -4587.317926      0  2.8353572    
NEB:    18    7   0.40686E-01   0.10464E-01    -4587.636562      0  2.5167206    
NEB:    18    8   0.57699E-01   0.22509E-01    -4588.456476      0  1.6968069    
 ("NEB:===============================================")
 ("NEB:pas-neb image    force      force_NEB          energie      statut    ene
 rgie/stable")
NEB:    19    9   0.45445E-01   0.35223E-01    -4589.329493      0 0.82378989    
NEB:    19   10   0.45150E-01   0.20588E-01    -4589.949099      0 0.20418384    
NEB:    19    8   0.67877E-01   0.21587E-01    -4588.457241      0  1.6960422    
NEB:    19    7   0.33192E-01   0.10261E-01    -4587.637410      0  2.5158726    
NEB:    19    5   0.36319E-01   0.35020E-01    -4587.599015      0  2.5542679    
NEB:    19    6   0.24388E-01   0.38519E-01    -4587.319481      1  2.8338015    
NEB:    19    2   0.55030E-01   0.41108E-01    -4589.933918      0 0.21936525    
NEB:    19    3   0.50120E-01   0.27573E-01    -4589.294931      0 0.85835140    
NEB:    19    4   0.62888E-01   0.19388E-01    -4588.404573      0  1.7487097    
 ("NEB:===============================================")
 ("NEB:pas-neb image    force      force_NEB          energie      statut    ene
 rgie/stable")
NEB:    20    9   0.46905E-01   0.32693E-01    -4589.332662      0 0.82062045    
NEB:    20   10   0.42273E-01   0.22556E-01    -4589.949902      0 0.20338036    
NEB:    20    8   0.76249E-01   0.18790E-01    -4588.457456      0  1.6958271    
NEB:    20    5   0.35545E-01   0.33392E-01    -4587.601317      0  2.5519658    
NEB:    20    6   0.24301E-01   0.37145E-01    -4587.320765      1  2.8325176    
NEB:    20    7   0.34751E-01   0.96048E-02    -4587.638261      0  2.5150218    
NEB:    20    2   0.56323E-01   0.40268E-01    -4589.934604      0 0.21867915    
NEB:    20    3   0.44367E-01   0.29211E-01    -4589.296477      0 0.85680567    
NEB:    20    4   0.67786E-01   0.18064E-01    -4588.405873      0  1.7474103    
 ("NEB:===============================================")
 ("NEB:pas-neb image    force      force_NEB          energie      statut    ene
 rgie/stable")
NEB:    21    9   0.63738E-01   0.29130E-01    -4589.336491      0 0.81679213    
NEB:    21   10   0.36624E-01   0.24611E-01    -4589.950831      0 0.20245206    
NEB:    21    8   0.57397E-01   0.14529E-01    -4588.458010      0  1.6952724    
NEB:    21    7   0.33009E-01   0.99899E-02    -4587.638784      0  2.5144986    
NEB:    21    5   0.33600E-01   0.30939E-01    -4587.603597      0  2.5496858    
NEB:    21    6   0.29205E-01   0.35677E-01    -4587.321829      1  2.8314538    
NEB:    21    2   0.54780E-01   0.40057E-01    -4589.935322      0 0.21796038    
NEB:    21    3   0.60286E-01   0.29465E-01    -4589.299684      0 0.85359932    
NEB:    21    4   0.49962E-01   0.15485E-01    -4588.406424      0  1.7468585    
 ("NEB:===============================================")
 ("NEB:pas-neb image    force      force_NEB          energie      statut    ene
 rgie/stable")
NEB:    22    9   0.69267E-01   0.26622E-01    -4589.341226      0 0.81205728    
NEB:    22   10   0.40310E-01   0.25956E-01    -4589.952155      0 0.20112770    
NEB:    22    8   0.34790E-01   0.11868E-01    -4588.458629      0  1.6946537    
NEB:    22    5   0.31240E-01   0.28004E-01    -4587.606085      0  2.5471983    
NEB:    22    6   0.25766E-01   0.33983E-01    -4587.322740      1  2.8305431    
NEB:    22    7   0.31184E-01   0.95566E-02    -4587.639197      0  2.5140854    
NEB:    22    2   0.50086E-01   0.40949E-01    -4589.936709      0 0.21657393    
NEB:    22    3   0.64630E-01   0.27590E-01    -4589.303728      0 0.84955444    
NEB:    22    4   0.33289E-01   0.11549E-01    -4588.406520      0  1.7467629    
 ("NEB:===============================================")
 ("NEB:pas-neb image    force      force_NEB          energie      statut    ene
 rgie/stable")
NEB:    23    7   0.38016E-01   0.88668E-02    -4587.639655      0  2.5136275    
NEB:    23    8   0.36298E-01   0.87231E-02    -4588.458872      0  1.6944112    
NEB:    23    9   0.65223E-01   0.22480E-01    -4589.346575      0 0.80670788    
NEB:    23   10   0.46425E-01   0.27992E-01    -4589.953902      0 0.19938128    
NEB:    23    6   0.20892E-01   0.31946E-01    -4587.323547      1  2.8297358    
NEB:    23    5   0.37035E-01   0.24368E-01    -4587.608862      0  2.5444209    
NEB:    23    2   0.41495E-01   0.41907E-01    -4589.938337      0 0.21494560    
NEB:    23    3   0.61141E-01   0.24058E-01    -4589.308229      0 0.84505426    
NEB:    23    4   0.32423E-01   0.62734E-02    -4588.406295      0  1.7469883    
 ("NEB:===============================================")
 ("NEB:pas-neb image    force      force_NEB          energie      statut    ene
 rgie/stable")
NEB:    24    9   0.49635E-01   0.17953E-01    -4589.352223      0 0.80105969    
NEB:    24   10   0.46481E-01   0.28567E-01    -4589.956174      0 0.19710909    
NEB:    24    8   0.34086E-01   0.48039E-02    -4588.459137      0  1.6941461    
NEB:    24    7   0.32930E-01   0.85099E-02    -4587.640371      0  2.5129115    
NEB:    24    6   0.16878E-01   0.29670E-01    -4587.324291      1  2.8289915    
NEB:    24    5   0.33896E-01   0.19773E-01    -4587.612168      0  2.5411149    
NEB:    24    2   0.44652E-01   0.42933E-01    -4589.940668      0 0.21261464    
NEB:    24    3   0.49840E-01   0.19939E-01    -4589.312996      0 0.84028690    
NEB:    24    4   0.33945E-01   0.74867E-04    -4588.405948      0  1.7473345    
 ("NEB:===============================================")
 ("NEB:pas-neb image    force      force_NEB          energie      statut    ene
 rgie/stable")
NEB:    25    9   0.31186E-01   0.13791E-01    -4589.358116      0 0.79516690    
NEB:    25   10   0.45287E-01   0.28060E-01    -4589.958766      0 0.19451654    
NEB:    25    8   0.28986E-01   0.67261E-03    -4588.459576      1  1.6937069    
NEB:    25    7   0.22759E-01   0.86370E-02    -4587.641014      1  2.5122687    
NEB:    25    5   0.25939E-01   0.13941E-01    -4587.615703      1  2.5375797    
NEB:    25    6   0.16430E-01   0.27074E-01    -4587.324989      1  2.8282934    
NEB:    25    2   0.48154E-01   0.42006E-01    -4589.943162      0 0.21012057    
NEB:    25    3   0.33958E-01   0.16413E-01    -4589.317960      0 0.83532290    
NEB:    25    4   0.32515E-01   0.72137E-02    -4588.406347      0  1.7469354    
 ("NEB:===============================================")
 ("NEB:pas-neb image    force      force_NEB          energie      statut    ene
 rgie/stable")
NEB:    26    9   0.31948E-01   0.95329E-02    -4589.364377      0 0.78890538    
NEB:    26   10   0.40100E-01   0.27090E-01    -4589.961737      0 0.19154592    
NEB:    26    8   0.27613E-01   0.35739E-02    -4588.460760      1  1.6925224    
NEB:    26    5   0.20027E-01   0.82941E-02    -4587.619230      1  2.5340527    
NEB:    26    6   0.15555E-01   0.24240E-01    -4587.325624      1  2.8276583    
NEB:    26    7   0.22602E-01   0.85962E-02    -4587.641597      1  2.5116863    
NEB:    26    2   0.46759E-01   0.41047E-01    -4589.946147      0 0.20713595    
NEB:    26    3   0.35280E-01   0.13530E-01    -4589.323128      0 0.83015463    
NEB:    26    4   0.27381E-01   0.13349E-01    -4588.407700      1  1.7455825    
 ("NEB:===============================================")
 ("NEB:pas-neb image    force      force_NEB          energie      statut    ene
 rgie/stable")
NEB:    27    9   0.31420E-01   0.56334E-02    -4589.370657      0 0.78262570    
NEB:    27   10   0.31169E-01   0.25345E-01    -4589.965087      0 0.18819543    
NEB:    27    8   0.30056E-01   0.72334E-02    -4588.462560      0  1.6907226    
NEB:    27    7   0.23210E-01   0.82300E-02    -4587.642075      1  2.5112078    
NEB:    27    5   0.20663E-01   0.30902E-02    -4587.622701      1  2.5305816    
NEB:    27    6   0.17862E-01   0.21391E-01    -4587.326187      1  2.8270959    
NEB:    27    2   0.42107E-01   0.38672E-01    -4589.949518      0 0.20376444    
NEB:    27    3   0.29374E-01   0.11522E-01    -4589.328425      1 0.82485758    
NEB:    27    4   0.30027E-01   0.18625E-01    -4588.409752      0  1.7435311    
 ("NEB:===============================================")
 ("NEB:pas-neb image    force      force_NEB          energie      statut    ene
 rgie/stable")
NEB:    28    9   0.19687E-01   0.25764E-02    -4589.377020      1 0.77626332    
NEB:    28   10   0.20373E-01   0.22317E-01    -4589.968679      1 0.18460335    
NEB:    28    8   0.25954E-01   0.10039E-01    -4588.464521      1  1.6887623    
NEB:    28    7   0.23169E-01   0.73080E-02    -4587.642542      1  2.5107410    
NEB:    28    5   0.21180E-01   0.17675E-02    -4587.626101      1  2.5271814    
NEB:    28    6   0.20390E-01   0.18433E-01    -4587.326662      1  2.8266208    
NEB:    28    4   0.30509E-01   0.23358E-01    -4588.412010      0  1.7412728    
NEB:    28    2   0.30675E-01   0.35255E-01    -4589.953327      0 0.19995628    
NEB:    28    3   0.20240E-01   0.10165E-01    -4589.333933      1 0.81935016    
 ("NEB:===============================================")
 ("NEB:pas-neb image    force      force_NEB          energie      statut    ene
 rgie/stable")
NEB:    29    9   0.20767E-01   0.13506E-02    -4589.377793      1 0.77548936    
NEB:    29   10   0.18522E-01   0.17728E-01    -4589.972391      1 0.18089150    
NEB:    29    8   0.26633E-01   0.12036E-01    -4588.466499      1  1.6867835    
NEB:    29    2   0.19429E-01   0.30181E-01    -4589.957479      1 0.19580401    
NEB:    29    3   0.21254E-01   0.92618E-02    -4589.340011      1 0.81327197    
NEB:    29    7   0.21912E-01   0.64295E-02    -4587.642842      1  2.5104405    
NEB:=== bye,bye sweety is finished=================
NEB:===============================================
NEB:    29    4   0.25155E-01   0.28087E-01    -4588.414423      1  1.7388595    
NEB:    29    5   0.19643E-01   0.64212E-02    -4587.629381      1  2.5239013    
NEB:    29    6   0.19007E-01   0.15589E-01    -4587.327047      1  2.8262357    
NEB:--IMAGE-----REACT-COORD------ENERGY------ENERGY-ENERGY(1)-------------STRESS-sVoigt(1:6)-(units:-kbar )
    1       0.0000000           -4590.1533            0.0000000            112.73833            112.73833            112.73833          -0.32057495E-04      -0.32057495E-04      -0.32057495E-04
    2      0.75489265E-01       -4589.9575           0.19580401            112.81482            112.81482            112.88743           0.47879918E-03       0.47879918E-03      -0.13221595E-03
    3      0.17382250           -4589.3400           0.81327197            113.10296            113.10296            113.05708          -0.15956876E-03      -0.15956876E-03      -0.11836956E-03
    4      0.28313121           -4588.4144            1.7388595            113.47093            113.47093            112.92011          -0.40348640E-03      -0.40348640E-03      -0.56098291E-03
    5      0.39009694           -4587.6294            2.5239013            113.73750            113.73750            112.76996          -0.46469202E-03      -0.46469202E-03      -0.30532883E-03
    6      0.49996844           -4587.3270            2.8262357            113.90214            113.90214            112.73823          -0.21590092E-04      -0.21590092E-04       0.36768455E-03
    7      0.61224572           -4587.6428            2.5104405            113.73276            113.73276            112.77211          -0.52175894E-03      -0.52175894E-03      -0.75161058E-03
    8      0.72270261           -4588.4665            1.6867835            113.45246            113.45246            112.93687          -0.43075951E-03      -0.43075951E-03      -0.19331856E-03
    9      0.83096319           -4589.3778           0.77548936            113.08702            113.08702            113.05280           0.33201165E-03       0.33201165E-03      -0.28639924E-03
   10      0.92769967           -4589.9724           0.18089150            112.80779            112.80779            112.87960          -0.45305188E-05      -0.45305191E-05       0.83239701E-04
   11       1.0000000           -4590.1533           0.13971230E-05        112.73782            112.73782            112.73788           0.69431027E-05       0.69431027E-05       0.17179455E-04
 -------------------------------------------
          Min .. et .. Max
E: -4590.153     -4587.327    
          1 .. et .. NPATH
B: -4590.153     -4590.153    
les diffs
 1-NPATH    : -1.397123014612589E-006
 -------------------------------------------
 MAX-1      :   2.82623567473729     
 MAX-NPATH  :   2.82623427761428     
