 *** NDM859 ***
 >>>>>>>>>>> entree readdm
 nom fichier din=trppara.din                                                                     

 Pas de conditions periodiques

 -------- caracteristiques du run DM-------- 3
     GRADIENT CONJUGUE sur les coordonnees CARTESIENNES
 generation du crystal ; puis run

      ANALYSES 
 itetemp=           1  itesigma=          -1

      CONTROLES 
tstep=  0.100D-14
 itmax=         100  itab=           1  itetimestep=          -1
tinit=     100.0
tempdeplainit=      -1.0
debyetemp=      -1.0
  ----------------------------------


 nb de potentiels           1
 ipotentiel          11
 fmt_cin           1

 -*-*-*-*-*-*-*POTENTIELS*-*-*-*-*-


 POTENTIEL EAM ERCOLESI

 Types d_atomes :
   1   26.982   13.000  Al 
    0.900    2.200

  *-*-*-*-*-*CONSTRUCTION DE LA BOITE*-*-*-*-*-*-        2100        2100           1

 **********construction du reseau************
 repetition de mailles           1           1           1
 izonr,zlmin,rut           5   64.512000000000000        11.116108836436201     
 nox,noy,noz dans .din =           4           4           4
celsizes   0.8064000E-07  0.8064000E-07  0.8064000E-07
trppara.gin                                                                     volume= 0.33560740D-19 cm3  0.33560740D+05 Ang3
 natperc im/noxyz         320          32
 ltabvois,lconstrtot F F

 -------- boite de simulation ------
 nombre d atomes =        2049
vecteur  1      32.256000       0.000000       0.000000
vecteur  2       0.000000      32.256000       0.000000
vecteur  3       0.000000       0.000000      32.256000
        2049  atomes de type           1

  -------------------------------------------------------------------
              definition des rayons de coupure
 paire            1
 calpoeam Minrho Maxrho   -1.4711099804881778        9.2672924683822253E-002
 calpoeam Rhomin Rhomax   -20.595539726834488        1.2974209455735115     
 calpoeam ktorho and the inverse:    1.0946480336204000E-003   913.53564733737801     
 Resultats en eV, Ang
======================================================================
CG:     iter          epsi              Fmax              Energy
======================================================================
GC:      1    0.7306505510E+00    0.3115476823E+00   -0.6881938539E+04
GC:      2    0.5830286949E+00    0.1593972115E+00   -0.6881961445E+04
GC:      3    0.2555464035E+00    0.4706334734E-01   -0.6881983446E+04
GC:      4    0.2850336306E+00    0.8692278500E-01   -0.6881985223E+04
GC:      5    0.1972815608E+00    0.6135856900E-01   -0.6881990919E+04
GC:      6    0.2028713047E+00    0.6441254816E-01   -0.6881990924E+04
GC:      7    0.1735180798E+00    0.5010456797E-01   -0.6881992778E+04
GC:      8    0.1266643758E+00    0.2818157610E-01   -0.6881992999E+04
GC:      9    0.8341155646E-01    0.2061730958E-01   -0.6881993913E+04
GC:     10    0.9470380207E-01    0.2847671269E-01   -0.6881993966E+04
GC:     11    0.5422829022E-01    0.9079928445E-02   -0.6881994643E+04
 force par atome  max  ev/Ang    9.0799284445611458E-003
 energie   -6881.9946432240558     


 ####### END OF RUN  ######## =           11   time =    0.0000000000000000     
