 >>>>>>>>>>> entree readdm
 nom fichier din=Albulk.din                                                                      

 -------- caracteristiques du run DM--------**
|=========       ONE STEP           ===============|
 generation du crystal ; puis run

      ANALYSES 
 itetemp=           1  itesigma=          -1

      CONTROLES 
tstep=  0.100D-14
 itmax=           3  itab=           1  itetimestep=          -1
tinit=       0.0
tempdeplainit=      -1.0
debyetemp=      -1.0
  ----------------------------------


 nb de potentiels           1
 ipotentiel          11
 fmt_cin           1

 -*-*-*-*-*-*-*POTENTIELS*-*-*-*-*-


 POTENTIEL EAM ERCOLESI

 Types d_atomes :
   1   26.982   13.000  Al 
    0.900    2.200

  *-*-*-*-*-*CONSTRUCTION DE LA BOITE*-*-*-*-*-*-        2100        2100           1

 **********construction du reseau************
 repetition de mailles           2           2           2
 BIP   5.5580544182181004E-008
 izonr,zlmin,rut           1   14.000000000000002        11.116108836436201     
 nox,noy,noz dans .din =           4           4           4
celsizes   0.1750000E-07  0.2016000E-07  0.2016000E-07
Albulk.gin                                                                      volume= 0.45519667D-21 cm3  0.45519667D+03 Ang3
 natperc im/noxyz          10           0
 ltabvois,lconstrtot F F

 -------- boite de simulation ------
 nombre d atomes =          32
vecteur  1       7.000000       0.000000       0.000000
vecteur  2       0.000000       8.064000       0.000000
vecteur  3       0.000000       0.000000       8.064000
          32  atomes de type           1

  -------------------------------------------------------------------
              definition des rayons de coupure
 paire            1
 calpoeam Minrho Maxrho   -1.4711099804881778        9.2672924683822253E-002
 calpoeam Rhomin Rhomax   -20.595539726834488        1.2974209455735115     
 calpoeam ktorho and the inverse:    1.0946480336204000E-003   913.53564733737801     

 temperature fin initspeed    0.0000000000000000     

 ***** PREMIERE ET UNIQUE ITERATION V2 ****

 ----------------------------------------------------
1 at (1,1) (2,1) (3,1) =  0.7000000000E-07  0.0000000000E+00  0.0000000000E+00
2 at (1,2) (2,2) (3,2) =  0.0000000000E+00  0.8064000000E-07  0.0000000000E+00
3 at (1,3) (2,3) (3,3) =  0.0000000000E+00  0.0000000000E+00  0.8064000000E-07
1 invtrh(1,1) (2,1) (3,1) =  0.1428571429E+08  0.0000000000E+00  0.0000000000E+00
2 invtrh(1,2) (2,2) (3,2) =  0.0000000000E+00  0.1240079365E+08  0.0000000000E+00
3 invtrh(1,3) (2,3) (3,3) =  0.0000000000E+00  0.0000000000E+00  0.1240079365E+08
 volu   4.5519667200000001E-022

 Potist cgs   -1.3427877764229162E-010

1 sigma (1,1) (2,1) (3,1) =  0.2835688612E+12  0.4619359970E-06  0.4768371582E-06
2 sigma (1,2) (2,2) (3,2) =   0.000000000      0.2485276724E+12 -0.7450580597E-07
3 sigma (1,3) (2,3) (3,3) =   0.000000000     -0.1043081284E-06  0.2485276724E+12
pression   260.2081    

1 forcebox (1,1) (2,1) (3,1) =  0.1843994313E-02  0.3003881836E-20  0.3100781250E-20
2 forcebox (1,2) (2,2) (3,2) =   0.000000000      0.1402889005E-02 -0.4205703735E-21
3 forcebox (1,3) (2,3) (3,3) =   0.000000000     -0.5887985229E-21  0.1402889005E-02

 NAT   7.0184399431287081E-008   3.0038818359374997E-028   3.1007812499999994E-028   0.0000000000000000        8.0780288900491895E-008  -4.2057037353515624E-029   0.0000000000000000       -5.8879852294921873E-029   8.0780288900491895E-008
1 at (1,1) (2,1) (3,1) =  0.7018439943E-07  0.3003881836E-27  0.3100781250E-27
2 at (1,2) (2,2) (3,2) =   0.000000000      0.8078028890E-07 -0.4205703735E-28
3 at (1,3) (2,3) (3,3) =   0.000000000     -0.5887985229E-28  0.8078028890E-07
 volu   4.5798514544397654E-022


 ----------------------------------------------------
1 at (1,1) (2,1) (3,1) =  0.7018439943E-07  0.3003881836E-27  0.3100781250E-27
2 at (1,2) (2,2) (3,2) =  0.0000000000E+00  0.8078028890E-07 -0.4205703735E-28
3 at (1,3) (2,3) (3,3) =  0.0000000000E+00 -0.5887985229E-28  0.8078028890E-07
1 invtrh(1,1) (2,1) (3,1) =  0.1424818062E+08 -0.0000000000E+00 -0.0000000000E+00
2 invtrh(1,2) (2,2) (3,2) = -0.5298303776E-13  0.1237925753E+08  0.9023102852E-14
3 invtrh(1,3) (2,3) (3,3) = -0.5469216801E-13  0.6445073466E-14  0.1237925753E+08
 volu   4.5798514544397654E-022

 Potist cgs   -1.3499969999248802E-010

1 sigma (1,1) (2,1) (3,1) =  0.2731312107E+12  0.7450580597E-08 -0.7450580597E-08
2 sigma (1,2) (2,2) (3,2) =   0.000000000      0.2386460631E+12   0.000000000    
3 sigma (1,3) (2,3) (3,3) =   0.000000000       0.000000000      0.2386460631E+12
pression   250.1411    

1 forcebox (1,1) (2,1) (3,1) =  0.1782305445E-02  0.4861842897E-22 -0.4861842897E-22
2 forcebox (1,2) (2,2) (3,2) = -0.6627650166E-23  0.1353007688E-02  0.9861922246E-24
3 forcebox (1,3) (2,3) (3,3) = -0.6841445333E-23  0.7044230176E-24  0.1353007688E-02

 NAT   7.0362629975765250E-008   3.0525002649042523E-028   3.0521628210332468E-028  -6.6276501663261368E-031   8.0915589669280727E-008  -4.1958418131052958E-029  -6.8414453329818191E-031  -5.8809409993162827E-029   8.0915589669280727E-008
1 at (1,1) (2,1) (3,1) =  0.7036262998E-07  0.3052500265E-27  0.3052162821E-27
2 at (1,2) (2,2) (3,2) = -0.6627650166E-30  0.8091558967E-07 -0.4195841813E-28
3 at (1,3) (2,3) (3,3) = -0.6841445333E-30 -0.5880940999E-28  0.8091558967E-07
 volu   4.6068754468766909E-022


 ----------------------------------------------------
1 at (1,1) (2,1) (3,1) =  0.7036262998E-07  0.3052500265E-27  0.3052162821E-27
2 at (1,2) (2,2) (3,2) = -0.6627650166E-30  0.8091558967E-07 -0.4195841813E-28
3 at (1,3) (2,3) (3,3) = -0.6841445333E-30 -0.5880940999E-28  0.8091558967E-07
1 invtrh(1,1) (2,1) (3,1) =  0.1421208958E+08  0.1164086652E-15  0.1201637834E-15
2 invtrh(1,2) (2,2) (3,2) = -0.5361439912E-13  0.1235855790E+08  0.8982193685E-14
3 invtrh(1,3) (2,3) (3,3) = -0.5360847222E-13  0.6408475079E-14  0.1235855790E+08
 volu   4.6068754468766909E-022

 Potist cgs   -1.3567187138341761E-010

1 sigma (1,1) (2,1) (3,1) =  0.2633282301E+12 -0.1490116119E-07 -0.2235174179E-07
2 sigma (1,2) (2,2) (3,2) = -0.9536743164E-06  0.2293488525E+12 -0.8940696716E-07
3 sigma (1,3) (2,3) (3,3) =   0.000000000     -0.8940696716E-07  0.2293488525E+12
pression   240.6753    

1 forcebox (1,1) (2,1) (3,1) =  0.1724097519E-02 -0.9755055970E-22 -0.1463315926E-21
2 forcebox (1,2) (2,2) (3,2) = -0.5436185559E-20  0.1305782485E-02 -0.5080835974E-21
3 forcebox (1,3) (2,3) (3,3) = -0.6503352899E-23 -0.5083555317E-21  0.1305782485E-02

 NAT   7.0535039727646934E-008   2.9549497051994381E-028   2.9058312284722383E-028  -5.4428132093154189E-028   8.1046167917753005E-008  -9.2766777868478330E-029  -1.3344798232313227E-030  -1.0964496316774126E-028   8.1046167917753005E-008
1 at (1,1) (2,1) (3,1) =  0.7053503973E-07  0.2954949705E-27  0.2905831228E-27
2 at (1,2) (2,2) (3,2) = -0.5442813209E-27  0.8104616792E-07 -0.9276677787E-28
3 at (1,3) (2,3) (3,3) = -0.1334479823E-29 -0.1096449632E-27  0.8104616792E-07
 volu   4.6330809185476209E-022

