 >>>>>>>>>>> entree readdm
 nom fichier din=Febulk.din                                                                      

 -------- caracteristiques du run DM-------- 1
     DYNAMIQUE MOLECULAIRE VERLET STANDARD
 generation du crystal ; puis run

      ANALYSES 
 itetemp=           1  iteprtsigma=           1

      CONTROLES 
tstep=  0.100D-14
 itmax=          25  itab=           1  itetimestep=          -1
tinit=     600.0
tempdeplainit=      -1.0
debyetemp=      -1.0
  ----------------------------------


 nb de potentiels           1
 ipotentiel          10
 fmt_cin           1

 -*-*-*-*-*-*-*POTENTIELS*-*-*-*-*-


 POTENTIEL EAM

 Types d_atomes :
   1   55.847   26.000  Fe 
ROFF1_2   -0.100   -0.200
 nptmax in the max number of points on grid        250000
 EAM           1           1
 EAM number of points in potin and the step      250000   6.8178370289999997E-004
 dens           1           1
 RHO potin points and the step:       250000   2.4000000000000001E-005
 paire eam ; paire complete           1           1
 rep

  *-*-*-*-*-*CONSTRUCTION DE LA BOITE*-*-*-*-*-*-        2400        2400           1

 **********construction du reseau************
 repetition de mailles          10          10          10
  .gin with 0 coordinates; creates FAILURES,  POSITIONS SHIFTED By +1e-6
 izonr,zlmin,rut           4   57.106360000000002        12.000000000000002     
 nox,noy,noz dans .din =          -1          -1          -1
 calcul de nox noy noz !!!
nox noy noz calcules a partir de ru
  nox = Int(   0.2855E-06/  0.6000E-07) = 4
  noy = Int(   0.2855E-06/  0.6000E-07) = 4
  noz = Int(   0.2855E-06/  0.6000E-07) = 4
nox noy noz apres correction = 4 4 4
celsizes   0.7138295E-07  0.7138295E-07  0.7138295E-07
Febulk.gin                                                                      volume= 0.23278953D-19 cm3  0.23278953D+05 Ang3
 natperc im/noxyz          62          31
 ltabvois,lconstrtot F F

 -------- boite de simulation ------
 nombre d atomes =        2000
vecteur  1      28.553180       0.000000       0.000000
vecteur  2       0.000000      28.553180       0.000000
vecteur  3       0.000000       0.000000      28.553180
        2000  atomes de type           1

  -------------------------------------------------------------------
              definition des rayons de coupure
 paire            1
 calpoeam RHO MIN:    0.0000000000000000     
 calpoeam RHO MAX:    12.174708979468400     
 calpoeam Rhomin Rhomax    0.0000000000000000        170.44524392885501     
 calpoeam ktorho and the inverse:    8.5222621964427502E-003   117.33973643962830     

 random velocities at TINIT =    600.00000000000000      K
 seed_size           8
 iseed pour tirage des vitesses           1
 temperature positions lues initspeed    621.70499972306607     
 temperature fin initspeed    621.36957205466126     

 NFP VAC INT for all types
 rang iseed CREADP           0         124
 ***** PREMIERE ITERATION  VERLET STD ***


<<<<<<<<  ITERATION =      1  time =   0.1000000E-14


 --------- Temperatures et Pression--------
 ----------valeurs instantanees------------
         1 0.100E-14*Epot =    -8238.898744623242      eV 
    *energie PAIRE EAM =     311.750974569      eV 
    *energie GLUE  =    -8550.64971919      eV 
         1 0.100E-14*Ec =     160.633336159      eV   (621.370 K)
         1 0.100E-14*Etot =    -8078.265408464066      eV 

         1 0.100E-14*Epot/at =    -4.11944937231      eV 

         1 0.100E-14*Temp instantanee = 621.370

*temp instantanee des atomes de type 1 =       621.37

 * stress en kbar 
1 sigma potentiel (1,1) (2,1) (3,1) =  -38.32004657     -0.4209578037E-13 -0.1899898052E-15
2 sigma potentiel (1,2) (2,2) (3,2) = -0.4412233829E-13  -38.32004657      0.1776963472E-14
3 sigma potentiel (1,3) (2,3) (3,3) = -0.4060566425E-15  0.2082437277E-14  -38.32004657    

1 sigma cinetique (1,1) (2,1) (3,1) =   7.198930262      0.7874778611E-01 -0.1466281482    
2 sigma cinetique (1,2) (2,2) (3,2) =  0.7874778611E-01   7.085343396     -0.1003733161    
3 sigma cinetique (1,3) (2,3) (3,3) = -0.1466281482     -0.1003733161       7.826939579    

1 sigma total (1,1) (2,1) (3,1) =  -31.12111631      0.7874778611E-01 -0.1466281482    
2 sigma total (1,2) (2,2) (3,2) =  0.7874778611E-01  -31.23470317     -0.1003733161    
3 sigma total (1,3) (2,3) (3,3) = -0.1466281482     -0.1003733161      -30.49310699    

         1 0.100E-14*Pression =    -30.950    
 pression totale  potentiel = cinetique =
   -30.950       -38.320        7.3704    
 ----------valeurs moyennes------------
*temperature moyenne =       621.37
*pression moyenne =    -30.950    
 --------------------------------------


<<<<<<<<  ITERATION =      2  time =   0.2000000E-14


 --------- Temperatures et Pression--------
 ----------valeurs instantanees------------
         2 0.200E-14*Epot =    -8238.634239411038      eV 
    *energie PAIRE EAM =     312.025001569      eV 
    *energie GLUE  =    -8550.65924098      eV 
         2 0.200E-14*Ec =     160.368943703      eV   (620.347 K)
         2 0.200E-14*Etot =    -8078.265295707812      eV 

         2 0.200E-14*Epot/at =    -4.11931711971      eV 

         2 0.200E-14*Temp instantanee = 620.347

*temp instantanee des atomes de type 1 =       620.35

 * stress en kbar 
1 sigma potentiel (1,1) (2,1) (3,1) =  -38.33537045      0.1484143969E-03  0.5858706633E-03
2 sigma potentiel (1,2) (2,2) (3,2) =  0.1484143969E-03  -38.33382207      0.9235257726E-03
3 sigma potentiel (1,3) (2,3) (3,3) =  0.5858706633E-03  0.9235257726E-03  -38.33560347    

1 sigma cinetique (1,1) (2,1) (3,1) =   7.198930262      0.7874778611E-01 -0.1466281482    
2 sigma cinetique (1,2) (2,2) (3,2) =  0.7874778611E-01   7.085343396     -0.1003733161    
3 sigma cinetique (1,3) (2,3) (3,3) = -0.1466281482     -0.1003733161       7.826939579    

1 sigma total (1,1) (2,1) (3,1) =  -31.13644018      0.7889620051E-01 -0.1460422775    
2 sigma total (1,2) (2,2) (3,2) =  0.7889620051E-01  -31.24847868     -0.9944979037E-01
3 sigma total (1,3) (2,3) (3,3) = -0.1460422775     -0.9944979037E-01  -30.50866389    

         2 0.200E-14*Pression =    -30.965    
 pression totale  potentiel = cinetique =
   -30.965       -38.335        7.3704    
 ----------valeurs moyennes------------
*temperature moyenne =       620.86
*pression moyenne =    -30.957    
 --------------------------------------


<<<<<<<<  ITERATION =      3  time =   0.3000000E-14


 --------- Temperatures et Pression--------
 ----------valeurs instantanees------------
         3 0.300E-14*Epot =    -8237.842801474897      eV 
    *energie PAIRE EAM =     312.844900818      eV 
    *energie GLUE  =    -8550.68770229      eV 
         3 0.300E-14*Ec =     159.577909457      eV   (617.287 K)
         3 0.300E-14*Etot =    -8078.264892018268      eV 

         3 0.300E-14*Epot/at =    -4.11892140074      eV 

         3 0.300E-14*Temp instantanee = 617.287

*temp instantanee des atomes de type 1 =       617.29

 * stress en kbar 
1 sigma potentiel (1,1) (2,1) (3,1) =  -38.33570937      0.8066140251E-03  0.2180793516E-02
2 sigma potentiel (1,2) (2,2) (3,2) =  0.8066140251E-03  -38.33016835      0.3700543555E-02
3 sigma potentiel (1,3) (2,3) (3,3) =  0.2180793516E-02  0.3700543555E-02  -38.33700591    

1 sigma cinetique (1,1) (2,1) (3,1) =   7.187173526      0.7857284761E-01 -0.1464052473    
2 sigma cinetique (1,2) (2,2) (3,2) =  0.7857284761E-01   7.073703722     -0.1000550924    
3 sigma cinetique (1,3) (2,3) (3,3) = -0.1464052473     -0.1000550924       7.813942311    

1 sigma total (1,1) (2,1) (3,1) =  -31.14853585      0.7937946164E-01 -0.1442244538    
2 sigma total (1,2) (2,2) (3,2) =  0.7937946164E-01  -31.25646463     -0.9635454887E-01
3 sigma total (1,3) (2,3) (3,3) = -0.1442244538     -0.9635454887E-01  -30.52306360    

         3 0.300E-14*Pression =    -30.976    
 pression totale  potentiel = cinetique =
   -30.976       -38.334        7.3583    
 ----------valeurs moyennes------------
*temperature moyenne =       619.67
*pression moyenne =    -30.963    
 --------------------------------------


<<<<<<<<  ITERATION =      4  time =   0.4000000E-14


 --------- Temperatures et Pression--------
 ----------valeurs instantanees------------
         4 0.400E-14*Epot =    -8236.531074557988      eV 
    *energie PAIRE EAM =     314.203667779      eV 
    *energie GLUE  =    -8550.73474234      eV 
         4 0.400E-14*Ec =     158.266971110      eV   (612.216 K)
         4 0.400E-14*Etot =    -8078.264103447924      eV 

         4 0.400E-14*Epot/at =    -4.11826553728      eV 

         4 0.400E-14*Temp instantanee = 612.216

*temp instantanee des atomes de type 1 =       612.22

 * stress en kbar 
1 sigma potentiel (1,1) (2,1) (3,1) =  -38.33491187      0.2051007786E-02  0.4847379343E-02
2 sigma potentiel (1,2) (2,2) (3,2) =  0.2051007786E-02  -38.32220629      0.8856510888E-02
3 sigma potentiel (1,3) (2,3) (3,3) =  0.4847379343E-02  0.8856510888E-02  -38.33775883    

1 sigma cinetique (1,1) (2,1) (3,1) =   7.151995668      0.7804903430E-01 -0.1457386468    
2 sigma cinetique (1,2) (2,2) (3,2) =  0.7804903430E-01   7.038875438     -0.9910465907E-01
3 sigma cinetique (1,3) (2,3) (3,3) = -0.1457386468     -0.9910465907E-01   7.775062419    

1 sigma total (1,1) (2,1) (3,1) =  -31.18291620      0.8010004209E-01 -0.1408912675    
2 sigma total (1,2) (2,2) (3,2) =  0.8010004209E-01  -31.28333085     -0.9024814819E-01
3 sigma total (1,3) (2,3) (3,3) = -0.1408912675     -0.9024814819E-01  -30.56269641    

         4 0.400E-14*Pression =    -31.010    
 pression totale  potentiel = cinetique =
   -31.010       -38.332        7.3220    
 ----------valeurs moyennes------------
*temperature moyenne =       617.80
*pression moyenne =    -30.975    
 --------------------------------------


<<<<<<<<  ITERATION =      5  time =   0.5000000E-14


 --------- Temperatures et Pression--------
 ----------valeurs instantanees------------
         5 0.500E-14*Epot =    -8234.711430604941      eV 
    *energie PAIRE EAM =     316.088301471      eV 
    *energie GLUE  =    -8550.79973208      eV 
         5 0.500E-14*Ec =     156.448614279      eV   (605.182 K)
         5 0.500E-14*Etot =    -8078.262816326209      eV 

         5 0.500E-14*Epot/at =    -4.11735571530      eV 

         5 0.500E-14*Temp instantanee = 605.182

*temp instantanee des atomes de type 1 =       605.18

 * stress en kbar 
1 sigma potentiel (1,1) (2,1) (3,1) =  -38.31945833      0.3964643294E-02  0.7570222926E-02
2 sigma potentiel (1,2) (2,2) (3,2) =  0.3964643294E-02  -38.29722514      0.1612616878E-01
3 sigma potentiel (1,3) (2,3) (3,3) =  0.7570222926E-02  0.1612616878E-01  -38.32455834    

1 sigma cinetique (1,1) (2,1) (3,1) =   7.093690011      0.7718149438E-01 -0.1446339820    
2 sigma cinetique (1,2) (2,2) (3,2) =  0.7718149438E-01   6.981149975     -0.9753141890E-01
3 sigma cinetique (1,3) (2,3) (3,3) = -0.1446339820     -0.9753141890E-01   7.710642594    

1 sigma total (1,1) (2,1) (3,1) =  -31.22576831      0.8114613768E-01 -0.1370637591    
2 sigma total (1,2) (2,2) (3,2) =  0.8114613768E-01  -31.31607517     -0.8140525012E-01
3 sigma total (1,3) (2,3) (3,3) = -0.1370637591     -0.8140525012E-01  -30.61391574    

         5 0.500E-14*Pression =    -31.052    
 pression totale  potentiel = cinetique =
   -31.052       -38.314        7.2618    
 ----------valeurs moyennes------------
*temperature moyenne =       615.28
*pression moyenne =    -30.990    
 --------------------------------------
 ****************************************
 POINT DEFECT CREATION            2           2
 ****************************************
 ***** PREMIERE ITERATION  VERLET STD ***


<<<<<<<<  ITERATION =      6  time =   0.6000000E-14


 --------- Temperatures et Pression--------
 ----------valeurs instantanees------------
         6 0.600E-14*Epot =    -8052.866748652174      eV 
    *energie PAIRE EAM =     513.544165652      eV 
    *energie GLUE  =    -8566.41091430      eV 
         6 0.600E-14*Ec =     156.719964025      eV   (606.232 K)
         6 0.600E-14*Etot =    -7896.146784627170      eV 

         6 0.600E-14*Epot/at =    -4.02643337433      eV 

         6 0.600E-14*Temp instantanee = 606.232

*temp instantanee des atomes de type 1 =       606.23

 * stress en kbar 
1 sigma potentiel (1,1) (2,1) (3,1) =  -24.53533640      -4.783824702       2.111043979    
2 sigma potentiel (1,2) (2,2) (3,2) =  -4.783824702      -10.98174714      -2.887947752    
3 sigma potentiel (1,3) (2,3) (3,3) =   2.111043979      -2.887947752      -15.45696558    

1 sigma cinetique (1,1) (2,1) (3,1) =   7.011490564      0.7538075521E-01 -0.1449949355    
2 sigma cinetique (1,2) (2,2) (3,2) =  0.7538075521E-01   6.899048364     -0.9942449164E-01
3 sigma cinetique (1,3) (2,3) (3,3) = -0.1449949355     -0.9942449164E-01   7.612681429    

1 sigma total (1,1) (2,1) (3,1) =  -17.52384584      -4.708443947       1.966049043    
2 sigma total (1,2) (2,2) (3,2) =  -4.708443947      -4.082698778      -2.987372244    
3 sigma total (1,3) (2,3) (3,3) =   1.966049043      -2.987372244      -7.844284147    

         6 0.600E-14*Pression =    -9.8169    
 pression totale  potentiel = cinetique =
   -9.8169       -16.991        7.1744    
 ----------valeurs moyennes------------
*temperature moyenne =       613.77
*pression moyenne =    -27.461    
 --------------------------------------


<<<<<<<<  ITERATION =      7  time =   0.7000000E-14


 --------- Temperatures et Pression--------
 ----------valeurs instantanees------------
         7 0.700E-14*Epot =    -8070.994184471614      eV 
    *energie PAIRE EAM =     495.534452522      eV 
    *energie GLUE  =    -8566.52863699      eV 
         7 0.700E-14*Ec =     173.678219116      eV   (671.830 K)
         7 0.700E-14*Etot =    -7897.315965355280      eV 

         7 0.700E-14*Epot/at =    -4.03549709224      eV 

         7 0.700E-14*Temp instantanee = 671.830

*temp instantanee des atomes de type 1 =       671.83

 * stress en kbar 
1 sigma potentiel (1,1) (2,1) (3,1) =  -24.44516022      -3.732520273       1.891537623    
2 sigma potentiel (1,2) (2,2) (3,2) =  -3.732520273      -15.06241209      -1.632596434    
3 sigma potentiel (1,3) (2,3) (3,3) =   1.891537623      -1.632596434      -16.85088240    

1 sigma cinetique (1,1) (2,1) (3,1) =   6.925029463      0.2191677695E-01 -0.1518385102    
2 sigma cinetique (1,2) (2,2) (3,2) =  0.2191677695E-01   7.095402758     -0.1687692394    
3 sigma cinetique (1,3) (2,3) (3,3) = -0.1518385102     -0.1687692394       7.552104502    

1 sigma total (1,1) (2,1) (3,1) =  -17.52013075      -3.710603496       1.739699113    
2 sigma total (1,2) (2,2) (3,2) =  -3.710603496      -7.967009328      -1.801365673    
3 sigma total (1,3) (2,3) (3,3) =   1.739699113      -1.801365673      -9.298777897    

         7 0.700E-14*Pression =    -11.595    
 pression totale  potentiel = cinetique =
   -11.595       -18.786        7.1908    
 ----------valeurs moyennes------------
*temperature moyenne =       622.07
*pression moyenne =    -25.195    
 --------------------------------------


<<<<<<<<  ITERATION =      8  time =   0.8000000E-14


 --------- Temperatures et Pression--------
 ----------valeurs instantanees------------
         8 0.800E-14*Epot =    -8093.609921816272      eV 
    *energie PAIRE EAM =     473.068973630      eV 
    *energie GLUE  =    -8566.67889545      eV 
         8 0.800E-14*Ec =     196.044147406      eV   (758.347 K)
         8 0.800E-14*Etot =    -7897.565774409869      eV 

         8 0.800E-14*Epot/at =    -4.04680496091      eV 

         8 0.800E-14*Temp instantanee = 758.347

*temp instantanee des atomes de type 1 =       758.35

 * stress en kbar 
1 sigma potentiel (1,1) (2,1) (3,1) =  -24.32828039      -2.650151551       1.785120398    
2 sigma potentiel (1,2) (2,2) (3,2) =  -2.650151551      -18.86703486     -0.6083493705    
3 sigma potentiel (1,3) (2,3) (3,3) =   1.785120398     -0.6083493705      -18.64270711    

1 sigma cinetique (1,1) (2,1) (3,1) =   6.968673220     -0.3322768311     -0.1011113648    
2 sigma cinetique (1,2) (2,2) (3,2) = -0.3322768311       8.830158290     -0.5428025453    
3 sigma cinetique (1,3) (2,3) (3,3) = -0.1011113648     -0.5428025453       8.108012669    

1 sigma total (1,1) (2,1) (3,1) =  -17.35960717      -2.982428382       1.684009033    
2 sigma total (1,2) (2,2) (3,2) =  -2.982428382      -10.03687657      -1.151151916    
3 sigma total (1,3) (2,3) (3,3) =   1.684009033      -1.151151916      -10.53469444    

         8 0.800E-14*Pression =    -12.644    
 pression totale  potentiel = cinetique =
   -12.644       -20.613        7.9689    
 ----------valeurs moyennes------------
*temperature moyenne =       639.10
*pression moyenne =    -23.626    
 --------------------------------------


<<<<<<<<  ITERATION =      9  time =   0.9000000E-14


 --------- Temperatures et Pression--------
 ----------valeurs instantanees------------
         9 0.900E-14*Epot =    -8113.427397764868      eV 
    *energie PAIRE EAM =     453.498149955      eV 
    *energie GLUE  =    -8566.92554772      eV 
         9 0.900E-14*Ec =     216.005011236      eV   (835.561 K)
         9 0.900E-14*Etot =    -7897.422386528586      eV 

         9 0.900E-14*Epot/at =    -4.05671369888      eV 

         9 0.900E-14*Temp instantanee = 835.561

*temp instantanee des atomes de type 1 =       835.56

 * stress en kbar 
1 sigma potentiel (1,1) (2,1) (3,1) =  -24.16515160      -1.913552220       1.801959882    
2 sigma potentiel (1,2) (2,2) (3,2) =  -1.913552220      -20.91110532     -0.1209254604    
3 sigma potentiel (1,3) (2,3) (3,3) =   1.801959882     -0.1209254604      -19.99514070    

1 sigma cinetique (1,1) (2,1) (3,1) =   7.116978493     -0.7303708824     -0.2936569217E-01
2 sigma cinetique (1,2) (2,2) (3,2) = -0.7303708824       10.80961291     -0.8497165737    
3 sigma cinetique (1,3) (2,3) (3,3) = -0.2936569217E-01 -0.8497165737       9.058927610    

1 sigma total (1,1) (2,1) (3,1) =  -17.04817311      -2.643923102       1.772594189    
2 sigma total (1,2) (2,2) (3,2) =  -2.643923102      -10.10149241     -0.9706420341    
3 sigma total (1,3) (2,3) (3,3) =   1.772594189     -0.9706420341      -10.93621309    

         9 0.900E-14*Pression =    -12.695    
 pression totale  potentiel = cinetique =
   -12.695       -21.690        8.9952    
 ----------valeurs moyennes------------
*temperature moyenne =       660.93
*pression moyenne =    -22.411    
 --------------------------------------


<<<<<<<<  ITERATION =     10  time =   0.1000000E-13


 --------- Temperatures et Pression--------
 ----------valeurs instantanees------------
        10 0.100E-13*Epot =    -8130.344448169091      eV 
    *energie PAIRE EAM =     437.138586825      eV 
    *energie GLUE  =    -8567.48303499      eV 
        10 0.100E-13*Ec =     232.976409820      eV   (901.211 K)
        10 0.100E-13*Etot =    -7897.368038348913      eV 

        10 0.100E-13*Epot/at =    -4.06517222408      eV 

        10 0.100E-13*Temp instantanee = 901.211

*temp instantanee des atomes de type 1 =       901.21

 * stress en kbar 
1 sigma potentiel (1,1) (2,1) (3,1) =  -24.00783759      -1.366011058       1.819806262    
2 sigma potentiel (1,2) (2,2) (3,2) =  -1.366011058      -21.94556248      0.1850058217    
3 sigma potentiel (1,3) (2,3) (3,3) =   1.819806262      0.1850058217      -20.82007127    

1 sigma cinetique (1,1) (2,1) (3,1) =   7.341088513      -1.029215028      0.4878551441E-01
2 sigma cinetique (1,2) (2,2) (3,2) =  -1.029215028       12.31042480     -0.9653758930    
3 sigma cinetique (1,3) (2,3) (3,3) =  0.4878551441E-01 -0.9653758930       10.08162290    

1 sigma total (1,1) (2,1) (3,1) =  -16.66674908      -2.395226086       1.868591777    
2 sigma total (1,2) (2,2) (3,2) =  -2.395226086      -9.635137685     -0.7803700713    
3 sigma total (1,3) (2,3) (3,3) =   1.868591777     -0.7803700713      -10.73844837    

        10 0.100E-13*Pression =    -12.347    
 pression totale  potentiel = cinetique =
   -12.347       -22.258        9.9110    
 ----------valeurs moyennes------------
*temperature moyenne =       684.96
*pression moyenne =    -21.405    
 --------------------------------------
 ****************************************
 POINT DEFECT CREATION            2           2
 ****************************************
 ***** PREMIERE ITERATION  VERLET STD ***


<<<<<<<<  ITERATION =     11  time =   0.1100000E-13


 --------- Temperatures et Pression--------
 ----------valeurs instantanees------------
        11 0.110E-13*Epot =    -7986.938302726398      eV 
    *energie PAIRE EAM =     593.838759223      eV 
    *energie GLUE  =    -8580.77706195      eV 
        11 0.110E-13*Ec =     242.093370542      eV   (936.477 K)
        11 0.110E-13*Etot =    -7744.844932184700      eV 

        11 0.110E-13*Epot/at =    -3.99346915136      eV 

        11 0.110E-13*Temp instantanee = 936.477

*temp instantanee des atomes de type 1 =       936.48

 * stress en kbar 
1 sigma potentiel (1,1) (2,1) (3,1) =  -11.83164822       1.264122904       11.04064735    
2 sigma potentiel (1,2) (2,2) (3,2) =   1.264122904      0.8786452988       1.431744979    
3 sigma potentiel (1,3) (2,3) (3,3) =   11.04064735       1.431744979      -4.836428299    

1 sigma cinetique (1,1) (2,1) (3,1) =   7.167090001      -1.172467230     -0.1404556981    
2 sigma cinetique (1,2) (2,2) (3,2) =  -1.172467230       13.37215311     -0.9258156666    
3 sigma cinetique (1,3) (2,3) (3,3) = -0.1404556981     -0.9258156666       10.84749326    

1 sigma total (1,1) (2,1) (3,1) =  -4.664558215      0.9165567374E-01   10.90019166    
2 sigma total (1,2) (2,2) (3,2) =  0.9165567374E-01   14.25079841      0.5059293127    
3 sigma total (1,3) (2,3) (3,3) =   10.90019166      0.5059293127       6.011064966    

        11 0.110E-13*Pression =     5.1991    
 pression totale  potentiel = cinetique =
    5.1991       -5.2631        10.462    
 ----------valeurs moyennes------------
*temperature moyenne =       707.82
*pression moyenne =    -18.986    
 --------------------------------------


<<<<<<<<  ITERATION =     12  time =   0.1200000E-13


 --------- Temperatures et Pression--------
 ----------valeurs instantanees------------
        12 0.120E-13*Epot =    -8012.215463921079      eV 
    *energie PAIRE EAM =     570.264441252      eV 
    *energie GLUE  =    -8582.47990517      eV 
        12 0.120E-13*Ec =     265.875025484      eV   (1028.471 K)
        12 0.120E-13*Etot =    -7746.340438436815      eV 

        12 0.120E-13*Epot/at =    -4.00610773196      eV 

        12 0.120E-13*Temp instantanee = 1028.471

*temp instantanee des atomes de type 1 =      1028.47

 * stress en kbar 
1 sigma potentiel (1,1) (2,1) (3,1) =  -15.05566064       1.756214671       9.833767359    
2 sigma potentiel (1,2) (2,2) (3,2) =   1.756214671      -2.023707028       2.181551230    
3 sigma potentiel (1,3) (2,3) (3,3) =   9.833767359       2.181551230      -8.420683402    

1 sigma cinetique (1,1) (2,1) (3,1) =   7.401627827      -1.381610296     -0.5424111432E-01
2 sigma cinetique (1,2) (2,2) (3,2) =  -1.381610296       14.16206538     -0.9244785189    
3 sigma cinetique (1,3) (2,3) (3,3) = -0.5424111432E-01 -0.9244785189       11.76051127    

1 sigma total (1,1) (2,1) (3,1) =  -7.654032814      0.3746043754       9.779526245    
2 sigma total (1,2) (2,2) (3,2) =  0.3746043754       12.13835835       1.257072711    
3 sigma total (1,3) (2,3) (3,3) =   9.779526245       1.257072711       3.339827869    

        12 0.120E-13*Pression =     2.6081    
 pression totale  potentiel = cinetique =
    2.6081       -8.5000        11.108    
 ----------valeurs moyennes------------
*temperature moyenne =       734.54
*pression moyenne =    -17.187    
 --------------------------------------


<<<<<<<<  ITERATION =     13  time =   0.1300000E-13


 --------- Temperatures et Pression--------
 ----------valeurs instantanees------------
        13 0.130E-13*Epot =    -8037.821861788659      eV 
    *energie PAIRE EAM =     546.384506464      eV 
    *energie GLUE  =    -8584.20636825      eV 
        13 0.130E-13*Ec =     291.030305960      eV   (1125.777 K)
        13 0.130E-13*Etot =    -7746.791555828324      eV 

        13 0.130E-13*Epot/at =    -4.01891093089      eV 

        13 0.130E-13*Temp instantanee = 1125.777

*temp instantanee des atomes de type 1 =      1125.78

 * stress en kbar 
1 sigma potentiel (1,1) (2,1) (3,1) =  -15.71847207       1.191865910       8.695060637    
2 sigma potentiel (1,2) (2,2) (3,2) =   1.191865910      -2.039695049       1.391475493    
3 sigma potentiel (1,3) (2,3) (3,3) =   8.695060637       1.391475493      -10.71705394    

1 sigma cinetique (1,1) (2,1) (3,1) =   8.333752924      -1.513133361      0.8084190771    
2 sigma cinetique (1,2) (2,2) (3,2) =  -1.513133361       14.85943003     -0.9243587144    
3 sigma cinetique (1,3) (2,3) (3,3) =  0.8084190771     -0.9243587144       13.40457143    

1 sigma total (1,1) (2,1) (3,1) =  -7.384719147     -0.3212674517       9.503479714    
2 sigma total (1,2) (2,2) (3,2) = -0.3212674517       12.81973498      0.4671167783    
3 sigma total (1,3) (2,3) (3,3) =   9.503479714      0.4671167783       2.687517490    

        13 0.130E-13*Pression =     2.7075    
 pression totale  potentiel = cinetique =
    2.7075       -9.4917        12.199    
 ----------valeurs moyennes------------
*temperature moyenne =       764.64
*pression moyenne =    -15.657    
 --------------------------------------


<<<<<<<<  ITERATION =     14  time =   0.1400000E-13


 --------- Temperatures et Pression--------
 ----------valeurs instantanees------------
        14 0.140E-13*Epot =    -8057.819543540114      eV 
    *energie PAIRE EAM =     527.807056301      eV 
    *energie GLUE  =    -8585.62659984      eV 
        14 0.140E-13*Ec =     311.667478440      eV   (1205.607 K)
        14 0.140E-13*Etot =    -7746.152065099701      eV 

        14 0.140E-13*Epot/at =    -4.02890977177      eV 

        14 0.140E-13*Temp instantanee = 1205.607

*temp instantanee des atomes de type 1 =      1205.61

 * stress en kbar 
1 sigma potentiel (1,1) (2,1) (3,1) =  -16.49090097     -0.6891318429       6.910215363    
2 sigma potentiel (1,2) (2,2) (3,2) = -0.6891318429      -2.039231616       1.414566159    
3 sigma potentiel (1,3) (2,3) (3,3) =   6.910215363       1.414566159      -13.11224007    

1 sigma cinetique (1,1) (2,1) (3,1) =   9.433265119      -1.408663764       1.889718748    
2 sigma cinetique (1,2) (2,2) (3,2) =  -1.408663764       15.54040112     -0.7997661243    
3 sigma cinetique (1,3) (2,3) (3,3) =   1.889718748     -0.7997661243       15.08671791    

1 sigma total (1,1) (2,1) (3,1) =  -7.057635851      -2.097795607       8.799934110    
2 sigma total (1,2) (2,2) (3,2) =  -2.097795607       13.50116951      0.6148000343    
3 sigma total (1,3) (2,3) (3,3) =   8.799934110      0.6148000343       1.974477837    

        14 0.140E-13*Pression =     2.8060    
 pression totale  potentiel = cinetique =
    2.8060       -10.547        13.353    
 ----------valeurs moyennes------------
*temperature moyenne =       796.14
*pression moyenne =    -14.338    
 --------------------------------------


<<<<<<<<  ITERATION =     15  time =   0.1500000E-13


 --------- Temperatures et Pression--------
 ----------valeurs instantanees------------
        15 0.150E-13*Epot =    -8074.103937383938      eV 
    *energie PAIRE EAM =     514.034279345      eV 
    *energie GLUE  =    -8588.13821673      eV 
        15 0.150E-13*Ec =     327.647308400      eV   (1267.421 K)
        15 0.150E-13*Etot =    -7746.456628984150      eV 

        15 0.150E-13*Epot/at =    -4.03705196869      eV 

        15 0.150E-13*Temp instantanee = 1267.421

*temp instantanee des atomes de type 1 =      1267.42

 * stress en kbar 
1 sigma potentiel (1,1) (2,1) (3,1) =  -17.21962297     -0.2086551526E-01   5.966725531    
2 sigma potentiel (1,2) (2,2) (3,2) = -0.2086551526E-01  -2.461790343       1.524929983    
3 sigma potentiel (1,3) (2,3) (3,3) =   5.966725531       1.524929983      -13.66219261    

1 sigma cinetique (1,1) (2,1) (3,1) =   10.31532706      -1.149990324       2.851053954    
2 sigma cinetique (1,2) (2,2) (3,2) =  -1.149990324       16.35080140     -0.6657783864    
3 sigma cinetique (1,3) (2,3) (3,3) =   2.851053954     -0.6657783864       16.23496691    

1 sigma total (1,1) (2,1) (3,1) =  -6.904295909      -1.170855840       8.817779485    
2 sigma total (1,2) (2,2) (3,2) =  -1.170855840       13.88901105      0.8591515963    
3 sigma total (1,3) (2,3) (3,3) =   8.817779485      0.8591515963       2.572774303    

        15 0.150E-13*Pression =     3.1858    
 pression totale  potentiel = cinetique =
    3.1858       -11.115        14.300    
 ----------valeurs moyennes------------
*temperature moyenne =       827.56
*pression moyenne =    -13.170    
 --------------------------------------
 ****************************************
 POINT DEFECT CREATION            2           2
 ****************************************
 ***** PREMIERE ITERATION  VERLET STD ***


<<<<<<<<  ITERATION =     16  time =   0.1600000E-13


 --------- Temperatures et Pression--------
 ----------valeurs instantanees------------
        16 0.160E-13*Epot =    -7719.809910628062      eV 
    *energie PAIRE EAM =     885.289148146      eV 
    *energie GLUE  =    -8605.09905877      eV 
        16 0.160E-13*Ec =     414.479770911      eV   (1603.311 K)
        16 0.160E-13*Etot =    -7305.330139716685      eV 

        16 0.160E-13*Epot/at =    -3.85990495531      eV 

        16 0.160E-13*Temp instantanee = 1603.311

*temp instantanee des atomes de type 1 =      1603.31

 * stress en kbar 
1 sigma potentiel (1,1) (2,1) (3,1) = -0.3152150686      -1.526989600      -1.174444653    
2 sigma potentiel (1,2) (2,2) (3,2) =  -1.526989600       17.72540573       26.05160927    
3 sigma potentiel (1,3) (2,3) (3,3) =  -1.174444653       26.05160927       59.35346736    

1 sigma cinetique (1,1) (2,1) (3,1) =   10.92830780     -0.7839615606       3.676043278    
2 sigma cinetique (1,2) (2,2) (3,2) = -0.7839615606       17.25641419     -0.5631082051    
3 sigma cinetique (1,3) (2,3) (3,3) =   3.676043278     -0.5631082051       16.91324407    

1 sigma total (1,1) (2,1) (3,1) =   10.61309273      -2.310951160       2.501598625    
2 sigma total (1,2) (2,2) (3,2) =  -2.310951160       34.98181992       25.48850106    
3 sigma total (1,3) (2,3) (3,3) =   2.501598625       25.48850106       76.26671143    

        16 0.160E-13*Pression =     40.621    
 pression totale  potentiel = cinetique =
    40.621        25.588        15.033    
 ----------valeurs moyennes------------
*temperature moyenne =       876.04
*pression moyenne =    -9.8077    
 --------------------------------------


<<<<<<<<  ITERATION =     17  time =   0.1700000E-13


 --------- Temperatures et Pression--------
 ----------valeurs instantanees------------
        17 0.170E-13*Epot =    -7960.956972808902      eV 
    *energie PAIRE EAM =     648.868420822      eV 
    *energie GLUE  =    -8609.82539363      eV 
        17 0.170E-13*Ec =     676.097919214      eV   (2615.314 K)
        17 0.170E-13*Etot =    -7284.859053594927      eV 

        17 0.170E-13*Epot/at =    -3.98047848640      eV 

        17 0.170E-13*Temp instantanee = 2615.314

*temp instantanee des atomes de type 1 =      2615.31

 * stress en kbar 
1 sigma potentiel (1,1) (2,1) (3,1) =   1.094844348      0.5286814327       4.245707468    
2 sigma potentiel (1,2) (2,2) (3,2) =  0.5286814327       14.92252726       10.23747915    
3 sigma potentiel (1,3) (2,3) (3,3) =   4.245707468       10.23747915       7.145123696    

1 sigma cinetique (1,1) (2,1) (3,1) =   11.51692334     -0.6748533887       3.304502879    
2 sigma cinetique (1,2) (2,2) (3,2) = -0.6748533887       18.92958046       2.273305837    
3 sigma cinetique (1,3) (2,3) (3,3) =   3.304502879       2.273305837       26.60672572    

1 sigma total (1,1) (2,1) (3,1) =   12.61176769     -0.1461719560       7.550210347    
2 sigma total (1,2) (2,2) (3,2) = -0.1461719560       33.85210772       12.51078498    
3 sigma total (1,3) (2,3) (3,3) =   7.550210347       12.51078498       33.75184942    

        17 0.170E-13*Pression =     26.739    
 pression totale  potentiel = cinetique =
    26.739        7.7208        19.018    
 ----------valeurs moyennes------------
*temperature moyenne =       978.35
*pression moyenne =    -7.6579    
 --------------------------------------


<<<<<<<<  ITERATION =     18  time =   0.1800000E-13


 --------- Temperatures et Pression--------
 ----------valeurs instantanees------------
        18 0.180E-13*Epot =    -7994.067835170882      eV 
    *energie PAIRE EAM =     620.813355705      eV 
    *energie GLUE  =    -8614.88119088      eV 
        18 0.180E-13*Ec =     717.010796696      eV   (2773.576 K)
        18 0.180E-13*Etot =    -7277.057038474823      eV 

        18 0.180E-13*Epot/at =    -3.99703391759      eV 

        18 0.180E-13*Temp instantanee = 2773.576

*temp instantanee des atomes de type 1 =      2773.58

 * stress en kbar 
1 sigma potentiel (1,1) (2,1) (3,1) =   5.573310755      0.3771207676       3.739763222    
2 sigma potentiel (1,2) (2,2) (3,2) =  0.3771207676       14.82130624       7.110784995    
3 sigma potentiel (1,3) (2,3) (3,3) =   3.739763222       7.110784995       3.202147493    

1 sigma cinetique (1,1) (2,1) (3,1) =   12.36894452      -1.313746689      0.2364300905    
2 sigma cinetique (1,2) (2,2) (3,2) =  -1.313746689       22.51904873       11.65963500    
3 sigma cinetique (1,3) (2,3) (3,3) =  0.2364300905       11.65963500       58.17703061    

1 sigma total (1,1) (2,1) (3,1) =   17.94225528     -0.9366259218       3.976193312    
2 sigma total (1,2) (2,2) (3,2) = -0.9366259218       37.34035497       18.77041999    
3 sigma total (1,3) (2,3) (3,3) =   3.976193312       18.77041999       61.37917810    

        18 0.180E-13*Pression =     38.887    
 pression totale  potentiel = cinetique =
    38.887        7.8656        31.022    
 ----------valeurs moyennes------------
*temperature moyenne =      1078.09
*pression moyenne =    -5.0721    
 --------------------------------------


<<<<<<<<  ITERATION =     19  time =   0.1900000E-13


 --------- Temperatures et Pression--------
 ----------valeurs instantanees------------
        19 0.190E-13*Epot =    -7988.472858597726      eV 
    *energie PAIRE EAM =     631.886323603      eV 
    *energie GLUE  =    -8620.35918220      eV 
        19 0.190E-13*Ec =     714.055871078      eV   (2762.145 K)
        19 0.190E-13*Etot =    -7274.416987519686      eV 

        19 0.190E-13*Epot/at =    -3.99423642930      eV 

        19 0.190E-13*Temp instantanee = 2762.145

*temp instantanee des atomes de type 1 =      2762.15

 * stress en kbar 
1 sigma potentiel (1,1) (2,1) (3,1) =   11.25480828      -1.566924405       5.003404710    
2 sigma potentiel (1,2) (2,2) (3,2) =  -1.566924405       17.12293793       4.204854300    
3 sigma potentiel (1,3) (2,3) (3,3) =   5.003404710       4.204854300       3.631986321    

1 sigma cinetique (1,1) (2,1) (3,1) =   12.95863895      -1.189921540     -0.2758295655E-01
2 sigma cinetique (1,2) (2,2) (3,2) =  -1.189921540       23.75756368       12.99163602    
3 sigma cinetique (1,3) (2,3) (3,3) = -0.2758295655E-01   12.99163602       61.98048759    

1 sigma total (1,1) (2,1) (3,1) =   24.21344724      -2.756845945       4.975821753    
2 sigma total (1,2) (2,2) (3,2) =  -2.756845945       40.88050161       17.19649032    
3 sigma total (1,3) (2,3) (3,3) =   4.975821753       17.19649032       65.61247392    

        19 0.190E-13*Pression =     43.569    
 pression totale  potentiel = cinetique =
    43.569        10.670        32.899    
 ----------valeurs moyennes------------
*temperature moyenne =      1166.72
*pression moyenne =    -2.5120    
 --------------------------------------


<<<<<<<<  ITERATION =     20  time =   0.2000000E-13


 --------- Temperatures et Pression--------
 ----------valeurs instantanees------------
        20 0.200E-13*Epot =    -7963.303243571841      eV 
    *energie PAIRE EAM =     662.793084481      eV 
    *energie GLUE  =    -8626.09632805      eV 
        20 0.200E-13*Ec =     690.120618292      eV   (2669.558 K)
        20 0.200E-13*Etot =    -7273.182625279976      eV 

        20 0.200E-13*Epot/at =    -3.98165162179      eV 

        20 0.200E-13*Temp instantanee = 2669.558

*temp instantanee des atomes de type 1 =      2669.56

 * stress en kbar 
1 sigma potentiel (1,1) (2,1) (3,1) =   14.06538556      -2.659694092       5.673229501    
2 sigma potentiel (1,2) (2,2) (3,2) =  -2.659694092       17.97027207       1.142247661    
3 sigma potentiel (1,3) (2,3) (3,3) =   5.673229501       1.142247661       10.92999738    

1 sigma cinetique (1,1) (2,1) (3,1) =   13.53803076      -1.072124291      0.2254956227    
2 sigma cinetique (1,2) (2,2) (3,2) =  -1.072124291       24.48413007       12.77176259    
3 sigma cinetique (1,3) (2,3) (3,3) =  0.2254956227       12.77176259       60.26778325    

1 sigma total (1,1) (2,1) (3,1) =   27.60341632      -3.731818382       5.898725124    
2 sigma total (1,2) (2,2) (3,2) =  -3.731818382       42.45440214       13.91401025    
3 sigma total (1,3) (2,3) (3,3) =   5.898725124       13.91401025       71.19778064    

        20 0.200E-13*Pression =     47.085    
 pression totale  potentiel = cinetique =
    47.085        14.322        32.763    
 ----------valeurs moyennes------------
*temperature moyenne =      1241.86
*pression moyenne =   -0.32146E-01
 --------------------------------------
 ****************************************
 POINT DEFECT CREATION            2           2
 ****************************************
 ***** PREMIERE ITERATION  VERLET STD ***


<<<<<<<<  ITERATION =     21  time =   0.2100000E-13


 --------- Temperatures et Pression--------
 ----------valeurs instantanees------------
        21 0.210E-13*Epot =    -7760.996600029159      eV 
    *energie PAIRE EAM =     882.690837201      eV 
    *energie GLUE  =    -8643.68743723      eV 
        21 0.210E-13*Ec =     661.214438497      eV   (2557.741 K)
        21 0.210E-13*Etot =    -7099.782161532386      eV 

        21 0.210E-13*Epot/at =    -3.88049830001      eV 

        21 0.210E-13*Temp instantanee = 2557.741

*temp instantanee des atomes de type 1 =      2557.74

 * stress en kbar 
1 sigma potentiel (1,1) (2,1) (3,1) =   47.32809705     -0.7119537933E-02   10.11327070    
2 sigma potentiel (1,2) (2,2) (3,2) = -0.7119537933E-02   39.90981857       4.065853847    
3 sigma potentiel (1,3) (2,3) (3,3) =   10.11327070       4.065853847       33.41794087    

1 sigma cinetique (1,1) (2,1) (3,1) =   14.07450356      -1.105376409      0.6029819542    
2 sigma cinetique (1,2) (2,2) (3,2) =  -1.105376409       24.93361257       11.90537725    
3 sigma cinetique (1,3) (2,3) (3,3) =  0.6029819542       11.90537725       55.88715393    

1 sigma total (1,1) (2,1) (3,1) =   61.40260061      -1.112495947       10.71625265    
2 sigma total (1,2) (2,2) (3,2) =  -1.112495947       64.84343114       15.97123109    
3 sigma total (1,3) (2,3) (3,3) =   10.71625265       15.97123109       89.30509480    

        21 0.210E-13*Pression =     71.850    
 pression totale  potentiel = cinetique =
    71.850        40.219        31.632    
 ----------valeurs moyennes------------
*temperature moyenne =      1304.52
*pression moyenne =     3.3908    
 --------------------------------------


<<<<<<<<  ITERATION =     22  time =   0.2200000E-13


 --------- Temperatures et Pression--------
 ----------valeurs instantanees------------
        22 0.220E-13*Epot =    -7751.007204368419      eV 
    *energie PAIRE EAM =     899.625482344      eV 
    *energie GLUE  =    -8650.63268671      eV 
        22 0.220E-13*Ec =     651.291961336      eV   (2519.359 K)
        22 0.220E-13*Etot =    -7099.715243032376      eV 

        22 0.220E-13*Epot/at =    -3.87550360218      eV 

        22 0.220E-13*Temp instantanee = 2519.359

*temp instantanee des atomes de type 1 =      2519.36

 * stress en kbar 
1 sigma potentiel (1,1) (2,1) (3,1) =   46.95751030      -1.825851755       12.38315588    
2 sigma potentiel (1,2) (2,2) (3,2) =  -1.825851755       40.46490864      -1.973338546    
3 sigma potentiel (1,3) (2,3) (3,3) =   12.38315588      -1.973338546       37.73401765    

1 sigma cinetique (1,1) (2,1) (3,1) =   14.80755210      -1.286561702      0.8416626865    
2 sigma cinetique (1,2) (2,2) (3,2) =  -1.286561702       25.72334920       10.84063100    
3 sigma cinetique (1,3) (2,3) (3,3) =  0.8416626865       10.84063100       50.48540824    

1 sigma total (1,1) (2,1) (3,1) =   61.76506240      -3.112413457       13.22481857    
2 sigma total (1,2) (2,2) (3,2) =  -3.112413457       66.18825784       8.867292458    
3 sigma total (1,3) (2,3) (3,3) =   13.22481857       8.867292458       88.21942589    

        22 0.220E-13*Pression =     72.058    
 pression totale  potentiel = cinetique =
    72.058        41.719        30.339    
 ----------valeurs moyennes------------
*temperature moyenne =      1359.74
*pression moyenne =     6.5120    
 --------------------------------------


<<<<<<<<  ITERATION =     23  time =   0.2300000E-13


 --------- Temperatures et Pression--------
 ----------valeurs instantanees------------
        23 0.230E-13*Epot =    -7762.354495780613      eV 
    *energie PAIRE EAM =     895.109375293      eV 
    *energie GLUE  =    -8657.46387107      eV 
        23 0.230E-13*Ec =     661.947330738      eV   (2560.576 K)
        23 0.230E-13*Etot =    -7100.407165042547      eV 

        23 0.230E-13*Epot/at =    -3.88117724789      eV 

        23 0.230E-13*Temp instantanee = 2560.576

*temp instantanee des atomes de type 1 =      2560.58

 * stress en kbar 
1 sigma potentiel (1,1) (2,1) (3,1) =   46.05453222      -1.578447437       13.15802494    
2 sigma potentiel (1,2) (2,2) (3,2) =  -1.578447437       41.03678977      -3.261116588    
3 sigma potentiel (1,3) (2,3) (3,3) =   13.15802494      -3.261116588       40.87400633    

1 sigma cinetique (1,1) (2,1) (3,1) =   16.40285693      -1.458355324       1.136163765    
2 sigma cinetique (1,2) (2,2) (3,2) =  -1.458355324       27.67441469       9.828398625    
3 sigma cinetique (1,3) (2,3) (3,3) =   1.136163765       9.828398625       45.57320679    

1 sigma total (1,1) (2,1) (3,1) =   62.45738915      -3.036802761       14.29418871    
2 sigma total (1,2) (2,2) (3,2) =  -3.036802761       68.71120446       6.567282037    
3 sigma total (1,3) (2,3) (3,3) =   14.29418871       6.567282037       86.44721312    

        23 0.230E-13*Pression =     72.539    
 pression totale  potentiel = cinetique =
    72.539        42.655        29.883    
 ----------valeurs moyennes------------
*temperature moyenne =      1411.95
*pression moyenne =     9.3828    
 --------------------------------------


<<<<<<<<  ITERATION =     24  time =   0.2400000E-13


 --------- Temperatures et Pression--------
 ----------valeurs instantanees------------
        24 0.240E-13*Epot =    -7786.888943740286      eV 
    *energie PAIRE EAM =     878.340866057      eV 
    *energie GLUE  =    -8665.22980980      eV 
        24 0.240E-13*Ec =     686.637424337      eV   (2656.084 K)
        24 0.240E-13*Etot =    -7100.251519403535      eV 

        24 0.240E-13*Epot/at =    -3.89344447187      eV 

        24 0.240E-13*Temp instantanee = 2656.084

*temp instantanee des atomes de type 1 =      2656.08

 * stress en kbar 
1 sigma potentiel (1,1) (2,1) (3,1) =   43.71079207      -1.274797584       11.13023455    
2 sigma potentiel (1,2) (2,2) (3,2) =  -1.274797584       45.18580992      -4.968560633    
3 sigma potentiel (1,3) (2,3) (3,3) =   11.13023455      -4.968560633       41.17918639    

1 sigma cinetique (1,1) (2,1) (3,1) =   18.66210240      -1.623843396       1.596243189    
2 sigma cinetique (1,2) (2,2) (3,2) =  -1.623843396       30.66526092       8.813252763    
3 sigma cinetique (1,3) (2,3) (3,3) =   1.596243189       8.813252763       41.78982900    

1 sigma total (1,1) (2,1) (3,1) =   62.37289446      -2.898640980       12.72647774    
2 sigma total (1,2) (2,2) (3,2) =  -2.898640980       75.85107083       3.844692130    
3 sigma total (1,3) (2,3) (3,3) =   12.72647774       3.844692130       82.96901539    

        24 0.240E-13*Pression =     73.731    
 pression totale  potentiel = cinetique =
    73.731        43.359        30.372    
 ----------valeurs moyennes------------
*temperature moyenne =      1463.79
*pression moyenne =     12.064    
 --------------------------------------


<<<<<<<<  ITERATION =     25  time =   0.2500000E-13


 --------- Temperatures et Pression--------
 ----------valeurs instantanees------------
        25 0.250E-13*Epot =    -7824.423661076476      eV 
    *energie PAIRE EAM =     849.986195677      eV 
    *energie GLUE  =    -8674.40985675      eV 
        25 0.250E-13*Ec =     722.541968178      eV   (2794.971 K)
        25 0.250E-13*Etot =    -7101.881692898842      eV 

        25 0.250E-13*Epot/at =    -3.91221183054      eV 

        25 0.250E-13*Temp instantanee = 2794.971

*temp instantanee des atomes de type 1 =      2794.97

 * stress en kbar 
1 sigma potentiel (1,1) (2,1) (3,1) =   44.83184478     -0.9524249164       10.99241138    
2 sigma potentiel (1,2) (2,2) (3,2) = -0.9524249164       47.23572873      -5.870355546    
3 sigma potentiel (1,3) (2,3) (3,3) =   10.99241138      -5.870355546       40.79539642    

1 sigma cinetique (1,1) (2,1) (3,1) =   21.26009562      -1.476627203       1.905455135    
2 sigma cinetique (1,2) (2,2) (3,2) =  -1.476627203       34.20806174       7.847688369    
3 sigma cinetique (1,3) (2,3) (3,3) =   1.905455135       7.847688369       39.04763165    

1 sigma total (1,1) (2,1) (3,1) =   66.09194039      -2.429052119       12.89786652    
2 sigma total (1,2) (2,2) (3,2) =  -2.429052119       81.44379047       1.977332823    
3 sigma total (1,3) (2,3) (3,3) =   12.89786652       1.977332823       79.84302806    

        25 0.250E-13*Pression =     75.793    
 pression totale  potentiel = cinetique =
    75.793        44.288        31.505    
 ----------valeurs moyennes------------
*temperature moyenne =      1517.04
*pression moyenne =     14.613    
 --------------------------------------
 ****************************************
 POINT DEFECT CREATION            2           2
 ****************************************
 ***** PREMIERE ITERATION  VERLET STD ***


<<<<<<<<  ITERATION =     26  time =   0.2600000E-13


 --------- Temperatures et Pression--------
 ----------valeurs instantanees------------
        26 0.260E-13*Epot =    -7698.306134356339      eV 
    *energie PAIRE EAM =     1002.19704862      eV 
    *energie GLUE  =    -8700.50318298      eV 
        26 0.260E-13*Ec =     761.797546006      eV   (2946.822 K)
        26 0.260E-13*Etot =    -6936.508588350715      eV 

        26 0.260E-13*Epot/at =    -3.84915306718      eV 

        26 0.260E-13*Temp instantanee = 2946.822

*temp instantanee des atomes de type 1 =      2946.82

 * stress en kbar 
1 sigma potentiel (1,1) (2,1) (3,1) =   58.55519711      -6.633378662       20.08247897    
2 sigma potentiel (1,2) (2,2) (3,2) =  -6.633378662       65.79302318      -7.021376625    
3 sigma potentiel (1,3) (2,3) (3,3) =   20.08247897      -7.021376625       68.87343650    

1 sigma cinetique (1,1) (2,1) (3,1) =   23.89955188     -0.6993716095       1.977085813    
2 sigma cinetique (1,2) (2,2) (3,2) = -0.6993716095       37.86905005       6.977467577    
3 sigma cinetique (1,3) (2,3) (3,3) =   1.977085813       6.977467577       37.68072638    

1 sigma total (1,1) (2,1) (3,1) =   82.45474898      -7.332750271       22.05956478    
2 sigma total (1,2) (2,2) (3,2) =  -7.332750271       103.6620732     -0.4390904832E-01
3 sigma total (1,3) (2,3) (3,3) =   22.05956478     -0.4390904832E-01   106.5541629    

        26 0.260E-13*Pression =     97.557    
 pression totale  potentiel = cinetique =
    97.557        64.407        33.150    
 ----------valeurs moyennes------------
*temperature moyenne =      1572.03
*pression moyenne =     17.803    
 --------------------------------------
