 Process            0  of           12  is alive
 Process            1  of           12  is alive
 Process            2  of           12  is alive
 Process            3  of           12  is alive
 Process            4  of           12  is alive
 Process            5  of           12  is alive
 Process            6  of           12  is alive
 Process            8  of           12  is alive
 Process            9  of           12  is alive
 Process           11  of           12  is alive
 Process            7  of           12  is alive
 Process           10  of           12  is alive
 nom fichier din=
 T4.din                                                                         
  
 POTENTIELS LAMMPS ; PARA_SPACE VERSION=LAMMPS NOT NDM !!
 
 -------- caracteristiques du run DM-------- 3
     GRADIENT CONJUGUE STANDARD 
 generation du crystal ; puis run
 
      ANALYSES 
 itetemp=        2000  iteprtsigma=           1
 
      CONTROLES 
tstep=  0.100D-14
 itmax=       20000 timemax=    10000000000.0000       itab=           1 
  itetimestep=          -1
tinit=      -1.0
tempdeplainit=      -1.0
debyetemp=      -1.0
  ----------------------------------
 
 
 nb de potentiels           0
 fmt_cin           1
 
 -*-*-*-*-*-*-*POTENTIELS*-*-*-*-*-
 
   1   15.999    8.000  O     -1.614
   2  238.030   92.000  U      3.227
 
  *-*-*-*-*-*CONSTRUCTION DE LA BOITE*-*-*-*-*-*-
 imm,imm_glob,nprocspace         900         900          12
 
 **********construction du reseau************
 repetition de mailles           1           1           1
  .gin with 0 coordinates; creates FAILURES,  POSITIONS SHIFTED By +1e-6
 izonr,zlmin,rut           4   44.4000000000000        11.0000000000000     
 nox,noy,noz dans .din =          -1          -1          -1
 calcul de nox noy noz !!!
nox noy noz calcules a partir de ru
  nox = Int(   0.2220E-06/  0.1100E-06) = 2
  noy = Int(   0.2220E-06/  0.1100E-06) = 2
  noz = Int(   0.2220E-06/  0.1100E-06) = 2
nox noy noz apres correction = 1 1 1
celsizes   0.2220000E-06  0.2220000E-06  0.2220000E-06
T4.gin                                                                          volume= 0.10941048D-19 cm3  0.10941048D+05 Ang3
 natperc im/noxyz        1656         828
 ltabvois F
 
 -------- boite de simulation ------
 nombre d atomes =         828
vecteur  1      22.200000       0.000000       0.000000
vecteur  2       0.000000      22.200000       0.000000
vecteur  3       0.000000       0.000000      22.200000
         572  atomes de type           1
         256  atomes de type           2
 
  a = (xhi-xlo,0,0); b = (xy,yhi-ylo,0); c = (xz,yz,zhi-zlo). 
    0.0000000000000000    22.1999999999999993 xlo xhi
    0.0000000000000000    22.1999999999999993 ylo yhi
    0.0000000000000000    22.1999999999999993 zlo zhi
    0.0000000000000000     0.0000000000000000     0.0000000000000000 xy xz yz
 
 
  -------------------------------------------------------------------
              2nd step of potential initialization , dependancy on box size
 LAMMPS OPEN_MPI_           1 
 in.lammps                                                                      
                                                  
 LAMMPS OPEN_MPI_          10 
 in.lammps                                                                      
                                                  
 LAMMPS OPEN_MPI_          11 
 in.lammps                                                                      
                                                  
 LAMMPS OPEN_MPI_           0 
 in.lammps                                                                      
                                                  
 LAMMPS OPEN_MPI_           2 
 in.lammps                                                                      
                                                  
 LAMMPS OPEN_MPI_           3 
 in.lammps                                                                      
                                                  
 LAMMPS OPEN_MPI_           4 
 in.lammps                                                                      
                                                  
 LAMMPS OPEN_MPI_           5 
 in.lammps                                                                      
                                                  
 LAMMPS OPEN_MPI_           6 
 in.lammps                                                                      
                                                  
 LAMMPS OPEN_MPI_           7 
 in.lammps                                                                      
                                                  
 LAMMPS OPEN_MPI_           8 
 in.lammps                                                                      
                                                  
 LAMMPS OPEN_MPI_           9 
 in.lammps                                                                      
                                                  
 NATOM LAMMPS
 in.lammps                                                                      
                                                           828
NDM: LAMMPS force field init done
 postinitlammps
 NATOM LAMMPS
 in.lammps                                                                      
                                                           828
 NATOM LAMMPS
 in.lammps                                                                      
                                                           828
 NATOM LAMMPS
 in.lammps                                                                      
                                                           828
 NATOM LAMMPS
 in.lammps                                                                      
                                                           828
 NATOM LAMMPS
 in.lammps                                                                      
                                                           828
 NATOM LAMMPS
 in.lammps                                                                      
                                                           828
 NATOM LAMMPS
 in.lammps                                                                      
                                                           828
 NATOM LAMMPS
 in.lammps                                                                      
                                                           828
 NATOM LAMMPS
 in.lammps                                                                      
                                                           828
 NATOM LAMMPS
 in.lammps                                                                      
                                                           828
 NATOM LAMMPS
 in.lammps                                                                      
                                                           828
 
 ISEED for MD, NORM of the noise    271551321  1.000000047497451E-003
   1275.01305377482     
******CONJUGATE GRADIENT *** beta init 0.10000000E-05
  FPSTOP=  1.000000000000000E-002 -0.100000001490116     
 NCALLS      ENERGY (eV)       FORCTOT         FORMAX        FORCESIGMA(eV/Ang)       SIGMA(kbar)   ***      energy gain eV]
   1  -0.57348160720E+04   0.57419571301E+02   0.85917079967E+01   0.70444001313E-03   0.14293482938E+02 ****   0.00000000000E+00
   2  -0.57771273695E+04   0.37250493886E+02   0.25147992089E+01   0.76896814059E-03   0.15602794834E+02 ****   0.42311297596E+02
   3  -0.57939658023E+04   0.28184638099E+02   0.20167775081E+01   0.74821124734E-03   0.15181625829E+02 ****   0.16838432780E+02
   4  -0.58076822082E+04   0.21219220427E+02   0.41336793228E+01   0.62688691248E-03   0.12719887032E+02 ****   0.13716405839E+02
   5  -0.57960493977E+04   0.37463037227E+02   0.84380898968E+01   0.21639244560E-03   0.43907240808E+01
   6  -0.57939658036E+04   0.28184637352E+02   0.20167774620E+01   0.74821124330E-03   0.15181625747E+02
   7  -0.58081114510E+04   0.24343600220E+02   0.58781382747E+01   0.50062178764E-03   0.10157896835E+02 ****   0.42924280318E+00
   8  -0.58053565754E+04   0.28572273226E+02   0.68891379993E+01   0.40359353564E-03   0.81891391859E+01
   9  -0.58086631984E+04   0.22502348410E+02   0.52291692221E+01   0.55337053748E-03   0.11228198553E+02 ****   0.55174739602E+00
  10  -0.58085626289E+04   0.21743368458E+02   0.48177873452E+01   0.58317934817E-03   0.11833036039E+02
  11  -0.58085565284E+04   0.23122211331E+02   0.54793935909E+01   0.53386926522E-03   0.10832506802E+02
  12  -0.58086646789E+04   0.22175495391E+02   0.50729902659E+01   0.56500816255E-03   0.11464332492E+02 ****   0.14805542280E-02
  13  -0.58086409479E+04   0.21996036310E+02   0.49758876822E+01   0.57204673467E-03   0.11607149068E+02
  14  -0.58086699294E+04   0.22295094949E+02   0.51327857375E+01   0.56059835946E-03   0.11374855114E+02 ****   0.52504349515E-02
  15  -0.58086695794E+04   0.22372268750E+02   0.51696483531E+01   0.55785325881E-03   0.11319155483E+02
  16  -0.58086687727E+04   0.22248640316E+02   0.51099705434E+01   0.56228803241E-03   0.11409139526E+02
  17  -0.58086701198E+04   0.22324280778E+02   0.51468737466E+01   0.55955167534E-03   0.11353617307E+02 ****   0.19041487479E-03
 >>> minimization idirection; lOVER; LDIROK; beta   1 F T    0.2970583210E-05
  18  -0.58226645153E+04   0.13150109062E+02   0.18615665956E+01   0.75706352643E-03   0.15361243536E+02 ****   0.13994395530E+02
  19  -0.58229860909E+04   0.17479775063E+02   0.40029818650E+01   0.75599340099E-03   0.15339530091E+02 ****   0.32157563024E+00
  20  -0.58121096692E+04   0.29930624660E+02   0.74684824200E+01   0.57328646343E-03   0.11632303860E+02
  21  -0.58226645155E+04   0.13150109149E+02   0.18615667304E+01   0.75706352903E-03   0.15361243589E+02
  22  -0.58204324957E+04   0.21770920892E+02   0.52805439279E+01   0.71200087926E-03   0.14446897153E+02
  23  -0.58235343169E+04   0.15291646267E+02   0.32078128658E+01   0.76680877651E-03   0.15558980126E+02 ****   0.54822598134E+00
  24  -0.58234645668E+04   0.14218491488E+02   0.27052390656E+01   0.76713346950E-03   0.15565568328E+02
  25  -0.58234200840E+04   0.16071423693E+02   0.35135165312E+01   0.76419686301E-03   0.15505982936E+02
  26  -0.58235451446E+04   0.14851558013E+02   0.30171996281E+01   0.76750831370E-03   0.15573174127E+02 ****   0.10827679356E-01
  27  -0.58235287602E+04   0.14597541166E+02   0.28986098991E+01   0.76759793430E-03   0.15574992580E+02
  28  -0.58235464379E+04   0.15015568717E+02   0.30901777181E+01   0.76733125141E-03   0.15569581434E+02 ****   0.12933321634E-02
  29  -0.58235438775E+04   0.15119496271E+02   0.31351722010E+01   0.76716576612E-03   0.15566223645E+02
  30  -0.58235467380E+04   0.14952309490E+02   0.30623286997E+01   0.76740793721E-03   0.15571137432E+02 ****   0.30006872992E-03
 >>> minimization idirection; lOVER; LDIROK; beta   2 F T    0.3978780071E-05
  31  -0.58315244034E+04   0.89973692323E+01   0.11868092171E+01   0.91639591055E-03   0.18594186968E+02 ****   0.79776654484E+01
  32  -0.58303069481E+04   0.13804359052E+02   0.19041191748E+01   0.86705278964E-03   0.17592987372E+02
  33  -0.58299398550E+04   0.92619439027E+01   0.13311196755E+01   0.89307590420E-03   0.18121010961E+02
  34  -0.58316122582E+04   0.10273341503E+02   0.12534095028E+01   0.91019457386E-03   0.18468358369E+02 ****   0.87854729043E-01
  35  -0.58313256449E+04   0.11458255513E+02   0.15051360868E+01   0.89854693737E-03   0.18232021292E+02
  36  -0.58316590618E+04   0.96786088308E+01   0.11350110359E+01   0.91441229699E-03   0.18553938337E+02 ****   0.46803606970E-01
 >>> minimization idirection; lOVER; LDIROK; beta   3 F T    0.4559276266E-05
  37  -0.58353216962E+04   0.68525625238E+01   0.95745324295E+00   0.88860746783E-03   0.18030343881E+02 ****   0.36626344469E+01
  38  -0.58343156369E+04   0.11423320278E+02   0.22175961159E+01   0.81332404426E-03   0.16502800995E+02
  39  -0.58346827994E+04   0.62999393749E+01   0.78390781123E+00   0.91218249870E-03   0.18508694479E+02
  40  -0.58352381964E+04   0.82432460504E+01   0.13706225079E+01   0.86533379089E-03   0.17558107923E+02
  41  -0.58351898873E+04   0.63540934991E+01   0.88969911174E+00   0.89964718329E-03   0.18254345899E+02
  42  -0.58353332714E+04   0.73105723479E+01   0.10588168020E+01   0.88052079662E-03   0.17866260787E+02 ****   0.11575206114E-01
  43  -0.58353136016E+04   0.76416128855E+01   0.11772177538E+01   0.87503474469E-03   0.17754945717E+02
  44  -0.58353351727E+04   0.71236204539E+01   0.98606116459E+00   0.88373548871E-03   0.17931488692E+02 ****   0.19012729670E-02
 >>> minimization idirection; lOVER; LDIROK; beta   4 F T    0.4813356016E-05
  45  -0.58370728425E+04   0.52438426719E+01   0.80648501296E+00   0.84473602868E-03   0.17140167776E+02 ****   0.17376697525E+01
  46  -0.58359126519E+04   0.95600102289E+01   0.20509758527E+01   0.77262794126E-03   0.15677054242E+02
  47  -0.58369320775E+04   0.42653751794E+01   0.41910030802E+00   0.87097797713E-03   0.17672631628E+02
  48  -0.58368336299E+04   0.66790200670E+01   0.12642627725E+01   0.82153404107E-03   0.16669386435E+02
  49  -0.58370957990E+04   0.46136860873E+01   0.53219756491E+00   0.85642249305E-03   0.17377292692E+02 ****   0.22956528000E-01
  50  -0.58370625105E+04   0.43695800896E+01   0.44303688927E+00   0.86259473489E-03   0.17502530941E+02
  51  -0.58370982530E+04   0.48237937198E+01   0.63625831731E+00   0.85219725746E-03   0.17291560292E+02 ****   0.24539749560E-02
  52  -0.58370928377E+04   0.49734407851E+01   0.70100173321E+00   0.84944045610E-03   0.17235623247E+02
  53  -0.58370989514E+04   0.47386572924E+01   0.59641074442E+00   0.85384774658E-03   0.17325049642E+02 ****   0.69841639117E-03
 >>> minimization idirection; lOVER; LDIROK; beta   5 F T    0.4276877785E-05
  54  -0.58379905720E+04   0.35173833738E+01   0.34962265805E+00   0.83368901964E-03   0.16916017767E+02 ****   0.89162060427E+00
  55  -0.58378851712E+04   0.53257696617E+01   0.51705870759E+00   0.80524829569E-03   0.16338939528E+02
  56  -0.58378043879E+04   0.33150862282E+01   0.41915051353E+00   0.84514884834E-03   0.17148544118E+02
  57  -0.58380098059E+04   0.40579851643E+01   0.41437791913E+00   0.82427429558E-03   0.16724987736E+02 ****   0.19233930949E-01
  58  -0.58379849654E+04   0.44989448657E+01   0.45390233678E+00   0.81756197015E-03   0.16588790889E+02
  59  -0.58380111199E+04   0.38223242530E+01   0.38976120166E+00   0.82807875658E-03   0.16802182383E+02 ****   0.13139540057E-02
 >>> minimization idirection; lOVER; LDIROK; beta   6 F T    0.4900865850E-05
  60  -0.58387304172E+04   0.32732473983E+01   0.34381624652E+00   0.78505378085E-03   0.15929181496E+02 ****   0.71929732905E+00
  61  -0.58387073329E+04   0.48178404695E+01   0.72596474465E+00   0.74513290861E-03   0.15119164609E+02
  62  -0.58385650902E+04   0.29539924601E+01   0.22862471970E+00   0.80461131148E-03   0.16326014761E+02
  63  -0.58387642496E+04   0.37578718768E+01   0.49002465117E+00   0.77100482286E-03   0.15644120259E+02 ****   0.33832370690E-01
 >>> minimization idirection; lOVER; LDIROK; beta   7 F T    0.6057803320E-05
  64  -0.58394780638E+04   0.35871739045E+01   0.23930639325E+00   0.66868555885E-03   0.13568005009E+02 ****   0.71381420459E+00
 >>> minimization idirection; lOVER; LDIROK; beta   8 F T    0.6057803320E-05
  65  -0.58400321669E+04   0.35346666063E+01   0.35545819441E+00   0.56609828922E-03   0.11486451774E+02 ****   0.55410310460E+00
  66  -0.58396477554E+04   0.57997527094E+01   0.61716081451E+00   0.48179659771E-03   0.97759231741E+01
  67  -0.58399875812E+04   0.27758705018E+01   0.22627130918E+00   0.61017731122E-03   0.12380839851E+02
  68  -0.58399531499E+04   0.43103696169E+01   0.45627615404E+00   0.53578487607E-03   0.10871375620E+02
  69  -0.58400400302E+04   0.31518296181E+01   0.29259264059E+00   0.58366200238E-03   0.11842829364E+02 ****   0.78632912938E-02
 >>> minimization idirection; lOVER; LDIROK; beta   9 F T    0.5173981803E-05
  70  -0.58404828227E+04   0.28045115954E+01   0.21209130759E+00   0.52513757250E-03   0.10655335860E+02 ****   0.44279255042E+00
 >>> minimization idirection; lOVER; LDIROK; beta  10 F T    0.5173981803E-05
  71  -0.58408152811E+04   0.25649137470E+01   0.25655706652E+00   0.46693382868E-03   0.94743492549E+01 ****   0.33245834394E+00
 >>> minimization idirection; lOVER; LDIROK; beta  11 F T    0.5173981803E-05
  72  -0.58410897635E+04   0.24380657517E+01   0.18569085183E+00   0.40260449622E-03   0.81690710215E+01 ****   0.27448242212E+00
 >>> minimization idirection; lOVER; LDIROK; beta  12 F T    0.5173981803E-05
  73  -0.58413501204E+04   0.23355466368E+01   0.18140907930E+00   0.33891717957E-03   0.68768196487E+01 ****   0.26035696122E+00
 >>> minimization idirection; lOVER; LDIROK; beta  13 F T    0.5173981803E-05
  74  -0.58415767728E+04   0.22715537978E+01   0.17323468412E+00   0.27276715786E-03   0.55345986092E+01 ****   0.22665235176E+00
 >>> minimization idirection; lOVER; LDIROK; beta  14 F T    0.5173981803E-05
  75  -0.58417662194E+04   0.22077272845E+01   0.14384299330E+00   0.25775000109E-03   0.52298920764E+01 ****   0.18944663510E+00
 >>> minimization idirection; lOVER; LDIROK; beta  15 F T    0.5173981803E-05
  76  -0.58418961834E+04   0.22279023945E+01   0.17088173268E+00   0.30619846778E-03   0.62129386369E+01 ****   0.12996399431E+00
  77  -0.58417254452E+04   0.34183720506E+01   0.26209989914E+00   0.34134252672E-03   0.69260313027E+01
  78  -0.58419041032E+04   0.18406943180E+01   0.13424170455E+00   0.28645341877E-03   0.58123005189E+01 ****   0.79197873587E-02
  79  -0.58418730505E+04   0.18366372928E+01   0.11504708842E+00   0.27500043279E-03   0.55799130101E+01
  80  -0.58419096559E+04   0.19395728076E+01   0.14799122612E+00   0.29381547709E-03   0.59616808111E+01 ****   0.55527329840E-02
 >>> minimization idirection; lOVER; LDIROK; beta  16 F T    0.3952570403E-05
  81  -0.58420352608E+04   0.17788228757E+01   0.11851774340E+00   0.32148705651E-03   0.65231526765E+01 ****   0.12560488406E+00
 >>> minimization idirection; lOVER; LDIROK; beta  17 F T    0.3952570403E-05
  82  -0.58421506325E+04   0.16862191026E+01   0.12046190670E+00   0.34275594445E-03   0.69547103412E+01 ****   0.11537169278E+00
 >>> minimization idirection; lOVER; LDIROK; beta  18 F T    0.3952570403E-05
  83  -0.58422648664E+04   0.16202419790E+01   0.12126442114E+00   0.35664478407E-03   0.72365226863E+01 ****   0.11423392389E+00
  84  -0.58422494982E+04   0.21594954147E+01   0.15589962918E+00   0.36755678531E-03   0.74579333113E+01
  85  -0.58422413039E+04   0.14830268856E+01   0.11360401636E+00   0.35079189899E-03   0.71177643654E+01
  86  -0.58422668575E+04   0.17904703662E+01   0.12599543496E+00   0.36060674535E-03   0.73169131027E+01 ****   0.19910883606E-02
 >>> minimization idirection; lOVER; LDIROK; beta  19 F T    0.4885645689E-05
  87  -0.58423546479E+04   0.19223028823E+01   0.16326498535E+00   0.37642317411E-03   0.76378373125E+01 ****   0.87790321491E-01
  88  -0.58422571781E+04   0.27218238842E+01   0.20034834937E+00   0.39097581838E-03   0.79331186264E+01
  89  -0.58423561021E+04   0.16479019670E+01   0.14128876609E+00   0.36924729666E-03   0.74922347347E+01 ****   0.14542867790E-02
  90  -0.58423352032E+04   0.16131707382E+01   0.12805239873E+00   0.36551662653E-03   0.74165373453E+01
  91  -0.58423607374E+04   0.17242238868E+01   0.14960054427E+00   0.37182488032E-03   0.75445353527E+01 ****   0.46352365862E-02
 >>> minimization idirection; lOVER; LDIROK; beta  20 F T    0.3732301211E-05
  92  -0.58424540864E+04   0.16946735032E+01   0.14658592873E+00   0.38137743360E-03   0.77383620161E+01 ****   0.93349057919E-01
 >>> minimization idirection; lOVER; LDIROK; beta  21 F T    0.3732301211E-05
  93  -0.58425452552E+04   0.17112784621E+01   0.13509574148E+00   0.39378173258E-03   0.79900521990E+01 ****   0.91168767861E-01
 >>> minimization idirection; lOVER; LDIROK; beta  22 F T    0.3732301211E-05
  94  -0.58426360492E+04   0.17074556019E+01   0.11344996510E+00   0.41177524765E-03   0.83551507112E+01 ****   0.90794014438E-01
 >>> minimization idirection; lOVER; LDIROK; beta  23 F T    0.3732301211E-05
  95  -0.58427140447E+04   0.17380159676E+01   0.12818517190E+00   0.43613178278E-03   0.88493584689E+01 ****   0.77995472539E-01
 >>> minimization idirection; lOVER; LDIROK; beta  24 F T    0.3732301211E-05
  96  -0.58427718966E+04   0.17828250448E+01   0.18595604674E+00   0.46879396958E-03   0.95120925570E+01 ****   0.57851923331E-01
  97  -0.58426975168E+04   0.23907706368E+01   0.26265373711E+00   0.49342583360E-03   0.10011886892E+02
  98  -0.58427751289E+04   0.15984693795E+01   0.14710696479E+00   0.45528646873E-03   0.92380177893E+01 ****   0.32323153894E-02
 >>> minimization idirection; lOVER; LDIROK; beta  25 F T    0.2306689066E-05
  99  -0.58428460352E+04   0.14371251957E+01   0.17715581133E+00   0.47377877653E-03   0.96132370856E+01 ****   0.70906282241E-01
 100  -0.58428485716E+04   0.16891272456E+01   0.19830171808E+00   0.48665693314E-03   0.98745421057E+01 ****   0.25363431448E-02
 101  -0.58427844967E+04   0.24315645344E+01   0.23726788746E+00   0.50977190506E-03   0.10343557850E+02
 102  -0.58428460352E+04   0.14371252033E+01   0.17715581253E+00   0.47377877726E-03   0.96132371005E+01
 103  -0.58428341295E+04   0.19390697937E+01   0.21245746092E+00   0.49515342859E-03   0.10046940764E+02
 104  -0.58428513629E+04   0.15663290352E+01   0.18997562616E+00   0.48160673245E-03   0.97720707014E+01 ****   0.27913692431E-02
 >>> minimization idirection; lOVER; LDIROK; beta  26 F T    0.3187765967E-05
 105  -0.58429120797E+04   0.16617549744E+01   0.18622138951E+00   0.50922363867E-03   0.10332433217E+02 ****   0.60716776774E-01
 >>> minimization idirection; lOVER; LDIROK; beta  27 F T    0.3187765967E-05
 106  -0.58429701682E+04   0.16522154967E+01   0.13566397971E+00   0.54035208293E-03   0.10964046809E+02 ****   0.58088479742E-01
 >>> minimization idirection; lOVER; LDIROK; beta  28 F T    0.3187765967E-05
 107  -0.58430043816E+04   0.16678832079E+01   0.11603077942E+00   0.56931616129E-03   0.11551744203E+02 ****   0.34213470119E-01
 108  -0.58429415766E+04   0.21237933062E+01   0.13750620734E+00   0.58972951647E-03   0.11965942628E+02
 109  -0.58430107841E+04   0.15379366875E+01   0.10325938684E+00   0.55767094726E-03   0.11315456279E+02 ****   0.64024128747E-02
 >>> minimization idirection; lOVER; LDIROK; beta  29 F T    0.1970147768E-05
 110  -0.58430607408E+04   0.13519112092E+01   0.98198865794E-01   0.57023792875E-03   0.11570447381E+02 ****   0.49956718098E-01
 111  -0.58430584761E+04   0.15224641901E+01   0.11175754902E+00   0.57889260495E-03   0.11746055615E+02
 112  -0.58430494257E+04   0.13562536567E+01   0.98225115080E-01   0.56522124949E-03   0.11468656146E+02
 113  -0.58430628911E+04   0.13930002646E+01   0.10331983415E+00   0.57348342421E-03   0.11636300305E+02 ****   0.21502909270E-02
 >>> minimization idirection; lOVER; LDIROK; beta  30 F T    0.2435236560E-05
 114  -0.58431042946E+04   0.13927939966E+01   0.97692180890E-01   0.58514576270E-03   0.11872935693E+02 ****   0.41403577818E-01
 >>> minimization idirection; lOVER; LDIROK; beta  31 F T    0.2435236560E-05
 115  -0.58431477160E+04   0.13372542110E+01   0.96589728152E-01   0.59662267250E-03   0.12105808630E+02 ****   0.43421325288E-01
 >>> minimization idirection; lOVER; LDIROK; beta  32 F T    0.2435236560E-05
 116  -0.58431854046E+04   0.12798764713E+01   0.11787094658E+00   0.60733156302E-03   0.12323098024E+02 ****   0.37688610626E-01
 >>> minimization idirection; lOVER; LDIROK; beta  33 F T    0.2435236560E-05
 117  -0.58432165193E+04   0.12641616001E+01   0.95578470362E-01   0.61669071628E-03   0.12513000493E+02 ****   0.31114731139E-01
 >>> minimization idirection; lOVER; LDIROK; beta  34 F T    0.2435236560E-05
 118  -0.58432432778E+04   0.12434459914E+01   0.10262031357E+00   0.62505693301E-03   0.12682755722E+02 ****   0.26758524147E-01
 >>> minimization idirection; lOVER; LDIROK; beta  35 F T    0.2435236560E-05
 119  -0.58432642759E+04   0.12338601582E+01   0.93092163879E-01   0.63259109012E-03   0.12835627995E+02 ****   0.20998026727E-01
 >>> minimization idirection; lOVER; LDIROK; beta  36 F T    0.2435236560E-05
 120  -0.58432798417E+04   0.12457092818E+01   0.93883202567E-01   0.63995577849E-03   0.12985061653E+02 ****   0.15565811759E-01
 >>> minimization idirection; lOVER; LDIROK; beta  37 F T    0.2435236560E-05
 121  -0.58432908772E+04   0.12794081828E+01   0.96760435257E-01   0.64762112094E-03   0.13140595750E+02 ****   0.11035482812E-01
 122  -0.58432649507E+04   0.15333940748E+01   0.11317846526E+00   0.65319032089E-03   0.13253597940E+02
 123  -0.58432943601E+04   0.12034620123E+01   0.95232131712E-01   0.64446898848E-03   0.13076637215E+02 ****   0.34828908241E-02
 >>> minimization idirection; lOVER; LDIROK; beta  38 F T    0.1505059004E-05
 124  -0.58433179990E+04   0.11108465831E+01   0.97811973498E-01   0.64820112752E-03   0.13152364409E+02 ****   0.23638906914E-01
 125  -0.58433193469E+04   0.11898828994E+01   0.11254019725E+00   0.65087941044E-03   0.13206708271E+02 ****   0.13479863888E-02
 >>> minimization idirection; lOVER; LDIROK; beta  39 F T    0.8117455496E-06
 126  -0.58433313595E+04   0.11717317322E+01   0.11560688195E+00   0.65222916076E-03   0.13234095462E+02 ****   0.12012558526E-01
 127  -0.58433355624E+04   0.11873916451E+01   0.11751334448E+00   0.65316358883E-03   0.13253055532E+02 ****   0.42028720294E-02
 >>> minimization idirection; lOVER; LDIROK; beta  40 F T    0.4378106343E-06
 128  -0.58433469344E+04   0.11347397149E+01   0.11312953270E+00   0.65334332792E-03   0.13256702539E+02 ****   0.11372045202E-01
 129  -0.58433528645E+04   0.11120105932E+01   0.11042272741E+00   0.65349804129E-03   0.13259841760E+02 ****   0.59300530325E-02
 130  -0.58433606794E+04   0.10925159257E+01   0.10604711057E+00   0.65377587881E-03   0.13265479239E+02 ****   0.78148784572E-02
 131  -0.58433686486E+04   0.11081732734E+01   0.98977821086E-01   0.65437597805E-03   0.13277655589E+02 ****   0.79692460907E-02
 132  -0.58433692321E+04   0.12477106264E+01   0.88200020345E-01   0.65570721252E-03   0.13304667083E+02 ****   0.58346558018E-03
 >>> minimization idirection; lOVER; LDIROK; beta  41 F T    0.1000266284E-05
 133  -0.58433818760E+04   0.12584835870E+01   0.95317256161E-01   0.65567947888E-03   0.13304104352E+02 ****   0.12643894624E-01
 134  -0.58433841470E+04   0.13021009634E+01   0.99772817459E-01   0.65584138029E-03   0.13307389422E+02 ****   0.22710088338E-02
 >>> minimization idirection; lOVER; LDIROK; beta  42 F T    0.5394882871E-06
 135  -0.58433968814E+04   0.12441162909E+01   0.94425579601E-01   0.65531699806E-03   0.13296749413E+02 ****   0.12734413478E-01
 136  -0.58434026917E+04   0.12237889889E+01   0.91132073542E-01   0.65504932753E-03   0.13291318228E+02 ****   0.58103438692E-02
 137  -0.58434087279E+04   0.12178685595E+01   0.95882256450E-01   0.65470789840E-03   0.13284390439E+02 ****   0.60361911438E-02
 >>> minimization idirection; lOVER; LDIROK; beta  43 F T    0.4707995669E-06
 138  -0.58434213862E+04   0.11559868128E+01   0.94656406626E-01   0.65404381109E-03   0.13270915735E+02 ****   0.12658241097E-01
 139  -0.58434276631E+04   0.11328052555E+01   0.93932534979E-01   0.65366967137E-03   0.13263324230E+02 ****   0.62769902927E-02
 140  -0.58434352983E+04   0.11218628346E+01   0.92813192222E-01   0.65312018067E-03   0.13252174756E+02 ****   0.76351680815E-02
 141  -0.58434409833E+04   0.11743422322E+01   0.91129623469E-01   0.65242947536E-03   0.13238159958E+02 ****   0.56849461237E-02
 >>> minimization idirection; lOVER; LDIROK; beta  44 F T    0.6647796767E-06
 142  -0.58434543992E+04   0.11603906374E+01   0.88233556433E-01   0.65160921252E-03   0.13221516365E+02 ****   0.13415947384E-01
 143  -0.58434601582E+04   0.11729765220E+01   0.91027276106E-01   0.65117307798E-03   0.13212666950E+02 ****   0.57589974349E-02
 144  -0.58434653172E+04   0.12263477124E+01   0.95464468728E-01   0.65057634250E-03   0.13200558853E+02 ****   0.51590074469E-02
 >>> minimization idirection; lOVER; LDIROK; beta  45 F T    0.5801386079E-06
 145  -0.58434794470E+04   0.11890498672E+01   0.98565342789E-01   0.64975085769E-03   0.13183809303E+02 ****   0.14129824680E-01
 146  -0.58434858696E+04   0.11823387941E+01   0.10039377425E+00   0.64930509690E-03   0.13174764567E+02 ****   0.64225524649E-02
 147  -0.58434924586E+04   0.11987643536E+01   0.10318595374E+00   0.64868911772E-03   0.13162266003E+02 ****   0.65889816635E-02
 148  -0.58434929349E+04   0.12932850974E+01   0.10718871241E+00   0.64796117434E-03   0.13147495624E+02 ****   0.47635804142E-03
 149  -0.58434659389E+04   0.15876271162E+01   0.12930938132E+00   0.64758886256E-03   0.13139941209E+02
 150  -0.58434924586E+04   0.11987643568E+01   0.10318595400E+00   0.64868911766E-03   0.13162266002E+02
 151  -0.58434867600E+04   0.13881583644E+01   0.10927992454E+00   0.64770194620E-03   0.13142235740E+02
 152  -0.58434942610E+04   0.12478781968E+01   0.10574228352E+00   0.64820023858E-03   0.13152346372E+02 ****   0.13260739285E-02
 >>> minimization idirection; lOVER; LDIROK; beta  46 F T    0.2098961296E-05
 153  -0.58435098950E+04   0.12916791954E+01   0.11608785270E+00   0.64486910326E-03   0.13084755768E+02 ****   0.15633998871E-01
 154  -0.58434835323E+04   0.15419336474E+01   0.16101835003E+00   0.64378158686E-03   0.13062689450E+02
 155  -0.58435121770E+04   0.12162284708E+01   0.10503508127E+00   0.64591128731E-03   0.13105902267E+02 ****   0.22820146878E-02
 >>> minimization idirection; lOVER; LDIROK; beta  47 F T    0.1297229457E-05
 156  -0.58435336628E+04   0.11572614680E+01   0.11203951439E+00   0.64232078212E-03   0.13033048903E+02 ****   0.21485816766E-01
 157  -0.58435329286E+04   0.12421311034E+01   0.13036526692E+00   0.64045746606E-03   0.12995241175E+02
 158  -0.58435287213E+04   0.11510421367E+01   0.10454905756E+00   0.64359562731E-03   0.13058916227E+02
 159  -0.58435346663E+04   0.11792079663E+01   0.11758346099E+00   0.64157438532E-03   0.13017904093E+02 ****   0.10034946856E-02
 >>> minimization idirection; lOVER; LDIROK; beta  48 F T    0.1603463786E-05
 160  -0.58435523299E+04   0.12147399339E+01   0.13982860568E+00   0.63583601740E-03   0.12901469390E+02 ****   0.17663553870E-01
 >>> minimization idirection; lOVER; LDIROK; beta  49 F T    0.1603463786E-05
 161  -0.58435676499E+04   0.12568640431E+01   0.14769925949E+00   0.62874669563E-03   0.12757623075E+02 ****   0.15320015218E-01
 >>> minimization idirection; lOVER; LDIROK; beta  50 F T    0.1603463786E-05
 
******CONJUGATE GRADIENT VARIABLE VOLUME *** beta init 0.33333333E-06
  SIGSTOP=>FPSTOP=   1.00000000000000       4.928409001023422E-005
 NCALLS      ENERGY (eV)       FORCTOT         FORMAX            FORCESIGMA(eV/Ang)         SIGMA(kbar)   ***      energy gain eV]
 162  -0.58435676499E+04   0.12568640431E+01   0.14769925949E+00   0.62874669563E-03   0.12757623075E+02 ****   0.20651423400E-11
 163  -0.58436905659E+04   0.12568440794E+01   0.13950254931E+00   0.38274484847E-03   0.77572221106E+01 ****   0.12291603093E+00
 164  -0.58437333975E+04   0.12792526285E+01   0.13446816305E+00   0.23145996211E-03   0.46877630433E+01 ****   0.42831559502E-01
 165  -0.58437493934E+04   0.13486811754E+01   0.12637961211E+00   0.25255591250E-03   0.51006304643E+01 ****   0.15995875503E-01
 166  -0.58436367292E+04   0.15313673720E+01   0.13051785016E+00   0.53420002869E-03   0.10758035616E+02
 167  -0.58437333975E+04   0.12792526284E+01   0.13446816134E+00   0.23145996176E-03   0.46877630360E+01
 168  -0.58437265002E+04   0.14094524436E+01   0.12141614949E+00   0.36049168665E-03   0.72725963951E+01
 169  -0.58437510386E+04   0.13176357951E+01   0.12946104193E+00   0.18561898357E-03   0.37512787785E+01 ****   0.16452822366E-02
 >>> minimization idirection; lOVER; LDIROK; beta   1 F T    0.7453560186E-06
 170  -0.58437691641E+04   0.13317611016E+01   0.12658287942E+00   0.13240970567E-03   0.26741227682E+01 ****   0.18125430962E-01
 171  -0.58437761452E+04   0.13429315217E+01   0.12481257949E+00   0.99495903343E-04   0.20085631946E+01 ****   0.69811024126E-02
 172  -0.58437806123E+04   0.13648309352E+01   0.12196470051E+00   0.46087728026E-04   0.92978174585E+00 ****   0.44671368682E-02
 >>> minimization idirection; lOVER; LDIROK; beta   2 T F    0.7453560186E-06
 RELAXED AFTER            2  DIRECTIONS and          172  force calculations
 
******CONJUGATE GRADIENT *** beta init 0.16034638E-05
  FPSTOP=  1.000000000000000E-002 -0.100000001490116     
 NCALLS      ENERGY (eV)       FORCTOT         FORMAX        FORCESIGMA(eV/Ang)       SIGMA(kbar)   ***      energy gain eV]
 173  -0.58437806123E+04   0.13648309352E+01   0.12196470051E+00   0.46087728026E-04   0.92978174585E+00
 174  -0.58438218577E+04   0.10375571890E+01   0.10084745336E+00   0.43151311263E-04   0.87052528403E+00 ****   0.41245413050E-01
 175  -0.58438407392E+04   0.91311442180E+00   0.90512094004E-01   0.41184702865E-04   0.83084015479E+00 ****   0.18881465470E-01
 176  -0.58438605947E+04   0.91387222157E+00   0.78557752083E-01   0.37784622278E-04   0.76222908886E+00 ****   0.19855480083E-01
 177  -0.58438647179E+04   0.13682248081E+01   0.11619092137E+00   0.31711490363E-04   0.63968005579E+00 ****   0.41232710085E-02
 178  -0.58437980565E+04   0.25042446380E+01   0.19845404436E+00   0.49673352479E-04   0.10061767937E+01
 179  -0.58438605947E+04   0.91387223447E+00   0.78557750938E-01   0.37784621938E-04   0.76222908201E+00
 180  -0.58438499566E+04   0.17760396181E+01   0.14681557318E+00   0.27601281378E-04   0.55674190584E+00
 181  -0.58438672288E+04   0.11509976683E+01   0.97340993271E-01   0.34112316279E-04   0.68812572912E+00 ****   0.25108734717E-02
 >>> minimization idirection; lOVER; LDIROK; beta   1 F T    0.5801386739E-05
 182  -0.58439477173E+04   0.78814212096E+00   0.85581791781E-01   0.29655991249E-04   0.59821687882E+00 ****   0.80488509016E-01
 183  -0.58439549215E+04   0.11533248865E+01   0.93843131480E-01   0.39054546620E-04   0.79108368041E+00 ****   0.72041298014E-02
 >>> minimization idirection; lOVER; LDIROK; beta   2 F T    0.3128947007E-05
 184  -0.58439974602E+04   0.74017321265E+00   0.80703328919E-01   0.41953144450E-04   0.84979729093E+00 ****   0.42538719134E-01
 185  -0.58440074989E+04   0.77034855321E+00   0.77731266856E-01   0.44114791849E-04   0.89358333194E+00 ****   0.10038755702E-01
 >>> minimization idirection; lOVER; LDIROK; beta   3 F T    0.1687580886E-05
 186  -0.58440230111E+04   0.62678779470E+00   0.75597839834E-01   0.41731340878E-04   0.84530446739E+00 ****   0.15512138156E-01
 187  -0.58440305730E+04   0.57013699827E+00   0.74201563604E-01   0.40293399883E-04   0.81617772665E+00 ****   0.75619394806E-02
 188  -0.58440395306E+04   0.55326994017E+00   0.71802185111E-01   0.38033876872E-04   0.77040913030E+00 ****   0.89575737266E-02
 189  -0.58440454389E+04   0.71618060254E+00   0.67583266729E-01   0.37886867980E-04   0.76430457447E+00 ****   0.59082967145E-02
 >>> minimization idirection; lOVER; LDIROK; beta   4 F T    0.2382902522E-05
 190  -0.58440617134E+04   0.53074069017E+00   0.58676283525E-01   0.38193272518E-04   0.77049141873E+00 ****   0.16274535291E-01
 191  -0.58440680041E+04   0.50137047519E+00   0.52810291099E-01   0.38293076810E-04   0.77250807022E+00 ****   0.62906604467E-02
 192  -0.58440720685E+04   0.62039301708E+00   0.42741166983E-01   0.39348281649E-04   0.79661010130E+00 ****   0.40644382990E-02
 >>> minimization idirection; lOVER; LDIROK; beta   5 F T    0.2079506641E-05
 193  -0.58440832894E+04   0.50266226141E+00   0.37265636461E-01   0.43912272104E-04   0.88900236855E+00 ****   0.11220846756E-01
 194  -0.58440884352E+04   0.46830051157E+00   0.33626108105E-01   0.46748755888E-04   0.94642335308E+00 ****   0.51457938247E-02
 195  -0.58440938572E+04   0.49370568634E+00   0.35653095674E-01   0.51430369418E-04   0.10411966539E+01 ****   0.54219941361E-02
 196  -0.58440949964E+04   0.69937098858E+00   0.48673710476E-01   0.59199196813E-04   0.11984665063E+01 ****   0.11392263527E-02
 197  -0.58440767147E+04   0.11948963499E+01   0.82193627266E-01   0.72275425983E-04   0.14631777908E+01
 198  -0.58440938572E+04   0.49370569344E+00   0.35653096449E-01   0.51430369872E-04   0.10411966631E+01
 199  -0.58440909603E+04   0.87660144559E+00   0.61073305605E-01   0.64117989086E-04   0.12980411088E+01
 200  -0.58440956778E+04   0.60440517690E+00   0.43703784626E-01   0.56208118913E-04   0.11379160139E+01 ****   0.68137406009E-03
 >>> minimization idirection; lOVER; LDIROK; beta   6 F T    0.7523726045E-05
 201  -0.58441160646E+04   0.59348010448E+00   0.53284871950E-01   0.72521218672E-04   0.14681659450E+01 ****   0.20386890065E-01
 >>> minimization idirection; lOVER; LDIROK; beta   7 F T    0.7523726045E-05
 202  -0.58441319161E+04   0.56188859630E+00   0.35555166162E-01   0.78640239407E-04   0.15920502381E+01 ****   0.15851489050E-01
 >>> minimization idirection; lOVER; LDIROK; beta   8 F T    0.7523726045E-05
 203  -0.58441433661E+04   0.55894296823E+00   0.51800552339E-01   0.84274911342E-04   0.17061253633E+01 ****   0.11450006643E-01
 >>> minimization idirection; lOVER; LDIROK; beta   9 F T    0.7523726045E-05
 204  -0.58441528014E+04   0.57216071620E+00   0.51973355252E-01   0.93617151249E-04   0.18952720417E+01 ****   0.94352226648E-02
 >>> minimization idirection; lOVER; LDIROK; beta  10 F T    0.7523726045E-05
 205  -0.58441610093E+04   0.58597418781E+00   0.39437489908E-01   0.10174079593E-03   0.20597724813E+01 ****   0.82079593003E-02
 >>> minimization idirection; lOVER; LDIROK; beta  11 F T    0.7523726045E-05
 206  -0.58441695089E+04   0.58525926613E+00   0.43090815542E-01   0.10587872549E-03   0.21435738466E+01 ****   0.84995669055E-02
 >>> minimization idirection; lOVER; LDIROK; beta  12 F T    0.7523726045E-05
 207  -0.58441794619E+04   0.60813281467E+00   0.50832044271E-01   0.10877210708E-03   0.22021495153E+01 ****   0.99530550125E-02
 >>> minimization idirection; lOVER; LDIROK; beta  13 F T    0.7523726045E-05
 208  -0.58441918199E+04   0.62697648518E+00   0.51608630721E-01   0.11171090399E-03   0.22616513901E+01 ****   0.12357977989E-01
 >>> minimization idirection; lOVER; LDIROK; beta  14 F T    0.7523726045E-05
 209  -0.58442053953E+04   0.66788662085E+00   0.50757178119E-01   0.11462931562E-03   0.23207627348E+01 ****   0.13575420978E-01
 >>> minimization idirection; lOVER; LDIROK; beta  15 F T    0.7523726045E-05
 210  -0.58442195469E+04   0.71704327868E+00   0.58474533916E-01   0.12718445794E-03   0.25762313940E+01 ****   0.14151516989E-01
 >>> minimization idirection; lOVER; LDIROK; beta  16 F T    0.7523726045E-05
 211  -0.58442322146E+04   0.76095916429E+00   0.86050941011E-01   0.14432937043E-03   0.29235164515E+01 ****   0.12667789819E-01
 >>> minimization idirection; lOVER; LDIROK; beta  17 F T    0.7523726045E-05
 212  -0.58442339218E+04   0.89968828960E+00   0.11888276316E+00   0.16401452290E-03   0.33222562709E+01 ****   0.17071984183E-02
 213  -0.58441871674E+04   0.13982005675E+01   0.20564542477E+00   0.17835857549E-03   0.36128074843E+01
 214  -0.58442438713E+04   0.70297364081E+00   0.90619901668E-01   0.15597744064E-03   0.31594582061E+01 ****   0.99494309778E-02
 >>> minimization idirection; lOVER; LDIROK; beta  18 F T    0.4649918542E-05
 215  -0.58442613143E+04   0.70768930859E+00   0.10116302968E+00   0.16584062703E-03   0.33592455923E+01 ****   0.17442995225E-01
 >>> minimization idirection; lOVER; LDIROK; beta  19 F T    0.4649918542E-05
 216  -0.58442868523E+04   0.72134141268E+00   0.93904501385E-01   0.17714870399E-03   0.35883004889E+01 ****   0.25538033655E-01
 >>> minimization idirection; lOVER; LDIROK; beta  20 F T    0.4649918542E-05
 217  -0.58443219970E+04   0.74131499422E+00   0.65101705271E-01   0.19137416988E-03   0.38764496262E+01 ****   0.35144704227E-01
 218  -0.58443278340E+04   0.95673130599E+00   0.81107188154E-01   0.20088562484E-03   0.40691123876E+01 ****   0.58369970671E-02
 >>> minimization idirection; lOVER; LDIROK; beta  21 F T    0.2507908774E-05
 219  -0.58443541004E+04   0.94424159842E+00   0.74537751273E-01   0.21655911510E-03   0.43865925129E+01 ****   0.26266425018E-01
 >>> minimization idirection; lOVER; LDIROK; beta  22 F T    0.2507908774E-05
 220  -0.58443900350E+04   0.88346823508E+00   0.94934572565E-01   0.23296268656E-03   0.47188610656E+01 ****   0.35934552418E-01
 221  -0.58443955932E+04   0.10763312306E+01   0.11706057968E+00   0.24386160778E-03   0.49396281582E+01 ****   0.55581693442E-02
 >>> minimization idirection; lOVER; LDIROK; beta  23 F T    0.1352627226E-05
 222  -0.58444135840E+04   0.11615642602E+01   0.15476514615E+00   0.25632784152E-03   0.51921425239E+01 ****   0.17990885984E-01
 223  -0.58444185697E+04   0.12479460629E+01   0.18537949421E+00   0.26435288300E-03   0.53546966923E+01 ****   0.49856848105E-02
 >>> minimization idirection; lOVER; LDIROK; beta  24 F T    0.7295322827E-06
 224  -0.58444362681E+04   0.12261915179E+01   0.21098353876E+00   0.27362697574E-03   0.55425514764E+01 ****   0.17698399292E-01
 225  -0.58444436348E+04   0.12371733963E+01   0.22979642995E+00   0.27954038155E-03   0.56623326346E+01 ****   0.73667169916E-02
 226  -0.58444490443E+04   0.12955849834E+01   0.26535846646E+00   0.28939036478E-03   0.58618525794E+01 ****   0.54094569667E-02
 >>> minimization idirection; lOVER; LDIROK; beta  25 F T    0.6366467835E-06
 227  -0.58444634131E+04   0.13053814421E+01   0.27716075619E+00   0.29848360041E-03   0.60460439459E+01 ****   0.14368840664E-01
 228  -0.58444682576E+04   0.13386787717E+01   0.28585448018E+00   0.30427437391E-03   0.61633410805E+01 ****   0.48444953201E-02
 >>> minimization idirection; lOVER; LDIROK; beta  26 F T    0.3433720484E-06
 229  -0.58444797080E+04   0.13410677423E+01   0.27808237522E+00   0.30952582883E-03   0.62697138500E+01 ****   0.11450338426E-01
 230  -0.58444853424E+04   0.13514648675E+01   0.27332631425E+00   0.31283948173E-03   0.63368347607E+01 ****   0.56344716854E-02
 231  -0.58444919630E+04   0.13828599269E+01   0.26575973269E+00   0.31825755199E-03   0.64465824681E+01 ****   0.66205692020E-02
 232  -0.58444955526E+04   0.14713343154E+01   0.25372382557E+00   0.32732491421E-03   0.66302497464E+01 ****   0.35895605743E-02
 >>> minimization idirection; lOVER; LDIROK; beta  27 F T    0.4848491276E-06
 233  -0.58445062951E+04   0.15169813713E+01   0.22772008355E+00   0.33680933318E-03   0.68223648702E+01 ****   0.10742554454E-01
 >>> minimization idirection; lOVER; LDIROK; beta  28 F T    0.4848491276E-06
 234  -0.58445240104E+04   0.15129818371E+01   0.20453363882E+00   0.34685642677E-03   0.70258774562E+01 ****   0.17715256241E-01
 235  -0.58445283321E+04   0.15388881885E+01   0.19041848953E+00   0.35323994111E-03   0.71551810702E+01 ****   0.43216830334E-02
 >>> minimization idirection; lOVER; LDIROK; beta  29 F T    0.2615007919E-06
 236  -0.58445374074E+04   0.15315786749E+01   0.19164304031E+00   0.35888819435E-03   0.72695913334E+01 ****   0.90753307356E-02
 237  -0.58445406584E+04   0.15385397744E+01   0.21510602279E+00   0.36241065274E-03   0.73409417801E+01 ****   0.32510015842E-02
 238  -0.58445418676E+04   0.15699038458E+01   0.25820659820E+00   0.36823285223E-03   0.74588754755E+01 ****   0.12092045497E-02
 >>> minimization idirection; lOVER; LDIROK; beta  30 F T    0.2282059917E-06
 239  -0.58445474925E+04   0.15773831955E+01   0.28916873874E+00   0.37343655963E-03   0.75642810775E+01 ****   0.56248650460E-02
 >>> minimization idirection; lOVER; LDIROK; beta  31 F T    0.2282059917E-06
 240  -0.58445578035E+04   0.15652964098E+01   0.30929749239E+00   0.37861000726E-03   0.76690737417E+01 ****   0.10311031556E-01
 241  -0.58445618437E+04   0.15703892002E+01   0.32334216857E+00   0.38184730181E-03   0.77346479479E+01 ****   0.40401961052E-02
 242  -0.58445644735E+04   0.15996668157E+01   0.34888065772E+00   0.38715937587E-03   0.78422486105E+01 ****   0.26297692694E-02
 >>> minimization idirection; lOVER; LDIROK; beta  32 F T    0.1991503516E-06
 243  -0.58445708457E+04   0.16090123708E+01   0.35773105084E+00   0.39185659263E-03   0.79373948060E+01 ****   0.63722697535E-02
 244  -0.58445728171E+04   0.16245475218E+01   0.36406875073E+00   0.39479897532E-03   0.79969953167E+01 ****   0.19713991386E-02
 >>> minimization idirection; lOVER; LDIROK; beta  33 F T    0.1074106804E-06
 245  -0.58445778393E+04   0.16226375067E+01   0.36066772590E+00   0.39739401166E-03   0.80495600262E+01 ****   0.50221705506E-02
 246  -0.58445803321E+04   0.16242629343E+01   0.35868362287E+00   0.39900964755E-03   0.80822861310E+01 ****   0.24927660549E-02
 247  -0.58445833662E+04   0.16314818419E+01   0.35566544296E+00   0.40163524298E-03   0.81354698414E+01 ****   0.30341233094E-02
 248  -0.58445856204E+04   0.16551545976E+01   0.35128973450E+00   0.40593543152E-03   0.82225738862E+01 ****   0.22542423356E-02
 >>> minimization idirection; lOVER; LDIROK; beta  34 F T    0.1516663191E-06
 249  -0.58445914826E+04   0.16551272574E+01   0.33445763298E+00   0.40977578172E-03   0.83003635070E+01 ****   0.58621137103E-02
 250  -0.58445937601E+04   0.16607732178E+01   0.33178967317E+00   0.41215967211E-03   0.83486512722E+01 ****   0.22775841490E-02
 >>> minimization idirection; lOVER; LDIROK; beta  35 F T    0.8180042060E-07
 251  -0.58445985126E+04   0.16508242535E+01   0.32359228993E+00   0.41421507866E-03   0.83902853128E+01 ****   0.47524386956E-02
 252  -0.58446010405E+04   0.16463892364E+01   0.31854868912E+00   0.41549276335E-03   0.84161659232E+01 ****   0.25279031734E-02
 253  -0.58446044642E+04   0.16420661637E+01   0.31046207815E+00   0.41757730263E-03   0.84583900726E+01 ****   0.34237407136E-02
 254  -0.58446082444E+04   0.16426606228E+01   0.29748077795E+00   0.42097804620E-03   0.85272750801E+01 ****   0.37802199506E-02
 >>> minimization idirection; lOVER; LDIROK; beta  36 F T    0.1155040509E-06
 255  -0.58446147019E+04   0.16257062309E+01   0.27979351646E+00   0.42381513686E-03   0.85847428095E+01 ****   0.64574539590E-02
 256  -0.58446178612E+04   0.16189809961E+01   0.26890054558E+00   0.42558857406E-03   0.86206653167E+01 ****   0.31592776283E-02
 257  -0.58446216180E+04   0.16143574487E+01   0.26750068976E+00   0.42846883733E-03   0.86790075447E+01 ****   0.37567965259E-02
 258  -0.58446241145E+04   0.16235872456E+01   0.28704099741E+00   0.43317534262E-03   0.87743418874E+01 ****   0.24964963111E-02
 >>> minimization idirection; lOVER; LDIROK; beta  37 F T    0.1630943421E-06
 259  -0.58446295926E+04   0.16143838776E+01   0.29845651401E+00   0.43712086726E-03   0.88542619076E+01 ****   0.54781499595E-02
 260  -0.58446313350E+04   0.16165016499E+01   0.30598360659E+00   0.43957740906E-03   0.89040212900E+01 ****   0.17424341351E-02
 >>> minimization idirection; lOVER; LDIROK; beta  38 F T    0.8796406386E-07
 261  -0.58446354950E+04   0.16054723757E+01   0.30892704650E+00   0.44165135625E-03   0.89460308873E+01 ****   0.41599984446E-02
 262  -0.58446375813E+04   0.16009851196E+01   0.31083072178E+00   0.44294385843E-03   0.89722116390E+01 ****   0.20862286421E-02
 263  -0.58446401693E+04   0.15975543561E+01   0.31404889756E+00   0.44503882934E-03   0.90146470899E+01 ****   0.25880349834E-02
 264  -0.58446422879E+04   0.16021138921E+01   0.31962113634E+00   0.44845007029E-03   0.90837447311E+01 ****   0.21186021841E-02
 >>> minimization idirection; lOVER; LDIROK; beta  39 F T    0.1242072551E-06
 265  -0.58446471568E+04   0.15914810102E+01   0.31901817251E+00   0.45127769939E-03   0.91410208084E+01 ****   0.48688803742E-02
 266  -0.58446492087E+04   0.15895235223E+01   0.31872680401E+00   0.45304708225E-03   0.91768611913E+01 ****   0.20519003541E-02
 267  -0.58446509740E+04   0.15938653752E+01   0.31838779326E+00   0.45592365884E-03   0.92351287425E+01 ****   0.17653313460E-02
 >>> minimization idirection; lOVER; LDIROK; beta  40 F T    0.1083929407E-06
 268  -0.58446553505E+04   0.15837064429E+01   0.31338089255E+00   0.45830627243E-03   0.92833906453E+01 ****   0.43764755025E-02
 269  -0.58446573259E+04   0.15808806325E+01   0.31030449932E+00   0.45978951286E-03   0.93134349653E+01 ****   0.19754000060E-02
 270  -0.58446593383E+04   0.15819310498E+01   0.30535596859E+00   0.46219991380E-03   0.93622597249E+01 ****   0.20124328839E-02
 >>> minimization idirection; lOVER; LDIROK; beta  41 F T    0.9459213625E-07
 271  -0.58446636758E+04   0.15698812868E+01   0.29730845623E+00   0.46417825174E-03   0.94023326738E+01 ****   0.43374876968E-02
 272  -0.58446658000E+04   0.15650521405E+01   0.29233411815E+00   0.46540977131E-03   0.94272781699E+01 ****   0.21241924614E-02
 273  -0.58446683356E+04   0.15615340354E+01   0.28428429431E+00   0.46741486475E-03   0.94678930747E+01 ****   0.25355487920E-02
 274  -0.58446700689E+04   0.15671396050E+01   0.27125265430E+00   0.47067742893E-03   0.95339791391E+01 ****   0.17332967682E-02
 >>> minimization idirection; lOVER; LDIROK; beta  42 F T    0.1335662438E-06
 275  -0.58446744644E+04   0.15569563517E+01   0.25598372676E+00   0.47333401882E-03   0.95877906692E+01 ****   0.43955394840E-02
 276  -0.58446760911E+04   0.15558058592E+01   0.24654994216E+00   0.47498788606E-03   0.96212911830E+01 ****   0.16267004503E-02
 >>> minimization idirection; lOVER; LDIROK; beta  43 F T    0.7203824148E-07
 277  -0.58446796044E+04   0.15441608550E+01   0.23668171593E+00   0.47632256878E-03   0.96483263378E+01 ****   0.35132542288E-02
 278  -0.58446814548E+04   0.15384999168E+01   0.23059024820E+00   0.47714924044E-03   0.96650712887E+01 ****   0.18504834562E-02
 279  -0.58446839290E+04   0.15318751687E+01   0.22383903117E+00   0.47849029443E-03   0.96922354991E+01 ****   0.24741715008E-02
 280  -0.58446865670E+04   0.15279113824E+01   0.21953963219E+00   0.48068545272E-03   0.97367003322E+01 ****   0.26380320258E-02
 >>> minimization idirection; lOVER; LDIROK; beta  44 F T    0.1017196324E-06
 281  -0.58446912574E+04   0.15125348748E+01   0.21361577183E+00   0.48239460371E-03   0.97713206665E+01 ****   0.46903285629E-02
 282  -0.58446935321E+04   0.15062035901E+01   0.20995753010E+00   0.48346832818E-03   0.97930698860E+01 ****   0.22747017410E-02
 283  -0.58446962007E+04   0.15012086007E+01   0.20404252522E+00   0.48522700415E-03   0.98286933916E+01 ****   0.26685922819E-02
 284  -0.58446978595E+04   0.15070215463E+01   0.19448145668E+00   0.48811539183E-03   0.98872001867E+01 ****   0.16588065202E-02
 >>> minimization idirection; lOVER; LDIROK; beta  45 F T    0.1436304302E-06
 285  -0.58447019003E+04   0.14997866347E+01   0.18339263300E+00   0.49037458896E-03   0.99329621819E+01 ****   0.40407983906E-02
 286  -0.58447032018E+04   0.15015072282E+01   0.17653822802E+00   0.49178114808E-03   0.99614532557E+01 ****   0.13014967873E-02
 >>> minimization idirection; lOVER; LDIROK; beta  46 F T    0.7746630674E-07
 287  -0.58447063797E+04   0.14930483141E+01   0.16912828334E+00   0.49287967221E-03   0.99837048137E+01 ****   0.31778892270E-02
 288  -0.58447079927E+04   0.14896395199E+01   0.16454593120E+00   0.49356543191E-03   0.99975954707E+01 ****   0.16130749385E-02
 289  -0.58447100347E+04   0.14870826156E+01   0.15712666753E+00   0.49468919150E-03   0.10020358195E+02 ****   0.20420148791E-02
 290  -0.58447118472E+04   0.14907275842E+01   0.14510796055E+00   0.49653850253E-03   0.10057817592E+02 ****   0.18124190943E-02
 >>> minimization idirection; lOVER; LDIROK; beta  47 F T    0.1093841838E-06
 291  -0.58447158154E+04   0.14821360513E+01   0.14027931585E+00   0.49794856075E-03   0.10086379543E+02 ****   0.39682757472E-02
 292  -0.58447175765E+04   0.14803999908E+01   0.13920745690E+00   0.49882679958E-03   0.10104169032E+02 ****   0.17610375671E-02
 293  -0.58447193034E+04   0.14834050064E+01   0.13748059600E+00   0.50028288049E-03   0.10133663212E+02 ****   0.17269353957E-02
 >>> minimization idirection; lOVER; LDIROK; beta  48 F T    0.9545717226E-07
 294  -0.58447230356E+04   0.14747529401E+01   0.13451778984E+00   0.50137255379E-03   0.10155735489E+02 ****   0.37322236780E-02
 295  -0.58447248157E+04   0.14720964411E+01   0.13268200965E+00   0.50205874588E-03   0.10169634904E+02 ****   0.17800764272E-02
 296  -0.58447268428E+04   0.14721895625E+01   0.13082306537E+00   0.50318806627E-03   0.10192510267E+02 ****   0.20270495391E-02
 >>> minimization idirection; lOVER; LDIROK; beta  49 F T    0.8330337550E-07
 297  -0.58447306233E+04   0.14618850640E+01   0.13600681750E+00   0.50401356714E-03   0.10209231502E+02 ****   0.37805517839E-02
 298  -0.58447325591E+04   0.14575808831E+01   0.13920355760E+00   0.50452187854E-03   0.10219527790E+02 ****   0.19358065095E-02
 299  -0.58447350421E+04   0.14540027516E+01   0.14436488978E+00   0.50536590159E-03   0.10236624208E+02 ****   0.24829448141E-02
 300  -0.58447373560E+04   0.14571154673E+01   0.15268716950E+00   0.50677017404E-03   0.10265068964E+02 ****   0.23138898500E-02
 >>> minimization idirection; lOVER; LDIROK; beta  50 F T    0.1176262574E-06
 
******CONJUGATE GRADIENT VARIABLE VOLUME *** beta init 0.74535602E-06
  SIGSTOP=>FPSTOP=   1.00000000000000       4.944415135318152E-005
 NCALLS      ENERGY (eV)       FORCTOT         FORMAX            FORCESIGMA(eV/Ang)         SIGMA(kbar)   ***      energy gain eV]
 301  -0.58447373560E+04   0.14571154673E+01   0.15268716950E+00   0.50677017404E-03   0.10265068964E+02 ****   0.20651423400E-11
 302  -0.58448330781E+04   0.14792968997E+01   0.15391694733E+00   0.11777304063E-03   0.23689878345E+01 ****   0.95722147274E-01
 303  -0.58448146018E+04   0.15389146939E+01   0.15469468959E+00   0.28582569473E-03   0.57413269522E+01
 304  -0.58448149063E+04   0.14594665973E+01   0.15344593897E+00   0.26277253957E-03   0.53178424062E+01
 305  -0.58448329915E+04   0.14982088477E+01   0.15420485466E+00   0.18207923575E-03   0.36607241592E+01
 306  -0.58448288128E+04   0.14701063942E+01   0.15373675142E+00   0.16997693946E-03   0.34387019956E+01
 307  -0.58448340646E+04   0.14859317529E+01   0.15402818265E+00   0.14235164440E-03   0.28628940999E+01 ****   0.98648960860E-03
 >>> minimization idirection; lOVER; LDIROK; beta   1 F T    0.8125647248E-06
 308  -0.58448487255E+04   0.14903945860E+01   0.15197746652E+00   0.87458838275E-04   0.17581612099E+01 ****   0.14660862854E-01
 309  -0.58448540366E+04   0.14959990816E+01   0.15071127535E+00   0.53458793711E-04   0.10743657891E+01 ****   0.53111925327E-02
 >>> minimization idirection; lOVER; LDIROK; beta   2 F T    0.4382524521E-06
 310  -0.58448554670E+04   0.14967604675E+01   0.15017655503E+00   0.30435406813E-04   0.61154483760E+00 ****   0.14303558404E-02
 >>> minimization idirection; lOVER; LDIROK; beta   3 T F    0.4382524521E-06
 RELAXED AFTER            3  DIRECTIONS and          310  force calculations
 
******CONJUGATE GRADIENT *** beta init 0.11762626E-06
  FPSTOP=  1.000000000000000E-002 -0.100000001490116     
 NCALLS      ENERGY (eV)       FORCTOT         FORMAX        FORCESIGMA(eV/Ang)       SIGMA(kbar)   ***      energy gain eV]
 311  -0.58448554670E+04   0.14967604675E+01   0.15017655503E+00   0.30435406813E-04   0.61154483760E+00
 312  -0.58448596582E+04   0.14750747426E+01   0.14627082127E+00   0.30226498445E-04   0.60733754212E+00 ****   0.41911689370E-02
 313  -0.58448622176E+04   0.14618454927E+01   0.14385936853E+00   0.30097997700E-04   0.60474957465E+00 ****   0.25594739884E-02
 314  -0.58448663090E+04   0.14407333491E+01   0.13996146083E+00   0.29889590723E-04   0.60055235717E+00 ****   0.40913930696E-02
 315  -0.58448727985E+04   0.14073859340E+01   0.13366469410E+00   0.29554338161E-04   0.59380047009E+00 ****   0.64894403891E-02
 316  -0.58448829570E+04   0.13556795237E+01   0.12350268198E+00   0.28999557598E-04   0.58262779083E+00 ****   0.10158572263E-01
 317  -0.58448984994E+04   0.12786881044E+01   0.11565481328E+00   0.28082955071E-04   0.56416897497E+00 ****   0.15542339638E-01
 318  -0.58449213085E+04   0.11752044613E+01   0.11874775709E+00   0.29976736248E-04   0.60692567378E+00 ****   0.22809125987E-01
 319  -0.58449520951E+04   0.10787419887E+01   0.12363376211E+00   0.36748009267E-04   0.74402063318E+00 ****   0.30786581907E-01
 320  -0.58449859117E+04   0.11472248312E+01   0.17798034796E+00   0.48034426052E-04   0.97253170442E+00 ****   0.33816605030E-01
 321  -0.58449988423E+04   0.16954068368E+01   0.31088808107E+00   0.67148735243E-04   0.13595306388E+01 ****   0.12930590505E-01
 322  -0.58449106974E+04   0.29669795375E+01   0.52315777025E+00   0.10027100887E-03   0.20301426118E+01
 323  -0.58449859117E+04   0.11472248505E+01   0.17798035590E+00   0.48034427156E-04   0.97253172677E+00
 324  -0.58449810650E+04   0.21548351968E+01   0.39234610400E+00   0.79474623654E-04   0.16090874307E+01
 325  -0.58449999920E+04   0.14451623209E+01   0.26029159165E+00   0.59735271310E-04   0.12094335250E+01 ****   0.11497438532E-02
 >>> minimization idirection; lOVER; LDIROK; beta   1 F T    0.7636648632E-05
 326  -0.58451324112E+04   0.13105012543E+01   0.25229104759E+00   0.69451988030E-04   0.14061635757E+01 ****   0.13241921420E+00
 >>> minimization idirection; lOVER; LDIROK; beta   2 F T    0.7636648632E-05
 327  -0.58452198480E+04   0.12603994231E+01   0.14491894319E+00   0.66083693527E-04   0.13379672119E+01 ****   0.87436723768E-01
 328  -0.58451551306E+04   0.23043691677E+01   0.29870896096E+00   0.66484224878E-04   0.13460765924E+01
 329  -0.58452144819E+04   0.86197558910E+00   0.18220684454E+00   0.66779712589E-04   0.13520592009E+01
 330  -0.58452058423E+04   0.16327336606E+01   0.20331199335E+00   0.66013541905E-04   0.13365468831E+01
 331  -0.58452218874E+04   0.10652937158E+01   0.15756685053E+00   0.66257716125E-04   0.13414905702E+01 ****   0.20394381504E-02
 >>> minimization idirection; lOVER; LDIROK; beta   3 F T    0.6522476708E-05
 332  -0.58452806392E+04   0.88857180336E+00   0.10770400392E+00   0.61610147857E-04   0.12473933183E+01 ****   0.58751792698E-01
 >>> minimization idirection; lOVER; LDIROK; beta   4 F T    0.6522476708E-05
 333  -0.58453221298E+04   0.77656954564E+00   0.10926077492E+00   0.64230079934E-04   0.12900555517E+01 ****   0.41490638609E-01
 >>> minimization idirection; lOVER; LDIROK; beta   5 F T    0.6522476708E-05
 334  -0.58453528596E+04   0.69891561829E+00   0.11439443406E+00   0.70228930195E-04   0.14108025285E+01 ****   0.30729724129E-01
 >>> minimization idirection; lOVER; LDIROK; beta   6 F T    0.6522476708E-05
 335  -0.58453770002E+04   0.60609769441E+00   0.11439024437E+00   0.77646007759E-04   0.15599661364E+01 ****   0.24140657734E-01
 >>> minimization idirection; lOVER; LDIROK; beta   7 F T    0.6522476708E-05
 336  -0.58453965963E+04   0.57324900095E+00   0.11930510061E+00   0.80840999229E-04   0.16242599507E+01 ****   0.19596067236E-01
 >>> minimization idirection; lOVER; LDIROK; beta   8 F T    0.6522476708E-05
 337  -0.58454158473E+04   0.53687445617E+00   0.79027757764E-01   0.81442436045E-04   0.16363937797E+01 ****   0.19251047841E-01
 >>> minimization idirection; lOVER; LDIROK; beta   9 F T    0.6522476708E-05
 338  -0.58454361272E+04   0.47676733589E+00   0.52608809395E-01   0.79015602080E-04   0.15876398379E+01 ****   0.20279872178E-01
 >>> minimization idirection; lOVER; LDIROK; beta  10 F T    0.6522476708E-05
 339  -0.58454560967E+04   0.41874093294E+00   0.51114964251E-01   0.74260926023E-04   0.14921005480E+01 ****   0.19969442404E-01
 340  -0.58454585881E+04   0.66493576833E+00   0.76482798450E-01   0.71033846218E-04   0.14272527389E+01 ****   0.24914270269E-02
 >>> minimization idirection; lOVER; LDIROK; beta  11 F T    0.3517863037E-05
 341  -0.58454747862E+04   0.52386740241E+00   0.45391035083E-01   0.65422179113E-04   0.13144996646E+01 ****   0.16198143858E-01
 342  -0.58454781345E+04   0.56856557022E+00   0.45372256113E-01   0.63192088295E-04   0.12770974772E+01 ****   0.33482966765E-02
 >>> minimization idirection; lOVER; LDIROK; beta  12 F T    0.1897340673E-05
 343  -0.58454867279E+04   0.46903374327E+00   0.38241816236E-01   0.64929008616E-04   0.13121403778E+01 ****   0.85933975337E-02
 344  -0.58454903240E+04   0.45035787721E+00   0.35236639051E-01   0.66053761899E-04   0.13348338459E+01 ****   0.35960934518E-02
 345  -0.58454933319E+04   0.50065495160E+00   0.50756234150E-01   0.67938435851E-04   0.13728612381E+01 ****   0.30078376449E-02
 >>> minimization idirection; lOVER; LDIROK; beta  13 F T    0.1655767490E-05
 346  -0.58454997282E+04   0.41648990266E+00   0.35777778982E-01   0.69067567967E-04   0.13956474015E+01 ****   0.63963261836E-02
 347  -0.58455025751E+04   0.39609832452E+00   0.33555573470E-01   0.69797660266E-04   0.14103816369E+01 ****   0.28469684477E-02
 348  -0.58455053801E+04   0.42469719533E+00   0.36185368052E-01   0.71033027830E-04   0.14353137616E+01 ****   0.28049467919E-02
 >>> minimization idirection; lOVER; LDIROK; beta  14 F T    0.1444951885E-05
 349  -0.58455100627E+04   0.37477128850E+00   0.30310002938E-01   0.72200408524E-04   0.14588855712E+01 ****   0.46826247559E-02
 350  -0.58455124032E+04   0.35932907933E+00   0.26696958989E-01   0.72928605699E-04   0.14735894703E+01 ****   0.23404883051E-02
 351  -0.58455152908E+04   0.36381025321E+00   0.24340007205E-01   0.74140028296E-04   0.14980507097E+01 ****   0.28876401694E-02
 352  -0.58455175991E+04   0.44060054718E+00   0.36289412373E-01   0.76130282417E-04   0.15382384479E+01 ****   0.23082096141E-02
 >>> minimization idirection; lOVER; LDIROK; beta  15 F T    0.2040304865E-05
 353  -0.58455234282E+04   0.36518287136E+00   0.25412116257E-01   0.78250142928E-04   0.15810390726E+01 ****   0.58291607358E-02
 354  -0.58455257200E+04   0.35619827030E+00   0.26457883336E-01   0.79585796528E-04   0.16080066539E+01 ****   0.22917376732E-02
 355  -0.58455272962E+04   0.40834717705E+00   0.42030959523E-01   0.81815610580E-04   0.16530282278E+01 ****   0.15761986397E-02
 >>> minimization idirection; lOVER; LDIROK; beta  16 F T    0.1780529198E-05
 356  -0.58455313524E+04   0.33910260510E+00   0.26821460460E-01   0.82972593043E-04   0.16763759703E+01 ****   0.40562949203E-02
 357  -0.58455329669E+04   0.32394338569E+00   0.24561675961E-01   0.83693006196E-04   0.16909140112E+01 ****   0.16144447454E-02
 >>> minimization idirection; lOVER; LDIROK; beta  17 F T    0.9603189297E-06
 358  -0.58455350596E+04   0.28641366201E+00   0.23562763880E-01   0.83755073277E-04   0.16921572187E+01 ****   0.20926704964E-02
 359  -0.58455361318E+04   0.27352662146E+00   0.22945628938E-01   0.83785714809E-04   0.16927696669E+01 ****   0.10722503203E-02
 360  -0.58455375083E+04   0.27270030396E+00   0.25116624618E-01   0.83863111149E-04   0.16943224133E+01 ****   0.13764645612E-02
 361  -0.58455387974E+04   0.32094693376E+00   0.34358492455E-01   0.84018187076E-04   0.16974376791E+01 ****   0.12891569154E-02
 >>> minimization idirection; lOVER; LDIROK; beta  18 F T    0.1355992130E-05
 362  -0.58455413225E+04   0.29745212722E+00   0.26996571039E-01   0.83887030611E-04   0.16947744325E+01 ****   0.25250909111E-02
 363  -0.58455425635E+04   0.29254433914E+00   0.25571625039E-01   0.83831469721E-04   0.16936434655E+01 ****   0.12409406287E-02
 364  -0.58455440538E+04   0.30119687435E+00   0.23255839585E-01   0.83747187775E-04   0.16919270181E+01 ****   0.14903315266E-02
 >>> minimization idirection; lOVER; LDIROK; beta  19 F T    0.1183344519E-05
 365  -0.58455463693E+04   0.25876047041E+00   0.17372717576E-01   0.83696670356E-04   0.16908995587E+01 ****   0.23155441158E-02
 366  -0.58455474963E+04   0.24769309303E+00   0.16937883091E-01   0.83675482718E-04   0.16904671067E+01 ****   0.11270072122E-02
 367  -0.58455488283E+04   0.25882343250E+00   0.27632124978E-01   0.83652882426E-04   0.16900034802E+01 ****   0.13319725533E-02
 >>> minimization idirection; lOVER; LDIROK; beta  20 F T    0.1032678745E-05
 368  -0.58455504558E+04   0.23848315143E+00   0.21962350712E-01   0.83731597682E-04   0.16915919485E+01 ****   0.16274745142E-02
 369  -0.58455513182E+04   0.23263671680E+00   0.18456453177E-01   0.83785671657E-04   0.16926833127E+01 ****   0.86241671592E-03
 370  -0.58455524815E+04   0.23521277903E+00   0.17860325895E-01   0.83875365056E-04   0.16944933913E+01 ****   0.11632923352E-02
 >>> minimization idirection; lOVER; LDIROK; beta  21 F T    0.9011960359E-06
 371  -0.58455539070E+04   0.21325584311E+00   0.18158256191E-01   0.84020485178E-04   0.16974248387E+01 ****   0.14255047777E-02
 372  -0.58455546796E+04   0.20580498000E+00   0.18342273817E-01   0.84110748393E-04   0.16992481603E+01 ****   0.77258851431E-03
 373  -0.58455557538E+04   0.20515294512E+00   0.18639832552E-01   0.84269265402E-04   0.17024502748E+01 ****   0.10741561855E-02
 374  -0.58455570326E+04   0.23279595778E+00   0.27555795773E-01   0.84536783525E-04   0.17078540952E+01 ****   0.12788270022E-02
 >>> minimization idirection; lOVER; LDIROK; beta  22 F T    0.1272509262E-05
 375  -0.58455588048E+04   0.21360673572E+00   0.22914212552E-01   0.84843325684E-04   0.17140459812E+01 ****   0.17722286076E-02
 376  -0.58455597167E+04   0.20967043469E+00   0.20045069749E-01   0.85036052315E-04   0.17179388697E+01 ****   0.91187013950E-03
 377  -0.58455608956E+04   0.21710997266E+00   0.16390676437E-01   0.85363786823E-04   0.17245586276E+01 ****   0.11789691683E-02
 >>> minimization idirection; lOVER; LDIROK; beta  23 F T    0.1110490855E-05
 378  -0.58455623453E+04   0.19327833263E+00   0.15451847255E-01   0.85620171831E-04   0.17297376311E+01 ****   0.14496534711E-02
 379  -0.58455630966E+04   0.18837083470E+00   0.15246847590E-01   0.85783906436E-04   0.17330449860E+01 ****   0.75125356080E-03
 380  -0.58455640783E+04   0.19799709933E+00   0.15987606575E-01   0.86046061141E-04   0.17383405235E+01 ****   0.98169496247E-03
 >>> minimization idirection; lOVER; LDIROK; beta  24 F T    0.9691009541E-06
 381  -0.58455652153E+04   0.18574696364E+00   0.16537605290E-01   0.86153594068E-04   0.17405131466E+01 ****   0.11370477071E-02
 382  -0.58455658387E+04   0.18277402972E+00   0.17547716869E-01   0.86221375563E-04   0.17418825762E+01 ****   0.62336373471E-03
 383  -0.58455667191E+04   0.18593600802E+00   0.19182172201E-01   0.86335151699E-04   0.17441812043E+01 ****   0.88038850148E-03
 >>> minimization idirection; lOVER; LDIROK; beta  25 F T    0.8457130960E-06
 384  -0.58455677384E+04   0.16896754412E+00   0.13471248586E-01   0.86274091603E-04   0.17429473927E+01 ****   0.10193340578E-02
 385  -0.58455683031E+04   0.16293058806E+00   0.13411670768E-01   0.86241104968E-04   0.17422808078E+01 ****   0.56470303819E-03
 386  -0.58455691109E+04   0.16151733878E+00   0.14372036253E-01   0.86188622270E-04   0.17412202542E+01 ****   0.80781122376E-03
 >>> minimization idirection; lOVER; LDIROK; beta  26 F T    0.7380352250E-06
 387  -0.58455698695E+04   0.15097247431E+00   0.14303856603E-01   0.86015845838E-04   0.17377282059E+01 ****   0.75855706679E-03
 388  -0.58455702997E+04   0.14747681667E+00   0.14259446519E-01   0.85915578167E-04   0.17357015738E+01 ****   0.43028277355E-03
 389  -0.58455709336E+04   0.14718450415E+00   0.14391090787E-01   0.85754017120E-04   0.17324359532E+01 ****   0.63383775358E-03
 390  -0.58455717956E+04   0.16037566559E+00   0.19690669031E-01   0.85489487288E-04   0.17270892344E+01 ****   0.86203438889E-03
 >>> minimization idirection; lOVER; LDIROK; beta  27 F T    0.1042122493E-05
 391  -0.58455728099E+04   0.15012760144E+00   0.15923035208E-01   0.85185111028E-04   0.17209354211E+01 ****   0.10142522691E-02
 392  -0.58455733666E+04   0.14817549334E+00   0.13594666637E-01   0.84994198712E-04   0.17170756689E+01 ****   0.55675441477E-03
 >>> minimization idirection; lOVER; LDIROK; beta  28 F T    0.5620632102E-06
 393  -0.58455739350E+04   0.13613783005E+00   0.13387892613E-01   0.84855033102E-04   0.17142614707E+01 ****   0.56833984471E-03
 394  -0.58455742619E+04   0.13094671467E+00   0.13276926083E-01   0.84767246494E-04   0.17124862394E+01 ****   0.32694631069E-03
 395  -0.58455747516E+04   0.12681104546E+00   0.13096639879E-01   0.84637074176E-04   0.17098535426E+01 ****   0.48968052661E-03
 396  -0.58455754411E+04   0.13205537383E+00   0.12802943583E-01   0.84420220268E-04   0.17054681885E+01 ****   0.68955654642E-03
 >>> minimization idirection; lOVER; LDIROK; beta  29 F T    0.7936460129E-06
 397  -0.58455760681E+04   0.12816837309E+00   0.12617256576E-01   0.84335963350E-04   0.17037638486E+01 ****   0.62696500633E-03
 398  -0.58455764269E+04   0.12818654849E+00   0.12660930377E-01   0.84284971946E-04   0.17027323081E+01 ****   0.35880195114E-03
 >>> minimization idirection; lOVER; LDIROK; beta  30 F T    0.4280487456E-06
 399  -0.58455768154E+04   0.12170941774E+00   0.12428710131E-01   0.84277149163E-04   0.17025738965E+01 ****   0.38846955367E-03
 400  -0.58455770452E+04   0.11865044034E+00   0.12392347698E-01   0.84276692438E-04   0.17025643778E+01 ****   0.22983712347E-03
 401  -0.58455774004E+04   0.11541589786E+00   0.12332473276E-01   0.84276797814E-04   0.17025660043E+01 ****   0.35517339176E-03
 402  -0.58455779316E+04   0.11498269821E+00   0.12228011313E-01   0.84280194502E-04   0.17026338619E+01 ****   0.53125956038E-03
 >>> minimization idirection; lOVER; LDIROK; beta  31 F T    0.6044145465E-06
 403  -0.58455783984E+04   0.11112190454E+00   0.12252369286E-01   0.84308980397E-04   0.17032157036E+01 ****   0.46675991654E-03
 404  -0.58455786715E+04   0.11051862538E+00   0.12266112398E-01   0.84327788515E-04   0.17035958243E+01 ****   0.27310489641E-03
 405  -0.58455790886E+04   0.11248812724E+00   0.12286199077E-01   0.84362476647E-04   0.17042968390E+01 ****   0.41710302791E-03
 >>> minimization idirection; lOVER; LDIROK; beta  32 F T    0.5274592860E-06
 406  -0.58455795200E+04   0.10988126965E+00   0.12366938297E-01   0.84388584794E-04   0.17048248733E+01 ****   0.43139938569E-03
 407  -0.58455797756E+04   0.10934024321E+00   0.12415539773E-01   0.84405877336E-04   0.17051745652E+01 ****   0.25560635783E-03
 408  -0.58455801715E+04   0.11024002459E+00   0.12492051200E-01   0.84433665887E-04   0.17057365389E+01 ****   0.39583886749E-03
 >>> minimization idirection; lOVER; LDIROK; beta  33 F T    0.4603021222E-06
 409  -0.58455805747E+04   0.10639749238E+00   0.12573680242E-01   0.84438374901E-04   0.17058322991E+01 ****   0.40321617030E-03
 410  -0.58455808150E+04   0.10488632622E+00   0.12622907362E-01   0.84440874258E-04   0.17058831737E+01 ****   0.24029032983E-03
 411  -0.58455811892E+04   0.10394566767E+00   0.12700558860E-01   0.84446119666E-04   0.17059897479E+01 ****   0.37426904121E-03
 >>> minimization idirection; lOVER; LDIROK; beta  34 F T    0.4016955418E-06
 412  -0.58455815353E+04   0.10029713921E+00   0.12739717695E-01   0.84424556902E-04   0.17055545863E+01 ****   0.34603402586E-03
 413  -0.58455817423E+04   0.98846567470E-01   0.12762953274E-01   0.84414459644E-04   0.17053509139E+01 ****   0.20700086311E-03
 414  -0.58455820661E+04   0.97880032418E-01   0.12798968793E-01   0.84395144830E-04   0.17049611460E+01 ****   0.32386144030E-03
 >>> minimization idirection; lOVER; LDIROK; beta  35 F T    0.3505508676E-06
 415  -0.58455823603E+04   0.95448376714E-01   0.12785360762E-01   0.84349533758E-04   0.17040400607E+01 ****   0.29412245922E-03
 416  -0.58455825371E+04   0.94558690215E-01   0.12776204438E-01   0.84324581242E-04   0.17035361976E+01 ****   0.17680286388E-03
 417  -0.58455828151E+04   0.94151445250E-01   0.12760170517E-01   0.84284075073E-04   0.17027182801E+01 ****   0.27799807565E-03
 418  -0.58455832438E+04   0.96202705606E-01   0.12730997394E-01   0.84219969090E-04   0.17014238239E+01 ****   0.42874437261E-03
 >>> minimization idirection; lOVER; LDIROK; beta  36 F T    0.4949857833E-06
 419  -0.58455836588E+04   0.94970388842E-01   0.12621517744E-01   0.84138054949E-04   0.16997696108E+01 ****   0.41500409984E-03
 420  -0.58455839064E+04   0.95069069150E-01   0.12552114527E-01   0.84089748802E-04   0.16987940392E+01 ****   0.24760059296E-03
 421  -0.58455842926E+04   0.96610102823E-01   0.12436954276E-01   0.84008844120E-04   0.16971601741E+01 ****   0.38618602356E-03
 >>> minimization idirection; lOVER; LDIROK; beta  37 F T    0.4319632103E-06
 422  -0.58455846819E+04   0.94114503783E-01   0.12279718792E-01   0.83919415070E-04   0.16953541341E+01 ****   0.38933475125E-03
 423  -0.58455849153E+04   0.93289888097E-01   0.12171713223E-01   0.83866461099E-04   0.16942847038E+01 ****   0.23342340009E-03
 424  -0.58455852813E+04   0.93156887217E-01   0.11994327114E-01   0.83786777972E-04   0.16926754304E+01 ****   0.36597928210E-03
 >>> minimization idirection; lOVER; LDIROK; beta  38 F T    0.3769647965E-06
 425  -0.58455856192E+04   0.90691318698E-01   0.11808925188E-01   0.83709283642E-04   0.16911102974E+01 ****   0.33790725501E-03
 426  -0.58455858225E+04   0.89871690234E-01   0.11693126363E-01   0.83660931520E-04   0.16901337077E+01 ****   0.20327007402E-03
 427  -0.58455861424E+04   0.89725519260E-01   0.11503766023E-01   0.83584968006E-04   0.16885995127E+01 ****   0.31990682695E-03
 >>> minimization idirection; lOVER; LDIROK; beta  39 F T    0.3289688899E-06
 428  -0.58455864355E+04   0.88289754596E-01   0.11339301881E-01   0.83526648099E-04   0.16874214609E+01 ****   0.29305555816E-03
 429  -0.58455866126E+04   0.87940245521E-01   0.11236743567E-01   0.83489115705E-04   0.16866633466E+01 ****   0.17709421106E-03
 430  -0.58455868926E+04   0.88262512706E-01   0.11069319691E-01   0.83422373851E-04   0.16853152205E+01 ****   0.28002356932E-03
 >>> minimization idirection; lOVER; LDIROK; beta  40 F T    0.2870839175E-06
 431  -0.58455871585E+04   0.87169708742E-01   0.10938448769E-01   0.83371672762E-04   0.16842908906E+01 ****   0.26594030016E-03
 432  -0.58455873199E+04   0.86851158006E-01   0.10856822836E-01   0.83339216771E-04   0.16836351773E+01 ****   0.16134099449E-03
 433  -0.58455875760E+04   0.86924187156E-01   0.10723530743E-01   0.83292151901E-04   0.16826842678E+01 ****   0.25618329252E-03
 >>> minimization idirection; lOVER; LDIROK; beta  41 F T    0.2505318230E-06
 434  -0.58455878183E+04   0.85536777150E-01   0.10632775430E-01   0.83251008316E-04   0.16818528067E+01 ****   0.24229728781E-03
 435  -0.58455879657E+04   0.84942795924E-01   0.10576065353E-01   0.83225665709E-04   0.16813406602E+01 ****   0.14739915763E-03
 436  -0.58455882004E+04   0.84422667907E-01   0.10605146310E-01   0.83185644562E-04   0.16805318540E+01 ****   0.23461363455E-03
 437  -0.58455885698E+04   0.84752148689E-01   0.10724800597E-01   0.83122472776E-04   0.16792551205E+01 ****   0.36947082341E-03
 >>> minimization idirection; lOVER; LDIROK; beta  42 F T    0.3537566217E-06
 438  -0.58455889074E+04   0.83339991432E-01   0.10854614784E-01   0.83068848549E-04   0.16781710315E+01 ****   0.33755521019E-03
 439  -0.58455891114E+04   0.82994697582E-01   0.10932693314E-01   0.83034874181E-04   0.16774841822E+01 ****   0.20402086374E-03
 >>> minimization idirection; lOVER; LDIROK; beta  43 F T    0.1907967478E-06
 440  -0.58455893003E+04   0.81712915722E-01   0.11002845596E-01   0.83005472398E-04   0.16768896525E+01 ****   0.18884870595E-03
 441  -0.58455894155E+04   0.81105638182E-01   0.11045552326E-01   0.82987119404E-04   0.16765185221E+01 ****   0.11527696925E-03
 442  -0.58455895998E+04   0.80436309871E-01   0.11113596099E-01   0.82958134838E-04   0.16759323929E+01 ****   0.18424768033E-03
 >>> minimization idirection; lOVER; LDIROK; beta  44 F T    0.1665041269E-06
 443  -0.58455897658E+04   0.79271062652E-01   0.11162249300E-01   0.82932270169E-04   0.16754092355E+01 ****   0.16600981356E-03
 444  -0.58455898672E+04   0.78720289293E-01   0.11191814911E-01   0.82917013765E-04   0.16751006505E+01 ****   0.10145765212E-03
 445  -0.58455900295E+04   0.78112824084E-01   0.11238832027E-01   0.82891428196E-04   0.16745831313E+01 ****   0.16229695610E-03
 >>> minimization idirection; lOVER; LDIROK; beta  45 F T    0.1453044908E-06
 446  -0.58455901755E+04   0.77236916092E-01   0.11262808534E-01   0.82866843264E-04   0.16740858364E+01 ****   0.14592230309E-03
 447  -0.58455902647E+04   0.76836979880E-01   0.11277226232E-01   0.82852101611E-04   0.16737876476E+01 ****   0.89280442222E-04
 448  -0.58455904077E+04   0.76423974979E-01   0.11299902423E-01   0.82828108941E-04   0.16733023282E+01 ****   0.14298798674E-03
 >>> minimization idirection; lOVER; LDIROK; beta  46 F T    0.1268040345E-06
 449  -0.58455905376E+04   0.75799823237E-01   0.11300448599E-01   0.82803958789E-04   0.16728138507E+01 ****   0.12987227807E-03
 450  -0.58455906172E+04   0.75522123325E-01   0.11300453693E-01   0.82789227450E-04   0.16725158716E+01 ****   0.79566200583E-04
 451  -0.58455907448E+04   0.75256056704E-01   0.11299923486E-01   0.82764328688E-04   0.16720122377E+01 ****   0.12759117450E-03
 >>> minimization idirection; lOVER; LDIROK; beta  47 F T    0.1106590930E-06
 452  -0.58455908616E+04   0.74779241860E-01   0.11280303691E-01   0.82740462853E-04   0.16715295521E+01 ****   0.11683784307E-03
 453  -0.58455909332E+04   0.74564643717E-01   0.11267895657E-01   0.82726195788E-04   0.16712409854E+01 ****   0.71642243229E-04
 454  -0.58455910483E+04   0.74354306869E-01   0.11247358889E-01   0.82702396672E-04   0.16707596545E+01 ****   0.11502668123E-03
 >>> minimization idirection; lOVER; LDIROK; beta  48 F T    0.9656975747E-07
 455  -0.58455911540E+04   0.73941412358E-01   0.11211891625E-01   0.82679115868E-04   0.16702888431E+01 ****   0.10567970244E-03
 456  -0.58455912188E+04   0.73748112902E-01   0.11189727480E-01   0.82664763503E-04   0.16699985920E+01 ****   0.64889923730E-04
 457  -0.58455913231E+04   0.73534048309E-01   0.11153470468E-01   0.82640410247E-04   0.16695061520E+01 ****   0.10429717431E-03
 >>> minimization idirection; lOVER; LDIROK; beta  49 F T    0.8427430416E-07
 458  -0.58455914187E+04   0.73151251206E-01   0.11106837092E-01   0.82617637849E-04   0.16690457570E+01 ****   0.95607003716E-04
 459  -0.58455914775E+04   0.72958948032E-01   0.11077807122E-01   0.82603871900E-04   0.16687673890E+01 ****   0.58744200556E-04
 460  -0.58455915720E+04   0.72726572433E-01   0.11030496112E-01   0.82581643732E-04   0.16683179013E+01 ****   0.94475693960E-04
 461  -0.58455917234E+04   0.72559571829E-01   0.10953053720E-01   0.82545764058E-04   0.16675923567E+01 ****   0.15140203542E-03
 >>> minimization idirection; lOVER; LDIROK; beta  50 F T    0.1189972307E-06
 
******CONJUGATE GRADIENT VARIABLE VOLUME *** beta init 0.43825245E-06
  SIGSTOP=>FPSTOP=   1.00000000000000       4.954684881714050E-005
 NCALLS      ENERGY (eV)       FORCTOT         FORMAX            FORCESIGMA(eV/Ang)         SIGMA(kbar)   ***      energy gain eV]
 462  -0.58455917234E+04   0.72559571829E-01   0.10953053720E-01   0.82545764058E-04   0.16675923567E+01
 463  -0.58455937458E+04   0.76676763674E-01   0.10761541375E-01   0.53450836748E-04   0.10798866334E+01 ****   0.20224029017E-02
 464  -0.58455945879E+04   0.83725698134E-01   0.10877532254E-01   0.35499605648E-04   0.71729279478E+00 ****   0.84208640666E-03
 >>> minimization idirection; lOVER; LDIROK; beta   1 T F    0.4382524521E-06
 RELAXED AFTER            1  DIRECTIONS and          464  force calculations
 
******CONJUGATE GRADIENT *** beta init 0.11899723E-06
  FPSTOP=  1.000000000000000E-002 -0.100000001490116     
 NCALLS      ENERGY (eV)       FORCTOT         FORMAX        FORCESIGMA(eV/Ang)       SIGMA(kbar)   ***      energy gain eV]
 465  -0.58455945879E+04   0.83725698134E-01   0.10877532254E-01   0.35499605648E-04   0.71729279478E+00
 466  -0.58455946012E+04   0.82925161166E-01   0.10845429094E-01   0.35576574883E-04   0.71884764602E+00 ****   0.13308932686E-04
 467  -0.58455946093E+04   0.82441151334E-01   0.10825586030E-01   0.35624146067E-04   0.71980862887E+00 ****   0.81606701644E-05
 468  -0.58455946224E+04   0.81675837019E-01   0.10793475685E-01   0.35701120398E-04   0.72136358304E+00 ****   0.13099623282E-04
 469  -0.58455946433E+04   0.80485640367E-01   0.10741510649E-01   0.35825674087E-04   0.72387968512E+00 ****   0.20921537823E-04
 470  -0.58455946765E+04   0.78691906277E-01   0.10659658761E-01   0.36027223479E-04   0.72795117297E+00 ****   0.33135005429E-04
 471  -0.58455947282E+04   0.76160600918E-01   0.10672200336E-01   0.36353702361E-04   0.73454636450E+00 ****   0.51734986643E-04
 >>> minimization idirection; lOVER; LDIROK; beta   1 F T    0.4398998593E-06
 472  -0.58455948038E+04   0.73544178545E-01   0.10681214530E-01   0.36804238862E-04   0.74364763298E+00 ****   0.75594032493E-04
 >>> minimization idirection; lOVER; LDIROK; beta   2 F T    0.4398998593E-06
 473  -0.58455949078E+04   0.71156181355E-01   0.10684555383E-01   0.37404648354E-04   0.75577646166E+00 ****   0.10403164347E-03
 >>> minimization idirection; lOVER; LDIROK; beta   3 F T    0.4398998593E-06
 474  -0.58455950347E+04   0.69556087517E-01   0.10676882673E-01   0.38104607520E-04   0.76991628205E+00 ****   0.12685687803E-03
 >>> minimization idirection; lOVER; LDIROK; beta   4 F T    0.4398998593E-06
 475  -0.58455951829E+04   0.68766339108E-01   0.10653307280E-01   0.38864813659E-04   0.78527314005E+00 ****   0.14816346371E-03
 >>> minimization idirection; lOVER; LDIROK; beta   5 F T    0.4398998593E-06
 476  -0.58455953535E+04   0.68481121060E-01   0.10609758400E-01   0.39650459427E-04   0.80114394807E+00 ****   0.17061357756E-03
 >>> minimization idirection; lOVER; LDIROK; beta   6 F T    0.4398998593E-06
 477  -0.58455955480E+04   0.68346187744E-01   0.10543385145E-01   0.40437488077E-04   0.81704263792E+00 ****   0.19456600915E-03
 >>> minimization idirection; lOVER; LDIROK; beta   7 F T    0.4398998593E-06
 478  -0.58455957670E+04   0.68161166362E-01   0.10453512439E-01   0.41194128696E-04   0.83232737374E+00 ****   0.21895637791E-03
 >>> minimization idirection; lOVER; LDIROK; beta   8 F T    0.4398998593E-06
 479  -0.58455960096E+04   0.67909298196E-01   0.10342025461E-01   0.41895087873E-04   0.84648725776E+00 ****   0.24264009938E-03
 >>> minimization idirection; lOVER; LDIROK; beta   9 F T    0.4398998593E-06
 480  -0.58455962750E+04   0.67693860003E-01   0.10212983640E-01   0.42519114012E-04   0.85909300552E+00 ****   0.26533195982E-03
 >>> minimization idirection; lOVER; LDIROK; beta  10 F T    0.4398998593E-06
 481  -0.58455965628E+04   0.67546633308E-01   0.10071567523E-01   0.43075752949E-04   0.87033731153E+00 ****   0.28779753745E-03
 >>> minimization idirection; lOVER; LDIROK; beta  11 F T    0.4398998593E-06
 482  -0.58455968733E+04   0.67411116545E-01   0.99234044506E-02   0.43568660623E-04   0.88029396486E+00 ****   0.31050022647E-03
 >>> minimization idirection; lOVER; LDIROK; beta  12 T F    0.4398998593E-06
 RELAXED AFTER           12  DIRECTIONS and          482  force calculations
 MINIMUM REACHED after          482  force calculations
 *****************ENERGY erg eV  -9.365677723462241E-009  -5845.59687326941     
 
 
 ####### END OF RUN  ######## =          482   time =   0.000000000000000E+000
